I0418 09:26:35.339857 140588895340352 logger_utils.py:67] Creating experiment directory at /experiment_runs/timing_v3/timing_momentum/imagenet_vit_jax.
I0418 09:26:35.399816 140588895340352 xla_bridge.py:345] Unable to initialize backend 'tpu_driver': NOT_FOUND: Unable to find driver in registry given worker: 
I0418 09:26:36.355813 140588895340352 xla_bridge.py:345] Unable to initialize backend 'rocm': NOT_FOUND: Could not find registered platform with name: "rocm". Available platform names are: Interpreter CUDA Host
I0418 09:26:36.356806 140588895340352 xla_bridge.py:345] Unable to initialize backend 'tpu': module 'jaxlib.xla_extension' has no attribute 'get_tpu_client'
I0418 09:26:36.361634 140588895340352 submission_runner.py:528] Using RNG seed 1503541158
I0418 09:26:38.977408 140588895340352 submission_runner.py:537] --- Tuning run 1/1 ---
I0418 09:26:38.977610 140588895340352 submission_runner.py:542] Creating tuning directory at /experiment_runs/timing_v3/timing_momentum/imagenet_vit_jax/trial_1.
I0418 09:26:38.977863 140588895340352 logger_utils.py:83] Saving hparams to /experiment_runs/timing_v3/timing_momentum/imagenet_vit_jax/trial_1/hparams.json.
I0418 09:26:39.101214 140588895340352 submission_runner.py:232] Initializing dataset.
I0418 09:26:39.113804 140588895340352 dataset_info.py:566] Load dataset info from /data/imagenet/jax/imagenet2012/5.1.0
I0418 09:26:39.121168 140588895340352 dataset_info.py:642] Field info.splits from disk and from code do not match. Keeping the one from code.
I0418 09:26:39.121282 140588895340352 dataset_info.py:642] Field info.supervised_keys from disk and from code do not match. Keeping the one from code.
I0418 09:26:39.379333 140588895340352 logging_logger.py:49] Constructing tf.data.Dataset imagenet2012 for split train, from /data/imagenet/jax/imagenet2012/5.1.0
I0418 09:26:46.207183 140588895340352 submission_runner.py:239] Initializing model.
I0418 09:26:57.335242 140588895340352 submission_runner.py:249] Initializing optimizer.
I0418 09:26:57.828083 140588895340352 submission_runner.py:256] Initializing metrics bundle.
I0418 09:26:57.828271 140588895340352 submission_runner.py:273] Initializing checkpoint and logger.
I0418 09:26:57.829157 140588895340352 checkpoints.py:466] Found no checkpoint files in /experiment_runs/timing_v3/timing_momentum/imagenet_vit_jax/trial_1 with prefix checkpoint_
I0418 09:26:58.624044 140588895340352 submission_runner.py:294] Saving meta data to /experiment_runs/timing_v3/timing_momentum/imagenet_vit_jax/trial_1/meta_data_0.json.
I0418 09:26:58.625148 140588895340352 submission_runner.py:297] Saving flags to /experiment_runs/timing_v3/timing_momentum/imagenet_vit_jax/trial_1/flags_0.json.
I0418 09:26:58.630178 140588895340352 submission_runner.py:309] Starting training loop.
I0418 09:27:46.471787 140411825805056 logging_writer.py:48] [0] global_step=0, grad_norm=0.29705166816711426, loss=6.9077534675598145
I0418 09:27:46.486346 140588895340352 spec.py:298] Evaluating on the training split.
I0418 09:27:46.492624 140588895340352 dataset_info.py:566] Load dataset info from /data/imagenet/jax/imagenet2012/5.1.0
I0418 09:27:46.499211 140588895340352 dataset_info.py:642] Field info.splits from disk and from code do not match. Keeping the one from code.
I0418 09:27:46.499324 140588895340352 dataset_info.py:642] Field info.supervised_keys from disk and from code do not match. Keeping the one from code.
I0418 09:27:46.560633 140588895340352 logging_logger.py:49] Constructing tf.data.Dataset imagenet2012 for split train, from /data/imagenet/jax/imagenet2012/5.1.0
I0418 09:28:07.104337 140588895340352 spec.py:310] Evaluating on the validation split.
I0418 09:28:07.112842 140588895340352 dataset_info.py:566] Load dataset info from /data/imagenet/jax/imagenet2012/5.1.0
I0418 09:28:07.125399 140588895340352 dataset_info.py:642] Field info.splits from disk and from code do not match. Keeping the one from code.
I0418 09:28:07.125674 140588895340352 dataset_info.py:642] Field info.supervised_keys from disk and from code do not match. Keeping the one from code.
I0418 09:28:07.187505 140588895340352 logging_logger.py:49] Constructing tf.data.Dataset imagenet2012 for split validation, from /data/imagenet/jax/imagenet2012/5.1.0
I0418 09:28:26.638353 140588895340352 spec.py:326] Evaluating on the test split.
I0418 09:28:26.645668 140588895340352 dataset_info.py:566] Load dataset info from /data/imagenet/jax/imagenet_v2/matched-frequency/3.0.0
I0418 09:28:26.650371 140588895340352 dataset_builder.py:510] Reusing dataset imagenet_v2 (/data/imagenet/jax/imagenet_v2/matched-frequency/3.0.0)
I0418 09:28:26.682374 140588895340352 logging_logger.py:49] Constructing tf.data.Dataset imagenet_v2 for split test, from /data/imagenet/jax/imagenet_v2/matched-frequency/3.0.0
I0418 09:28:37.586088 140588895340352 submission_runner.py:406] Time since start: 98.96s, 	Step: 1, 	{'train/accuracy': 0.0009179687476716936, 'train/loss': 6.907756328582764, 'validation/accuracy': 0.0009999999310821295, 'validation/loss': 6.9077558517456055, 'validation/num_examples': 50000, 'test/accuracy': 0.0010000000474974513, 'test/loss': 6.907756805419922, 'test/num_examples': 10000, 'score': 47.855984687805176, 'total_duration': 98.95584917068481, 'accumulated_submission_time': 47.855984687805176, 'accumulated_eval_time': 51.09971523284912, 'accumulated_logging_time': 0}
I0418 09:28:37.602278 140353038403328 logging_writer.py:48] [1] accumulated_eval_time=51.099715, accumulated_logging_time=0, accumulated_submission_time=47.855985, global_step=1, preemption_count=0, score=47.855985, test/accuracy=0.001000, test/loss=6.907757, test/num_examples=10000, total_duration=98.955849, train/accuracy=0.000918, train/loss=6.907756, validation/accuracy=0.001000, validation/loss=6.907756, validation/num_examples=50000
I0418 09:28:37.730928 140588895340352 checkpoints.py:356] Saving checkpoint at step: 1
I0418 09:28:38.105251 140588895340352 checkpoints.py:317] Saved checkpoint at /experiment_runs/timing_v3/timing_momentum/imagenet_vit_jax/trial_1/checkpoint_1
I0418 09:28:38.106146 140588895340352 checkpoint_utils.py:240] Saved checkpoint to /experiment_runs/timing_v3/timing_momentum/imagenet_vit_jax/trial_1/checkpoint_1.
I0418 09:29:29.878124 140411238577920 logging_writer.py:48] [100] global_step=100, grad_norm=0.2938533425331116, loss=6.905445575714111
I0418 09:30:08.866558 140411246970624 logging_writer.py:48] [200] global_step=200, grad_norm=0.2821264863014221, loss=6.900937080383301
I0418 09:30:47.805344 140411238577920 logging_writer.py:48] [300] global_step=300, grad_norm=0.33178529143333435, loss=6.874541282653809
I0418 09:31:27.575274 140411246970624 logging_writer.py:48] [400] global_step=400, grad_norm=0.47062039375305176, loss=6.827422142028809
I0418 09:32:07.713455 140411238577920 logging_writer.py:48] [500] global_step=500, grad_norm=0.628470778465271, loss=6.7466607093811035
I0418 09:32:47.767723 140411246970624 logging_writer.py:48] [600] global_step=600, grad_norm=0.7789771556854248, loss=6.691800117492676
I0418 09:33:27.813039 140411238577920 logging_writer.py:48] [700] global_step=700, grad_norm=0.554655909538269, loss=6.700568199157715
I0418 09:34:07.956194 140411246970624 logging_writer.py:48] [800] global_step=800, grad_norm=0.8835901618003845, loss=6.606728553771973
I0418 09:34:48.062294 140411238577920 logging_writer.py:48] [900] global_step=900, grad_norm=0.8368864059448242, loss=6.760095596313477
I0418 09:35:28.275981 140411246970624 logging_writer.py:48] [1000] global_step=1000, grad_norm=0.7573427557945251, loss=6.802082061767578
I0418 09:35:38.426779 140588895340352 spec.py:298] Evaluating on the training split.
I0418 09:35:49.552827 140588895340352 spec.py:310] Evaluating on the validation split.
I0418 09:35:56.020882 140588895340352 spec.py:326] Evaluating on the test split.
I0418 09:35:58.042031 140588895340352 submission_runner.py:406] Time since start: 539.41s, 	Step: 1027, 	{'train/accuracy': 0.030449217185378075, 'train/loss': 6.134230613708496, 'validation/accuracy': 0.02985999919474125, 'validation/loss': 6.156836032867432, 'validation/num_examples': 50000, 'test/accuracy': 0.023400001227855682, 'test/loss': 6.247262477874756, 'test/num_examples': 10000, 'score': 468.1541361808777, 'total_duration': 539.4117102622986, 'accumulated_submission_time': 468.1541361808777, 'accumulated_eval_time': 70.71489262580872, 'accumulated_logging_time': 0.5210452079772949}
I0418 09:35:58.067709 140356905592576 logging_writer.py:48] [1027] accumulated_eval_time=70.714893, accumulated_logging_time=0.521045, accumulated_submission_time=468.154136, global_step=1027, preemption_count=0, score=468.154136, test/accuracy=0.023400, test/loss=6.247262, test/num_examples=10000, total_duration=539.411710, train/accuracy=0.030449, train/loss=6.134231, validation/accuracy=0.029860, validation/loss=6.156836, validation/num_examples=50000
I0418 09:35:58.805876 140588895340352 checkpoints.py:356] Saving checkpoint at step: 1027
I0418 09:35:59.794054 140588895340352 checkpoints.py:317] Saved checkpoint at /experiment_runs/timing_v3/timing_momentum/imagenet_vit_jax/trial_1/checkpoint_1027
I0418 09:35:59.796073 140588895340352 checkpoint_utils.py:240] Saved checkpoint to /experiment_runs/timing_v3/timing_momentum/imagenet_vit_jax/trial_1/checkpoint_1027.
I0418 09:36:28.769120 140356913985280 logging_writer.py:48] [1100] global_step=1100, grad_norm=0.6786651015281677, loss=6.509742736816406
I0418 09:37:07.874438 140413000210176 logging_writer.py:48] [1200] global_step=1200, grad_norm=0.6941282153129578, loss=6.640756607055664
I0418 09:37:47.400981 140356913985280 logging_writer.py:48] [1300] global_step=1300, grad_norm=0.8165687918663025, loss=6.56620979309082
I0418 09:38:27.404514 140413000210176 logging_writer.py:48] [1400] global_step=1400, grad_norm=0.8162587285041809, loss=6.506293296813965
I0418 09:39:07.272718 140356913985280 logging_writer.py:48] [1500] global_step=1500, grad_norm=0.9165065288543701, loss=6.4763689041137695
I0418 09:39:46.979137 140413000210176 logging_writer.py:48] [1600] global_step=1600, grad_norm=0.9812795519828796, loss=6.457871913909912
I0418 09:40:26.979176 140356913985280 logging_writer.py:48] [1700] global_step=1700, grad_norm=0.9599543809890747, loss=6.488824844360352
I0418 09:41:07.080789 140413000210176 logging_writer.py:48] [1800] global_step=1800, grad_norm=0.979752242565155, loss=6.439479827880859
I0418 09:41:46.935817 140356913985280 logging_writer.py:48] [1900] global_step=1900, grad_norm=0.7921111583709717, loss=6.376461505889893
I0418 09:42:26.938512 140413000210176 logging_writer.py:48] [2000] global_step=2000, grad_norm=0.8245207667350769, loss=6.4683308601379395
I0418 09:42:59.865448 140588895340352 spec.py:298] Evaluating on the training split.
I0418 09:43:11.039033 140588895340352 spec.py:310] Evaluating on the validation split.
I0418 09:43:17.567265 140588895340352 spec.py:326] Evaluating on the test split.
I0418 09:43:19.272517 140588895340352 submission_runner.py:406] Time since start: 980.64s, 	Step: 2084, 	{'train/accuracy': 0.05699218437075615, 'train/loss': 5.778841495513916, 'validation/accuracy': 0.055479999631643295, 'validation/loss': 5.813849925994873, 'validation/num_examples': 50000, 'test/accuracy': 0.03930000215768814, 'test/loss': 5.954679012298584, 'test/num_examples': 10000, 'score': 888.1965012550354, 'total_duration': 980.6421945095062, 'accumulated_submission_time': 888.1965012550354, 'accumulated_eval_time': 90.12190127372742, 'accumulated_logging_time': 2.2805063724517822}
I0418 09:43:19.286091 140356913985280 logging_writer.py:48] [2084] accumulated_eval_time=90.121901, accumulated_logging_time=2.280506, accumulated_submission_time=888.196501, global_step=2084, preemption_count=0, score=888.196501, test/accuracy=0.039300, test/loss=5.954679, test/num_examples=10000, total_duration=980.642195, train/accuracy=0.056992, train/loss=5.778841, validation/accuracy=0.055480, validation/loss=5.813850, validation/num_examples=50000
I0418 09:43:19.396440 140588895340352 checkpoints.py:356] Saving checkpoint at step: 2084
I0418 09:43:21.576187 140588895340352 checkpoints.py:317] Saved checkpoint at /experiment_runs/timing_v3/timing_momentum/imagenet_vit_jax/trial_1/checkpoint_2084
I0418 09:43:21.590524 140588895340352 checkpoint_utils.py:240] Saved checkpoint to /experiment_runs/timing_v3/timing_momentum/imagenet_vit_jax/trial_1/checkpoint_2084.
I0418 09:43:28.286256 140413000210176 logging_writer.py:48] [2100] global_step=2100, grad_norm=0.6989994645118713, loss=6.324041366577148
I0418 09:44:07.253120 140412966639360 logging_writer.py:48] [2200] global_step=2200, grad_norm=0.70475172996521, loss=6.273305892944336
I0418 09:44:46.347883 140413000210176 logging_writer.py:48] [2300] global_step=2300, grad_norm=0.7534022927284241, loss=6.4311418533325195
I0418 09:45:26.571740 140412966639360 logging_writer.py:48] [2400] global_step=2400, grad_norm=0.6988856792449951, loss=6.3017377853393555
I0418 09:46:06.796164 140413000210176 logging_writer.py:48] [2500] global_step=2500, grad_norm=0.5934375524520874, loss=6.757253170013428
I0418 09:46:46.654324 140412966639360 logging_writer.py:48] [2600] global_step=2600, grad_norm=0.6194722652435303, loss=6.747265815734863
I0418 09:47:26.839660 140413000210176 logging_writer.py:48] [2700] global_step=2700, grad_norm=0.5957214832305908, loss=6.270898342132568
I0418 09:48:06.963196 140412966639360 logging_writer.py:48] [2800] global_step=2800, grad_norm=0.8101399540901184, loss=6.225863456726074
I0418 09:48:46.996262 140413000210176 logging_writer.py:48] [2900] global_step=2900, grad_norm=0.6696707606315613, loss=6.187250137329102
I0418 09:49:26.979473 140412966639360 logging_writer.py:48] [3000] global_step=3000, grad_norm=0.6850206255912781, loss=6.257225513458252
I0418 09:50:06.797212 140413000210176 logging_writer.py:48] [3100] global_step=3100, grad_norm=0.8129103183746338, loss=6.287284851074219
I0418 09:50:21.819560 140588895340352 spec.py:298] Evaluating on the training split.
I0418 09:50:33.262316 140588895340352 spec.py:310] Evaluating on the validation split.
I0418 09:50:40.060262 140588895340352 spec.py:326] Evaluating on the test split.
I0418 09:50:41.758613 140588895340352 submission_runner.py:406] Time since start: 1423.13s, 	Step: 3139, 	{'train/accuracy': 0.08167968690395355, 'train/loss': 5.3608903884887695, 'validation/accuracy': 0.07422000169754028, 'validation/loss': 5.420929431915283, 'validation/num_examples': 50000, 'test/accuracy': 0.057100001722574234, 'test/loss': 5.630521297454834, 'test/num_examples': 10000, 'score': 1308.4023022651672, 'total_duration': 1423.1283321380615, 'accumulated_submission_time': 1308.4023022651672, 'accumulated_eval_time': 110.06092143058777, 'accumulated_logging_time': 4.6000893115997314}
I0418 09:50:41.772663 140412966639360 logging_writer.py:48] [3139] accumulated_eval_time=110.060921, accumulated_logging_time=4.600089, accumulated_submission_time=1308.402302, global_step=3139, preemption_count=0, score=1308.402302, test/accuracy=0.057100, test/loss=5.630521, test/num_examples=10000, total_duration=1423.128332, train/accuracy=0.081680, train/loss=5.360890, validation/accuracy=0.074220, validation/loss=5.420929, validation/num_examples=50000
I0418 09:50:41.877270 140588895340352 checkpoints.py:356] Saving checkpoint at step: 3139
I0418 09:50:44.293866 140588895340352 checkpoints.py:317] Saved checkpoint at /experiment_runs/timing_v3/timing_momentum/imagenet_vit_jax/trial_1/checkpoint_3139
I0418 09:50:44.306179 140588895340352 checkpoint_utils.py:240] Saved checkpoint to /experiment_runs/timing_v3/timing_momentum/imagenet_vit_jax/trial_1/checkpoint_3139.
I0418 09:51:08.538176 140413000210176 logging_writer.py:48] [3200] global_step=3200, grad_norm=0.6845751404762268, loss=6.184213638305664
I0418 09:51:47.513084 140412949853952 logging_writer.py:48] [3300] global_step=3300, grad_norm=0.717162549495697, loss=6.123111724853516
I0418 09:52:27.155663 140413000210176 logging_writer.py:48] [3400] global_step=3400, grad_norm=0.7328394651412964, loss=6.223160266876221
I0418 09:53:07.141010 140412949853952 logging_writer.py:48] [3500] global_step=3500, grad_norm=0.6665082573890686, loss=6.287242889404297
I0418 09:53:47.414708 140413000210176 logging_writer.py:48] [3600] global_step=3600, grad_norm=0.6933339834213257, loss=6.742121696472168
I0418 09:54:27.722888 140412949853952 logging_writer.py:48] [3700] global_step=3700, grad_norm=0.5805070400238037, loss=6.155357837677002
I0418 09:55:08.052693 140413000210176 logging_writer.py:48] [3800] global_step=3800, grad_norm=0.5063402652740479, loss=6.3971052169799805
I0418 09:55:48.034184 140412949853952 logging_writer.py:48] [3900] global_step=3900, grad_norm=0.6818828582763672, loss=6.056670188903809
I0418 09:56:28.265510 140413000210176 logging_writer.py:48] [4000] global_step=4000, grad_norm=0.6299025416374207, loss=6.043981075286865
I0418 09:57:08.298029 140412949853952 logging_writer.py:48] [4100] global_step=4100, grad_norm=0.6504232883453369, loss=6.017557144165039
I0418 09:57:44.439091 140588895340352 spec.py:298] Evaluating on the training split.
I0418 09:57:56.102541 140588895340352 spec.py:310] Evaluating on the validation split.
I0418 09:58:03.107320 140588895340352 spec.py:326] Evaluating on the test split.
I0418 09:58:04.795031 140588895340352 submission_runner.py:406] Time since start: 1866.16s, 	Step: 4192, 	{'train/accuracy': 0.10152343660593033, 'train/loss': 5.119630336761475, 'validation/accuracy': 0.09111999720335007, 'validation/loss': 5.191515922546387, 'validation/num_examples': 50000, 'test/accuracy': 0.07380000501871109, 'test/loss': 5.432984828948975, 'test/num_examples': 10000, 'score': 1728.5121657848358, 'total_duration': 1866.1647453308105, 'accumulated_submission_time': 1728.5121657848358, 'accumulated_eval_time': 130.4168243408203, 'accumulated_logging_time': 7.149238109588623}
I0418 09:58:04.807845 140413000210176 logging_writer.py:48] [4192] accumulated_eval_time=130.416824, accumulated_logging_time=7.149238, accumulated_submission_time=1728.512166, global_step=4192, preemption_count=0, score=1728.512166, test/accuracy=0.073800, test/loss=5.432985, test/num_examples=10000, total_duration=1866.164745, train/accuracy=0.101523, train/loss=5.119630, validation/accuracy=0.091120, validation/loss=5.191516, validation/num_examples=50000
I0418 09:58:05.503435 140588895340352 checkpoints.py:356] Saving checkpoint at step: 4192
I0418 09:58:07.194644 140588895340352 checkpoints.py:317] Saved checkpoint at /experiment_runs/timing_v3/timing_momentum/imagenet_vit_jax/trial_1/checkpoint_4192
I0418 09:58:07.208703 140588895340352 checkpoint_utils.py:240] Saved checkpoint to /experiment_runs/timing_v3/timing_momentum/imagenet_vit_jax/trial_1/checkpoint_4192.
I0418 09:58:10.730933 140412949853952 logging_writer.py:48] [4200] global_step=4200, grad_norm=0.7060538530349731, loss=6.0575971603393555
I0418 09:58:49.719305 140412941461248 logging_writer.py:48] [4300] global_step=4300, grad_norm=0.5878034234046936, loss=6.125354290008545
I0418 09:59:28.680953 140412949853952 logging_writer.py:48] [4400] global_step=4400, grad_norm=0.608684241771698, loss=6.0199666023254395
I0418 10:00:08.926864 140412941461248 logging_writer.py:48] [4500] global_step=4500, grad_norm=0.6083803176879883, loss=5.934784889221191
I0418 10:00:49.111234 140412949853952 logging_writer.py:48] [4600] global_step=4600, grad_norm=0.632915735244751, loss=6.185263633728027
I0418 10:01:29.053717 140412941461248 logging_writer.py:48] [4700] global_step=4700, grad_norm=0.6582489609718323, loss=6.015445709228516
I0418 10:02:09.225657 140412949853952 logging_writer.py:48] [4800] global_step=4800, grad_norm=0.6938030123710632, loss=5.932900428771973
I0418 10:02:49.272647 140412941461248 logging_writer.py:48] [4900] global_step=4900, grad_norm=0.4363069534301758, loss=6.583933353424072
I0418 10:03:29.750490 140412949853952 logging_writer.py:48] [5000] global_step=5000, grad_norm=0.5121934413909912, loss=6.268723964691162
I0418 10:04:10.047647 140412941461248 logging_writer.py:48] [5100] global_step=5100, grad_norm=0.54085773229599, loss=6.087152481079102
I0418 10:04:50.392683 140412949853952 logging_writer.py:48] [5200] global_step=5200, grad_norm=0.8181016445159912, loss=5.941498756408691
I0418 10:05:07.441391 140588895340352 spec.py:298] Evaluating on the training split.
I0418 10:05:19.176956 140588895340352 spec.py:310] Evaluating on the validation split.
I0418 10:05:26.891110 140588895340352 spec.py:326] Evaluating on the test split.
I0418 10:05:28.567387 140588895340352 submission_runner.py:406] Time since start: 2309.94s, 	Step: 5244, 	{'train/accuracy': 0.13718749582767487, 'train/loss': 4.81376314163208, 'validation/accuracy': 0.12637999653816223, 'validation/loss': 4.8988752365112305, 'validation/num_examples': 50000, 'test/accuracy': 0.09860000759363174, 'test/loss': 5.1829071044921875, 'test/num_examples': 10000, 'score': 2148.7142271995544, 'total_duration': 2309.937138557434, 'accumulated_submission_time': 2148.7142271995544, 'accumulated_eval_time': 151.54281091690063, 'accumulated_logging_time': 9.57218313217163}
I0418 10:05:28.580726 140412941461248 logging_writer.py:48] [5244] accumulated_eval_time=151.542811, accumulated_logging_time=9.572183, accumulated_submission_time=2148.714227, global_step=5244, preemption_count=0, score=2148.714227, test/accuracy=0.098600, test/loss=5.182907, test/num_examples=10000, total_duration=2309.937139, train/accuracy=0.137187, train/loss=4.813763, validation/accuracy=0.126380, validation/loss=4.898875, validation/num_examples=50000
I0418 10:05:28.665534 140588895340352 checkpoints.py:356] Saving checkpoint at step: 5244
I0418 10:05:30.288021 140588895340352 checkpoints.py:317] Saved checkpoint at /experiment_runs/timing_v3/timing_momentum/imagenet_vit_jax/trial_1/checkpoint_5244
I0418 10:05:30.302743 140588895340352 checkpoint_utils.py:240] Saved checkpoint to /experiment_runs/timing_v3/timing_momentum/imagenet_vit_jax/trial_1/checkpoint_5244.
I0418 10:05:52.627470 140412949853952 logging_writer.py:48] [5300] global_step=5300, grad_norm=0.5732113718986511, loss=5.8818159103393555
I0418 10:06:31.628230 140412933068544 logging_writer.py:48] [5400] global_step=5400, grad_norm=0.42652902007102966, loss=6.602921962738037
I0418 10:07:11.662146 140412949853952 logging_writer.py:48] [5500] global_step=5500, grad_norm=0.6597525477409363, loss=5.981068134307861
I0418 10:07:52.045821 140412933068544 logging_writer.py:48] [5600] global_step=5600, grad_norm=0.6477047204971313, loss=5.856991767883301
I0418 10:08:32.294312 140412949853952 logging_writer.py:48] [5700] global_step=5700, grad_norm=0.5448919534683228, loss=6.07449197769165
I0418 10:09:12.503326 140412933068544 logging_writer.py:48] [5800] global_step=5800, grad_norm=0.5532228350639343, loss=5.971176624298096
I0418 10:09:52.735446 140412949853952 logging_writer.py:48] [5900] global_step=5900, grad_norm=0.578129231929779, loss=5.778177261352539
I0418 10:10:33.010644 140412933068544 logging_writer.py:48] [6000] global_step=6000, grad_norm=0.6715822815895081, loss=5.748367786407471
I0418 10:11:13.228717 140412949853952 logging_writer.py:48] [6100] global_step=6100, grad_norm=0.5924732685089111, loss=5.814888954162598
I0418 10:11:53.444104 140412933068544 logging_writer.py:48] [6200] global_step=6200, grad_norm=0.5934528112411499, loss=5.734403610229492
I0418 10:12:30.424331 140588895340352 spec.py:298] Evaluating on the training split.
I0418 10:12:42.698223 140588895340352 spec.py:310] Evaluating on the validation split.
I0418 10:12:51.338061 140588895340352 spec.py:326] Evaluating on the test split.
I0418 10:12:52.992186 140588895340352 submission_runner.py:406] Time since start: 2754.36s, 	Step: 6293, 	{'train/accuracy': 0.15355467796325684, 'train/loss': 4.674384593963623, 'validation/accuracy': 0.14323998987674713, 'validation/loss': 4.755995273590088, 'validation/num_examples': 50000, 'test/accuracy': 0.10240000486373901, 'test/loss': 5.0877909660339355, 'test/num_examples': 10000, 'score': 2568.812723875046, 'total_duration': 2754.361873626709, 'accumulated_submission_time': 2568.812723875046, 'accumulated_eval_time': 174.1105923652649, 'accumulated_logging_time': 11.309327363967896}
I0418 10:12:53.003805 140412949853952 logging_writer.py:48] [6293] accumulated_eval_time=174.110592, accumulated_logging_time=11.309327, accumulated_submission_time=2568.812724, global_step=6293, preemption_count=0, score=2568.812724, test/accuracy=0.102400, test/loss=5.087791, test/num_examples=10000, total_duration=2754.361874, train/accuracy=0.153555, train/loss=4.674385, validation/accuracy=0.143240, validation/loss=4.755995, validation/num_examples=50000
I0418 10:12:53.085627 140588895340352 checkpoints.py:356] Saving checkpoint at step: 6293
I0418 10:12:54.041337 140588895340352 checkpoints.py:317] Saved checkpoint at /experiment_runs/timing_v3/timing_momentum/imagenet_vit_jax/trial_1/checkpoint_6293
I0418 10:12:54.052932 140588895340352 checkpoint_utils.py:240] Saved checkpoint to /experiment_runs/timing_v3/timing_momentum/imagenet_vit_jax/trial_1/checkpoint_6293.
I0418 10:12:57.265860 140412933068544 logging_writer.py:48] [6300] global_step=6300, grad_norm=0.6399210095405579, loss=5.907443523406982
I0418 10:13:36.307620 140412924675840 logging_writer.py:48] [6400] global_step=6400, grad_norm=0.5530778765678406, loss=5.870497226715088
I0418 10:14:15.958011 140412933068544 logging_writer.py:48] [6500] global_step=6500, grad_norm=0.5819050669670105, loss=5.765616416931152
I0418 10:14:56.113641 140412924675840 logging_writer.py:48] [6600] global_step=6600, grad_norm=0.4230479896068573, loss=6.458189487457275
I0418 10:15:36.019023 140412933068544 logging_writer.py:48] [6700] global_step=6700, grad_norm=0.45836183428764343, loss=6.124360084533691
I0418 10:16:16.489867 140412924675840 logging_writer.py:48] [6800] global_step=6800, grad_norm=0.5875570178031921, loss=5.735897064208984
I0418 10:16:56.521575 140412933068544 logging_writer.py:48] [6900] global_step=6900, grad_norm=0.5763074159622192, loss=5.727180004119873
I0418 10:17:36.670883 140412924675840 logging_writer.py:48] [7000] global_step=7000, grad_norm=0.5399289131164551, loss=5.6012773513793945
I0418 10:18:17.021764 140412933068544 logging_writer.py:48] [7100] global_step=7100, grad_norm=0.7057308554649353, loss=5.65186071395874
I0418 10:18:57.219438 140412924675840 logging_writer.py:48] [7200] global_step=7200, grad_norm=0.47742873430252075, loss=6.227120399475098
I0418 10:19:37.788945 140412933068544 logging_writer.py:48] [7300] global_step=7300, grad_norm=0.6664101481437683, loss=5.604767322540283
I0418 10:19:54.295252 140588895340352 spec.py:298] Evaluating on the training split.
I0418 10:20:08.364302 140588895340352 spec.py:310] Evaluating on the validation split.
I0418 10:20:17.412961 140588895340352 spec.py:326] Evaluating on the test split.
I0418 10:20:19.057991 140588895340352 submission_runner.py:406] Time since start: 3200.43s, 	Step: 7342, 	{'train/accuracy': 0.1953710913658142, 'train/loss': 4.376893997192383, 'validation/accuracy': 0.1770399957895279, 'validation/loss': 4.468344688415527, 'validation/num_examples': 50000, 'test/accuracy': 0.13690000772476196, 'test/loss': 4.818387508392334, 'test/num_examples': 10000, 'score': 2989.0319254398346, 'total_duration': 3200.4276814460754, 'accumulated_submission_time': 2989.0319254398346, 'accumulated_eval_time': 198.8732554912567, 'accumulated_logging_time': 12.37194538116455}
I0418 10:20:19.072284 140412924675840 logging_writer.py:48] [7342] accumulated_eval_time=198.873255, accumulated_logging_time=12.371945, accumulated_submission_time=2989.031925, global_step=7342, preemption_count=0, score=2989.031925, test/accuracy=0.136900, test/loss=4.818388, test/num_examples=10000, total_duration=3200.427681, train/accuracy=0.195371, train/loss=4.376894, validation/accuracy=0.177040, validation/loss=4.468345, validation/num_examples=50000
I0418 10:20:19.177396 140588895340352 checkpoints.py:356] Saving checkpoint at step: 7342
I0418 10:20:19.903039 140588895340352 checkpoints.py:317] Saved checkpoint at /experiment_runs/timing_v3/timing_momentum/imagenet_vit_jax/trial_1/checkpoint_7342
I0418 10:20:19.917296 140588895340352 checkpoint_utils.py:240] Saved checkpoint to /experiment_runs/timing_v3/timing_momentum/imagenet_vit_jax/trial_1/checkpoint_7342.
I0418 10:20:43.065681 140412933068544 logging_writer.py:48] [7400] global_step=7400, grad_norm=0.5586035847663879, loss=5.64219331741333
I0418 10:21:22.981326 140412916283136 logging_writer.py:48] [7500] global_step=7500, grad_norm=0.40102633833885193, loss=6.306458473205566
I0418 10:22:02.982048 140412933068544 logging_writer.py:48] [7600] global_step=7600, grad_norm=0.5684536099433899, loss=5.595457077026367
I0418 10:22:43.182679 140412916283136 logging_writer.py:48] [7700] global_step=7700, grad_norm=0.4386770725250244, loss=6.445683479309082
I0418 10:23:23.512345 140412933068544 logging_writer.py:48] [7800] global_step=7800, grad_norm=0.49519506096839905, loss=6.4815778732299805
I0418 10:24:04.114926 140412916283136 logging_writer.py:48] [7900] global_step=7900, grad_norm=0.567807137966156, loss=5.552986145019531
I0418 10:24:44.143612 140412933068544 logging_writer.py:48] [8000] global_step=8000, grad_norm=0.5093052387237549, loss=5.874241828918457
I0418 10:25:24.460819 140412916283136 logging_writer.py:48] [8100] global_step=8100, grad_norm=0.3919268548488617, loss=6.403936386108398
I0418 10:26:05.085975 140412933068544 logging_writer.py:48] [8200] global_step=8200, grad_norm=0.5953968167304993, loss=5.458927154541016
I0418 10:26:45.097990 140412916283136 logging_writer.py:48] [8300] global_step=8300, grad_norm=0.41207435727119446, loss=5.970131874084473
I0418 10:27:20.312360 140588895340352 spec.py:298] Evaluating on the training split.
I0418 10:27:34.857812 140588895340352 spec.py:310] Evaluating on the validation split.
I0418 10:27:44.377810 140588895340352 spec.py:326] Evaluating on the test split.
I0418 10:27:46.031288 140588895340352 submission_runner.py:406] Time since start: 3647.40s, 	Step: 8388, 	{'train/accuracy': 0.22859375178813934, 'train/loss': 4.0883612632751465, 'validation/accuracy': 0.20867998898029327, 'validation/loss': 4.209028244018555, 'validation/num_examples': 50000, 'test/accuracy': 0.15820001065731049, 'test/loss': 4.608339309692383, 'test/num_examples': 10000, 'score': 3409.4042706489563, 'total_duration': 3647.401023864746, 'accumulated_submission_time': 3409.4042706489563, 'accumulated_eval_time': 224.592143535614, 'accumulated_logging_time': 13.232425928115845}
I0418 10:27:46.041130 140412933068544 logging_writer.py:48] [8388] accumulated_eval_time=224.592144, accumulated_logging_time=13.232426, accumulated_submission_time=3409.404271, global_step=8388, preemption_count=0, score=3409.404271, test/accuracy=0.158200, test/loss=4.608339, test/num_examples=10000, total_duration=3647.401024, train/accuracy=0.228594, train/loss=4.088361, validation/accuracy=0.208680, validation/loss=4.209028, validation/num_examples=50000
I0418 10:27:46.119485 140588895340352 checkpoints.py:356] Saving checkpoint at step: 8388
I0418 10:27:46.925603 140588895340352 checkpoints.py:317] Saved checkpoint at /experiment_runs/timing_v3/timing_momentum/imagenet_vit_jax/trial_1/checkpoint_8388
I0418 10:27:46.939845 140588895340352 checkpoint_utils.py:240] Saved checkpoint to /experiment_runs/timing_v3/timing_momentum/imagenet_vit_jax/trial_1/checkpoint_8388.
I0418 10:27:52.074332 140412916283136 logging_writer.py:48] [8400] global_step=8400, grad_norm=0.4908115565776825, loss=5.725866317749023
I0418 10:28:31.029214 140412907890432 logging_writer.py:48] [8500] global_step=8500, grad_norm=0.4596717655658722, loss=6.527215003967285
I0418 10:29:11.307324 140412916283136 logging_writer.py:48] [8600] global_step=8600, grad_norm=0.5352102518081665, loss=6.253074645996094
I0418 10:29:51.347041 140412907890432 logging_writer.py:48] [8700] global_step=8700, grad_norm=0.5916755795478821, loss=5.472101211547852
I0418 10:30:31.891512 140412916283136 logging_writer.py:48] [8800] global_step=8800, grad_norm=0.48431918025016785, loss=5.840213775634766
I0418 10:31:12.052088 140412907890432 logging_writer.py:48] [8900] global_step=8900, grad_norm=0.5534405708312988, loss=5.441429138183594
I0418 10:31:52.059621 140412916283136 logging_writer.py:48] [9000] global_step=9000, grad_norm=0.5554206371307373, loss=5.531006813049316
I0418 10:32:32.534579 140412907890432 logging_writer.py:48] [9100] global_step=9100, grad_norm=0.6421769261360168, loss=5.4091362953186035
I0418 10:33:12.793209 140412916283136 logging_writer.py:48] [9200] global_step=9200, grad_norm=0.4832852780818939, loss=6.3406782150268555
I0418 10:33:52.939851 140412907890432 logging_writer.py:48] [9300] global_step=9300, grad_norm=0.5275617837905884, loss=5.470277309417725
I0418 10:34:33.200292 140412916283136 logging_writer.py:48] [9400] global_step=9400, grad_norm=0.6075919270515442, loss=5.422741889953613
I0418 10:34:47.208700 140588895340352 spec.py:298] Evaluating on the training split.
I0418 10:35:01.704469 140588895340352 spec.py:310] Evaluating on the validation split.
I0418 10:35:12.113188 140588895340352 spec.py:326] Evaluating on the test split.
I0418 10:35:13.761837 140588895340352 submission_runner.py:406] Time since start: 4095.13s, 	Step: 9436, 	{'train/accuracy': 0.26517578959465027, 'train/loss': 3.8037147521972656, 'validation/accuracy': 0.23827999830245972, 'validation/loss': 3.952683687210083, 'validation/num_examples': 50000, 'test/accuracy': 0.18320000171661377, 'test/loss': 4.390207290649414, 'test/num_examples': 10000, 'score': 3829.6493492126465, 'total_duration': 4095.13156414032, 'accumulated_submission_time': 3829.6493492126465, 'accumulated_eval_time': 251.1452395915985, 'accumulated_logging_time': 14.142561912536621}
I0418 10:35:13.776544 140412907890432 logging_writer.py:48] [9436] accumulated_eval_time=251.145240, accumulated_logging_time=14.142562, accumulated_submission_time=3829.649349, global_step=9436, preemption_count=0, score=3829.649349, test/accuracy=0.183200, test/loss=4.390207, test/num_examples=10000, total_duration=4095.131564, train/accuracy=0.265176, train/loss=3.803715, validation/accuracy=0.238280, validation/loss=3.952684, validation/num_examples=50000
I0418 10:35:13.935413 140588895340352 checkpoints.py:356] Saving checkpoint at step: 9436
I0418 10:35:14.838704 140588895340352 checkpoints.py:317] Saved checkpoint at /experiment_runs/timing_v3/timing_momentum/imagenet_vit_jax/trial_1/checkpoint_9436
I0418 10:35:14.852661 140588895340352 checkpoint_utils.py:240] Saved checkpoint to /experiment_runs/timing_v3/timing_momentum/imagenet_vit_jax/trial_1/checkpoint_9436.
I0418 10:35:40.257348 140412916283136 logging_writer.py:48] [9500] global_step=9500, grad_norm=0.4674391746520996, loss=5.776747703552246
I0418 10:36:20.415493 140411632838400 logging_writer.py:48] [9600] global_step=9600, grad_norm=0.6112620830535889, loss=5.306388854980469
I0418 10:37:00.454615 140412916283136 logging_writer.py:48] [9700] global_step=9700, grad_norm=0.45350706577301025, loss=6.32794713973999
I0418 10:37:40.584348 140411632838400 logging_writer.py:48] [9800] global_step=9800, grad_norm=0.5338284373283386, loss=5.223538398742676
I0418 10:38:20.793231 140412916283136 logging_writer.py:48] [9900] global_step=9900, grad_norm=0.7224494218826294, loss=5.291487693786621
I0418 10:39:01.451637 140411632838400 logging_writer.py:48] [10000] global_step=10000, grad_norm=0.5487947463989258, loss=5.400689125061035
I0418 10:39:41.787786 140412916283136 logging_writer.py:48] [10100] global_step=10100, grad_norm=0.5736668705940247, loss=5.184868335723877
I0418 10:40:21.987045 140411632838400 logging_writer.py:48] [10200] global_step=10200, grad_norm=0.5767252445220947, loss=5.304427146911621
I0418 10:41:02.408201 140412916283136 logging_writer.py:48] [10300] global_step=10300, grad_norm=0.5948722958564758, loss=5.365234375
I0418 10:41:43.108776 140411632838400 logging_writer.py:48] [10400] global_step=10400, grad_norm=0.6092102527618408, loss=5.259421348571777
I0418 10:42:15.071044 140588895340352 spec.py:298] Evaluating on the training split.
I0418 10:42:29.138811 140588895340352 spec.py:310] Evaluating on the validation split.
I0418 10:42:40.577846 140588895340352 spec.py:326] Evaluating on the test split.
I0418 10:42:42.238681 140588895340352 submission_runner.py:406] Time since start: 4543.61s, 	Step: 10480, 	{'train/accuracy': 0.29537108540534973, 'train/loss': 3.6718249320983887, 'validation/accuracy': 0.26736000180244446, 'validation/loss': 3.8045597076416016, 'validation/num_examples': 50000, 'test/accuracy': 0.20260000228881836, 'test/loss': 4.273815631866455, 'test/num_examples': 10000, 'score': 4249.838851451874, 'total_duration': 4543.608403682709, 'accumulated_submission_time': 4249.838851451874, 'accumulated_eval_time': 278.3128457069397, 'accumulated_logging_time': 15.241193532943726}
I0418 10:42:42.253998 140412916283136 logging_writer.py:48] [10480] accumulated_eval_time=278.312846, accumulated_logging_time=15.241194, accumulated_submission_time=4249.838851, global_step=10480, preemption_count=0, score=4249.838851, test/accuracy=0.202600, test/loss=4.273816, test/num_examples=10000, total_duration=4543.608404, train/accuracy=0.295371, train/loss=3.671825, validation/accuracy=0.267360, validation/loss=3.804560, validation/num_examples=50000
I0418 10:42:42.363036 140588895340352 checkpoints.py:356] Saving checkpoint at step: 10480
I0418 10:42:43.198401 140588895340352 checkpoints.py:317] Saved checkpoint at /experiment_runs/timing_v3/timing_momentum/imagenet_vit_jax/trial_1/checkpoint_10480
I0418 10:42:43.210495 140588895340352 checkpoint_utils.py:240] Saved checkpoint to /experiment_runs/timing_v3/timing_momentum/imagenet_vit_jax/trial_1/checkpoint_10480.
I0418 10:42:51.490556 140411632838400 logging_writer.py:48] [10500] global_step=10500, grad_norm=0.5444709658622742, loss=5.582953929901123
I0418 10:43:31.141550 140411624445696 logging_writer.py:48] [10600] global_step=10600, grad_norm=0.5362359285354614, loss=5.655656814575195
I0418 10:44:11.447808 140411632838400 logging_writer.py:48] [10700] global_step=10700, grad_norm=0.49601924419403076, loss=5.326369285583496
I0418 10:44:51.888428 140411624445696 logging_writer.py:48] [10800] global_step=10800, grad_norm=0.5773169994354248, loss=5.118581771850586
I0418 10:45:31.972446 140411632838400 logging_writer.py:48] [10900] global_step=10900, grad_norm=0.519967794418335, loss=5.6082258224487305
I0418 10:46:12.318692 140411624445696 logging_writer.py:48] [11000] global_step=11000, grad_norm=0.45709577202796936, loss=6.191394805908203
I0418 10:46:52.562103 140411632838400 logging_writer.py:48] [11100] global_step=11100, grad_norm=0.5268859267234802, loss=5.546292304992676
I0418 10:47:32.836877 140411624445696 logging_writer.py:48] [11200] global_step=11200, grad_norm=0.45390868186950684, loss=6.283593654632568
I0418 10:48:13.287260 140411632838400 logging_writer.py:48] [11300] global_step=11300, grad_norm=0.42987123131752014, loss=6.071481704711914
I0418 10:48:53.456642 140411624445696 logging_writer.py:48] [11400] global_step=11400, grad_norm=0.61626136302948, loss=5.111051559448242
I0418 10:49:34.444478 140411632838400 logging_writer.py:48] [11500] global_step=11500, grad_norm=0.5333534479141235, loss=5.589021682739258
I0418 10:49:43.410753 140588895340352 spec.py:298] Evaluating on the training split.
I0418 10:49:57.654251 140588895340352 spec.py:310] Evaluating on the validation split.
I0418 10:50:08.486762 140588895340352 spec.py:326] Evaluating on the test split.
I0418 10:50:10.126251 140588895340352 submission_runner.py:406] Time since start: 4991.50s, 	Step: 11524, 	{'train/accuracy': 0.31947264075279236, 'train/loss': 3.527507781982422, 'validation/accuracy': 0.29462000727653503, 'validation/loss': 3.64550518989563, 'validation/num_examples': 50000, 'test/accuracy': 0.22440001368522644, 'test/loss': 4.127091407775879, 'test/num_examples': 10000, 'score': 4670.016874551773, 'total_duration': 4991.495959997177, 'accumulated_submission_time': 4670.016874551773, 'accumulated_eval_time': 305.02828788757324, 'accumulated_logging_time': 16.214516639709473}
I0418 10:50:10.140993 140411624445696 logging_writer.py:48] [11524] accumulated_eval_time=305.028288, accumulated_logging_time=16.214517, accumulated_submission_time=4670.016875, global_step=11524, preemption_count=0, score=4670.016875, test/accuracy=0.224400, test/loss=4.127091, test/num_examples=10000, total_duration=4991.495960, train/accuracy=0.319473, train/loss=3.527508, validation/accuracy=0.294620, validation/loss=3.645505, validation/num_examples=50000
I0418 10:50:10.270953 140588895340352 checkpoints.py:356] Saving checkpoint at step: 11524
I0418 10:50:11.099891 140588895340352 checkpoints.py:317] Saved checkpoint at /experiment_runs/timing_v3/timing_momentum/imagenet_vit_jax/trial_1/checkpoint_11524
I0418 10:50:11.114481 140588895340352 checkpoint_utils.py:240] Saved checkpoint to /experiment_runs/timing_v3/timing_momentum/imagenet_vit_jax/trial_1/checkpoint_11524.
I0418 10:50:41.442074 140411632838400 logging_writer.py:48] [11600] global_step=11600, grad_norm=0.6178256869316101, loss=5.026559829711914
I0418 10:51:22.183238 140411548976896 logging_writer.py:48] [11700] global_step=11700, grad_norm=0.5274691581726074, loss=5.102936267852783
I0418 10:52:02.843269 140411632838400 logging_writer.py:48] [11800] global_step=11800, grad_norm=0.5143359303474426, loss=5.990297794342041
I0418 10:52:43.181291 140411548976896 logging_writer.py:48] [11900] global_step=11900, grad_norm=0.5928529500961304, loss=5.127744197845459
I0418 10:53:23.186316 140411632838400 logging_writer.py:48] [12000] global_step=12000, grad_norm=0.5685888528823853, loss=5.285608291625977
I0418 10:54:03.692519 140411548976896 logging_writer.py:48] [12100] global_step=12100, grad_norm=0.4848787486553192, loss=6.436287879943848
I0418 10:54:44.204836 140411632838400 logging_writer.py:48] [12200] global_step=12200, grad_norm=0.5591387152671814, loss=5.072270393371582
I0418 10:55:24.409060 140411548976896 logging_writer.py:48] [12300] global_step=12300, grad_norm=0.473901629447937, loss=6.389916896820068
I0418 10:56:04.782859 140411632838400 logging_writer.py:48] [12400] global_step=12400, grad_norm=0.5344512462615967, loss=5.208576202392578
I0418 10:56:45.735293 140411548976896 logging_writer.py:48] [12500] global_step=12500, grad_norm=0.5709477066993713, loss=5.03951358795166
I0418 10:57:11.225696 140588895340352 spec.py:298] Evaluating on the training split.
I0418 10:57:25.167079 140588895340352 spec.py:310] Evaluating on the validation split.
I0418 10:57:36.723999 140588895340352 spec.py:326] Evaluating on the test split.
I0418 10:57:38.396655 140588895340352 submission_runner.py:406] Time since start: 5439.77s, 	Step: 12564, 	{'train/accuracy': 0.34187498688697815, 'train/loss': 3.344667673110962, 'validation/accuracy': 0.31379997730255127, 'validation/loss': 3.4939751625061035, 'validation/num_examples': 50000, 'test/accuracy': 0.2435000091791153, 'test/loss': 3.989381790161133, 'test/num_examples': 10000, 'score': 5090.100670814514, 'total_duration': 5439.766398668289, 'accumulated_submission_time': 5090.100670814514, 'accumulated_eval_time': 332.19921684265137, 'accumulated_logging_time': 17.20971393585205}
I0418 10:57:38.407563 140411632838400 logging_writer.py:48] [12564] accumulated_eval_time=332.199217, accumulated_logging_time=17.209714, accumulated_submission_time=5090.100671, global_step=12564, preemption_count=0, score=5090.100671, test/accuracy=0.243500, test/loss=3.989382, test/num_examples=10000, total_duration=5439.766399, train/accuracy=0.341875, train/loss=3.344668, validation/accuracy=0.313800, validation/loss=3.493975, validation/num_examples=50000
I0418 10:57:38.507139 140588895340352 checkpoints.py:356] Saving checkpoint at step: 12564
I0418 10:57:39.361943 140588895340352 checkpoints.py:317] Saved checkpoint at /experiment_runs/timing_v3/timing_momentum/imagenet_vit_jax/trial_1/checkpoint_12564
I0418 10:57:39.374151 140588895340352 checkpoint_utils.py:240] Saved checkpoint to /experiment_runs/timing_v3/timing_momentum/imagenet_vit_jax/trial_1/checkpoint_12564.
I0418 10:57:53.898351 140411548976896 logging_writer.py:48] [12600] global_step=12600, grad_norm=0.624625563621521, loss=4.979439735412598
I0418 10:58:33.942741 140411540584192 logging_writer.py:48] [12700] global_step=12700, grad_norm=0.38929322361946106, loss=6.361940383911133
I0418 10:59:14.569773 140411548976896 logging_writer.py:48] [12800] global_step=12800, grad_norm=0.48451000452041626, loss=6.2967305183410645
I0418 10:59:55.131307 140411540584192 logging_writer.py:48] [12900] global_step=12900, grad_norm=0.6751042008399963, loss=5.115601062774658
I0418 11:00:35.550615 140411548976896 logging_writer.py:48] [13000] global_step=13000, grad_norm=0.4260423183441162, loss=6.238674640655518
I0418 11:01:15.674090 140411540584192 logging_writer.py:48] [13100] global_step=13100, grad_norm=0.5819490551948547, loss=5.005768775939941
I0418 11:01:56.167983 140411548976896 logging_writer.py:48] [13200] global_step=13200, grad_norm=0.49103957414627075, loss=6.01430082321167
I0418 11:02:36.546066 140411540584192 logging_writer.py:48] [13300] global_step=13300, grad_norm=0.5262167453765869, loss=5.064160346984863
I0418 11:03:16.980197 140411548976896 logging_writer.py:48] [13400] global_step=13400, grad_norm=0.5432891845703125, loss=5.2952351570129395
I0418 11:03:57.723657 140411540584192 logging_writer.py:48] [13500] global_step=13500, grad_norm=0.5884890556335449, loss=5.118163108825684
I0418 11:04:39.058618 140411548976896 logging_writer.py:48] [13600] global_step=13600, grad_norm=0.6519898176193237, loss=4.905215263366699
I0418 11:04:39.728733 140588895340352 spec.py:298] Evaluating on the training split.
I0418 11:04:53.879498 140588895340352 spec.py:310] Evaluating on the validation split.
I0418 11:05:05.149973 140588895340352 spec.py:326] Evaluating on the test split.
I0418 11:05:06.817364 140588895340352 submission_runner.py:406] Time since start: 5888.19s, 	Step: 13603, 	{'train/accuracy': 0.3636523485183716, 'train/loss': 3.2581868171691895, 'validation/accuracy': 0.33017998933792114, 'validation/loss': 3.4344542026519775, 'validation/num_examples': 50000, 'test/accuracy': 0.24880000948905945, 'test/loss': 3.962186574935913, 'test/num_examples': 10000, 'score': 5510.433007717133, 'total_duration': 5888.187043905258, 'accumulated_submission_time': 5510.433007717133, 'accumulated_eval_time': 359.2877712249756, 'accumulated_logging_time': 18.188780069351196}
I0418 11:05:06.833712 140411540584192 logging_writer.py:48] [13603] accumulated_eval_time=359.287771, accumulated_logging_time=18.188780, accumulated_submission_time=5510.433008, global_step=13603, preemption_count=0, score=5510.433008, test/accuracy=0.248800, test/loss=3.962187, test/num_examples=10000, total_duration=5888.187044, train/accuracy=0.363652, train/loss=3.258187, validation/accuracy=0.330180, validation/loss=3.434454, validation/num_examples=50000
I0418 11:05:06.936729 140588895340352 checkpoints.py:356] Saving checkpoint at step: 13603
I0418 11:05:07.685308 140588895340352 checkpoints.py:317] Saved checkpoint at /experiment_runs/timing_v3/timing_momentum/imagenet_vit_jax/trial_1/checkpoint_13603
I0418 11:05:07.703108 140588895340352 checkpoint_utils.py:240] Saved checkpoint to /experiment_runs/timing_v3/timing_momentum/imagenet_vit_jax/trial_1/checkpoint_13603.
I0418 11:05:46.978505 140411548976896 logging_writer.py:48] [13700] global_step=13700, grad_norm=0.5511687994003296, loss=5.140800952911377
I0418 11:06:28.312191 140411532191488 logging_writer.py:48] [13800] global_step=13800, grad_norm=0.5288830995559692, loss=6.402007102966309
I0418 11:07:09.602340 140411548976896 logging_writer.py:48] [13900] global_step=13900, grad_norm=0.6186611652374268, loss=4.904263496398926
I0418 11:07:49.906332 140411532191488 logging_writer.py:48] [14000] global_step=14000, grad_norm=0.6112170815467834, loss=4.915028095245361
I0418 11:08:30.425364 140411548976896 logging_writer.py:48] [14100] global_step=14100, grad_norm=0.47282564640045166, loss=5.961270332336426
I0418 11:09:10.851845 140411532191488 logging_writer.py:48] [14200] global_step=14200, grad_norm=0.5568405985832214, loss=4.859982013702393
I0418 11:09:51.926745 140411548976896 logging_writer.py:48] [14300] global_step=14300, grad_norm=0.5669035911560059, loss=5.0410614013671875
I0418 11:10:32.691070 140411532191488 logging_writer.py:48] [14400] global_step=14400, grad_norm=0.6085352897644043, loss=4.879866600036621
I0418 11:11:13.384653 140411548976896 logging_writer.py:48] [14500] global_step=14500, grad_norm=0.4106431007385254, loss=6.328342437744141
I0418 11:11:54.318835 140411532191488 logging_writer.py:48] [14600] global_step=14600, grad_norm=0.6002817749977112, loss=4.783547401428223
I0418 11:12:08.079850 140588895340352 spec.py:298] Evaluating on the training split.
I0418 11:12:22.175074 140588895340352 spec.py:310] Evaluating on the validation split.
I0418 11:12:34.112420 140588895340352 spec.py:326] Evaluating on the test split.
I0418 11:12:35.767048 140588895340352 submission_runner.py:406] Time since start: 6337.14s, 	Step: 14635, 	{'train/accuracy': 0.3933984339237213, 'train/loss': 3.045436382293701, 'validation/accuracy': 0.3510199785232544, 'validation/loss': 3.2551517486572266, 'validation/num_examples': 50000, 'test/accuracy': 0.26900002360343933, 'test/loss': 3.7806971073150635, 'test/num_examples': 10000, 'score': 5930.783458709717, 'total_duration': 6337.136749505997, 'accumulated_submission_time': 5930.783458709717, 'accumulated_eval_time': 386.9748980998993, 'accumulated_logging_time': 19.080673694610596}
