I0418 11:12:35.782377 140411548976896 logging_writer.py:48] [14635] accumulated_eval_time=386.974898, accumulated_logging_time=19.080674, accumulated_submission_time=5930.783459, global_step=14635, preemption_count=0, score=5930.783459, test/accuracy=0.269000, test/loss=3.780697, test/num_examples=10000, total_duration=6337.136750, train/accuracy=0.393398, train/loss=3.045436, validation/accuracy=0.351020, validation/loss=3.255152, validation/num_examples=50000
I0418 11:12:35.888590 140588895340352 checkpoints.py:356] Saving checkpoint at step: 14635
I0418 11:12:36.764970 140588895340352 checkpoints.py:317] Saved checkpoint at /experiment_runs/timing_v3/timing_momentum/imagenet_vit_jax/trial_1/checkpoint_14635
I0418 11:12:36.780781 140588895340352 checkpoint_utils.py:240] Saved checkpoint to /experiment_runs/timing_v3/timing_momentum/imagenet_vit_jax/trial_1/checkpoint_14635.
I0418 11:13:02.642778 140411532191488 logging_writer.py:48] [14700] global_step=14700, grad_norm=0.6001888513565063, loss=4.921105861663818
I0418 11:13:43.542848 140411288934144 logging_writer.py:48] [14800] global_step=14800, grad_norm=0.6782383322715759, loss=4.8277201652526855
I0418 11:14:24.579736 140411532191488 logging_writer.py:48] [14900] global_step=14900, grad_norm=0.607077956199646, loss=4.907306671142578
I0418 11:15:05.658699 140411288934144 logging_writer.py:48] [15000] global_step=15000, grad_norm=0.4151599109172821, loss=5.999856948852539
I0418 11:15:46.769407 140411532191488 logging_writer.py:48] [15100] global_step=15100, grad_norm=0.4147197902202606, loss=6.309293270111084
I0418 11:16:27.798396 140411288934144 logging_writer.py:48] [15200] global_step=15200, grad_norm=0.5637845396995544, loss=4.854453086853027
I0418 11:17:08.840091 140411532191488 logging_writer.py:48] [15300] global_step=15300, grad_norm=0.4283839166164398, loss=6.238107681274414
I0418 11:17:49.878927 140411288934144 logging_writer.py:48] [15400] global_step=15400, grad_norm=0.6383764147758484, loss=4.821887493133545
I0418 11:18:30.858355 140411532191488 logging_writer.py:48] [15500] global_step=15500, grad_norm=0.45928239822387695, loss=6.294467449188232
I0418 11:19:11.672107 140411288934144 logging_writer.py:48] [15600] global_step=15600, grad_norm=0.6509369015693665, loss=4.839158058166504
I0418 11:19:36.931326 140588895340352 spec.py:298] Evaluating on the training split.
I0418 11:19:51.887130 140588895340352 spec.py:310] Evaluating on the validation split.
I0418 11:20:03.290966 140588895340352 spec.py:326] Evaluating on the test split.
I0418 11:20:04.935682 140588895340352 submission_runner.py:406] Time since start: 6786.31s, 	Step: 15663, 	{'train/accuracy': 0.40220701694488525, 'train/loss': 2.9306020736694336, 'validation/accuracy': 0.36941999197006226, 'validation/loss': 3.0936648845672607, 'validation/num_examples': 50000, 'test/accuracy': 0.28450000286102295, 'test/loss': 3.647273302078247, 'test/num_examples': 10000, 'score': 6350.912359714508, 'total_duration': 6786.3053476810455, 'accumulated_submission_time': 6350.912359714508, 'accumulated_eval_time': 414.9791507720947, 'accumulated_logging_time': 20.095966577529907}
I0418 11:20:04.951444 140411532191488 logging_writer.py:48] [15663] accumulated_eval_time=414.979151, accumulated_logging_time=20.095967, accumulated_submission_time=6350.912360, global_step=15663, preemption_count=0, score=6350.912360, test/accuracy=0.284500, test/loss=3.647273, test/num_examples=10000, total_duration=6786.305348, train/accuracy=0.402207, train/loss=2.930602, validation/accuracy=0.369420, validation/loss=3.093665, validation/num_examples=50000
I0418 11:20:05.056195 140588895340352 checkpoints.py:356] Saving checkpoint at step: 15663
I0418 11:20:05.838187 140588895340352 checkpoints.py:317] Saved checkpoint at /experiment_runs/timing_v3/timing_momentum/imagenet_vit_jax/trial_1/checkpoint_15663
I0418 11:20:05.853310 140588895340352 checkpoint_utils.py:240] Saved checkpoint to /experiment_runs/timing_v3/timing_momentum/imagenet_vit_jax/trial_1/checkpoint_15663.
I0418 11:20:20.712882 140411288934144 logging_writer.py:48] [15700] global_step=15700, grad_norm=0.592556893825531, loss=4.730894088745117
I0418 11:21:01.612936 140411205056256 logging_writer.py:48] [15800] global_step=15800, grad_norm=0.46080124378204346, loss=6.228630065917969
I0418 11:21:43.341095 140411288934144 logging_writer.py:48] [15900] global_step=15900, grad_norm=0.4629836678504944, loss=6.277238845825195
I0418 11:22:24.519776 140411205056256 logging_writer.py:48] [16000] global_step=16000, grad_norm=0.5297839045524597, loss=5.2754058837890625
I0418 11:23:05.985097 140411288934144 logging_writer.py:48] [16100] global_step=16100, grad_norm=0.6253982782363892, loss=4.7497148513793945
I0418 11:23:47.463609 140411205056256 logging_writer.py:48] [16200] global_step=16200, grad_norm=0.467340350151062, loss=5.661158084869385
I0418 11:24:29.281713 140411288934144 logging_writer.py:48] [16300] global_step=16300, grad_norm=0.4211233854293823, loss=6.312338829040527
I0418 11:25:10.956001 140411205056256 logging_writer.py:48] [16400] global_step=16400, grad_norm=0.6189171075820923, loss=4.753296852111816
I0418 11:25:52.464246 140411288934144 logging_writer.py:48] [16500] global_step=16500, grad_norm=0.5245100259780884, loss=4.952032566070557
I0418 11:26:33.270727 140411205056256 logging_writer.py:48] [16600] global_step=16600, grad_norm=0.588983416557312, loss=4.6761088371276855
I0418 11:27:06.021374 140588895340352 spec.py:298] Evaluating on the training split.
I0418 11:27:20.666943 140588895340352 spec.py:310] Evaluating on the validation split.
I0418 11:27:32.783543 140588895340352 spec.py:326] Evaluating on the test split.
I0418 11:27:34.436086 140588895340352 submission_runner.py:406] Time since start: 7235.81s, 	Step: 16682, 	{'train/accuracy': 0.4200976490974426, 'train/loss': 2.818995952606201, 'validation/accuracy': 0.3877599835395813, 'validation/loss': 2.994821548461914, 'validation/num_examples': 50000, 'test/accuracy': 0.2955000102519989, 'test/loss': 3.5650272369384766, 'test/num_examples': 10000, 'score': 6771.059458732605, 'total_duration': 7235.805813550949, 'accumulated_submission_time': 6771.059458732605, 'accumulated_eval_time': 443.3938202857971, 'accumulated_logging_time': 21.014688968658447}
I0418 11:27:34.452346 140411288934144 logging_writer.py:48] [16682] accumulated_eval_time=443.393820, accumulated_logging_time=21.014689, accumulated_submission_time=6771.059459, global_step=16682, preemption_count=0, score=6771.059459, test/accuracy=0.295500, test/loss=3.565027, test/num_examples=10000, total_duration=7235.805814, train/accuracy=0.420098, train/loss=2.818996, validation/accuracy=0.387760, validation/loss=2.994822, validation/num_examples=50000
I0418 11:27:34.549726 140588895340352 checkpoints.py:356] Saving checkpoint at step: 16682
I0418 11:27:35.343035 140588895340352 checkpoints.py:317] Saved checkpoint at /experiment_runs/timing_v3/timing_momentum/imagenet_vit_jax/trial_1/checkpoint_16682
I0418 11:27:35.359303 140588895340352 checkpoint_utils.py:240] Saved checkpoint to /experiment_runs/timing_v3/timing_momentum/imagenet_vit_jax/trial_1/checkpoint_16682.
I0418 11:27:42.825145 140411205056256 logging_writer.py:48] [16700] global_step=16700, grad_norm=0.5519089102745056, loss=4.877716064453125
I0418 11:28:22.592600 140411196663552 logging_writer.py:48] [16800] global_step=16800, grad_norm=0.45429664850234985, loss=5.9040422439575195
I0418 11:29:03.201245 140411205056256 logging_writer.py:48] [16900] global_step=16900, grad_norm=0.6166894435882568, loss=4.653007984161377
I0418 11:29:43.916290 140411196663552 logging_writer.py:48] [17000] global_step=17000, grad_norm=0.6070073246955872, loss=4.822351932525635
I0418 11:30:24.608531 140411205056256 logging_writer.py:48] [17100] global_step=17100, grad_norm=0.6284593343734741, loss=4.668369293212891
I0418 11:31:05.262117 140411196663552 logging_writer.py:48] [17200] global_step=17200, grad_norm=0.539724588394165, loss=5.830132961273193
I0418 11:31:46.340427 140411205056256 logging_writer.py:48] [17300] global_step=17300, grad_norm=0.6199954748153687, loss=4.815990447998047
I0418 11:32:27.561600 140411196663552 logging_writer.py:48] [17400] global_step=17400, grad_norm=0.4945460259914398, loss=6.092306137084961
I0418 11:33:08.686033 140411205056256 logging_writer.py:48] [17500] global_step=17500, grad_norm=0.6135872006416321, loss=5.117680072784424
I0418 11:33:49.858087 140411196663552 logging_writer.py:48] [17600] global_step=17600, grad_norm=0.6011781692504883, loss=4.668023109436035
I0418 11:34:30.882455 140411205056256 logging_writer.py:48] [17700] global_step=17700, grad_norm=0.5719603300094604, loss=4.6136980056762695
I0418 11:34:35.549978 140588895340352 spec.py:298] Evaluating on the training split.
I0418 11:34:49.953117 140588895340352 spec.py:310] Evaluating on the validation split.
I0418 11:35:02.196695 140588895340352 spec.py:326] Evaluating on the test split.
I0418 11:35:03.862907 140588895340352 submission_runner.py:406] Time since start: 7685.23s, 	Step: 17713, 	{'train/accuracy': 0.43849608302116394, 'train/loss': 2.746001720428467, 'validation/accuracy': 0.39969998598098755, 'validation/loss': 2.9365105628967285, 'validation/num_examples': 50000, 'test/accuracy': 0.3091000020503998, 'test/loss': 3.525444269180298, 'test/num_examples': 10000, 'score': 7191.228957653046, 'total_duration': 7685.232613801956, 'accumulated_submission_time': 7191.228957653046, 'accumulated_eval_time': 471.70671367645264, 'accumulated_logging_time': 21.9390869140625}
I0418 11:35:03.876882 140411196663552 logging_writer.py:48] [17713] accumulated_eval_time=471.706714, accumulated_logging_time=21.939087, accumulated_submission_time=7191.228958, global_step=17713, preemption_count=0, score=7191.228958, test/accuracy=0.309100, test/loss=3.525444, test/num_examples=10000, total_duration=7685.232614, train/accuracy=0.438496, train/loss=2.746002, validation/accuracy=0.399700, validation/loss=2.936511, validation/num_examples=50000
I0418 11:35:04.044013 140588895340352 checkpoints.py:356] Saving checkpoint at step: 17713
I0418 11:35:04.914386 140588895340352 checkpoints.py:317] Saved checkpoint at /experiment_runs/timing_v3/timing_momentum/imagenet_vit_jax/trial_1/checkpoint_17713
I0418 11:35:04.930876 140588895340352 checkpoint_utils.py:240] Saved checkpoint to /experiment_runs/timing_v3/timing_momentum/imagenet_vit_jax/trial_1/checkpoint_17713.
I0418 11:35:39.824002 140411205056256 logging_writer.py:48] [17800] global_step=17800, grad_norm=0.5538374781608582, loss=4.818765163421631
I0418 11:36:20.837311 140411188270848 logging_writer.py:48] [17900] global_step=17900, grad_norm=0.5460094809532166, loss=4.714298725128174
I0418 11:37:01.908195 140411205056256 logging_writer.py:48] [18000] global_step=18000, grad_norm=0.5822531580924988, loss=4.685156345367432
I0418 11:37:42.706336 140411188270848 logging_writer.py:48] [18100] global_step=18100, grad_norm=0.6335102319717407, loss=4.673921585083008
I0418 11:38:24.231010 140411205056256 logging_writer.py:48] [18200] global_step=18200, grad_norm=0.6361549496650696, loss=4.633834362030029
I0418 11:39:05.334433 140411188270848 logging_writer.py:48] [18300] global_step=18300, grad_norm=0.6323029398918152, loss=5.117773056030273
I0418 11:39:45.982306 140411205056256 logging_writer.py:48] [18400] global_step=18400, grad_norm=0.6245399117469788, loss=4.545372009277344
I0418 11:40:26.907215 140411188270848 logging_writer.py:48] [18500] global_step=18500, grad_norm=0.6059433817863464, loss=4.812134265899658
I0418 11:41:08.289098 140411205056256 logging_writer.py:48] [18600] global_step=18600, grad_norm=0.5974886417388916, loss=4.605752944946289
I0418 11:41:49.449296 140411188270848 logging_writer.py:48] [18700] global_step=18700, grad_norm=0.601346492767334, loss=4.628371238708496
I0418 11:42:05.027998 140588895340352 spec.py:298] Evaluating on the training split.
I0418 11:42:19.375182 140588895340352 spec.py:310] Evaluating on the validation split.
I0418 11:42:32.079109 140588895340352 spec.py:326] Evaluating on the test split.
I0418 11:42:33.730917 140588895340352 submission_runner.py:406] Time since start: 8135.10s, 	Step: 18740, 	{'train/accuracy': 0.45384764671325684, 'train/loss': 2.6570589542388916, 'validation/accuracy': 0.4128599762916565, 'validation/loss': 2.876776695251465, 'validation/num_examples': 50000, 'test/accuracy': 0.3176000118255615, 'test/loss': 3.4601240158081055, 'test/num_examples': 10000, 'score': 7611.295107603073, 'total_duration': 8135.100620746613, 'accumulated_submission_time': 7611.295107603073, 'accumulated_eval_time': 500.4095685482025, 'accumulated_logging_time': 23.017999410629272}
I0418 11:42:33.748305 140411205056256 logging_writer.py:48] [18740] accumulated_eval_time=500.409569, accumulated_logging_time=23.017999, accumulated_submission_time=7611.295108, global_step=18740, preemption_count=0, score=7611.295108, test/accuracy=0.317600, test/loss=3.460124, test/num_examples=10000, total_duration=8135.100621, train/accuracy=0.453848, train/loss=2.657059, validation/accuracy=0.412860, validation/loss=2.876777, validation/num_examples=50000
I0418 11:42:33.896615 140588895340352 checkpoints.py:356] Saving checkpoint at step: 18740
I0418 11:42:34.700036 140588895340352 checkpoints.py:317] Saved checkpoint at /experiment_runs/timing_v3/timing_momentum/imagenet_vit_jax/trial_1/checkpoint_18740
I0418 11:42:34.715994 140588895340352 checkpoint_utils.py:240] Saved checkpoint to /experiment_runs/timing_v3/timing_momentum/imagenet_vit_jax/trial_1/checkpoint_18740.
I0418 11:42:58.664115 140411188270848 logging_writer.py:48] [18800] global_step=18800, grad_norm=0.5080638527870178, loss=4.954099178314209
I0418 11:43:39.969996 140411179878144 logging_writer.py:48] [18900] global_step=18900, grad_norm=0.728727400302887, loss=4.681845188140869
I0418 11:44:21.225926 140411188270848 logging_writer.py:48] [19000] global_step=19000, grad_norm=0.6163395643234253, loss=4.542540073394775
I0418 11:45:02.855829 140411179878144 logging_writer.py:48] [19100] global_step=19100, grad_norm=0.46829789876937866, loss=6.165674209594727
I0418 11:45:44.330851 140411188270848 logging_writer.py:48] [19200] global_step=19200, grad_norm=0.6539223194122314, loss=4.66041374206543
I0418 11:46:26.069445 140411179878144 logging_writer.py:48] [19300] global_step=19300, grad_norm=0.5083310604095459, loss=5.585700035095215
I0418 11:47:07.737496 140411188270848 logging_writer.py:48] [19400] global_step=19400, grad_norm=0.5860651731491089, loss=4.588923931121826
I0418 11:47:49.350887 140411179878144 logging_writer.py:48] [19500] global_step=19500, grad_norm=0.5090961456298828, loss=5.365278720855713
I0418 11:48:30.866354 140411188270848 logging_writer.py:48] [19600] global_step=19600, grad_norm=0.5314381122589111, loss=5.212510108947754
I0418 11:49:12.090386 140411179878144 logging_writer.py:48] [19700] global_step=19700, grad_norm=0.6381273865699768, loss=4.609809875488281
I0418 11:49:34.898925 140588895340352 spec.py:298] Evaluating on the training split.
I0418 11:49:49.264790 140588895340352 spec.py:310] Evaluating on the validation split.
I0418 11:50:01.326102 140588895340352 spec.py:326] Evaluating on the test split.
I0418 11:50:02.973268 140588895340352 submission_runner.py:406] Time since start: 8584.34s, 	Step: 19756, 	{'train/accuracy': 0.47935545444488525, 'train/loss': 2.5558032989501953, 'validation/accuracy': 0.4272199869155884, 'validation/loss': 2.80623459815979, 'validation/num_examples': 50000, 'test/accuracy': 0.32440000772476196, 'test/loss': 3.4039435386657715, 'test/num_examples': 10000, 'score': 8031.448212146759, 'total_duration': 8584.343006134033, 'accumulated_submission_time': 8031.448212146759, 'accumulated_eval_time': 528.4838931560516, 'accumulated_logging_time': 24.012748956680298}
I0418 11:50:02.988576 140411188270848 logging_writer.py:48] [19756] accumulated_eval_time=528.483893, accumulated_logging_time=24.012749, accumulated_submission_time=8031.448212, global_step=19756, preemption_count=0, score=8031.448212, test/accuracy=0.324400, test/loss=3.403944, test/num_examples=10000, total_duration=8584.343006, train/accuracy=0.479355, train/loss=2.555803, validation/accuracy=0.427220, validation/loss=2.806235, validation/num_examples=50000
I0418 11:50:03.123703 140588895340352 checkpoints.py:356] Saving checkpoint at step: 19756
I0418 11:50:04.009491 140588895340352 checkpoints.py:317] Saved checkpoint at /experiment_runs/timing_v3/timing_momentum/imagenet_vit_jax/trial_1/checkpoint_19756
I0418 11:50:04.025502 140588895340352 checkpoint_utils.py:240] Saved checkpoint to /experiment_runs/timing_v3/timing_momentum/imagenet_vit_jax/trial_1/checkpoint_19756.
I0418 11:50:21.646057 140411179878144 logging_writer.py:48] [19800] global_step=19800, grad_norm=0.6146873235702515, loss=4.517167091369629
I0418 11:51:02.605687 140410978551552 logging_writer.py:48] [19900] global_step=19900, grad_norm=0.5687039494514465, loss=4.621089935302734
I0418 11:51:43.887891 140411179878144 logging_writer.py:48] [20000] global_step=20000, grad_norm=0.552264928817749, loss=6.120098114013672
I0418 11:52:25.611724 140410978551552 logging_writer.py:48] [20100] global_step=20100, grad_norm=0.6094071269035339, loss=4.556774616241455
I0418 11:53:07.069148 140411179878144 logging_writer.py:48] [20200] global_step=20200, grad_norm=0.6317620873451233, loss=4.576335906982422
I0418 11:53:48.600397 140410978551552 logging_writer.py:48] [20300] global_step=20300, grad_norm=0.5942933559417725, loss=4.503177165985107
I0418 11:54:29.945982 140411179878144 logging_writer.py:48] [20400] global_step=20400, grad_norm=0.6445043087005615, loss=4.5631489753723145
I0418 11:55:11.108196 140410978551552 logging_writer.py:48] [20500] global_step=20500, grad_norm=0.5918847918510437, loss=4.619837760925293
I0418 11:55:52.353264 140411179878144 logging_writer.py:48] [20600] global_step=20600, grad_norm=0.6230975389480591, loss=4.526965141296387
I0418 11:56:33.244724 140410978551552 logging_writer.py:48] [20700] global_step=20700, grad_norm=0.4698933959007263, loss=5.995748519897461
I0418 11:57:04.208256 140588895340352 spec.py:298] Evaluating on the training split.
I0418 11:57:18.990367 140588895340352 spec.py:310] Evaluating on the validation split.
I0418 11:57:31.234652 140588895340352 spec.py:326] Evaluating on the test split.
I0418 11:57:32.895975 140588895340352 submission_runner.py:406] Time since start: 9034.27s, 	Step: 20777, 	{'train/accuracy': 0.4797070324420929, 'train/loss': 2.5169482231140137, 'validation/accuracy': 0.44165998697280884, 'validation/loss': 2.7020232677459717, 'validation/num_examples': 50000, 'test/accuracy': 0.3442000150680542, 'test/loss': 3.2963173389434814, 'test/num_examples': 10000, 'score': 8451.60296368599, 'total_duration': 9034.265623092651, 'accumulated_submission_time': 8451.60296368599, 'accumulated_eval_time': 557.1714894771576, 'accumulated_logging_time': 25.07313823699951}
I0418 11:57:32.911002 140411179878144 logging_writer.py:48] [20777] accumulated_eval_time=557.171489, accumulated_logging_time=25.073138, accumulated_submission_time=8451.602964, global_step=20777, preemption_count=0, score=8451.602964, test/accuracy=0.344200, test/loss=3.296317, test/num_examples=10000, total_duration=9034.265623, train/accuracy=0.479707, train/loss=2.516948, validation/accuracy=0.441660, validation/loss=2.702023, validation/num_examples=50000
I0418 11:57:33.081387 140588895340352 checkpoints.py:356] Saving checkpoint at step: 20777
I0418 11:57:33.979351 140588895340352 checkpoints.py:317] Saved checkpoint at /experiment_runs/timing_v3/timing_momentum/imagenet_vit_jax/trial_1/checkpoint_20777
I0418 11:57:33.996757 140588895340352 checkpoint_utils.py:240] Saved checkpoint to /experiment_runs/timing_v3/timing_momentum/imagenet_vit_jax/trial_1/checkpoint_20777.
I0418 11:57:43.416942 140410978551552 logging_writer.py:48] [20800] global_step=20800, grad_norm=0.5714988112449646, loss=4.9220757484436035
I0418 11:58:23.177772 140410970158848 logging_writer.py:48] [20900] global_step=20900, grad_norm=0.44096362590789795, loss=6.037919998168945
I0418 11:59:03.919280 140410978551552 logging_writer.py:48] [21000] global_step=21000, grad_norm=0.6044324636459351, loss=4.487793922424316
I0418 11:59:44.167080 140410970158848 logging_writer.py:48] [21100] global_step=21100, grad_norm=0.5865424275398254, loss=4.491015911102295
I0418 12:00:24.767298 140410978551552 logging_writer.py:48] [21200] global_step=21200, grad_norm=0.6297655701637268, loss=4.858201026916504
I0418 12:01:05.800382 140410970158848 logging_writer.py:48] [21300] global_step=21300, grad_norm=0.5106054544448853, loss=5.304177284240723
I0418 12:01:46.775840 140410978551552 logging_writer.py:48] [21400] global_step=21400, grad_norm=0.5921727418899536, loss=4.49044132232666
I0418 12:02:27.989936 140410970158848 logging_writer.py:48] [21500] global_step=21500, grad_norm=0.49949246644973755, loss=6.214268684387207
I0418 12:03:08.897610 140410978551552 logging_writer.py:48] [21600] global_step=21600, grad_norm=0.6119080781936646, loss=4.482974529266357
I0418 12:03:49.731379 140410970158848 logging_writer.py:48] [21700] global_step=21700, grad_norm=0.5856704711914062, loss=4.7479777336120605
I0418 12:04:30.583146 140410978551552 logging_writer.py:48] [21800] global_step=21800, grad_norm=0.6101237535476685, loss=4.504609107971191
I0418 12:04:34.306221 140588895340352 spec.py:298] Evaluating on the training split.
I0418 12:04:48.272930 140588895340352 spec.py:310] Evaluating on the validation split.
I0418 12:05:01.554023 140588895340352 spec.py:326] Evaluating on the test split.
I0418 12:05:03.211465 140588895340352 submission_runner.py:406] Time since start: 9484.58s, 	Step: 21811, 	{'train/accuracy': 0.48027342557907104, 'train/loss': 2.5749154090881348, 'validation/accuracy': 0.4399999976158142, 'validation/loss': 2.768078565597534, 'validation/num_examples': 50000, 'test/accuracy': 0.3466000258922577, 'test/loss': 3.3403618335723877, 'test/num_examples': 10000, 'score': 8871.89065361023, 'total_duration': 9484.581191062927, 'accumulated_submission_time': 8871.89065361023, 'accumulated_eval_time': 586.076700925827, 'accumulated_logging_time': 26.175122022628784}
I0418 12:05:03.228395 140410970158848 logging_writer.py:48] [21811] accumulated_eval_time=586.076701, accumulated_logging_time=26.175122, accumulated_submission_time=8871.890654, global_step=21811, preemption_count=0, score=8871.890654, test/accuracy=0.346600, test/loss=3.340362, test/num_examples=10000, total_duration=9484.581191, train/accuracy=0.480273, train/loss=2.574915, validation/accuracy=0.440000, validation/loss=2.768079, validation/num_examples=50000
I0418 12:05:03.335110 140588895340352 checkpoints.py:356] Saving checkpoint at step: 21811
I0418 12:05:04.180619 140588895340352 checkpoints.py:317] Saved checkpoint at /experiment_runs/timing_v3/timing_momentum/imagenet_vit_jax/trial_1/checkpoint_21811
I0418 12:05:04.196594 140588895340352 checkpoint_utils.py:240] Saved checkpoint to /experiment_runs/timing_v3/timing_momentum/imagenet_vit_jax/trial_1/checkpoint_21811.
I0418 12:05:39.668134 140410978551552 logging_writer.py:48] [21900] global_step=21900, grad_norm=0.6463244557380676, loss=4.534947395324707
I0418 12:06:20.542854 140410961766144 logging_writer.py:48] [22000] global_step=22000, grad_norm=0.599014163017273, loss=4.489292144775391
I0418 12:07:01.376910 140410978551552 logging_writer.py:48] [22100] global_step=22100, grad_norm=0.6405751705169678, loss=4.438582897186279
I0418 12:07:43.147131 140410961766144 logging_writer.py:48] [22200] global_step=22200, grad_norm=0.5250763893127441, loss=5.383825302124023
I0418 12:08:23.843358 140410978551552 logging_writer.py:48] [22300] global_step=22300, grad_norm=0.6083610653877258, loss=4.497612476348877
I0418 12:09:04.745317 140410961766144 logging_writer.py:48] [22400] global_step=22400, grad_norm=0.6027831435203552, loss=4.385837554931641
I0418 12:09:45.446847 140410978551552 logging_writer.py:48] [22500] global_step=22500, grad_norm=0.660052478313446, loss=4.485065460205078
I0418 12:10:26.648304 140410961766144 logging_writer.py:48] [22600] global_step=22600, grad_norm=0.5399430990219116, loss=5.464827060699463
I0418 12:11:07.765452 140410978551552 logging_writer.py:48] [22700] global_step=22700, grad_norm=0.6274250745773315, loss=4.533116340637207
I0418 12:11:48.792365 140410961766144 logging_writer.py:48] [22800] global_step=22800, grad_norm=0.6198111772537231, loss=4.38484001159668
I0418 12:12:04.473295 140588895340352 spec.py:298] Evaluating on the training split.
I0418 12:12:19.071809 140588895340352 spec.py:310] Evaluating on the validation split.
I0418 12:12:31.871632 140588895340352 spec.py:326] Evaluating on the test split.
I0418 12:12:33.513262 140588895340352 submission_runner.py:406] Time since start: 9934.88s, 	Step: 22840, 	{'train/accuracy': 0.5030273199081421, 'train/loss': 2.392740488052368, 'validation/accuracy': 0.4592999815940857, 'validation/loss': 2.5979881286621094, 'validation/num_examples': 50000, 'test/accuracy': 0.35590001940727234, 'test/loss': 3.2174692153930664, 'test/num_examples': 10000, 'score': 9292.140046596527, 'total_duration': 9934.882987499237, 'accumulated_submission_time': 9292.140046596527, 'accumulated_eval_time': 615.1166138648987, 'accumulated_logging_time': 27.16744303703308}
I0418 12:12:33.531090 140410978551552 logging_writer.py:48] [22840] accumulated_eval_time=615.116614, accumulated_logging_time=27.167443, accumulated_submission_time=9292.140047, global_step=22840, preemption_count=0, score=9292.140047, test/accuracy=0.355900, test/loss=3.217469, test/num_examples=10000, total_duration=9934.882987, train/accuracy=0.503027, train/loss=2.392740, validation/accuracy=0.459300, validation/loss=2.597988, validation/num_examples=50000
I0418 12:12:33.697118 140588895340352 checkpoints.py:356] Saving checkpoint at step: 22840
I0418 12:12:34.668811 140588895340352 checkpoints.py:317] Saved checkpoint at /experiment_runs/timing_v3/timing_momentum/imagenet_vit_jax/trial_1/checkpoint_22840
I0418 12:12:34.683595 140588895340352 checkpoint_utils.py:240] Saved checkpoint to /experiment_runs/timing_v3/timing_momentum/imagenet_vit_jax/trial_1/checkpoint_22840.
I0418 12:12:58.525232 140410961766144 logging_writer.py:48] [22900] global_step=22900, grad_norm=0.6483145356178284, loss=4.404045104980469
I0418 12:13:39.010670 140410953373440 logging_writer.py:48] [23000] global_step=23000, grad_norm=0.6955918669700623, loss=4.459644794464111
I0418 12:14:20.231756 140410961766144 logging_writer.py:48] [23100] global_step=23100, grad_norm=0.5563071370124817, loss=5.370719909667969
I0418 12:15:02.127425 140410953373440 logging_writer.py:48] [23200] global_step=23200, grad_norm=0.6170341372489929, loss=4.419228553771973
I0418 12:15:42.984794 140410961766144 logging_writer.py:48] [23300] global_step=23300, grad_norm=0.6265169978141785, loss=4.623753547668457
I0418 12:16:23.602821 140410953373440 logging_writer.py:48] [23400] global_step=23400, grad_norm=0.5587738752365112, loss=4.920407295227051
I0418 12:17:04.484145 140410961766144 logging_writer.py:48] [23500] global_step=23500, grad_norm=0.4664088487625122, loss=5.468935966491699
I0418 12:17:45.785053 140410953373440 logging_writer.py:48] [23600] global_step=23600, grad_norm=0.6255142092704773, loss=4.4018025398254395
I0418 12:18:26.316593 140410961766144 logging_writer.py:48] [23700] global_step=23700, grad_norm=0.6395466923713684, loss=4.517100811004639
I0418 12:19:07.534496 140410953373440 logging_writer.py:48] [23800] global_step=23800, grad_norm=0.6774841547012329, loss=4.4310455322265625
I0418 12:19:34.856555 140588895340352 spec.py:298] Evaluating on the training split.
I0418 12:19:49.623619 140588895340352 spec.py:310] Evaluating on the validation split.
I0418 12:20:01.177458 140588895340352 spec.py:326] Evaluating on the test split.
I0418 12:20:02.850747 140588895340352 submission_runner.py:406] Time since start: 10384.22s, 	Step: 23868, 	{'train/accuracy': 0.5216601490974426, 'train/loss': 2.3356943130493164, 'validation/accuracy': 0.46719998121261597, 'validation/loss': 2.5898194313049316, 'validation/num_examples': 50000, 'test/accuracy': 0.3671000301837921, 'test/loss': 3.2059173583984375, 'test/num_examples': 10000, 'score': 9712.291100740433, 'total_duration': 10384.220490932465, 'accumulated_submission_time': 9712.291100740433, 'accumulated_eval_time': 643.1107819080353, 'accumulated_logging_time': 28.339356899261475}
I0418 12:20:02.866768 140410961766144 logging_writer.py:48] [23868] accumulated_eval_time=643.110782, accumulated_logging_time=28.339357, accumulated_submission_time=9712.291101, global_step=23868, preemption_count=0, score=9712.291101, test/accuracy=0.367100, test/loss=3.205917, test/num_examples=10000, total_duration=10384.220491, train/accuracy=0.521660, train/loss=2.335694, validation/accuracy=0.467200, validation/loss=2.589819, validation/num_examples=50000
I0418 12:20:03.351305 140588895340352 checkpoints.py:356] Saving checkpoint at step: 23868
I0418 12:20:04.799515 140588895340352 checkpoints.py:317] Saved checkpoint at /experiment_runs/timing_v3/timing_momentum/imagenet_vit_jax/trial_1/checkpoint_23868
I0418 12:20:04.817207 140588895340352 checkpoint_utils.py:240] Saved checkpoint to /experiment_runs/timing_v3/timing_momentum/imagenet_vit_jax/trial_1/checkpoint_23868.
I0418 12:20:17.799706 140410953373440 logging_writer.py:48] [23900] global_step=23900, grad_norm=0.6120878458023071, loss=4.5058512687683105
I0418 12:20:59.322890 140410735294208 logging_writer.py:48] [24000] global_step=24000, grad_norm=0.6412833333015442, loss=4.623740196228027
I0418 12:21:42.044248 140410953373440 logging_writer.py:48] [24100] global_step=24100, grad_norm=0.6391198039054871, loss=4.426329612731934
I0418 12:22:24.284735 140410735294208 logging_writer.py:48] [24200] global_step=24200, grad_norm=0.5947607755661011, loss=4.918095588684082
I0418 12:23:06.774187 140410953373440 logging_writer.py:48] [24300] global_step=24300, grad_norm=0.6984915137290955, loss=4.458639144897461
I0418 12:23:48.577359 140410735294208 logging_writer.py:48] [24400] global_step=24400, grad_norm=0.6569898128509521, loss=4.400940895080566
I0418 12:24:31.157037 140410953373440 logging_writer.py:48] [24500] global_step=24500, grad_norm=0.46073809266090393, loss=5.9783935546875
I0418 12:25:13.731658 140410735294208 logging_writer.py:48] [24600] global_step=24600, grad_norm=0.4678269028663635, loss=5.949203968048096
I0418 12:25:56.770586 140410953373440 logging_writer.py:48] [24700] global_step=24700, grad_norm=0.6788778901100159, loss=4.437707901000977
I0418 12:26:39.486687 140410735294208 logging_writer.py:48] [24800] global_step=24800, grad_norm=0.6334571838378906, loss=4.263481140136719
I0418 12:27:04.834358 140588895340352 spec.py:298] Evaluating on the training split.
I0418 12:27:16.782593 140588895340352 spec.py:310] Evaluating on the validation split.
I0418 12:27:29.928245 140588895340352 spec.py:326] Evaluating on the test split.
I0418 12:27:31.576214 140588895340352 submission_runner.py:406] Time since start: 10832.95s, 	Step: 24862, 	{'train/accuracy': 0.5180078148841858, 'train/loss': 2.328747272491455, 'validation/accuracy': 0.4762199819087982, 'validation/loss': 2.5247602462768555, 'validation/num_examples': 50000, 'test/accuracy': 0.37220001220703125, 'test/loss': 3.160764455795288, 'test/num_examples': 10000, 'score': 10132.28794670105, 'total_duration': 10832.945937395096, 'accumulated_submission_time': 10132.28794670105, 'accumulated_eval_time': 669.8525927066803, 'accumulated_logging_time': 30.307008266448975}
I0418 12:27:31.596376 140410953373440 logging_writer.py:48] [24862] accumulated_eval_time=669.852593, accumulated_logging_time=30.307008, accumulated_submission_time=10132.287947, global_step=24862, preemption_count=0, score=10132.287947, test/accuracy=0.372200, test/loss=3.160764, test/num_examples=10000, total_duration=10832.945937, train/accuracy=0.518008, train/loss=2.328747, validation/accuracy=0.476220, validation/loss=2.524760, validation/num_examples=50000
I0418 12:27:31.743752 140588895340352 checkpoints.py:356] Saving checkpoint at step: 24862
I0418 12:27:32.698731 140588895340352 checkpoints.py:317] Saved checkpoint at /experiment_runs/timing_v3/timing_momentum/imagenet_vit_jax/trial_1/checkpoint_24862
I0418 12:27:32.716877 140588895340352 checkpoint_utils.py:240] Saved checkpoint to /experiment_runs/timing_v3/timing_momentum/imagenet_vit_jax/trial_1/checkpoint_24862.
I0418 12:27:48.026029 140410735294208 logging_writer.py:48] [24900] global_step=24900, grad_norm=0.6434189081192017, loss=4.371212959289551
I0418 12:28:27.827782 140410726901504 logging_writer.py:48] [25000] global_step=25000, grad_norm=0.638346254825592, loss=4.514310359954834
I0418 12:29:08.554102 140410735294208 logging_writer.py:48] [25100] global_step=25100, grad_norm=0.5111663341522217, loss=5.300006866455078
I0418 12:29:49.627156 140410726901504 logging_writer.py:48] [25200] global_step=25200, grad_norm=0.6150365471839905, loss=4.345717430114746
I0418 12:30:30.109317 140410735294208 logging_writer.py:48] [25300] global_step=25300, grad_norm=0.611719012260437, loss=4.600378036499023
I0418 12:31:10.882287 140410726901504 logging_writer.py:48] [25400] global_step=25400, grad_norm=0.46029362082481384, loss=5.814180850982666
I0418 12:31:51.684952 140410735294208 logging_writer.py:48] [25500] global_step=25500, grad_norm=0.564868152141571, loss=4.749341011047363
I0418 12:32:32.255965 140410726901504 logging_writer.py:48] [25600] global_step=25600, grad_norm=0.620011568069458, loss=4.157766819000244
I0418 12:33:12.743582 140410735294208 logging_writer.py:48] [25700] global_step=25700, grad_norm=0.6925502419471741, loss=4.412477493286133
I0418 12:33:53.819324 140410726901504 logging_writer.py:48] [25800] global_step=25800, grad_norm=0.5947572588920593, loss=4.417729377746582
I0418 12:34:32.954727 140588895340352 spec.py:298] Evaluating on the training split.
I0418 12:34:43.808147 140588895340352 spec.py:310] Evaluating on the validation split.
I0418 12:34:56.827487 140588895340352 spec.py:326] Evaluating on the test split.
I0418 12:34:58.469417 140588895340352 submission_runner.py:406] Time since start: 11279.84s, 	Step: 25898, 	{'train/accuracy': 0.5267968773841858, 'train/loss': 2.2384138107299805, 'validation/accuracy': 0.4835599958896637, 'validation/loss': 2.445570707321167, 'validation/num_examples': 50000, 'test/accuracy': 0.37370002269744873, 'test/loss': 3.0754311084747314, 'test/num_examples': 10000, 'score': 10552.493962287903, 'total_duration': 11279.839145421982, 'accumulated_submission_time': 10552.493962287903, 'accumulated_eval_time': 695.3672559261322, 'accumulated_logging_time': 31.4588782787323}
I0418 12:34:58.487097 140410735294208 logging_writer.py:48] [25898] accumulated_eval_time=695.367256, accumulated_logging_time=31.458878, accumulated_submission_time=10552.493962, global_step=25898, preemption_count=0, score=10552.493962, test/accuracy=0.373700, test/loss=3.075431, test/num_examples=10000, total_duration=11279.839145, train/accuracy=0.526797, train/loss=2.238414, validation/accuracy=0.483560, validation/loss=2.445571, validation/num_examples=50000
I0418 12:34:58.618768 140588895340352 checkpoints.py:356] Saving checkpoint at step: 25898
I0418 12:34:59.615502 140588895340352 checkpoints.py:317] Saved checkpoint at /experiment_runs/timing_v3/timing_momentum/imagenet_vit_jax/trial_1/checkpoint_25898
I0418 12:34:59.633413 140588895340352 checkpoint_utils.py:240] Saved checkpoint to /experiment_runs/timing_v3/timing_momentum/imagenet_vit_jax/trial_1/checkpoint_25898.
I0418 12:35:00.849113 140410726901504 logging_writer.py:48] [25900] global_step=25900, grad_norm=0.5297311544418335, loss=5.339673042297363
I0418 12:35:40.125270 140410718508800 logging_writer.py:48] [26000] global_step=26000, grad_norm=0.5371692180633545, loss=5.307954788208008
I0418 12:36:20.457465 140410726901504 logging_writer.py:48] [26100] global_step=26100, grad_norm=0.5590881109237671, loss=4.515036582946777
I0418 12:37:01.072645 140410718508800 logging_writer.py:48] [26200] global_step=26200, grad_norm=0.5948852300643921, loss=4.365658283233643
I0418 12:37:41.822703 140410726901504 logging_writer.py:48] [26300] global_step=26300, grad_norm=0.7239448428153992, loss=4.333791732788086
I0418 12:38:22.806876 140410718508800 logging_writer.py:48] [26400] global_step=26400, grad_norm=0.601342499256134, loss=4.219110012054443
I0418 12:39:03.291119 140410726901504 logging_writer.py:48] [26500] global_step=26500, grad_norm=0.5935917496681213, loss=4.382558345794678
I0418 12:39:43.805947 140410718508800 logging_writer.py:48] [26600] global_step=26600, grad_norm=0.6201117634773254, loss=4.275082111358643
I0418 12:40:24.583977 140410726901504 logging_writer.py:48] [26700] global_step=26700, grad_norm=0.6352758407592773, loss=4.166137218475342
I0418 12:41:05.042679 140410718508800 logging_writer.py:48] [26800] global_step=26800, grad_norm=0.652727484703064, loss=4.245129108428955
I0418 12:41:45.892300 140410726901504 logging_writer.py:48] [26900] global_step=26900, grad_norm=0.5690423250198364, loss=4.544583320617676
I0418 12:41:59.871278 140588895340352 spec.py:298] Evaluating on the training split.
I0418 12:42:10.105357 140588895340352 spec.py:310] Evaluating on the validation split.
I0418 12:42:23.416744 140588895340352 spec.py:326] Evaluating on the test split.
I0418 12:42:25.075063 140588895340352 submission_runner.py:406] Time since start: 11726.44s, 	Step: 26936, 	{'train/accuracy': 0.5380468368530273, 'train/loss': 2.2744386196136475, 'validation/accuracy': 0.49045997858047485, 'validation/loss': 2.493161201477051, 'validation/num_examples': 50000, 'test/accuracy': 0.3781000077724457, 'test/loss': 3.128312349319458, 'test/num_examples': 10000, 'score': 10972.700566291809, 'total_duration': 11726.44476056099, 'accumulated_submission_time': 10972.700566291809, 'accumulated_eval_time': 720.5709726810455, 'accumulated_logging_time': 32.63340759277344}
I0418 12:42:25.091587 140410718508800 logging_writer.py:48] [26936] accumulated_eval_time=720.570973, accumulated_logging_time=32.633408, accumulated_submission_time=10972.700566, global_step=26936, preemption_count=0, score=10972.700566, test/accuracy=0.378100, test/loss=3.128312, test/num_examples=10000, total_duration=11726.444761, train/accuracy=0.538047, train/loss=2.274439, validation/accuracy=0.490460, validation/loss=2.493161, validation/num_examples=50000
I0418 12:42:25.173711 140588895340352 checkpoints.py:356] Saving checkpoint at step: 26936
I0418 12:42:26.014187 140588895340352 checkpoints.py:317] Saved checkpoint at /experiment_runs/timing_v3/timing_momentum/imagenet_vit_jax/trial_1/checkpoint_26936
I0418 12:42:26.032346 140588895340352 checkpoint_utils.py:240] Saved checkpoint to /experiment_runs/timing_v3/timing_momentum/imagenet_vit_jax/trial_1/checkpoint_26936.
I0418 12:42:51.481436 140410726901504 logging_writer.py:48] [27000] global_step=27000, grad_norm=0.5246808528900146, loss=5.088563919067383
I0418 12:43:31.995393 140410710116096 logging_writer.py:48] [27100] global_step=27100, grad_norm=0.5401682257652283, loss=4.794168472290039
I0418 12:44:13.323770 140410726901504 logging_writer.py:48] [27200] global_step=27200, grad_norm=0.5870038866996765, loss=4.552328109741211
I0418 12:44:54.604106 140410710116096 logging_writer.py:48] [27300] global_step=27300, grad_norm=0.6461255550384521, loss=4.378475666046143
I0418 12:45:35.318270 140410726901504 logging_writer.py:48] [27400] global_step=27400, grad_norm=0.5903602838516235, loss=4.292810440063477
I0418 12:46:16.228528 140410710116096 logging_writer.py:48] [27500] global_step=27500, grad_norm=0.6410323977470398, loss=4.246373653411865
I0418 12:46:57.202216 140410726901504 logging_writer.py:48] [27600] global_step=27600, grad_norm=0.6063395142555237, loss=4.226169586181641
I0418 12:47:38.258459 140410710116096 logging_writer.py:48] [27700] global_step=27700, grad_norm=0.5179681777954102, loss=6.016295433044434
I0418 12:48:19.433195 140410726901504 logging_writer.py:48] [27800] global_step=27800, grad_norm=0.5840161442756653, loss=6.051407814025879
I0418 12:49:00.438390 140410710116096 logging_writer.py:48] [27900] global_step=27900, grad_norm=0.5602173209190369, loss=4.548944473266602
I0418 12:49:26.206384 140588895340352 spec.py:298] Evaluating on the training split.
I0418 12:49:36.494399 140588895340352 spec.py:310] Evaluating on the validation split.
I0418 12:49:49.716598 140588895340352 spec.py:326] Evaluating on the test split.
I0418 12:49:51.371062 140588895340352 submission_runner.py:406] Time since start: 12172.74s, 	Step: 27965, 	{'train/accuracy': 0.5544335842132568, 'train/loss': 2.109532117843628, 'validation/accuracy': 0.5051000118255615, 'validation/loss': 2.360149383544922, 'validation/num_examples': 50000, 'test/accuracy': 0.391400009393692, 'test/loss': 2.970461130142212, 'test/num_examples': 10000, 'score': 11392.852820634842, 'total_duration': 12172.740813732147, 'accumulated_submission_time': 11392.852820634842, 'accumulated_eval_time': 745.735659122467, 'accumulated_logging_time': 33.591902017593384}
I0418 12:49:51.383941 140410726901504 logging_writer.py:48] [27965] accumulated_eval_time=745.735659, accumulated_logging_time=33.591902, accumulated_submission_time=11392.852821, global_step=27965, preemption_count=0, score=11392.852821, test/accuracy=0.391400, test/loss=2.970461, test/num_examples=10000, total_duration=12172.740814, train/accuracy=0.554434, train/loss=2.109532, validation/accuracy=0.505100, validation/loss=2.360149, validation/num_examples=50000
I0418 12:49:51.474630 140588895340352 checkpoints.py:356] Saving checkpoint at step: 27965
I0418 12:49:52.256361 140588895340352 checkpoints.py:317] Saved checkpoint at /experiment_runs/timing_v3/timing_momentum/imagenet_vit_jax/trial_1/checkpoint_27965
I0418 12:49:52.273265 140588895340352 checkpoint_utils.py:240] Saved checkpoint to /experiment_runs/timing_v3/timing_momentum/imagenet_vit_jax/trial_1/checkpoint_27965.
I0418 12:50:05.707329 140588895340352 spec.py:298] Evaluating on the training split.
I0418 12:50:16.273658 140588895340352 spec.py:310] Evaluating on the validation split.
I0418 12:50:26.553818 140588895340352 spec.py:326] Evaluating on the test split.
I0418 12:50:28.201735 140588895340352 submission_runner.py:406] Time since start: 12209.57s, 	Step: 28000, 	{'train/accuracy': 0.5536718368530273, 'train/loss': 2.228534460067749, 'validation/accuracy': 0.4994399845600128, 'validation/loss': 2.4828014373779297, 'validation/num_examples': 50000, 'test/accuracy': 0.38930001854896545, 'test/loss': 3.0895068645477295, 'test/num_examples': 10000, 'score': 11406.284784317017, 'total_duration': 12209.571457862854, 'accumulated_submission_time': 11406.284784317017, 'accumulated_eval_time': 768.2300038337708, 'accumulated_logging_time': 34.495277404785156}
I0418 12:50:28.220139 140410710116096 logging_writer.py:48] [28000] accumulated_eval_time=768.230004, accumulated_logging_time=34.495277, accumulated_submission_time=11406.284784, global_step=28000, preemption_count=0, score=11406.284784, test/accuracy=0.389300, test/loss=3.089507, test/num_examples=10000, total_duration=12209.571458, train/accuracy=0.553672, train/loss=2.228534, validation/accuracy=0.499440, validation/loss=2.482801, validation/num_examples=50000
I0418 12:50:28.328004 140588895340352 checkpoints.py:356] Saving checkpoint at step: 28000
I0418 12:50:29.202152 140588895340352 checkpoints.py:317] Saved checkpoint at /experiment_runs/timing_v3/timing_momentum/imagenet_vit_jax/trial_1/checkpoint_28000
I0418 12:50:29.216828 140588895340352 checkpoint_utils.py:240] Saved checkpoint to /experiment_runs/timing_v3/timing_momentum/imagenet_vit_jax/trial_1/checkpoint_28000.
I0418 12:50:29.233913 140410701723392 logging_writer.py:48] [28000] global_step=28000, preemption_count=0, score=11406.284784
I0418 12:50:29.330031 140588895340352 checkpoints.py:356] Saving checkpoint at step: 28000
I0418 12:50:30.364291 140588895340352 checkpoints.py:317] Saved checkpoint at /experiment_runs/timing_v3/timing_momentum/imagenet_vit_jax/trial_1/checkpoint_28000
I0418 12:50:30.376735 140588895340352 checkpoint_utils.py:240] Saved checkpoint to /experiment_runs/timing_v3/timing_momentum/imagenet_vit_jax/trial_1/checkpoint_28000.
I0418 12:50:31.394157 140588895340352 submission_runner.py:567] Tuning trial 1/1
I0418 12:50:31.397716 140588895340352 submission_runner.py:568] Hyperparameters: Hyperparameters(learning_rate=0.4394877561366806, one_minus_beta1=0.07113602458522507, warmup_factor=0.05, weight_decay=9.611851572925426e-07, label_smoothing=0.2, dropout_rate=0.0, decay_steps_factor=0.9, end_factor=0.001)
