  Variable._execution_engine.run_backward(  # Calls into the C++ engine to run the backward pass
/usr/local/lib/python3.8/dist-packages/torch/autograd/__init__.py:200: UserWarning: Grad strides do not match bucket view strides. This may indicate grad was not created according to the gradient layout contract, or that the param's strides changed since DDP was constructed.  This is not an error, but may impair performance.
grad.sizes() = [2048, 1024, 1, 1], strides() = [1024, 1, 1, 1]
bucket_view.sizes() = [2048, 1024, 1, 1], strides() = [1024, 1, 1024, 1024] (Triggered internally at ../torch/csrc/distributed/c10d/reducer.cpp:323.)
  Variable._execution_engine.run_backward(  # Calls into the C++ engine to run the backward pass
/usr/local/lib/python3.8/dist-packages/torch/autograd/__init__.py:200: UserWarning: Grad strides do not match bucket view strides. This may indicate grad was not created according to the gradient layout contract, or that the param's strides changed since DDP was constructed.  This is not an error, but may impair performance.
grad.sizes() = [2048, 1024, 1, 1], strides() = [1024, 1, 1, 1]
bucket_view.sizes() = [2048, 1024, 1, 1], strides() = [1024, 1, 1024, 1024] (Triggered internally at ../torch/csrc/distributed/c10d/reducer.cpp:323.)
  Variable._execution_engine.run_backward(  # Calls into the C++ engine to run the backward pass
/usr/local/lib/python3.8/dist-packages/torch/autograd/__init__.py:200: UserWarning: Grad strides do not match bucket view strides. This may indicate grad was not created according to the gradient layout contract, or that the param's strides changed since DDP was constructed.  This is not an error, but may impair performance.
grad.sizes() = [2048, 1024, 1, 1], strides() = [1024, 1, 1, 1]
bucket_view.sizes() = [2048, 1024, 1, 1], strides() = [1024, 1, 1024, 1024] (Triggered internally at ../torch/csrc/distributed/c10d/reducer.cpp:323.)
  Variable._execution_engine.run_backward(  # Calls into the C++ engine to run the backward pass
/usr/local/lib/python3.8/dist-packages/torch/autograd/__init__.py:200: UserWarning: Grad strides do not match bucket view strides. This may indicate grad was not created according to the gradient layout contract, or that the param's strides changed since DDP was constructed.  This is not an error, but may impair performance.
grad.sizes() = [2048, 1024, 1, 1], strides() = [1024, 1, 1, 1]
bucket_view.sizes() = [2048, 1024, 1, 1], strides() = [1024, 1, 1024, 1024] (Triggered internally at ../torch/csrc/distributed/c10d/reducer.cpp:323.)
  Variable._execution_engine.run_backward(  # Calls into the C++ engine to run the backward pass
I0815 05:41:08.292003 139861088519936 logging_writer.py:48] [1] global_step=1, grad_norm=0.615017, loss=6.925622
I0815 05:41:08.295652 139906658768704 submission.py:120] 1) loss = 6.926, grad_norm = 0.615
I0815 05:41:08.644372 139861096912640 logging_writer.py:48] [2] global_step=2, grad_norm=0.608199, loss=6.929768
I0815 05:41:08.647920 139906658768704 submission.py:120] 2) loss = 6.930, grad_norm = 0.608
I0815 05:41:08.995171 139861088519936 logging_writer.py:48] [3] global_step=3, grad_norm=0.607616, loss=6.921391
I0815 05:41:08.999064 139906658768704 submission.py:120] 3) loss = 6.921, grad_norm = 0.608
I0815 05:41:09.348178 139861096912640 logging_writer.py:48] [4] global_step=4, grad_norm=0.598939, loss=6.926468
I0815 05:41:09.352834 139906658768704 submission.py:120] 4) loss = 6.926, grad_norm = 0.599
I0815 05:41:09.705733 139861088519936 logging_writer.py:48] [5] global_step=5, grad_norm=0.600572, loss=6.929698
I0815 05:41:09.709923 139906658768704 submission.py:120] 5) loss = 6.930, grad_norm = 0.601
I0815 05:41:10.062884 139861096912640 logging_writer.py:48] [6] global_step=6, grad_norm=0.616177, loss=6.932221
I0815 05:41:10.067648 139906658768704 submission.py:120] 6) loss = 6.932, grad_norm = 0.616
I0815 05:41:10.420093 139861088519936 logging_writer.py:48] [7] global_step=7, grad_norm=0.615265, loss=6.925324
I0815 05:41:10.423923 139906658768704 submission.py:120] 7) loss = 6.925, grad_norm = 0.615
I0815 05:41:10.778402 139861096912640 logging_writer.py:48] [8] global_step=8, grad_norm=0.608603, loss=6.930192
I0815 05:41:10.782670 139906658768704 submission.py:120] 8) loss = 6.930, grad_norm = 0.609
I0815 05:41:11.134841 139861088519936 logging_writer.py:48] [9] global_step=9, grad_norm=0.630009, loss=6.930361
I0815 05:41:11.139143 139906658768704 submission.py:120] 9) loss = 6.930, grad_norm = 0.630
I0815 05:41:11.496058 139861096912640 logging_writer.py:48] [10] global_step=10, grad_norm=0.611915, loss=6.924419
I0815 05:41:11.500040 139906658768704 submission.py:120] 10) loss = 6.924, grad_norm = 0.612
I0815 05:44:05.375687 139861088519936 logging_writer.py:48] [500] global_step=500, grad_norm=1.151088, loss=6.291400
I0815 05:44:05.380500 139906658768704 submission.py:120] 500) loss = 6.291, grad_norm = 1.151
I0815 05:47:03.431891 139861096912640 logging_writer.py:48] [1000] global_step=1000, grad_norm=2.527202, loss=5.669049
I0815 05:47:03.437803 139906658768704 submission.py:120] 1000) loss = 5.669, grad_norm = 2.527
I0815 05:49:37.207439 139906658768704 spec.py:320] Evaluating on the training split.
I0815 05:50:19.230874 139906658768704 spec.py:332] Evaluating on the validation split.
I0815 05:51:15.090118 139906658768704 spec.py:348] Evaluating on the test split.
I0815 05:51:16.228879 139906658768704 submission_runner.py:365] Time since start: 873.52s, 	Step: 1433, 	{'train/accuracy': 0.11702806122448979, 'train/loss': 4.760440437161193, 'validation/accuracy': 0.10652, 'validation/loss': 4.840901875, 'validation/num_examples': 50000, 'test/accuracy': 0.0717, 'test/loss': 5.31030625, 'test/num_examples': 10000, 'score': 568.2091913223267, 'total_duration': 873.5249683856964, 'accumulated_submission_time': 568.2091913223267, 'accumulated_eval_time': 303.8244659900665, 'accumulated_logging_time': 0.6585209369659424}
I0815 05:51:16.246804 139861105305344 logging_writer.py:48] [1433] accumulated_eval_time=303.824466, accumulated_logging_time=0.658521, accumulated_submission_time=568.209191, global_step=1433, preemption_count=0, score=568.209191, test/accuracy=0.071700, test/loss=5.310306, test/num_examples=10000, total_duration=873.524968, train/accuracy=0.117028, train/loss=4.760440, validation/accuracy=0.106520, validation/loss=4.840902, validation/num_examples=50000
I0815 05:51:16.974793 139906658768704 submission_runner.py:396] Released all unoccupied cached memory.
I0815 05:51:40.667627 139861113698048 logging_writer.py:48] [1500] global_step=1500, grad_norm=3.102478, loss=5.279198
I0815 05:51:40.671633 139906658768704 submission.py:120] 1500) loss = 5.279, grad_norm = 3.102
I0815 05:54:35.098315 139861105305344 logging_writer.py:48] [2000] global_step=2000, grad_norm=3.070729, loss=4.897603
I0815 05:54:35.103110 139906658768704 submission.py:120] 2000) loss = 4.898, grad_norm = 3.071
I0815 05:57:30.044369 139861113698048 logging_writer.py:48] [2500] global_step=2500, grad_norm=5.268814, loss=4.637296
I0815 05:57:30.050135 139906658768704 submission.py:120] 2500) loss = 4.637, grad_norm = 5.269
I0815 05:59:46.325807 139906658768704 spec.py:320] Evaluating on the training split.
I0815 06:00:31.989104 139906658768704 spec.py:332] Evaluating on the validation split.
I0815 06:01:26.777703 139906658768704 spec.py:348] Evaluating on the test split.
I0815 06:01:27.882186 139906658768704 submission_runner.py:365] Time since start: 1485.18s, 	Step: 2887, 	{'train/accuracy': 0.25803172831632654, 'train/loss': 3.629748286033163, 'validation/accuracy': 0.23864, 'validation/loss': 3.7822225, 'validation/num_examples': 50000, 'test/accuracy': 0.1732, 'test/loss': 4.360331640625, 'test/num_examples': 10000, 'score': 1076.7658472061157, 'total_duration': 1485.178335428238, 'accumulated_submission_time': 1076.7658472061157, 'accumulated_eval_time': 405.3807797431946, 'accumulated_logging_time': 1.4053971767425537}
I0815 06:01:27.900249 139861105305344 logging_writer.py:48] [2887] accumulated_eval_time=405.380780, accumulated_logging_time=1.405397, accumulated_submission_time=1076.765847, global_step=2887, preemption_count=0, score=1076.765847, test/accuracy=0.173200, test/loss=4.360332, test/num_examples=10000, total_duration=1485.178335, train/accuracy=0.258032, train/loss=3.629748, validation/accuracy=0.238640, validation/loss=3.782223, validation/num_examples=50000
I0815 06:01:28.585578 139906658768704 submission_runner.py:396] Released all unoccupied cached memory.
I0815 06:02:08.534425 139861113698048 logging_writer.py:48] [3000] global_step=3000, grad_norm=3.705240, loss=4.279253
I0815 06:02:08.538721 139906658768704 submission.py:120] 3000) loss = 4.279, grad_norm = 3.705
I0815 06:05:03.073725 139861105305344 logging_writer.py:48] [3500] global_step=3500, grad_norm=2.488726, loss=3.971842
I0815 06:05:03.086021 139906658768704 submission.py:120] 3500) loss = 3.972, grad_norm = 2.489
I0815 06:07:58.927395 139861113698048 logging_writer.py:48] [4000] global_step=4000, grad_norm=2.327739, loss=4.003692
I0815 06:07:58.932557 139906658768704 submission.py:120] 4000) loss = 4.004, grad_norm = 2.328
I0815 06:09:57.974225 139906658768704 spec.py:320] Evaluating on the training split.
I0815 06:10:40.640932 139906658768704 spec.py:332] Evaluating on the validation split.
I0815 06:11:35.877924 139906658768704 spec.py:348] Evaluating on the test split.
I0815 06:11:36.980363 139906658768704 submission_runner.py:365] Time since start: 2094.28s, 	Step: 4342, 	{'train/accuracy': 0.35684390943877553, 'train/loss': 3.0651463099888394, 'validation/accuracy': 0.3275, 'validation/loss': 3.239185, 'validation/num_examples': 50000, 'test/accuracy': 0.2365, 'test/loss': 3.94176640625, 'test/num_examples': 10000, 'score': 1585.3320059776306, 'total_duration': 2094.2765073776245, 'accumulated_submission_time': 1585.3320059776306, 'accumulated_eval_time': 504.386958360672, 'accumulated_logging_time': 2.1421310901641846}
I0815 06:11:36.997209 139861105305344 logging_writer.py:48] [4342] accumulated_eval_time=504.386958, accumulated_logging_time=2.142131, accumulated_submission_time=1585.332006, global_step=4342, preemption_count=0, score=1585.332006, test/accuracy=0.236500, test/loss=3.941766, test/num_examples=10000, total_duration=2094.276507, train/accuracy=0.356844, train/loss=3.065146, validation/accuracy=0.327500, validation/loss=3.239185, validation/num_examples=50000
I0815 06:11:37.717966 139906658768704 submission_runner.py:396] Released all unoccupied cached memory.
I0815 06:12:33.157960 139861113698048 logging_writer.py:48] [4500] global_step=4500, grad_norm=2.116685, loss=3.613050
I0815 06:12:33.162650 139906658768704 submission.py:120] 4500) loss = 3.613, grad_norm = 2.117
I0815 06:15:27.783154 139861105305344 logging_writer.py:48] [5000] global_step=5000, grad_norm=2.292907, loss=3.652032
I0815 06:15:27.789893 139906658768704 submission.py:120] 5000) loss = 3.652, grad_norm = 2.293
I0815 06:18:23.746238 139861113698048 logging_writer.py:48] [5500] global_step=5500, grad_norm=1.619594, loss=3.591691
I0815 06:18:23.752015 139906658768704 submission.py:120] 5500) loss = 3.592, grad_norm = 1.620
I0815 06:20:07.045481 139906658768704 spec.py:320] Evaluating on the training split.
I0815 06:20:49.206591 139906658768704 spec.py:332] Evaluating on the validation split.
I0815 06:21:44.286984 139906658768704 spec.py:348] Evaluating on the test split.
I0815 06:21:45.393534 139906658768704 submission_runner.py:365] Time since start: 2702.69s, 	Step: 5797, 	{'train/accuracy': 0.4709622130102041, 'train/loss': 2.4202267393773917, 'validation/accuracy': 0.43018, 'validation/loss': 2.6310653125, 'validation/num_examples': 50000, 'test/accuracy': 0.3315, 'test/loss': 3.2589771484375, 'test/num_examples': 10000, 'score': 2093.855437517166, 'total_duration': 2702.689613342285, 'accumulated_submission_time': 2093.855437517166, 'accumulated_eval_time': 602.735013961792, 'accumulated_logging_time': 2.8898773193359375}
I0815 06:21:45.413548 139861105305344 logging_writer.py:48] [5797] accumulated_eval_time=602.735014, accumulated_logging_time=2.889877, accumulated_submission_time=2093.855438, global_step=5797, preemption_count=0, score=2093.855438, test/accuracy=0.331500, test/loss=3.258977, test/num_examples=10000, total_duration=2702.689613, train/accuracy=0.470962, train/loss=2.420227, validation/accuracy=0.430180, validation/loss=2.631065, validation/num_examples=50000
I0815 06:21:46.022886 139906658768704 submission_runner.py:396] Released all unoccupied cached memory.
I0815 06:22:57.349620 139861113698048 logging_writer.py:48] [6000] global_step=6000, grad_norm=1.477041, loss=3.399321
I0815 06:22:57.356061 139906658768704 submission.py:120] 6000) loss = 3.399, grad_norm = 1.477
I0815 06:25:53.305194 139861105305344 logging_writer.py:48] [6500] global_step=6500, grad_norm=1.626608, loss=3.301970
I0815 06:25:53.312357 139906658768704 submission.py:120] 6500) loss = 3.302, grad_norm = 1.627
I0815 06:28:47.760001 139861113698048 logging_writer.py:48] [7000] global_step=7000, grad_norm=1.811418, loss=3.205670
I0815 06:28:47.765525 139906658768704 submission.py:120] 7000) loss = 3.206, grad_norm = 1.811
I0815 06:30:15.430565 139906658768704 spec.py:320] Evaluating on the training split.
I0815 06:30:58.075355 139906658768704 spec.py:332] Evaluating on the validation split.
I0815 06:31:53.156676 139906658768704 spec.py:348] Evaluating on the test split.
I0815 06:31:54.268029 139906658768704 submission_runner.py:365] Time since start: 3311.56s, 	Step: 7252, 	{'train/accuracy': 0.5130141900510204, 'train/loss': 2.1996547154017856, 'validation/accuracy': 0.4708, 'validation/loss': 2.42622734375, 'validation/num_examples': 50000, 'test/accuracy': 0.3543, 'test/loss': 3.1545171875, 'test/num_examples': 10000, 'score': 2602.3726341724396, 'total_duration': 3311.5611684322357, 'accumulated_submission_time': 2602.3726341724396, 'accumulated_eval_time': 701.5694217681885, 'accumulated_logging_time': 3.6121115684509277}
I0815 06:31:54.286693 139861105305344 logging_writer.py:48] [7252] accumulated_eval_time=701.569422, accumulated_logging_time=3.612112, accumulated_submission_time=2602.372634, global_step=7252, preemption_count=0, score=2602.372634, test/accuracy=0.354300, test/loss=3.154517, test/num_examples=10000, total_duration=3311.561168, train/accuracy=0.513014, train/loss=2.199655, validation/accuracy=0.470800, validation/loss=2.426227, validation/num_examples=50000
I0815 06:31:54.992469 139906658768704 submission_runner.py:396] Released all unoccupied cached memory.
I0815 06:33:21.809176 139861113698048 logging_writer.py:48] [7500] global_step=7500, grad_norm=1.127884, loss=3.149210
I0815 06:33:21.812910 139906658768704 submission.py:120] 7500) loss = 3.149, grad_norm = 1.128
I0815 06:36:17.880327 139861105305344 logging_writer.py:48] [8000] global_step=8000, grad_norm=1.313071, loss=3.139082
I0815 06:36:17.887384 139906658768704 submission.py:120] 8000) loss = 3.139, grad_norm = 1.313
I0815 06:39:12.325819 139861113698048 logging_writer.py:48] [8500] global_step=8500, grad_norm=1.329583, loss=3.096214
I0815 06:39:12.334506 139906658768704 submission.py:120] 8500) loss = 3.096, grad_norm = 1.330
I0815 06:40:24.304438 139906658768704 spec.py:320] Evaluating on the training split.
I0815 06:41:06.597888 139906658768704 spec.py:332] Evaluating on the validation split.
I0815 06:42:02.313179 139906658768704 spec.py:348] Evaluating on the test split.
I0815 06:42:03.415651 139906658768704 submission_runner.py:365] Time since start: 3920.71s, 	Step: 8708, 	{'train/accuracy': 0.584602200255102, 'train/loss': 1.8481457768654337, 'validation/accuracy': 0.53264, 'validation/loss': 2.09283734375, 'validation/num_examples': 50000, 'test/accuracy': 0.4028, 'test/loss': 2.81761015625, 'test/num_examples': 10000, 'score': 3110.891104698181, 'total_duration': 3920.711780309677, 'accumulated_submission_time': 3110.891104698181, 'accumulated_eval_time': 800.6806352138519, 'accumulated_logging_time': 4.336621284484863}
I0815 06:42:03.434478 139861105305344 logging_writer.py:48] [8708] accumulated_eval_time=800.680635, accumulated_logging_time=4.336621, accumulated_submission_time=3110.891105, global_step=8708, preemption_count=0, score=3110.891105, test/accuracy=0.402800, test/loss=2.817610, test/num_examples=10000, total_duration=3920.711780, train/accuracy=0.584602, train/loss=1.848146, validation/accuracy=0.532640, validation/loss=2.092837, validation/num_examples=50000
I0815 06:42:04.166580 139906658768704 submission_runner.py:396] Released all unoccupied cached memory.
I0815 06:43:47.795081 139861113698048 logging_writer.py:48] [9000] global_step=9000, grad_norm=1.025704, loss=3.019069
I0815 06:43:47.800547 139906658768704 submission.py:120] 9000) loss = 3.019, grad_norm = 1.026
I0815 06:46:42.107764 139861105305344 logging_writer.py:48] [9500] global_step=9500, grad_norm=0.859892, loss=3.066520
I0815 06:46:42.112523 139906658768704 submission.py:120] 9500) loss = 3.067, grad_norm = 0.860
I0815 06:49:36.492521 139861113698048 logging_writer.py:48] [10000] global_step=10000, grad_norm=1.000561, loss=2.874481
I0815 06:49:36.497249 139906658768704 submission.py:120] 10000) loss = 2.874, grad_norm = 1.001
I0815 06:50:33.718713 139906658768704 spec.py:320] Evaluating on the training split.
I0815 06:51:15.803154 139906658768704 spec.py:332] Evaluating on the validation split.
I0815 06:52:10.170929 139906658768704 spec.py:348] Evaluating on the test split.
I0815 06:52:11.272438 139906658768704 submission_runner.py:365] Time since start: 4528.57s, 	Step: 10161, 	{'train/accuracy': 0.6175661670918368, 'train/loss': 1.6822930160833864, 'validation/accuracy': 0.55672, 'validation/loss': 1.9768340625, 'validation/num_examples': 50000, 'test/accuracy': 0.4318, 'test/loss': 2.68425078125, 'test/num_examples': 10000, 'score': 3619.6550493240356, 'total_duration': 4528.568603038788, 'accumulated_submission_time': 3619.6550493240356, 'accumulated_eval_time': 898.2344036102295, 'accumulated_logging_time': 5.087632179260254}
I0815 06:52:11.287774 139861105305344 logging_writer.py:48] [10161] accumulated_eval_time=898.234404, accumulated_logging_time=5.087632, accumulated_submission_time=3619.655049, global_step=10161, preemption_count=0, score=3619.655049, test/accuracy=0.431800, test/loss=2.684251, test/num_examples=10000, total_duration=4528.568603, train/accuracy=0.617566, train/loss=1.682293, validation/accuracy=0.556720, validation/loss=1.976834, validation/num_examples=50000
I0815 06:52:11.931700 139906658768704 submission_runner.py:396] Released all unoccupied cached memory.
I0815 06:54:10.681912 139861113698048 logging_writer.py:48] [10500] global_step=10500, grad_norm=0.703252, loss=2.869080
I0815 06:54:10.691019 139906658768704 submission.py:120] 10500) loss = 2.869, grad_norm = 0.703
I0815 06:57:05.057485 139861105305344 logging_writer.py:48] [11000] global_step=11000, grad_norm=0.953587, loss=2.837643
I0815 06:57:05.062408 139906658768704 submission.py:120] 11000) loss = 2.838, grad_norm = 0.954
I0815 07:00:00.902702 139861113698048 logging_writer.py:48] [11500] global_step=11500, grad_norm=0.629040, loss=2.713558
I0815 07:00:00.907704 139906658768704 submission.py:120] 11500) loss = 2.714, grad_norm = 0.629
I0815 07:00:41.408311 139906658768704 spec.py:320] Evaluating on the training split.
I0815 07:01:23.963221 139906658768704 spec.py:332] Evaluating on the validation split.
I0815 07:02:20.273091 139906658768704 spec.py:348] Evaluating on the test split.
I0815 07:02:21.370306 139906658768704 submission_runner.py:365] Time since start: 5138.67s, 	Step: 11617, 	{'train/accuracy': 0.6392099808673469, 'train/loss': 1.6219029329261, 'validation/accuracy': 0.57482, 'validation/loss': 1.916249375, 'validation/num_examples': 50000, 'test/accuracy': 0.4468, 'test/loss': 2.6512546875, 'test/num_examples': 10000, 'score': 4128.258343696594, 'total_duration': 5138.666431903839, 'accumulated_submission_time': 4128.258343696594, 'accumulated_eval_time': 998.1963493824005, 'accumulated_logging_time': 5.825338840484619}
I0815 07:02:21.388768 139861105305344 logging_writer.py:48] [11617] accumulated_eval_time=998.196349, accumulated_logging_time=5.825339, accumulated_submission_time=4128.258344, global_step=11617, preemption_count=0, score=4128.258344, test/accuracy=0.446800, test/loss=2.651255, test/num_examples=10000, total_duration=5138.666432, train/accuracy=0.639210, train/loss=1.621903, validation/accuracy=0.574820, validation/loss=1.916249, validation/num_examples=50000
I0815 07:02:22.079971 139906658768704 submission_runner.py:396] Released all unoccupied cached memory.
I0815 07:04:36.057420 139861113698048 logging_writer.py:48] [12000] global_step=12000, grad_norm=0.834802, loss=2.689394
I0815 07:04:36.061570 139906658768704 submission.py:120] 12000) loss = 2.689, grad_norm = 0.835
I0815 07:07:30.642532 139861105305344 logging_writer.py:48] [12500] global_step=12500, grad_norm=0.626815, loss=2.833181
I0815 07:07:30.648849 139906658768704 submission.py:120] 12500) loss = 2.833, grad_norm = 0.627
I0815 07:10:26.561419 139861113698048 logging_writer.py:48] [13000] global_step=13000, grad_norm=0.647705, loss=2.654067
I0815 07:10:26.566742 139906658768704 submission.py:120] 13000) loss = 2.654, grad_norm = 0.648
I0815 07:10:51.634919 139906658768704 spec.py:320] Evaluating on the training split.
I0815 07:11:34.457801 139906658768704 spec.py:332] Evaluating on the validation split.
I0815 07:12:31.345210 139906658768704 spec.py:348] Evaluating on the test split.
I0815 07:12:32.447210 139906658768704 submission_runner.py:365] Time since start: 5749.74s, 	Step: 13073, 	{'train/accuracy': 0.6741071428571429, 'train/loss': 1.453349833585778, 'validation/accuracy': 0.60278, 'validation/loss': 1.78497, 'validation/num_examples': 50000, 'test/accuracy': 0.4747, 'test/loss': 2.492763671875, 'test/num_examples': 10000, 'score': 4637.010428905487, 'total_duration': 5749.743341684341, 'accumulated_submission_time': 4637.010428905487, 'accumulated_eval_time': 1099.0086431503296, 'accumulated_logging_time': 6.5350728034973145}
I0815 07:12:32.467092 139861105305344 logging_writer.py:48] [13073] accumulated_eval_time=1099.008643, accumulated_logging_time=6.535073, accumulated_submission_time=4637.010429, global_step=13073, preemption_count=0, score=4637.010429, test/accuracy=0.474700, test/loss=2.492764, test/num_examples=10000, total_duration=5749.743342, train/accuracy=0.674107, train/loss=1.453350, validation/accuracy=0.602780, validation/loss=1.784970, validation/num_examples=50000
I0815 07:12:33.126702 139906658768704 submission_runner.py:396] Released all unoccupied cached memory.
I0815 07:15:02.352546 139861113698048 logging_writer.py:48] [13500] global_step=13500, grad_norm=0.623540, loss=2.689126
I0815 07:15:02.358423 139906658768704 submission.py:120] 13500) loss = 2.689, grad_norm = 0.624
I0815 07:18:00.144065 139906658768704 spec.py:320] Evaluating on the training split.
I0815 07:18:43.969691 139906658768704 spec.py:332] Evaluating on the validation split.
I0815 07:19:39.863306 139906658768704 spec.py:348] Evaluating on the test split.
I0815 07:19:40.968753 139906658768704 submission_runner.py:365] Time since start: 6178.26s, 	Step: 14000, 	{'train/accuracy': 0.6609534438775511, 'train/loss': 1.5135843705157845, 'validation/accuracy': 0.59022, 'validation/loss': 1.8579275, 'validation/num_examples': 50000, 'test/accuracy': 0.4574, 'test/loss': 2.55180703125, 'test/num_examples': 10000, 'score': 4963.51860833168, 'total_duration': 6178.263594865799, 'accumulated_submission_time': 4963.51860833168, 'accumulated_eval_time': 1199.8319733142853, 'accumulated_logging_time': 7.214643239974976}
I0815 07:19:40.987194 139861105305344 logging_writer.py:48] [14000] accumulated_eval_time=1199.831973, accumulated_logging_time=7.214643, accumulated_submission_time=4963.518608, global_step=14000, preemption_count=0, score=4963.518608, test/accuracy=0.457400, test/loss=2.551807, test/num_examples=10000, total_duration=6178.263595, train/accuracy=0.660953, train/loss=1.513584, validation/accuracy=0.590220, validation/loss=1.857927, validation/num_examples=50000
I0815 07:19:41.702323 139906658768704 submission_runner.py:396] Released all unoccupied cached memory.
I0815 07:19:41.711104 139861113698048 logging_writer.py:48] [14000] global_step=14000, preemption_count=0, score=4963.518608
I0815 07:19:42.470164 139906658768704 checkpoint_utils.py:240] Saved checkpoint to /experiment_runs/timing_pytorch_2_preliminary_after_pytorch_fixes/adamw/imagenet_resnet_pytorch/trial_1/checkpoint_14000.
I0815 07:19:42.820144 139906658768704 submission_runner.py:534] Tuning trial 1/1
I0815 07:19:42.820371 139906658768704 submission_runner.py:535] Hyperparameters: Hyperparameters(learning_rate=0.0019814680146414726, one_minus_beta1=0.22838767981804783, beta2=0.999, warmup_factor=0.05, weight_decay=0.010340635370188849, label_smoothing=0.1, dropout_rate=0.0)
I0815 07:19:42.821329 139906658768704 submission_runner.py:536] Metrics: {'eval_results': [(1, {'train/accuracy': 0.0010363520408163266, 'train/loss': 6.923890405771684, 'validation/accuracy': 0.00072, 'validation/loss': 6.923479375, 'validation/num_examples': 50000, 'test/accuracy': 0.0008, 'test/loss': 6.92447109375, 'test/num_examples': 10000, 'score': 59.62487268447876, 'total_duration': 264.42850613594055, 'accumulated_submission_time': 59.62487268447876, 'accumulated_eval_time': 204.80307984352112, 'accumulated_logging_time': 0, 'global_step': 1, 'preemption_count': 0}), (1433, {'train/accuracy': 0.11702806122448979, 'train/loss': 4.760440437161193, 'validation/accuracy': 0.10652, 'validation/loss': 4.840901875, 'validation/num_examples': 50000, 'test/accuracy': 0.0717, 'test/loss': 5.31030625, 'test/num_examples': 10000, 'score': 568.2091913223267, 'total_duration': 873.5249683856964, 'accumulated_submission_time': 568.2091913223267, 'accumulated_eval_time': 303.8244659900665, 'accumulated_logging_time': 0.6585209369659424, 'global_step': 1433, 'preemption_count': 0}), (2887, {'train/accuracy': 0.25803172831632654, 'train/loss': 3.629748286033163, 'validation/accuracy': 0.23864, 'validation/loss': 3.7822225, 'validation/num_examples': 50000, 'test/accuracy': 0.1732, 'test/loss': 4.360331640625, 'test/num_examples': 10000, 'score': 1076.7658472061157, 'total_duration': 1485.178335428238, 'accumulated_submission_time': 1076.7658472061157, 'accumulated_eval_time': 405.3807797431946, 'accumulated_logging_time': 1.4053971767425537, 'global_step': 2887, 'preemption_count': 0}), (4342, {'train/accuracy': 0.35684390943877553, 'train/loss': 3.0651463099888394, 'validation/accuracy': 0.3275, 'validation/loss': 3.239185, 'validation/num_examples': 50000, 'test/accuracy': 0.2365, 'test/loss': 3.94176640625, 'test/num_examples': 10000, 'score': 1585.3320059776306, 'total_duration': 2094.2765073776245, 'accumulated_submission_time': 1585.3320059776306, 'accumulated_eval_time': 504.386958360672, 'accumulated_logging_time': 2.1421310901641846, 'global_step': 4342, 'preemption_count': 0}), (5797, {'train/accuracy': 0.4709622130102041, 'train/loss': 2.4202267393773917, 'validation/accuracy': 0.43018, 'validation/loss': 2.6310653125, 'validation/num_examples': 50000, 'test/accuracy': 0.3315, 'test/loss': 3.2589771484375, 'test/num_examples': 10000, 'score': 2093.855437517166, 'total_duration': 2702.689613342285, 'accumulated_submission_time': 2093.855437517166, 'accumulated_eval_time': 602.735013961792, 'accumulated_logging_time': 2.8898773193359375, 'global_step': 5797, 'preemption_count': 0}), (7252, {'train/accuracy': 0.5130141900510204, 'train/loss': 2.1996547154017856, 'validation/accuracy': 0.4708, 'validation/loss': 2.42622734375, 'validation/num_examples': 50000, 'test/accuracy': 0.3543, 'test/loss': 3.1545171875, 'test/num_examples': 10000, 'score': 2602.3726341724396, 'total_duration': 3311.5611684322357, 'accumulated_submission_time': 2602.3726341724396, 'accumulated_eval_time': 701.5694217681885, 'accumulated_logging_time': 3.6121115684509277, 'global_step': 7252, 'preemption_count': 0}), (8708, {'train/accuracy': 0.584602200255102, 'train/loss': 1.8481457768654337, 'validation/accuracy': 0.53264, 'validation/loss': 2.09283734375, 'validation/num_examples': 50000, 'test/accuracy': 0.4028, 'test/loss': 2.81761015625, 'test/num_examples': 10000, 'score': 3110.891104698181, 'total_duration': 3920.711780309677, 'accumulated_submission_time': 3110.891104698181, 'accumulated_eval_time': 800.6806352138519, 'accumulated_logging_time': 4.336621284484863, 'global_step': 8708, 'preemption_count': 0}), (10161, {'train/accuracy': 0.6175661670918368, 'train/loss': 1.6822930160833864, 'validation/accuracy': 0.55672, 'validation/loss': 1.9768340625, 'validation/num_examples': 50000, 'test/accuracy': 0.4318, 'test/loss': 2.68425078125, 'test/num_examples': 10000, 'score': 3619.6550493240356, 'total_duration': 4528.568603038788, 'accumulated_submission_time': 3619.6550493240356, 'accumulated_eval_time': 898.2344036102295, 'accumulated_logging_time': 5.087632179260254, 'global_step': 10161, 'preemption_count': 0}), (11617, {'train/accuracy': 0.6392099808673469, 'train/loss': 1.6219029329261, 'validation/accuracy': 0.57482, 'validation/loss': 1.916249375, 'validation/num_examples': 50000, 'test/accuracy': 0.4468, 'test/loss': 2.6512546875, 'test/num_examples': 10000, 'score': 4128.258343696594, 'total_duration': 5138.666431903839, 'accumulated_submission_time': 4128.258343696594, 'accumulated_eval_time': 998.1963493824005, 'accumulated_logging_time': 5.825338840484619, 'global_step': 11617, 'preemption_count': 0}), (13073, {'train/accuracy': 0.6741071428571429, 'train/loss': 1.453349833585778, 'validation/accuracy': 0.60278, 'validation/loss': 1.78497, 'validation/num_examples': 50000, 'test/accuracy': 0.4747, 'test/loss': 2.492763671875, 'test/num_examples': 10000, 'score': 4637.010428905487, 'total_duration': 5749.743341684341, 'accumulated_submission_time': 4637.010428905487, 'accumulated_eval_time': 1099.0086431503296, 'accumulated_logging_time': 6.5350728034973145, 'global_step': 13073, 'preemption_count': 0}), (14000, {'train/accuracy': 0.6609534438775511, 'train/loss': 1.5135843705157845, 'validation/accuracy': 0.59022, 'validation/loss': 1.8579275, 'validation/num_examples': 50000, 'test/accuracy': 0.4574, 'test/loss': 2.55180703125, 'test/num_examples': 10000, 'score': 4963.51860833168, 'total_duration': 6178.263594865799, 'accumulated_submission_time': 4963.51860833168, 'accumulated_eval_time': 1199.8319733142853, 'accumulated_logging_time': 7.214643239974976, 'global_step': 14000, 'preemption_count': 0})], 'global_step': 14000}
I0815 07:19:42.821473 139906658768704 submission_runner.py:537] Timing: 4963.51860833168
I0815 07:19:42.821531 139906658768704 submission_runner.py:539] Total number of evals: 11
I0815 07:19:42.821584 139906658768704 submission_runner.py:540] ====================
I0815 07:19:42.821707 139906658768704 submission_runner.py:608] Final imagenet_resnet score: 4963.51860833168
