I0420 04:49:16.932713 139634154121024 checkpoints.py:317] Saved checkpoint at /experiment_runs/timing_v3_b/timing_adamw/imagenet_vit_jax/trial_1/checkpoint_14289
I0420 04:49:16.952873 139634154121024 checkpoint_utils.py:240] Saved checkpoint to /experiment_runs/timing_v3_b/timing_adamw/imagenet_vit_jax/trial_1/checkpoint_14289.
I0420 04:49:21.870061 139453720901376 logging_writer.py:48] [14300] global_step=14300, grad_norm=0.7353075742721558, loss=3.916991710662842
I0420 04:50:02.877327 139453712508672 logging_writer.py:48] [14400] global_step=14400, grad_norm=0.7375757694244385, loss=3.858506202697754
I0420 04:50:45.003934 139453720901376 logging_writer.py:48] [14500] global_step=14500, grad_norm=0.656928539276123, loss=5.417484283447266
I0420 04:51:27.389152 139453712508672 logging_writer.py:48] [14600] global_step=14600, grad_norm=0.7052691578865051, loss=3.8983306884765625
I0420 04:52:10.229889 139453720901376 logging_writer.py:48] [14700] global_step=14700, grad_norm=0.6626461744308472, loss=5.2684407234191895
I0420 04:52:52.322471 139453712508672 logging_writer.py:48] [14800] global_step=14800, grad_norm=0.7659168839454651, loss=3.7681634426116943
I0420 04:53:34.991529 139453720901376 logging_writer.py:48] [14900] global_step=14900, grad_norm=0.6771610975265503, loss=3.854055643081665
I0420 04:54:17.334604 139453712508672 logging_writer.py:48] [15000] global_step=15000, grad_norm=0.6446698307991028, loss=4.962366104125977
I0420 04:54:59.637378 139453720901376 logging_writer.py:48] [15100] global_step=15100, grad_norm=0.8235964775085449, loss=3.8173534870147705
I0420 04:55:41.839241 139453712508672 logging_writer.py:48] [15200] global_step=15200, grad_norm=0.6292253136634827, loss=4.667903900146484
I0420 04:56:17.071921 139634154121024 spec.py:298] Evaluating on the training split.
I0420 04:56:31.332909 139634154121024 spec.py:310] Evaluating on the validation split.
I0420 04:56:42.564424 139634154121024 spec.py:326] Evaluating on the test split.
I0420 04:56:44.225523 139634154121024 submission_runner.py:406] Time since start: 6788.86s, 	Step: 15285, 	{'train/accuracy': 0.5218554735183716, 'train/loss': 2.1704061031341553, 'validation/accuracy': 0.4879799783229828, 'validation/loss': 2.3612325191497803, 'validation/num_examples': 50000, 'test/accuracy': 0.3775000274181366, 'test/loss': 2.9920032024383545, 'test/num_examples': 10000, 'score': 6355.149173736572, 'total_duration': 6788.859912872314, 'accumulated_submission_time': 6355.149173736572, 'accumulated_eval_time': 400.71142745018005, 'accumulated_logging_time': 32.67931628227234}
I0420 04:56:44.238958 139453720901376 logging_writer.py:48] [15285] accumulated_eval_time=400.711427, accumulated_logging_time=32.679316, accumulated_submission_time=6355.149174, global_step=15285, preemption_count=0, score=6355.149174, test/accuracy=0.377500, test/loss=2.992003, test/num_examples=10000, total_duration=6788.859913, train/accuracy=0.521855, train/loss=2.170406, validation/accuracy=0.487980, validation/loss=2.361233, validation/num_examples=50000
I0420 04:56:44.487751 139634154121024 checkpoints.py:356] Saving checkpoint at step: 15285
I0420 04:56:45.840132 139634154121024 checkpoints.py:317] Saved checkpoint at /experiment_runs/timing_v3_b/timing_adamw/imagenet_vit_jax/trial_1/checkpoint_15285
I0420 04:56:45.861614 139634154121024 checkpoint_utils.py:240] Saved checkpoint to /experiment_runs/timing_v3_b/timing_adamw/imagenet_vit_jax/trial_1/checkpoint_15285.
I0420 04:56:52.328685 139453712508672 logging_writer.py:48] [15300] global_step=15300, grad_norm=0.9366720914840698, loss=3.8434715270996094
I0420 04:57:33.091804 139453637052160 logging_writer.py:48] [15400] global_step=15400, grad_norm=0.6135429739952087, loss=5.144565582275391
I0420 04:58:15.077042 139453712508672 logging_writer.py:48] [15500] global_step=15500, grad_norm=0.8244155049324036, loss=3.7301549911499023
I0420 04:58:56.564502 139453637052160 logging_writer.py:48] [15600] global_step=15600, grad_norm=0.6876589059829712, loss=4.490531921386719
I0420 04:59:38.158198 139453712508672 logging_writer.py:48] [15700] global_step=15700, grad_norm=0.6486899852752686, loss=4.605117321014404
I0420 05:00:19.991280 139453637052160 logging_writer.py:48] [15800] global_step=15800, grad_norm=0.7794049382209778, loss=3.828577995300293
I0420 05:01:01.655415 139453712508672 logging_writer.py:48] [15900] global_step=15900, grad_norm=0.6898302435874939, loss=3.731013774871826
I0420 05:01:43.986118 139453637052160 logging_writer.py:48] [16000] global_step=16000, grad_norm=0.6559706330299377, loss=4.463418006896973
I0420 05:02:26.619266 139453712508672 logging_writer.py:48] [16100] global_step=16100, grad_norm=0.687834620475769, loss=4.4638776779174805
I0420 05:03:08.917777 139453637052160 logging_writer.py:48] [16200] global_step=16200, grad_norm=0.6562686562538147, loss=3.6107661724090576
I0420 05:03:46.239450 139634154121024 spec.py:298] Evaluating on the training split.
I0420 05:04:00.326704 139634154121024 spec.py:310] Evaluating on the validation split.
I0420 05:04:12.159886 139634154121024 spec.py:326] Evaluating on the test split.
I0420 05:04:13.842812 139634154121024 submission_runner.py:406] Time since start: 7238.48s, 	Step: 16291, 	{'train/accuracy': 0.5483984351158142, 'train/loss': 2.0730888843536377, 'validation/accuracy': 0.5008599758148193, 'validation/loss': 2.300245761871338, 'validation/num_examples': 50000, 'test/accuracy': 0.39100003242492676, 'test/loss': 2.9199233055114746, 'test/num_examples': 10000, 'score': 6775.505286693573, 'total_duration': 7238.477157354355, 'accumulated_submission_time': 6775.505286693573, 'accumulated_eval_time': 428.31474685668945, 'accumulated_logging_time': 34.31773328781128}
I0420 05:04:13.858413 139453712508672 logging_writer.py:48] [16291] accumulated_eval_time=428.314747, accumulated_logging_time=34.317733, accumulated_submission_time=6775.505287, global_step=16291, preemption_count=0, score=6775.505287, test/accuracy=0.391000, test/loss=2.919923, test/num_examples=10000, total_duration=7238.477157, train/accuracy=0.548398, train/loss=2.073089, validation/accuracy=0.500860, validation/loss=2.300246, validation/num_examples=50000
I0420 05:04:14.179104 139634154121024 checkpoints.py:356] Saving checkpoint at step: 16291
I0420 05:04:15.685209 139634154121024 checkpoints.py:317] Saved checkpoint at /experiment_runs/timing_v3_b/timing_adamw/imagenet_vit_jax/trial_1/checkpoint_16291
I0420 05:04:15.707209 139634154121024 checkpoint_utils.py:240] Saved checkpoint to /experiment_runs/timing_v3_b/timing_adamw/imagenet_vit_jax/trial_1/checkpoint_16291.
I0420 05:04:19.802891 139453637052160 logging_writer.py:48] [16300] global_step=16300, grad_norm=0.6586387753486633, loss=3.898588180541992
I0420 05:05:00.201977 139453628659456 logging_writer.py:48] [16400] global_step=16400, grad_norm=0.6763238310813904, loss=3.893313407897949
I0420 05:05:41.717226 139453637052160 logging_writer.py:48] [16500] global_step=16500, grad_norm=0.6373094916343689, loss=4.178755760192871
I0420 05:06:23.278599 139453628659456 logging_writer.py:48] [16600] global_step=16600, grad_norm=0.6393744945526123, loss=4.0590949058532715
I0420 05:07:05.385938 139453637052160 logging_writer.py:48] [16700] global_step=16700, grad_norm=0.6882225275039673, loss=4.166154384613037
I0420 05:07:47.507329 139453628659456 logging_writer.py:48] [16800] global_step=16800, grad_norm=0.7010473012924194, loss=3.7176127433776855
I0420 05:08:28.729430 139453637052160 logging_writer.py:48] [16900] global_step=16900, grad_norm=0.6613526940345764, loss=5.700739860534668
I0420 05:09:10.410720 139453628659456 logging_writer.py:48] [17000] global_step=17000, grad_norm=0.8042665123939514, loss=3.6299073696136475
I0420 05:09:51.879879 139453637052160 logging_writer.py:48] [17100] global_step=17100, grad_norm=0.705530047416687, loss=3.716768264770508
I0420 05:10:33.280373 139453628659456 logging_writer.py:48] [17200] global_step=17200, grad_norm=0.6727344989776611, loss=4.1848554611206055
I0420 05:11:14.768607 139453637052160 logging_writer.py:48] [17300] global_step=17300, grad_norm=0.8069307804107666, loss=3.562239646911621
I0420 05:11:15.744989 139634154121024 spec.py:298] Evaluating on the training split.
I0420 05:11:30.246900 139634154121024 spec.py:310] Evaluating on the validation split.
I0420 05:11:42.267907 139634154121024 spec.py:326] Evaluating on the test split.
I0420 05:11:43.954449 139634154121024 submission_runner.py:406] Time since start: 7688.59s, 	Step: 17304, 	{'train/accuracy': 0.5660351514816284, 'train/loss': 1.962159514427185, 'validation/accuracy': 0.5111799836158752, 'validation/loss': 2.2268118858337402, 'validation/num_examples': 50000, 'test/accuracy': 0.4028000235557556, 'test/loss': 2.8737308979034424, 'test/num_examples': 10000, 'score': 7195.521427631378, 'total_duration': 7688.588857412338, 'accumulated_submission_time': 7195.521427631378, 'accumulated_eval_time': 456.5241746902466, 'accumulated_logging_time': 36.18405222892761}
I0420 05:11:43.966156 139453628659456 logging_writer.py:48] [17304] accumulated_eval_time=456.524175, accumulated_logging_time=36.184052, accumulated_submission_time=7195.521428, global_step=17304, preemption_count=0, score=7195.521428, test/accuracy=0.402800, test/loss=2.873731, test/num_examples=10000, total_duration=7688.588857, train/accuracy=0.566035, train/loss=1.962160, validation/accuracy=0.511180, validation/loss=2.226812, validation/num_examples=50000
I0420 05:11:44.272521 139634154121024 checkpoints.py:356] Saving checkpoint at step: 17304
I0420 05:11:45.661015 139634154121024 checkpoints.py:317] Saved checkpoint at /experiment_runs/timing_v3_b/timing_adamw/imagenet_vit_jax/trial_1/checkpoint_17304
I0420 05:11:45.680557 139634154121024 checkpoint_utils.py:240] Saved checkpoint to /experiment_runs/timing_v3_b/timing_adamw/imagenet_vit_jax/trial_1/checkpoint_17304.
I0420 05:12:24.426121 139453637052160 logging_writer.py:48] [17400] global_step=17400, grad_norm=0.7508355379104614, loss=3.660287380218506
I0420 05:13:06.592317 139453620266752 logging_writer.py:48] [17500] global_step=17500, grad_norm=0.9188234210014343, loss=3.6047019958496094
I0420 05:13:47.899699 139453637052160 logging_writer.py:48] [17600] global_step=17600, grad_norm=0.7526692748069763, loss=3.925004243850708
I0420 05:14:30.234894 139453620266752 logging_writer.py:48] [17700] global_step=17700, grad_norm=0.7589253783226013, loss=3.542567253112793
I0420 05:15:12.020778 139453637052160 logging_writer.py:48] [17800] global_step=17800, grad_norm=0.7177490592002869, loss=3.928793430328369
I0420 05:15:53.309608 139453620266752 logging_writer.py:48] [17900] global_step=17900, grad_norm=0.783944845199585, loss=4.169888496398926
I0420 05:16:35.214505 139453637052160 logging_writer.py:48] [18000] global_step=18000, grad_norm=0.6861305236816406, loss=3.9515843391418457
I0420 05:17:16.867642 139453620266752 logging_writer.py:48] [18100] global_step=18100, grad_norm=0.8492748141288757, loss=3.529148817062378
I0420 05:17:58.126158 139453637052160 logging_writer.py:48] [18200] global_step=18200, grad_norm=0.6795141100883484, loss=5.712793827056885
I0420 05:18:39.345567 139453620266752 logging_writer.py:48] [18300] global_step=18300, grad_norm=0.7648507952690125, loss=4.693485260009766
I0420 05:18:45.925124 139634154121024 spec.py:298] Evaluating on the training split.
I0420 05:19:00.550424 139634154121024 spec.py:310] Evaluating on the validation split.
I0420 05:19:11.906728 139634154121024 spec.py:326] Evaluating on the test split.
I0420 05:19:13.579616 139634154121024 submission_runner.py:406] Time since start: 8138.21s, 	Step: 18317, 	{'train/accuracy': 0.5642773509025574, 'train/loss': 1.942944884300232, 'validation/accuracy': 0.524679958820343, 'validation/loss': 2.141568899154663, 'validation/num_examples': 50000, 'test/accuracy': 0.40610000491142273, 'test/loss': 2.7986931800842285, 'test/num_examples': 10000, 'score': 7615.744054317474, 'total_duration': 8138.213966369629, 'accumulated_submission_time': 7615.744054317474, 'accumulated_eval_time': 484.17857789993286, 'accumulated_logging_time': 37.9122474193573}
I0420 05:19:13.594579 139453637052160 logging_writer.py:48] [18317] accumulated_eval_time=484.178578, accumulated_logging_time=37.912247, accumulated_submission_time=7615.744054, global_step=18317, preemption_count=0, score=7615.744054, test/accuracy=0.406100, test/loss=2.798693, test/num_examples=10000, total_duration=8138.213966, train/accuracy=0.564277, train/loss=1.942945, validation/accuracy=0.524680, validation/loss=2.141569, validation/num_examples=50000
I0420 05:19:13.877415 139634154121024 checkpoints.py:356] Saving checkpoint at step: 18317
I0420 05:19:15.049975 139634154121024 checkpoints.py:317] Saved checkpoint at /experiment_runs/timing_v3_b/timing_adamw/imagenet_vit_jax/trial_1/checkpoint_18317
I0420 05:19:15.068395 139634154121024 checkpoint_utils.py:240] Saved checkpoint to /experiment_runs/timing_v3_b/timing_adamw/imagenet_vit_jax/trial_1/checkpoint_18317.
I0420 05:19:48.746524 139453620266752 logging_writer.py:48] [18400] global_step=18400, grad_norm=0.797909677028656, loss=3.519608974456787
I0420 05:20:30.633298 139453611874048 logging_writer.py:48] [18500] global_step=18500, grad_norm=0.8496129512786865, loss=3.515594482421875
I0420 05:21:12.757247 139453620266752 logging_writer.py:48] [18600] global_step=18600, grad_norm=1.124060869216919, loss=3.50006365776062
I0420 05:21:54.535831 139453611874048 logging_writer.py:48] [18700] global_step=18700, grad_norm=0.6358296275138855, loss=4.250974178314209
I0420 05:22:36.592792 139453620266752 logging_writer.py:48] [18800] global_step=18800, grad_norm=0.9784843921661377, loss=3.590665578842163
I0420 05:23:18.045997 139453611874048 logging_writer.py:48] [18900] global_step=18900, grad_norm=0.7677465677261353, loss=3.702180862426758
I0420 05:23:59.897296 139453620266752 logging_writer.py:48] [19000] global_step=19000, grad_norm=0.8881382346153259, loss=5.080704689025879
I0420 05:24:42.133588 139453611874048 logging_writer.py:48] [19100] global_step=19100, grad_norm=0.7526998519897461, loss=4.846268177032471
I0420 05:25:23.804228 139453620266752 logging_writer.py:48] [19200] global_step=19200, grad_norm=0.8897027969360352, loss=3.42706036567688
I0420 05:26:05.094825 139453611874048 logging_writer.py:48] [19300] global_step=19300, grad_norm=0.8661536574363708, loss=5.793911933898926
I0420 05:26:15.248848 139634154121024 spec.py:298] Evaluating on the training split.
I0420 05:26:29.817697 139634154121024 spec.py:310] Evaluating on the validation split.
I0420 05:26:41.295815 139634154121024 spec.py:326] Evaluating on the test split.
I0420 05:26:42.981665 139634154121024 submission_runner.py:406] Time since start: 8587.62s, 	Step: 19326, 	{'train/accuracy': 0.5783789157867432, 'train/loss': 1.9520848989486694, 'validation/accuracy': 0.5354999899864197, 'validation/loss': 2.1538939476013184, 'validation/num_examples': 50000, 'test/accuracy': 0.4174000322818756, 'test/loss': 2.7942354679107666, 'test/num_examples': 10000, 'score': 8035.903555631638, 'total_duration': 8587.616047143936, 'accumulated_submission_time': 8035.903555631638, 'accumulated_eval_time': 511.91134095191956, 'accumulated_logging_time': 39.4027681350708}
I0420 05:26:42.998843 139453620266752 logging_writer.py:48] [19326] accumulated_eval_time=511.911341, accumulated_logging_time=39.402768, accumulated_submission_time=8035.903556, global_step=19326, preemption_count=0, score=8035.903556, test/accuracy=0.417400, test/loss=2.794235, test/num_examples=10000, total_duration=8587.616047, train/accuracy=0.578379, train/loss=1.952085, validation/accuracy=0.535500, validation/loss=2.153894, validation/num_examples=50000
I0420 05:26:43.253479 139634154121024 checkpoints.py:356] Saving checkpoint at step: 19326
I0420 05:26:44.516179 139634154121024 checkpoints.py:317] Saved checkpoint at /experiment_runs/timing_v3_b/timing_adamw/imagenet_vit_jax/trial_1/checkpoint_19326
I0420 05:26:44.537524 139634154121024 checkpoint_utils.py:240] Saved checkpoint to /experiment_runs/timing_v3_b/timing_adamw/imagenet_vit_jax/trial_1/checkpoint_19326.
I0420 05:27:14.394602 139453611874048 logging_writer.py:48] [19400] global_step=19400, grad_norm=0.8740406036376953, loss=3.614694595336914
I0420 05:27:55.574479 139453486049024 logging_writer.py:48] [19500] global_step=19500, grad_norm=0.7822442650794983, loss=3.3921635150909424
I0420 05:28:36.956911 139453611874048 logging_writer.py:48] [19600] global_step=19600, grad_norm=0.7770916819572449, loss=3.6218435764312744
I0420 05:29:18.589553 139453486049024 logging_writer.py:48] [19700] global_step=19700, grad_norm=0.7010191082954407, loss=3.4433159828186035
I0420 05:30:00.057059 139453611874048 logging_writer.py:48] [19800] global_step=19800, grad_norm=0.7229951024055481, loss=4.390405178070068
I0420 05:30:41.386964 139453486049024 logging_writer.py:48] [19900] global_step=19900, grad_norm=0.7474470138549805, loss=4.327921390533447
I0420 05:31:23.526871 139453611874048 logging_writer.py:48] [20000] global_step=20000, grad_norm=0.6937509775161743, loss=4.4531779289245605
I0420 05:32:05.330206 139453486049024 logging_writer.py:48] [20100] global_step=20100, grad_norm=0.7901067137718201, loss=4.411792755126953
I0420 05:32:47.203082 139453611874048 logging_writer.py:48] [20200] global_step=20200, grad_norm=0.789534330368042, loss=4.698045253753662
I0420 05:33:28.447218 139453486049024 logging_writer.py:48] [20300] global_step=20300, grad_norm=0.7506505250930786, loss=5.29945707321167
I0420 05:33:44.747446 139634154121024 spec.py:298] Evaluating on the training split.
I0420 05:33:58.964486 139634154121024 spec.py:310] Evaluating on the validation split.
I0420 05:34:11.348082 139634154121024 spec.py:326] Evaluating on the test split.
I0420 05:34:13.044473 139634154121024 submission_runner.py:406] Time since start: 9037.68s, 	Step: 20341, 	{'train/accuracy': 0.6015819907188416, 'train/loss': 1.78476083278656, 'validation/accuracy': 0.5509999990463257, 'validation/loss': 2.0242514610290527, 'validation/num_examples': 50000, 'test/accuracy': 0.4312000274658203, 'test/loss': 2.675971269607544, 'test/num_examples': 10000, 'score': 8456.092192411423, 'total_duration': 9037.67885351181, 'accumulated_submission_time': 8456.092192411423, 'accumulated_eval_time': 540.208366394043, 'accumulated_logging_time': 40.96019172668457}
I0420 05:34:13.061339 139453611874048 logging_writer.py:48] [20341] accumulated_eval_time=540.208366, accumulated_logging_time=40.960192, accumulated_submission_time=8456.092192, global_step=20341, preemption_count=0, score=8456.092192, test/accuracy=0.431200, test/loss=2.675971, test/num_examples=10000, total_duration=9037.678854, train/accuracy=0.601582, train/loss=1.784761, validation/accuracy=0.551000, validation/loss=2.024251, validation/num_examples=50000
I0420 05:34:13.400717 139634154121024 checkpoints.py:356] Saving checkpoint at step: 20341
I0420 05:34:14.808845 139634154121024 checkpoints.py:317] Saved checkpoint at /experiment_runs/timing_v3_b/timing_adamw/imagenet_vit_jax/trial_1/checkpoint_20341
I0420 05:34:14.830531 139634154121024 checkpoint_utils.py:240] Saved checkpoint to /experiment_runs/timing_v3_b/timing_adamw/imagenet_vit_jax/trial_1/checkpoint_20341.
I0420 05:34:38.814736 139453486049024 logging_writer.py:48] [20400] global_step=20400, grad_norm=0.7950549721717834, loss=5.541198253631592
I0420 05:35:19.425281 139453477656320 logging_writer.py:48] [20500] global_step=20500, grad_norm=0.7080432176589966, loss=3.592655897140503
I0420 05:36:00.760152 139453486049024 logging_writer.py:48] [20600] global_step=20600, grad_norm=0.7643886208534241, loss=3.747051477432251
I0420 05:36:42.884333 139453477656320 logging_writer.py:48] [20700] global_step=20700, grad_norm=0.7912095189094543, loss=4.089912414550781
I0420 05:37:24.155169 139453486049024 logging_writer.py:48] [20800] global_step=20800, grad_norm=0.8096510171890259, loss=3.4596920013427734
I0420 05:38:05.537180 139453477656320 logging_writer.py:48] [20900] global_step=20900, grad_norm=0.7718480825424194, loss=3.652275800704956
I0420 05:38:47.183101 139453486049024 logging_writer.py:48] [21000] global_step=21000, grad_norm=0.8305178284645081, loss=3.4341046810150146
I0420 05:39:29.061799 139453477656320 logging_writer.py:48] [21100] global_step=21100, grad_norm=0.7493624091148376, loss=3.5128467082977295
I0420 05:40:10.544789 139453486049024 logging_writer.py:48] [21200] global_step=21200, grad_norm=0.812901496887207, loss=4.066964626312256
I0420 05:40:52.926659 139453477656320 logging_writer.py:48] [21300] global_step=21300, grad_norm=0.7486361861228943, loss=4.948031902313232
I0420 05:41:15.195403 139634154121024 spec.py:298] Evaluating on the training split.
I0420 05:41:29.389605 139634154121024 spec.py:310] Evaluating on the validation split.
I0420 05:41:41.903845 139634154121024 spec.py:326] Evaluating on the test split.
I0420 05:41:43.571950 139634154121024 submission_runner.py:406] Time since start: 9488.21s, 	Step: 21355, 	{'train/accuracy': 0.6152929663658142, 'train/loss': 1.734614372253418, 'validation/accuracy': 0.5588200092315674, 'validation/loss': 1.9915305376052856, 'validation/num_examples': 50000, 'test/accuracy': 0.4402000308036804, 'test/loss': 2.6341724395751953, 'test/num_examples': 10000, 'score': 8876.418927431107, 'total_duration': 9488.206291437149, 'accumulated_submission_time': 8876.418927431107, 'accumulated_eval_time': 568.5848226547241, 'accumulated_logging_time': 42.764538049697876}
I0420 05:41:43.588802 139453486049024 logging_writer.py:48] [21355] accumulated_eval_time=568.584823, accumulated_logging_time=42.764538, accumulated_submission_time=8876.418927, global_step=21355, preemption_count=0, score=8876.418927, test/accuracy=0.440200, test/loss=2.634172, test/num_examples=10000, total_duration=9488.206291, train/accuracy=0.615293, train/loss=1.734614, validation/accuracy=0.558820, validation/loss=1.991531, validation/num_examples=50000
I0420 05:41:43.977138 139634154121024 checkpoints.py:356] Saving checkpoint at step: 21355
I0420 05:41:45.326733 139634154121024 checkpoints.py:317] Saved checkpoint at /experiment_runs/timing_v3_b/timing_adamw/imagenet_vit_jax/trial_1/checkpoint_21355
I0420 05:41:45.346591 139634154121024 checkpoint_utils.py:240] Saved checkpoint to /experiment_runs/timing_v3_b/timing_adamw/imagenet_vit_jax/trial_1/checkpoint_21355.
I0420 05:42:03.661230 139453477656320 logging_writer.py:48] [21400] global_step=21400, grad_norm=0.7248865365982056, loss=3.5847034454345703
I0420 05:42:44.308717 139453469263616 logging_writer.py:48] [21500] global_step=21500, grad_norm=0.8539273142814636, loss=3.674053192138672
I0420 05:43:26.181803 139453477656320 logging_writer.py:48] [21600] global_step=21600, grad_norm=0.7757465839385986, loss=4.64797830581665
I0420 05:44:07.968099 139453469263616 logging_writer.py:48] [21700] global_step=21700, grad_norm=0.8926685452461243, loss=3.632018566131592
I0420 05:44:49.301065 139453477656320 logging_writer.py:48] [21800] global_step=21800, grad_norm=0.7635306119918823, loss=4.897179126739502
I0420 05:45:31.111279 139453469263616 logging_writer.py:48] [21900] global_step=21900, grad_norm=0.8594139218330383, loss=3.5559353828430176
I0420 05:46:12.931369 139453477656320 logging_writer.py:48] [22000] global_step=22000, grad_norm=0.7494821548461914, loss=4.5595197677612305
I0420 05:46:54.662409 139453469263616 logging_writer.py:48] [22100] global_step=22100, grad_norm=0.8039975762367249, loss=3.558868408203125
I0420 05:47:36.472911 139453477656320 logging_writer.py:48] [22200] global_step=22200, grad_norm=0.7997802495956421, loss=3.459993839263916
I0420 05:48:18.329005 139453469263616 logging_writer.py:48] [22300] global_step=22300, grad_norm=0.8910505175590515, loss=5.520071506500244
I0420 05:48:45.468526 139634154121024 spec.py:298] Evaluating on the training split.
I0420 05:48:59.481081 139634154121024 spec.py:310] Evaluating on the validation split.
I0420 05:49:11.629046 139634154121024 spec.py:326] Evaluating on the test split.
I0420 05:49:13.305882 139634154121024 submission_runner.py:406] Time since start: 9937.94s, 	Step: 22366, 	{'train/accuracy': 0.6175585985183716, 'train/loss': 1.6707730293273926, 'validation/accuracy': 0.5679000020027161, 'validation/loss': 1.9088568687438965, 'validation/num_examples': 50000, 'test/accuracy': 0.44790002703666687, 'test/loss': 2.5545949935913086, 'test/num_examples': 10000, 'score': 9296.501121044159, 'total_duration': 9937.94027686119, 'accumulated_submission_time': 9296.501121044159, 'accumulated_eval_time': 596.4221653938293, 'accumulated_logging_time': 44.55964112281799}
I0420 05:49:13.322716 139453477656320 logging_writer.py:48] [22366] accumulated_eval_time=596.422165, accumulated_logging_time=44.559641, accumulated_submission_time=9296.501121, global_step=22366, preemption_count=0, score=9296.501121, test/accuracy=0.447900, test/loss=2.554595, test/num_examples=10000, total_duration=9937.940277, train/accuracy=0.617559, train/loss=1.670773, validation/accuracy=0.567900, validation/loss=1.908857, validation/num_examples=50000
I0420 05:49:13.727297 139634154121024 checkpoints.py:356] Saving checkpoint at step: 22366
I0420 05:49:15.211397 139634154121024 checkpoints.py:317] Saved checkpoint at /experiment_runs/timing_v3_b/timing_adamw/imagenet_vit_jax/trial_1/checkpoint_22366
I0420 05:49:15.238602 139634154121024 checkpoint_utils.py:240] Saved checkpoint to /experiment_runs/timing_v3_b/timing_adamw/imagenet_vit_jax/trial_1/checkpoint_22366.
I0420 05:49:29.142359 139453469263616 logging_writer.py:48] [22400] global_step=22400, grad_norm=0.7915220260620117, loss=4.638244152069092
I0420 05:50:10.409174 139453460870912 logging_writer.py:48] [22500] global_step=22500, grad_norm=0.785254955291748, loss=3.9700310230255127
I0420 05:50:53.060432 139453469263616 logging_writer.py:48] [22600] global_step=22600, grad_norm=1.0496771335601807, loss=5.677826881408691
I0420 05:51:34.727767 139453460870912 logging_writer.py:48] [22700] global_step=22700, grad_norm=0.7310267686843872, loss=3.760916233062744
I0420 05:52:16.604804 139453469263616 logging_writer.py:48] [22800] global_step=22800, grad_norm=0.8593236804008484, loss=3.4037208557128906
I0420 05:52:58.520917 139453460870912 logging_writer.py:48] [22900] global_step=22900, grad_norm=0.7787240743637085, loss=4.942465782165527
I0420 05:53:40.594852 139453469263616 logging_writer.py:48] [23000] global_step=23000, grad_norm=0.7248708605766296, loss=3.6205387115478516
I0420 05:54:23.174958 139453460870912 logging_writer.py:48] [23100] global_step=23100, grad_norm=0.9412805438041687, loss=3.369175672531128
I0420 05:55:05.075385 139453469263616 logging_writer.py:48] [23200] global_step=23200, grad_norm=0.787350058555603, loss=3.3019111156463623
I0420 05:55:47.135450 139453460870912 logging_writer.py:48] [23300] global_step=23300, grad_norm=0.8486455678939819, loss=3.2937495708465576
I0420 05:56:15.601628 139634154121024 spec.py:298] Evaluating on the training split.
I0420 05:56:29.975666 139634154121024 spec.py:310] Evaluating on the validation split.
I0420 05:56:41.487111 139634154121024 spec.py:326] Evaluating on the test split.
I0420 05:56:43.177753 139634154121024 submission_runner.py:406] Time since start: 10387.81s, 	Step: 23370, 	{'train/accuracy': 0.624707043170929, 'train/loss': 1.713015079498291, 'validation/accuracy': 0.573419988155365, 'validation/loss': 1.939420461654663, 'validation/num_examples': 50000, 'test/accuracy': 0.46060001850128174, 'test/loss': 2.585891008377075, 'test/num_examples': 10000, 'score': 9716.842607975006, 'total_duration': 10387.812150239944, 'accumulated_submission_time': 9716.842607975006, 'accumulated_eval_time': 623.9982669353485, 'accumulated_logging_time': 46.49494504928589}
I0420 05:56:43.196108 139453469263616 logging_writer.py:48] [23370] accumulated_eval_time=623.998267, accumulated_logging_time=46.494945, accumulated_submission_time=9716.842608, global_step=23370, preemption_count=0, score=9716.842608, test/accuracy=0.460600, test/loss=2.585891, test/num_examples=10000, total_duration=10387.812150, train/accuracy=0.624707, train/loss=1.713015, validation/accuracy=0.573420, validation/loss=1.939420, validation/num_examples=50000
I0420 05:56:44.117962 139634154121024 checkpoints.py:356] Saving checkpoint at step: 23370
I0420 05:56:45.468690 139634154121024 checkpoints.py:317] Saved checkpoint at /experiment_runs/timing_v3_b/timing_adamw/imagenet_vit_jax/trial_1/checkpoint_23370
I0420 05:56:45.490315 139634154121024 checkpoint_utils.py:240] Saved checkpoint to /experiment_runs/timing_v3_b/timing_adamw/imagenet_vit_jax/trial_1/checkpoint_23370.
I0420 05:56:57.842207 139453460870912 logging_writer.py:48] [23400] global_step=23400, grad_norm=0.8680200576782227, loss=3.573857307434082
I0420 05:57:39.149727 139453452478208 logging_writer.py:48] [23500] global_step=23500, grad_norm=0.8092349767684937, loss=3.283189296722412
I0420 05:58:21.425849 139453460870912 logging_writer.py:48] [23600] global_step=23600, grad_norm=0.8344994783401489, loss=3.327792167663574
I0420 05:59:03.934755 139453452478208 logging_writer.py:48] [23700] global_step=23700, grad_norm=0.7443515062332153, loss=4.275934219360352
I0420 05:59:46.318121 139453460870912 logging_writer.py:48] [23800] global_step=23800, grad_norm=0.8202580809593201, loss=3.308056592941284
I0420 06:00:29.372996 139453452478208 logging_writer.py:48] [23900] global_step=23900, grad_norm=0.780497670173645, loss=3.404155969619751
I0420 06:01:11.791313 139453460870912 logging_writer.py:48] [24000] global_step=24000, grad_norm=0.7644280195236206, loss=4.392645835876465
I0420 06:01:54.130522 139453452478208 logging_writer.py:48] [24100] global_step=24100, grad_norm=0.7421071529388428, loss=3.460360288619995
I0420 06:02:36.629232 139453460870912 logging_writer.py:48] [24200] global_step=24200, grad_norm=0.9130488038063049, loss=5.448277950286865
I0420 06:03:18.512124 139453452478208 logging_writer.py:48] [24300] global_step=24300, grad_norm=0.7777784466743469, loss=3.9498698711395264
I0420 06:03:45.723557 139634154121024 spec.py:298] Evaluating on the training split.
I0420 06:03:56.487267 139634154121024 spec.py:310] Evaluating on the validation split.
I0420 06:04:08.862334 139634154121024 spec.py:326] Evaluating on the test split.
I0420 06:04:10.524220 139634154121024 submission_runner.py:406] Time since start: 10835.16s, 	Step: 24365, 	{'train/accuracy': 0.6304101347923279, 'train/loss': 1.6804702281951904, 'validation/accuracy': 0.5785999894142151, 'validation/loss': 1.9160630702972412, 'validation/num_examples': 50000, 'test/accuracy': 0.45350003242492676, 'test/loss': 2.588242530822754, 'test/num_examples': 10000, 'score': 10137.035184621811, 'total_duration': 10835.158628702164, 'accumulated_submission_time': 10137.035184621811, 'accumulated_eval_time': 648.7989227771759, 'accumulated_logging_time': 48.828855991363525}
I0420 06:04:10.535785 139453460870912 logging_writer.py:48] [24365] accumulated_eval_time=648.798923, accumulated_logging_time=48.828856, accumulated_submission_time=10137.035185, global_step=24365, preemption_count=0, score=10137.035185, test/accuracy=0.453500, test/loss=2.588243, test/num_examples=10000, total_duration=10835.158629, train/accuracy=0.630410, train/loss=1.680470, validation/accuracy=0.578600, validation/loss=1.916063, validation/num_examples=50000
I0420 06:04:10.743700 139634154121024 checkpoints.py:356] Saving checkpoint at step: 24365
I0420 06:04:12.140009 139634154121024 checkpoints.py:317] Saved checkpoint at /experiment_runs/timing_v3_b/timing_adamw/imagenet_vit_jax/trial_1/checkpoint_24365
I0420 06:04:12.162709 139634154121024 checkpoint_utils.py:240] Saved checkpoint to /experiment_runs/timing_v3_b/timing_adamw/imagenet_vit_jax/trial_1/checkpoint_24365.
I0420 06:04:26.492304 139453452478208 logging_writer.py:48] [24400] global_step=24400, grad_norm=0.7018592953681946, loss=4.150853633880615
I0420 06:05:07.167165 139453444085504 logging_writer.py:48] [24500] global_step=24500, grad_norm=0.81535804271698, loss=4.39856481552124
I0420 06:05:48.562629 139453452478208 logging_writer.py:48] [24600] global_step=24600, grad_norm=0.7305572032928467, loss=3.6677212715148926
I0420 06:06:30.884896 139453444085504 logging_writer.py:48] [24700] global_step=24700, grad_norm=0.8014618158340454, loss=3.3644464015960693
I0420 06:07:12.136374 139453452478208 logging_writer.py:48] [24800] global_step=24800, grad_norm=0.7034755349159241, loss=4.053365707397461
I0420 06:07:53.462913 139453444085504 logging_writer.py:48] [24900] global_step=24900, grad_norm=0.8362252116203308, loss=3.184016704559326
I0420 06:08:34.883136 139453452478208 logging_writer.py:48] [25000] global_step=25000, grad_norm=0.8970214128494263, loss=4.872138977050781
I0420 06:09:16.807366 139453444085504 logging_writer.py:48] [25100] global_step=25100, grad_norm=0.8651825785636902, loss=3.3117988109588623
I0420 06:09:58.646864 139453452478208 logging_writer.py:48] [25200] global_step=25200, grad_norm=1.0073862075805664, loss=3.3196940422058105
I0420 06:10:40.481575 139453444085504 logging_writer.py:48] [25300] global_step=25300, grad_norm=0.8272531032562256, loss=3.63496994972229
I0420 06:11:12.290838 139634154121024 spec.py:298] Evaluating on the training split.
I0420 06:11:22.372483 139634154121024 spec.py:310] Evaluating on the validation split.
I0420 06:11:35.185533 139634154121024 spec.py:326] Evaluating on the test split.
I0420 06:11:36.835753 139634154121024 submission_runner.py:406] Time since start: 11281.47s, 	Step: 25378, 	{'train/accuracy': 0.6426171660423279, 'train/loss': 1.614936351776123, 'validation/accuracy': 0.5890399813652039, 'validation/loss': 1.8615516424179077, 'validation/num_examples': 50000, 'test/accuracy': 0.4627000093460083, 'test/loss': 2.5205576419830322, 'test/num_examples': 10000, 'score': 10557.13270187378, 'total_duration': 11281.470165014267, 'accumulated_submission_time': 10557.13270187378, 'accumulated_eval_time': 673.3438484668732, 'accumulated_logging_time': 50.47846269607544}
I0420 06:11:36.849967 139453452478208 logging_writer.py:48] [25378] accumulated_eval_time=673.343848, accumulated_logging_time=50.478463, accumulated_submission_time=10557.132702, global_step=25378, preemption_count=0, score=10557.132702, test/accuracy=0.462700, test/loss=2.520558, test/num_examples=10000, total_duration=11281.470165, train/accuracy=0.642617, train/loss=1.614936, validation/accuracy=0.589040, validation/loss=1.861552, validation/num_examples=50000
I0420 06:11:37.133082 139634154121024 checkpoints.py:356] Saving checkpoint at step: 25378
I0420 06:11:38.385550 139634154121024 checkpoints.py:317] Saved checkpoint at /experiment_runs/timing_v3_b/timing_adamw/imagenet_vit_jax/trial_1/checkpoint_25378
I0420 06:11:38.406009 139634154121024 checkpoint_utils.py:240] Saved checkpoint to /experiment_runs/timing_v3_b/timing_adamw/imagenet_vit_jax/trial_1/checkpoint_25378.
I0420 06:11:47.563324 139453444085504 logging_writer.py:48] [25400] global_step=25400, grad_norm=0.7544991970062256, loss=4.331748008728027
I0420 06:12:28.121483 139453192451840 logging_writer.py:48] [25500] global_step=25500, grad_norm=0.9295344352722168, loss=5.498793601989746
I0420 06:13:10.221106 139453444085504 logging_writer.py:48] [25600] global_step=25600, grad_norm=0.8513849973678589, loss=3.210885524749756
I0420 06:13:52.624719 139453192451840 logging_writer.py:48] [25700] global_step=25700, grad_norm=0.7939133048057556, loss=3.3689610958099365
I0420 06:14:34.812580 139453444085504 logging_writer.py:48] [25800] global_step=25800, grad_norm=0.7850509881973267, loss=4.61033821105957
I0420 06:15:16.481493 139453192451840 logging_writer.py:48] [25900] global_step=25900, grad_norm=0.8946605920791626, loss=3.783802032470703
I0420 06:15:58.474325 139453444085504 logging_writer.py:48] [26000] global_step=26000, grad_norm=0.7707095742225647, loss=3.540799379348755
I0420 06:16:40.042110 139453192451840 logging_writer.py:48] [26100] global_step=26100, grad_norm=0.8384771943092346, loss=4.840837001800537
I0420 06:17:21.928684 139453444085504 logging_writer.py:48] [26200] global_step=26200, grad_norm=0.8344506025314331, loss=3.2618892192840576
I0420 06:18:04.751715 139453192451840 logging_writer.py:48] [26300] global_step=26300, grad_norm=0.7586999535560608, loss=3.5690841674804688
I0420 06:18:38.806475 139634154121024 spec.py:298] Evaluating on the training split.
I0420 06:18:49.034438 139634154121024 spec.py:310] Evaluating on the validation split.
I0420 06:19:01.801932 139634154121024 spec.py:326] Evaluating on the test split.
I0420 06:19:03.486969 139634154121024 submission_runner.py:406] Time since start: 11728.12s, 	Step: 26384, 	{'train/accuracy': 0.672558605670929, 'train/loss': 1.4435343742370605, 'validation/accuracy': 0.5943999886512756, 'validation/loss': 1.7993324995040894, 'validation/num_examples': 50000, 'test/accuracy': 0.4674000144004822, 'test/loss': 2.4525508880615234, 'test/num_examples': 10000, 'score': 10977.496617555618, 'total_duration': 11728.121235847473, 'accumulated_submission_time': 10977.496617555618, 'accumulated_eval_time': 698.0242011547089, 'accumulated_logging_time': 52.06649827957153}
I0420 06:19:03.504993 139453444085504 logging_writer.py:48] [26384] accumulated_eval_time=698.024201, accumulated_logging_time=52.066498, accumulated_submission_time=10977.496618, global_step=26384, preemption_count=0, score=10977.496618, test/accuracy=0.467400, test/loss=2.452551, test/num_examples=10000, total_duration=11728.121236, train/accuracy=0.672559, train/loss=1.443534, validation/accuracy=0.594400, validation/loss=1.799332, validation/num_examples=50000
I0420 06:19:03.901458 139634154121024 checkpoints.py:356] Saving checkpoint at step: 26384
I0420 06:19:05.068249 139634154121024 checkpoints.py:317] Saved checkpoint at /experiment_runs/timing_v3_b/timing_adamw/imagenet_vit_jax/trial_1/checkpoint_26384
I0420 06:19:05.089055 139634154121024 checkpoint_utils.py:240] Saved checkpoint to /experiment_runs/timing_v3_b/timing_adamw/imagenet_vit_jax/trial_1/checkpoint_26384.
I0420 06:19:11.904929 139453192451840 logging_writer.py:48] [26400] global_step=26400, grad_norm=0.8746671080589294, loss=3.358431339263916
I0420 06:19:51.985368 139453184059136 logging_writer.py:48] [26500] global_step=26500, grad_norm=0.8275668025016785, loss=3.322085380554199
I0420 06:20:33.513986 139453192451840 logging_writer.py:48] [26600] global_step=26600, grad_norm=0.7918702960014343, loss=3.920954704284668
I0420 06:21:15.506410 139453184059136 logging_writer.py:48] [26700] global_step=26700, grad_norm=0.9615909457206726, loss=3.1788110733032227
I0420 06:21:57.533877 139453192451840 logging_writer.py:48] [26800] global_step=26800, grad_norm=0.7922037243843079, loss=3.1971797943115234
I0420 06:22:39.353956 139453184059136 logging_writer.py:48] [26900] global_step=26900, grad_norm=0.8685779571533203, loss=3.2146358489990234
I0420 06:23:21.710153 139453192451840 logging_writer.py:48] [27000] global_step=27000, grad_norm=0.884283721446991, loss=3.188629150390625
I0420 06:24:03.662868 139453184059136 logging_writer.py:48] [27100] global_step=27100, grad_norm=0.8447819352149963, loss=3.153878927230835
I0420 06:24:45.606555 139453192451840 logging_writer.py:48] [27200] global_step=27200, grad_norm=0.8060881495475769, loss=3.278449296951294
I0420 06:25:27.094819 139453184059136 logging_writer.py:48] [27300] global_step=27300, grad_norm=0.8984205722808838, loss=3.1914730072021484
I0420 06:26:05.195970 139634154121024 spec.py:298] Evaluating on the training split.
I0420 06:26:15.337901 139634154121024 spec.py:310] Evaluating on the validation split.
I0420 06:26:27.833574 139634154121024 spec.py:326] Evaluating on the test split.
I0420 06:26:29.492370 139634154121024 submission_runner.py:406] Time since start: 12174.13s, 	Step: 27392, 	{'train/accuracy': 0.6496288776397705, 'train/loss': 1.5612359046936035, 'validation/accuracy': 0.5991599559783936, 'validation/loss': 1.7951539754867554, 'validation/num_examples': 50000, 'test/accuracy': 0.47140002250671387, 'test/loss': 2.453737735748291, 'test/num_examples': 10000, 'score': 11397.563924312592, 'total_duration': 12174.12678194046, 'accumulated_submission_time': 11397.563924312592, 'accumulated_eval_time': 722.3205797672272, 'accumulated_logging_time': 53.68946599960327}
I0420 06:26:29.504776 139453192451840 logging_writer.py:48] [27392] accumulated_eval_time=722.320580, accumulated_logging_time=53.689466, accumulated_submission_time=11397.563924, global_step=27392, preemption_count=0, score=11397.563924, test/accuracy=0.471400, test/loss=2.453738, test/num_examples=10000, total_duration=12174.126782, train/accuracy=0.649629, train/loss=1.561236, validation/accuracy=0.599160, validation/loss=1.795154, validation/num_examples=50000
I0420 06:26:29.835322 139634154121024 checkpoints.py:356] Saving checkpoint at step: 27392
I0420 06:26:31.266296 139634154121024 checkpoints.py:317] Saved checkpoint at /experiment_runs/timing_v3_b/timing_adamw/imagenet_vit_jax/trial_1/checkpoint_27392
I0420 06:26:31.288595 139634154121024 checkpoint_utils.py:240] Saved checkpoint to /experiment_runs/timing_v3_b/timing_adamw/imagenet_vit_jax/trial_1/checkpoint_27392.
I0420 06:26:34.903632 139453184059136 logging_writer.py:48] [27400] global_step=27400, grad_norm=0.9763460159301758, loss=5.489879608154297
I0420 06:27:14.877130 139453175666432 logging_writer.py:48] [27500] global_step=27500, grad_norm=0.9528980255126953, loss=4.554422855377197
I0420 06:27:56.428476 139453184059136 logging_writer.py:48] [27600] global_step=27600, grad_norm=0.8044832348823547, loss=3.2387712001800537
I0420 06:28:38.464526 139453175666432 logging_writer.py:48] [27700] global_step=27700, grad_norm=0.8646512031555176, loss=3.1156716346740723
I0420 06:29:20.301573 139453184059136 logging_writer.py:48] [27800] global_step=27800, grad_norm=0.8066275715827942, loss=3.6573972702026367
I0420 06:30:02.361010 139453175666432 logging_writer.py:48] [27900] global_step=27900, grad_norm=0.8838907480239868, loss=3.2151172161102295
I0420 06:30:43.082022 139634154121024 spec.py:298] Evaluating on the training split.
I0420 06:30:53.130707 139634154121024 spec.py:310] Evaluating on the validation split.
I0420 06:31:06.034134 139634154121024 spec.py:326] Evaluating on the test split.
I0420 06:31:07.709724 139634154121024 submission_runner.py:406] Time since start: 12452.34s, 	Step: 28000, 	{'train/accuracy': 0.6583593487739563, 'train/loss': 1.5350534915924072, 'validation/accuracy': 0.6018199920654297, 'validation/loss': 1.8021916151046753, 'validation/num_examples': 50000, 'test/accuracy': 0.4759000241756439, 'test/loss': 2.4410178661346436, 'test/num_examples': 10000, 'score': 11649.32623744011, 'total_duration': 12452.344131708145, 'accumulated_submission_time': 11649.32623744011, 'accumulated_eval_time': 746.9482498168945, 'accumulated_logging_time': 55.50487017631531}
I0420 06:31:07.722320 139453184059136 logging_writer.py:48] [28000] accumulated_eval_time=746.948250, accumulated_logging_time=55.504870, accumulated_submission_time=11649.326237, global_step=28000, preemption_count=0, score=11649.326237, test/accuracy=0.475900, test/loss=2.441018, test/num_examples=10000, total_duration=12452.344132, train/accuracy=0.658359, train/loss=1.535053, validation/accuracy=0.601820, validation/loss=1.802192, validation/num_examples=50000
I0420 06:31:07.965365 139634154121024 checkpoints.py:356] Saving checkpoint at step: 28000
I0420 06:31:09.218816 139634154121024 checkpoints.py:317] Saved checkpoint at /experiment_runs/timing_v3_b/timing_adamw/imagenet_vit_jax/trial_1/checkpoint_28000
I0420 06:31:09.238425 139634154121024 checkpoint_utils.py:240] Saved checkpoint to /experiment_runs/timing_v3_b/timing_adamw/imagenet_vit_jax/trial_1/checkpoint_28000.
I0420 06:31:09.250383 139453175666432 logging_writer.py:48] [28000] global_step=28000, preemption_count=0, score=11649.326237
I0420 06:31:09.519906 139634154121024 checkpoints.py:356] Saving checkpoint at step: 28000
I0420 06:31:10.670540 139634154121024 checkpoints.py:317] Saved checkpoint at /experiment_runs/timing_v3_b/timing_adamw/imagenet_vit_jax/trial_1/checkpoint_28000
I0420 06:31:10.685891 139634154121024 checkpoint_utils.py:240] Saved checkpoint to /experiment_runs/timing_v3_b/timing_adamw/imagenet_vit_jax/trial_1/checkpoint_28000.
I0420 06:31:11.543402 139634154121024 submission_runner.py:567] Tuning trial 1/1
I0420 06:31:11.544251 139634154121024 submission_runner.py:568] Hyperparameters: Hyperparameters(learning_rate=0.0019814680146414726, one_minus_beta1=0.22838767981804783, beta2=0.999, warmup_factor=0.05, weight_decay=0.010340635370188849, label_smoothing=0.1, dropout_rate=0.0)
