I0420 03:03:12.706590 139634154121024 logger_utils.py:67] Creating experiment directory at /experiment_runs/timing_v3_b/timing_adamw/imagenet_vit_jax.
I0420 03:03:12.770160 139634154121024 xla_bridge.py:345] Unable to initialize backend 'tpu_driver': NOT_FOUND: Unable to find driver in registry given worker: 
I0420 03:03:13.593397 139634154121024 xla_bridge.py:345] Unable to initialize backend 'rocm': NOT_FOUND: Could not find registered platform with name: "rocm". Available platform names are: CUDA Host Interpreter
I0420 03:03:13.594068 139634154121024 xla_bridge.py:345] Unable to initialize backend 'tpu': module 'jaxlib.xla_extension' has no attribute 'get_tpu_client'
I0420 03:03:13.597965 139634154121024 submission_runner.py:528] Using RNG seed 3887363512
I0420 03:03:16.234697 139634154121024 submission_runner.py:537] --- Tuning run 1/1 ---
I0420 03:03:16.234929 139634154121024 submission_runner.py:542] Creating tuning directory at /experiment_runs/timing_v3_b/timing_adamw/imagenet_vit_jax/trial_1.
I0420 03:03:16.235105 139634154121024 logger_utils.py:83] Saving hparams to /experiment_runs/timing_v3_b/timing_adamw/imagenet_vit_jax/trial_1/hparams.json.
I0420 03:03:16.355035 139634154121024 submission_runner.py:232] Initializing dataset.
I0420 03:03:16.366474 139634154121024 dataset_info.py:566] Load dataset info from /data/imagenet/jax/imagenet2012/5.1.0
I0420 03:03:16.373620 139634154121024 dataset_info.py:642] Field info.splits from disk and from code do not match. Keeping the one from code.
I0420 03:03:16.373735 139634154121024 dataset_info.py:642] Field info.supervised_keys from disk and from code do not match. Keeping the one from code.
I0420 03:03:16.631062 139634154121024 logging_logger.py:49] Constructing tf.data.Dataset imagenet2012 for split train, from /data/imagenet/jax/imagenet2012/5.1.0
I0420 03:03:23.212046 139634154121024 submission_runner.py:239] Initializing model.
I0420 03:03:33.965139 139634154121024 submission_runner.py:249] Initializing optimizer.
I0420 03:03:34.619526 139634154121024 submission_runner.py:256] Initializing metrics bundle.
I0420 03:03:34.619700 139634154121024 submission_runner.py:273] Initializing checkpoint and logger.
I0420 03:03:34.620612 139634154121024 checkpoints.py:466] Found no checkpoint files in /experiment_runs/timing_v3_b/timing_adamw/imagenet_vit_jax/trial_1 with prefix checkpoint_
I0420 03:03:35.359110 139634154121024 submission_runner.py:294] Saving meta data to /experiment_runs/timing_v3_b/timing_adamw/imagenet_vit_jax/trial_1/meta_data_0.json.
I0420 03:03:35.360054 139634154121024 submission_runner.py:297] Saving flags to /experiment_runs/timing_v3_b/timing_adamw/imagenet_vit_jax/trial_1/flags_0.json.
I0420 03:03:35.365514 139634154121024 submission_runner.py:309] Starting training loop.
I0420 03:04:27.252471 139457940412160 logging_writer.py:48] [0] global_step=0, grad_norm=0.3189859986305237, loss=6.907756805419922
I0420 03:04:27.267668 139634154121024 spec.py:298] Evaluating on the training split.
I0420 03:04:27.273640 139634154121024 dataset_info.py:566] Load dataset info from /data/imagenet/jax/imagenet2012/5.1.0
I0420 03:04:27.279776 139634154121024 dataset_info.py:642] Field info.splits from disk and from code do not match. Keeping the one from code.
I0420 03:04:27.279893 139634154121024 dataset_info.py:642] Field info.supervised_keys from disk and from code do not match. Keeping the one from code.
I0420 03:04:27.339916 139634154121024 logging_logger.py:49] Constructing tf.data.Dataset imagenet2012 for split train, from /data/imagenet/jax/imagenet2012/5.1.0
I0420 03:04:46.943123 139634154121024 spec.py:310] Evaluating on the validation split.
I0420 03:04:46.951330 139634154121024 dataset_info.py:566] Load dataset info from /data/imagenet/jax/imagenet2012/5.1.0
I0420 03:04:46.962224 139634154121024 dataset_info.py:642] Field info.splits from disk and from code do not match. Keeping the one from code.
I0420 03:04:46.962471 139634154121024 dataset_info.py:642] Field info.supervised_keys from disk and from code do not match. Keeping the one from code.
I0420 03:04:47.016571 139634154121024 logging_logger.py:49] Constructing tf.data.Dataset imagenet2012 for split validation, from /data/imagenet/jax/imagenet2012/5.1.0
I0420 03:05:04.995196 139634154121024 spec.py:326] Evaluating on the test split.
I0420 03:05:05.002508 139634154121024 dataset_info.py:566] Load dataset info from /data/imagenet/jax/imagenet_v2/matched-frequency/3.0.0
I0420 03:05:05.007426 139634154121024 dataset_builder.py:510] Reusing dataset imagenet_v2 (/data/imagenet/jax/imagenet_v2/matched-frequency/3.0.0)
I0420 03:05:05.040757 139634154121024 logging_logger.py:49] Constructing tf.data.Dataset imagenet_v2 for split test, from /data/imagenet/jax/imagenet_v2/matched-frequency/3.0.0
I0420 03:05:15.853969 139634154121024 submission_runner.py:406] Time since start: 100.49s, 	Step: 1, 	{'train/accuracy': 0.0008593749953433871, 'train/loss': 6.907756328582764, 'validation/accuracy': 0.0009999999310821295, 'validation/loss': 6.9077558517456055, 'validation/num_examples': 50000, 'test/accuracy': 0.0010000000474974513, 'test/loss': 6.907756805419922, 'test/num_examples': 10000, 'score': 51.90200400352478, 'total_duration': 100.48839139938354, 'accumulated_submission_time': 51.90200400352478, 'accumulated_eval_time': 48.5862500667572, 'accumulated_logging_time': 0}
I0420 03:05:15.871347 139394480596736 logging_writer.py:48] [1] accumulated_eval_time=48.586250, accumulated_logging_time=0, accumulated_submission_time=51.902004, global_step=1, preemption_count=0, score=51.902004, test/accuracy=0.001000, test/loss=6.907757, test/num_examples=10000, total_duration=100.488391, train/accuracy=0.000859, train/loss=6.907756, validation/accuracy=0.001000, validation/loss=6.907756, validation/num_examples=50000
I0420 03:05:16.076351 139634154121024 checkpoints.py:356] Saving checkpoint at step: 1
I0420 03:05:16.588188 139634154121024 checkpoints.py:317] Saved checkpoint at /experiment_runs/timing_v3_b/timing_adamw/imagenet_vit_jax/trial_1/checkpoint_1
I0420 03:05:16.589088 139634154121024 checkpoint_utils.py:240] Saved checkpoint to /experiment_runs/timing_v3_b/timing_adamw/imagenet_vit_jax/trial_1/checkpoint_1.
I0420 03:06:12.919959 139452470982400 logging_writer.py:48] [100] global_step=100, grad_norm=0.46589672565460205, loss=6.895674228668213
I0420 03:06:52.628671 139452479375104 logging_writer.py:48] [200] global_step=200, grad_norm=0.5130423307418823, loss=6.8541107177734375
I0420 03:07:32.404483 139452470982400 logging_writer.py:48] [300] global_step=300, grad_norm=0.5597947835922241, loss=6.806299209594727
I0420 03:08:12.639651 139452479375104 logging_writer.py:48] [400] global_step=400, grad_norm=0.6703774929046631, loss=6.756648063659668
I0420 03:08:53.766413 139452470982400 logging_writer.py:48] [500] global_step=500, grad_norm=0.7431609630584717, loss=6.680700778961182
I0420 03:09:34.601318 139452479375104 logging_writer.py:48] [600] global_step=600, grad_norm=1.0938981771469116, loss=6.62691593170166
I0420 03:10:15.772239 139452470982400 logging_writer.py:48] [700] global_step=700, grad_norm=0.6523046493530273, loss=6.721721172332764
I0420 03:10:56.825983 139452479375104 logging_writer.py:48] [800] global_step=800, grad_norm=0.9918351769447327, loss=6.612194538116455
I0420 03:11:38.063565 139452470982400 logging_writer.py:48] [900] global_step=900, grad_norm=0.7087054252624512, loss=6.551886558532715
I0420 03:12:16.609494 139634154121024 spec.py:298] Evaluating on the training split.
I0420 03:12:27.358552 139634154121024 spec.py:310] Evaluating on the validation split.
I0420 03:12:33.893461 139634154121024 spec.py:326] Evaluating on the test split.
I0420 03:12:35.868214 139634154121024 submission_runner.py:406] Time since start: 540.50s, 	Step: 995, 	{'train/accuracy': 0.02812499925494194, 'train/loss': 6.073142051696777, 'validation/accuracy': 0.026359999552369118, 'validation/loss': 6.097471714019775, 'validation/num_examples': 50000, 'test/accuracy': 0.020500000566244125, 'test/loss': 6.181626319885254, 'test/num_examples': 10000, 'score': 471.8989188671112, 'total_duration': 540.5025823116302, 'accumulated_submission_time': 471.8989188671112, 'accumulated_eval_time': 67.84494185447693, 'accumulated_logging_time': 0.7367057800292969}
I0420 03:12:35.885680 139396032485120 logging_writer.py:48] [995] accumulated_eval_time=67.844942, accumulated_logging_time=0.736706, accumulated_submission_time=471.898919, global_step=995, preemption_count=0, score=471.898919, test/accuracy=0.020500, test/loss=6.181626, test/num_examples=10000, total_duration=540.502582, train/accuracy=0.028125, train/loss=6.073142, validation/accuracy=0.026360, validation/loss=6.097472, validation/num_examples=50000
I0420 03:12:37.576263 139634154121024 checkpoints.py:356] Saving checkpoint at step: 995
I0420 03:12:38.544213 139634154121024 checkpoints.py:317] Saved checkpoint at /experiment_runs/timing_v3_b/timing_adamw/imagenet_vit_jax/trial_1/checkpoint_995
I0420 03:12:38.545109 139634154121024 checkpoint_utils.py:240] Saved checkpoint to /experiment_runs/timing_v3_b/timing_adamw/imagenet_vit_jax/trial_1/checkpoint_995.
I0420 03:12:40.961056 139396040877824 logging_writer.py:48] [1000] global_step=1000, grad_norm=1.0814331769943237, loss=6.389519214630127
I0420 03:13:20.757879 139455826482944 logging_writer.py:48] [1100] global_step=1100, grad_norm=1.1889045238494873, loss=6.474746227264404
I0420 03:14:00.643283 139396040877824 logging_writer.py:48] [1200] global_step=1200, grad_norm=0.8400888442993164, loss=6.541831016540527
I0420 03:14:40.984954 139455826482944 logging_writer.py:48] [1300] global_step=1300, grad_norm=0.860002338886261, loss=6.717292308807373
I0420 03:15:22.047795 139396040877824 logging_writer.py:48] [1400] global_step=1400, grad_norm=0.9337859153747559, loss=6.239899635314941
I0420 03:16:02.935529 139455826482944 logging_writer.py:48] [1500] global_step=1500, grad_norm=0.8842772841453552, loss=6.152428150177002
I0420 03:16:43.754352 139396040877824 logging_writer.py:48] [1600] global_step=1600, grad_norm=1.515420913696289, loss=6.176859378814697
I0420 03:17:24.645251 139455826482944 logging_writer.py:48] [1700] global_step=1700, grad_norm=0.9218276143074036, loss=6.104589462280273
I0420 03:18:05.792971 139396040877824 logging_writer.py:48] [1800] global_step=1800, grad_norm=1.004148244857788, loss=6.055150508880615
I0420 03:18:46.851403 139455826482944 logging_writer.py:48] [1900] global_step=1900, grad_norm=0.7875878810882568, loss=6.291751861572266
I0420 03:19:27.753144 139396040877824 logging_writer.py:48] [2000] global_step=2000, grad_norm=1.1281951665878296, loss=6.599747657775879
I0420 03:19:38.676299 139634154121024 spec.py:298] Evaluating on the training split.
I0420 03:19:49.428650 139634154121024 spec.py:310] Evaluating on the validation split.
I0420 03:19:55.964869 139634154121024 spec.py:326] Evaluating on the test split.
I0420 03:19:57.695671 139634154121024 submission_runner.py:406] Time since start: 982.33s, 	Step: 2028, 	{'train/accuracy': 0.05998046696186066, 'train/loss': 5.488440990447998, 'validation/accuracy': 0.05657999962568283, 'validation/loss': 5.528353214263916, 'validation/num_examples': 50000, 'test/accuracy': 0.04130000248551369, 'test/loss': 5.7072906494140625, 'test/num_examples': 10000, 'score': 892.0069506168365, 'total_duration': 982.3300426006317, 'accumulated_submission_time': 892.0069506168365, 'accumulated_eval_time': 86.86427545547485, 'accumulated_logging_time': 3.415088415145874}
I0420 03:19:57.707226 139455826482944 logging_writer.py:48] [2028] accumulated_eval_time=86.864275, accumulated_logging_time=3.415088, accumulated_submission_time=892.006951, global_step=2028, preemption_count=0, score=892.006951, test/accuracy=0.041300, test/loss=5.707291, test/num_examples=10000, total_duration=982.330043, train/accuracy=0.059980, train/loss=5.488441, validation/accuracy=0.056580, validation/loss=5.528353, validation/num_examples=50000
I0420 03:19:57.872184 139634154121024 checkpoints.py:356] Saving checkpoint at step: 2028
I0420 03:20:01.019685 139634154121024 checkpoints.py:317] Saved checkpoint at /experiment_runs/timing_v3_b/timing_adamw/imagenet_vit_jax/trial_1/checkpoint_2028
I0420 03:20:01.033776 139634154121024 checkpoint_utils.py:240] Saved checkpoint to /experiment_runs/timing_v3_b/timing_adamw/imagenet_vit_jax/trial_1/checkpoint_2028.
I0420 03:20:30.019123 139396040877824 logging_writer.py:48] [2100] global_step=2100, grad_norm=1.1855942010879517, loss=6.018041610717773
I0420 03:21:09.903896 139455792912128 logging_writer.py:48] [2200] global_step=2200, grad_norm=0.8980762958526611, loss=6.009124755859375
I0420 03:21:50.025862 139396040877824 logging_writer.py:48] [2300] global_step=2300, grad_norm=1.0969653129577637, loss=6.006365776062012
I0420 03:22:31.236472 139455792912128 logging_writer.py:48] [2400] global_step=2400, grad_norm=1.0564919710159302, loss=5.977774620056152
I0420 03:23:12.254541 139396040877824 logging_writer.py:48] [2500] global_step=2500, grad_norm=1.0250447988510132, loss=6.193692207336426
I0420 03:23:53.334012 139455792912128 logging_writer.py:48] [2600] global_step=2600, grad_norm=1.2685449123382568, loss=5.861085414886475
I0420 03:24:34.057403 139396040877824 logging_writer.py:48] [2700] global_step=2700, grad_norm=0.8510279059410095, loss=5.826923847198486
I0420 03:25:15.031996 139455792912128 logging_writer.py:48] [2800] global_step=2800, grad_norm=0.9178870320320129, loss=6.056130409240723
I0420 03:25:55.869178 139396040877824 logging_writer.py:48] [2900] global_step=2900, grad_norm=0.9024989604949951, loss=5.801617622375488
I0420 03:26:36.970348 139455792912128 logging_writer.py:48] [3000] global_step=3000, grad_norm=0.9969676733016968, loss=5.858409404754639
I0420 03:27:01.305325 139634154121024 spec.py:298] Evaluating on the training split.
I0420 03:27:12.269659 139634154121024 spec.py:310] Evaluating on the validation split.
I0420 03:27:19.043041 139634154121024 spec.py:326] Evaluating on the test split.
I0420 03:27:20.739552 139634154121024 submission_runner.py:406] Time since start: 1425.37s, 	Step: 3061, 	{'train/accuracy': 0.10968749970197678, 'train/loss': 5.010592937469482, 'validation/accuracy': 0.10305999964475632, 'validation/loss': 5.071018218994141, 'validation/num_examples': 50000, 'test/accuracy': 0.07690000534057617, 'test/loss': 5.341904163360596, 'test/num_examples': 10000, 'score': 1312.2549996376038, 'total_duration': 1425.3739075660706, 'accumulated_submission_time': 1312.2549996376038, 'accumulated_eval_time': 106.29844236373901, 'accumulated_logging_time': 6.754659414291382}
I0420 03:27:20.752800 139396040877824 logging_writer.py:48] [3061] accumulated_eval_time=106.298442, accumulated_logging_time=6.754659, accumulated_submission_time=1312.255000, global_step=3061, preemption_count=0, score=1312.255000, test/accuracy=0.076900, test/loss=5.341904, test/num_examples=10000, total_duration=1425.373908, train/accuracy=0.109687, train/loss=5.010593, validation/accuracy=0.103060, validation/loss=5.071018, validation/num_examples=50000
I0420 03:27:21.408591 139634154121024 checkpoints.py:356] Saving checkpoint at step: 3061
I0420 03:27:24.528525 139634154121024 checkpoints.py:317] Saved checkpoint at /experiment_runs/timing_v3_b/timing_adamw/imagenet_vit_jax/trial_1/checkpoint_3061
I0420 03:27:24.541863 139634154121024 checkpoint_utils.py:240] Saved checkpoint to /experiment_runs/timing_v3_b/timing_adamw/imagenet_vit_jax/trial_1/checkpoint_3061.
I0420 03:27:40.554249 139455792912128 logging_writer.py:48] [3100] global_step=3100, grad_norm=0.8764802813529968, loss=5.773686408996582
I0420 03:28:20.583179 139455172179712 logging_writer.py:48] [3200] global_step=3200, grad_norm=0.7983725070953369, loss=5.832674503326416
I0420 03:29:00.634055 139455792912128 logging_writer.py:48] [3300] global_step=3300, grad_norm=1.0312297344207764, loss=5.647428035736084
I0420 03:29:41.082877 139455172179712 logging_writer.py:48] [3400] global_step=3400, grad_norm=0.7009238600730896, loss=6.599437713623047
I0420 03:30:22.143966 139455792912128 logging_writer.py:48] [3500] global_step=3500, grad_norm=0.8090174198150635, loss=5.620092391967773
I0420 03:31:02.899441 139455172179712 logging_writer.py:48] [3600] global_step=3600, grad_norm=1.5175063610076904, loss=5.571531295776367
I0420 03:31:44.069276 139455792912128 logging_writer.py:48] [3700] global_step=3700, grad_norm=0.695536732673645, loss=6.199016094207764
I0420 03:32:24.722570 139455172179712 logging_writer.py:48] [3800] global_step=3800, grad_norm=0.7962614297866821, loss=6.047206401824951
I0420 03:33:05.734082 139455792912128 logging_writer.py:48] [3900] global_step=3900, grad_norm=0.8040031790733337, loss=5.723294734954834
I0420 03:33:46.658408 139455172179712 logging_writer.py:48] [4000] global_step=4000, grad_norm=0.787736177444458, loss=5.565727710723877
I0420 03:34:24.933460 139634154121024 spec.py:298] Evaluating on the training split.
I0420 03:34:35.837564 139634154121024 spec.py:310] Evaluating on the validation split.
I0420 03:34:43.025896 139634154121024 spec.py:326] Evaluating on the test split.
I0420 03:34:44.711074 139634154121024 submission_runner.py:406] Time since start: 1869.35s, 	Step: 4095, 	{'train/accuracy': 0.16121093928813934, 'train/loss': 4.548720359802246, 'validation/accuracy': 0.1471799910068512, 'validation/loss': 4.648599147796631, 'validation/num_examples': 50000, 'test/accuracy': 0.11170000582933426, 'test/loss': 4.955526351928711, 'test/num_examples': 10000, 'score': 1732.6223714351654, 'total_duration': 1869.3454902172089, 'accumulated_submission_time': 1732.6223714351654, 'accumulated_eval_time': 126.07607507705688, 'accumulated_logging_time': 10.55923843383789}
I0420 03:34:44.720468 139455792912128 logging_writer.py:48] [4095] accumulated_eval_time=126.076075, accumulated_logging_time=10.559238, accumulated_submission_time=1732.622371, global_step=4095, preemption_count=0, score=1732.622371, test/accuracy=0.111700, test/loss=4.955526, test/num_examples=10000, total_duration=1869.345490, train/accuracy=0.161211, train/loss=4.548720, validation/accuracy=0.147180, validation/loss=4.648599, validation/num_examples=50000
I0420 03:34:44.866107 139634154121024 checkpoints.py:356] Saving checkpoint at step: 4095
I0420 03:34:48.429230 139634154121024 checkpoints.py:317] Saved checkpoint at /experiment_runs/timing_v3_b/timing_adamw/imagenet_vit_jax/trial_1/checkpoint_4095
I0420 03:34:48.434087 139634154121024 checkpoint_utils.py:240] Saved checkpoint to /experiment_runs/timing_v3_b/timing_adamw/imagenet_vit_jax/trial_1/checkpoint_4095.
I0420 03:34:50.950256 139455172179712 logging_writer.py:48] [4100] global_step=4100, grad_norm=0.9101976752281189, loss=5.437889575958252
I0420 03:35:31.129544 139455113434880 logging_writer.py:48] [4200] global_step=4200, grad_norm=1.015149474143982, loss=5.405046463012695
I0420 03:36:11.151466 139455172179712 logging_writer.py:48] [4300] global_step=4300, grad_norm=0.7463934421539307, loss=6.292580604553223
I0420 03:36:51.704483 139455113434880 logging_writer.py:48] [4400] global_step=4400, grad_norm=0.7484068274497986, loss=6.334565162658691
I0420 03:37:33.204257 139455172179712 logging_writer.py:48] [4500] global_step=4500, grad_norm=0.7342497706413269, loss=6.42032527923584
I0420 03:38:14.386823 139455113434880 logging_writer.py:48] [4600] global_step=4600, grad_norm=0.891605019569397, loss=5.372732162475586
I0420 03:38:55.409546 139455172179712 logging_writer.py:48] [4700] global_step=4700, grad_norm=0.9161351919174194, loss=5.636668682098389
I0420 03:39:36.614234 139455113434880 logging_writer.py:48] [4800] global_step=4800, grad_norm=0.8014264106750488, loss=5.287147045135498
I0420 03:40:17.909050 139455172179712 logging_writer.py:48] [4900] global_step=4900, grad_norm=0.836117684841156, loss=6.603343486785889
I0420 03:40:58.786904 139455113434880 logging_writer.py:48] [5000] global_step=5000, grad_norm=0.8510583639144897, loss=5.141363143920898
I0420 03:41:39.941273 139455172179712 logging_writer.py:48] [5100] global_step=5100, grad_norm=0.8586410880088806, loss=5.324774742126465
I0420 03:41:48.490629 139634154121024 spec.py:298] Evaluating on the training split.
I0420 03:41:59.579822 139634154121024 spec.py:310] Evaluating on the validation split.
I0420 03:42:06.365985 139634154121024 spec.py:326] Evaluating on the test split.
I0420 03:42:08.055047 139634154121024 submission_runner.py:406] Time since start: 2312.69s, 	Step: 5123, 	{'train/accuracy': 0.19539062678813934, 'train/loss': 4.199929237365723, 'validation/accuracy': 0.18063999712467194, 'validation/loss': 4.287660121917725, 'validation/num_examples': 50000, 'test/accuracy': 0.1347000002861023, 'test/loss': 4.6761980056762695, 'test/num_examples': 10000, 'score': 2152.6536116600037, 'total_duration': 2312.6894397735596, 'accumulated_submission_time': 2152.6536116600037, 'accumulated_eval_time': 145.6404550075531, 'accumulated_logging_time': 14.285023927688599}
I0420 03:42:08.066613 139455113434880 logging_writer.py:48] [5123] accumulated_eval_time=145.640455, accumulated_logging_time=14.285024, accumulated_submission_time=2152.653612, global_step=5123, preemption_count=0, score=2152.653612, test/accuracy=0.134700, test/loss=4.676198, test/num_examples=10000, total_duration=2312.689440, train/accuracy=0.195391, train/loss=4.199929, validation/accuracy=0.180640, validation/loss=4.287660, validation/num_examples=50000
I0420 03:42:08.215078 139634154121024 checkpoints.py:356] Saving checkpoint at step: 5123
I0420 03:42:11.859942 139634154121024 checkpoints.py:317] Saved checkpoint at /experiment_runs/timing_v3_b/timing_adamw/imagenet_vit_jax/trial_1/checkpoint_5123
I0420 03:42:11.877189 139634154121024 checkpoint_utils.py:240] Saved checkpoint to /experiment_runs/timing_v3_b/timing_adamw/imagenet_vit_jax/trial_1/checkpoint_5123.
I0420 03:42:42.951109 139455172179712 logging_writer.py:48] [5200] global_step=5200, grad_norm=0.8685110807418823, loss=5.291982173919678
I0420 03:43:23.063139 139455105042176 logging_writer.py:48] [5300] global_step=5300, grad_norm=0.8660858869552612, loss=5.182009696960449
I0420 03:44:03.188620 139455172179712 logging_writer.py:48] [5400] global_step=5400, grad_norm=0.8672358989715576, loss=5.1935014724731445
I0420 03:44:44.067975 139455105042176 logging_writer.py:48] [5500] global_step=5500, grad_norm=0.8033756017684937, loss=5.590746879577637
I0420 03:45:25.372466 139455172179712 logging_writer.py:48] [5600] global_step=5600, grad_norm=0.6058066487312317, loss=6.409392356872559
I0420 03:46:06.537376 139455105042176 logging_writer.py:48] [5700] global_step=5700, grad_norm=0.6634718775749207, loss=5.835916042327881
I0420 03:46:47.727416 139455172179712 logging_writer.py:48] [5800] global_step=5800, grad_norm=0.8154371380805969, loss=5.031843185424805
I0420 03:47:28.984754 139455105042176 logging_writer.py:48] [5900] global_step=5900, grad_norm=0.6593493223190308, loss=6.438361644744873
I0420 03:48:09.902832 139455172179712 logging_writer.py:48] [6000] global_step=6000, grad_norm=0.7127517461776733, loss=5.156374931335449
I0420 03:48:50.856975 139455105042176 logging_writer.py:48] [6100] global_step=6100, grad_norm=1.0044629573822021, loss=5.144964694976807
I0420 03:49:12.248329 139634154121024 spec.py:298] Evaluating on the training split.
I0420 03:49:23.269707 139634154121024 spec.py:310] Evaluating on the validation split.
I0420 03:49:30.849543 139634154121024 spec.py:326] Evaluating on the test split.
I0420 03:49:32.526446 139634154121024 submission_runner.py:406] Time since start: 2757.16s, 	Step: 6154, 	{'train/accuracy': 0.24339842796325684, 'train/loss': 3.873344898223877, 'validation/accuracy': 0.2291799932718277, 'validation/loss': 3.9699673652648926, 'validation/num_examples': 50000, 'test/accuracy': 0.17080001533031464, 'test/loss': 4.4077606201171875, 'test/num_examples': 10000, 'score': 2573.000037908554, 'total_duration': 2757.160853624344, 'accumulated_submission_time': 2573.000037908554, 'accumulated_eval_time': 165.9185597896576, 'accumulated_logging_time': 18.109528303146362}
I0420 03:49:32.538714 139455172179712 logging_writer.py:48] [6154] accumulated_eval_time=165.918560, accumulated_logging_time=18.109528, accumulated_submission_time=2573.000038, global_step=6154, preemption_count=0, score=2573.000038, test/accuracy=0.170800, test/loss=4.407761, test/num_examples=10000, total_duration=2757.160854, train/accuracy=0.243398, train/loss=3.873345, validation/accuracy=0.229180, validation/loss=3.969967, validation/num_examples=50000
I0420 03:49:32.683143 139634154121024 checkpoints.py:356] Saving checkpoint at step: 6154
I0420 03:49:35.393112 139634154121024 checkpoints.py:317] Saved checkpoint at /experiment_runs/timing_v3_b/timing_adamw/imagenet_vit_jax/trial_1/checkpoint_6154
I0420 03:49:35.412020 139634154121024 checkpoint_utils.py:240] Saved checkpoint to /experiment_runs/timing_v3_b/timing_adamw/imagenet_vit_jax/trial_1/checkpoint_6154.
I0420 03:49:54.934989 139455105042176 logging_writer.py:48] [6200] global_step=6200, grad_norm=0.7365401983261108, loss=4.975285530090332
I0420 03:50:34.810980 139455096649472 logging_writer.py:48] [6300] global_step=6300, grad_norm=0.8222160935401917, loss=4.946352005004883
I0420 03:51:15.371761 139455105042176 logging_writer.py:48] [6400] global_step=6400, grad_norm=0.7462472915649414, loss=5.016948699951172
I0420 03:51:56.671118 139455096649472 logging_writer.py:48] [6500] global_step=6500, grad_norm=0.7656948566436768, loss=4.925719738006592
I0420 03:52:38.028562 139455105042176 logging_writer.py:48] [6600] global_step=6600, grad_norm=0.9664551615715027, loss=5.283195972442627
I0420 03:53:19.160715 139455096649472 logging_writer.py:48] [6700] global_step=6700, grad_norm=0.8168413043022156, loss=5.237983226776123
I0420 03:54:00.644006 139455105042176 logging_writer.py:48] [6800] global_step=6800, grad_norm=0.8606110215187073, loss=4.868976593017578
I0420 03:54:41.550621 139455096649472 logging_writer.py:48] [6900] global_step=6900, grad_norm=0.6487092971801758, loss=5.101475715637207
I0420 03:55:23.020338 139455105042176 logging_writer.py:48] [7000] global_step=7000, grad_norm=0.6860421299934387, loss=4.956605911254883
I0420 03:56:04.011458 139455096649472 logging_writer.py:48] [7100] global_step=7100, grad_norm=0.7942523956298828, loss=4.880406379699707
I0420 03:56:35.647386 139634154121024 spec.py:298] Evaluating on the training split.
I0420 03:56:47.938549 139634154121024 spec.py:310] Evaluating on the validation split.
I0420 03:56:57.539937 139634154121024 spec.py:326] Evaluating on the test split.
I0420 03:56:59.234759 139634154121024 submission_runner.py:406] Time since start: 3203.87s, 	Step: 7179, 	{'train/accuracy': 0.2899218797683716, 'train/loss': 3.5608651638031006, 'validation/accuracy': 0.26646000146865845, 'validation/loss': 3.6901631355285645, 'validation/num_examples': 50000, 'test/accuracy': 0.2053000032901764, 'test/loss': 4.165830612182617, 'test/num_examples': 10000, 'score': 2993.211090564728, 'total_duration': 3203.869146347046, 'accumulated_submission_time': 2993.211090564728, 'accumulated_eval_time': 189.50590872764587, 'accumulated_logging_time': 20.99738049507141}
I0420 03:56:59.249481 139455105042176 logging_writer.py:48] [7179] accumulated_eval_time=189.505909, accumulated_logging_time=20.997380, accumulated_submission_time=2993.211091, global_step=7179, preemption_count=0, score=2993.211091, test/accuracy=0.205300, test/loss=4.165831, test/num_examples=10000, total_duration=3203.869146, train/accuracy=0.289922, train/loss=3.560865, validation/accuracy=0.266460, validation/loss=3.690163, validation/num_examples=50000
I0420 03:56:59.408980 139634154121024 checkpoints.py:356] Saving checkpoint at step: 7179
I0420 03:57:00.747460 139634154121024 checkpoints.py:317] Saved checkpoint at /experiment_runs/timing_v3_b/timing_adamw/imagenet_vit_jax/trial_1/checkpoint_7179
I0420 03:57:00.762457 139634154121024 checkpoint_utils.py:240] Saved checkpoint to /experiment_runs/timing_v3_b/timing_adamw/imagenet_vit_jax/trial_1/checkpoint_7179.
I0420 03:57:09.594130 139455096649472 logging_writer.py:48] [7200] global_step=7200, grad_norm=0.689548909664154, loss=4.844955921173096
I0420 03:57:49.743745 139453771257600 logging_writer.py:48] [7300] global_step=7300, grad_norm=0.7286275029182434, loss=4.767106533050537
I0420 03:58:29.949496 139455096649472 logging_writer.py:48] [7400] global_step=7400, grad_norm=0.732869565486908, loss=5.053918838500977
I0420 03:59:11.351594 139453771257600 logging_writer.py:48] [7500] global_step=7500, grad_norm=0.48817065358161926, loss=6.090160369873047
I0420 03:59:52.633045 139455096649472 logging_writer.py:48] [7600] global_step=7600, grad_norm=0.7867326140403748, loss=4.664629936218262
I0420 04:00:34.016000 139453771257600 logging_writer.py:48] [7700] global_step=7700, grad_norm=0.5504612326622009, loss=5.951025485992432
I0420 04:01:15.281367 139455096649472 logging_writer.py:48] [7800] global_step=7800, grad_norm=0.7070886492729187, loss=4.74204158782959
I0420 04:01:56.314337 139453771257600 logging_writer.py:48] [7900] global_step=7900, grad_norm=0.7965511679649353, loss=4.72283935546875
I0420 04:02:37.731026 139455096649472 logging_writer.py:48] [8000] global_step=8000, grad_norm=0.6641388535499573, loss=5.1050872802734375
I0420 04:03:19.318996 139453771257600 logging_writer.py:48] [8100] global_step=8100, grad_norm=0.5336998701095581, loss=6.262487888336182
I0420 04:04:00.567327 139455096649472 logging_writer.py:48] [8200] global_step=8200, grad_norm=0.6848152279853821, loss=4.685548305511475
I0420 04:04:01.116990 139634154121024 spec.py:298] Evaluating on the training split.
I0420 04:04:14.665744 139634154121024 spec.py:310] Evaluating on the validation split.
I0420 04:04:24.511104 139634154121024 spec.py:326] Evaluating on the test split.
I0420 04:04:26.186455 139634154121024 submission_runner.py:406] Time since start: 3650.82s, 	Step: 8203, 	{'train/accuracy': 0.3360937535762787, 'train/loss': 3.207644462585449, 'validation/accuracy': 0.30225998163223267, 'validation/loss': 3.3761558532714844, 'validation/num_examples': 50000, 'test/accuracy': 0.23600001633167267, 'test/loss': 3.899517059326172, 'test/num_examples': 10000, 'score': 3413.54154753685, 'total_duration': 3650.8208429813385, 'accumulated_submission_time': 3413.54154753685, 'accumulated_eval_time': 214.5753390789032, 'accumulated_logging_time': 22.52751350402832}
I0420 04:04:26.200630 139453771257600 logging_writer.py:48] [8203] accumulated_eval_time=214.575339, accumulated_logging_time=22.527514, accumulated_submission_time=3413.541548, global_step=8203, preemption_count=0, score=3413.541548, test/accuracy=0.236000, test/loss=3.899517, test/num_examples=10000, total_duration=3650.820843, train/accuracy=0.336094, train/loss=3.207644, validation/accuracy=0.302260, validation/loss=3.376156, validation/num_examples=50000
I0420 04:04:26.358402 139634154121024 checkpoints.py:356] Saving checkpoint at step: 8203
I0420 04:04:27.567242 139634154121024 checkpoints.py:317] Saved checkpoint at /experiment_runs/timing_v3_b/timing_adamw/imagenet_vit_jax/trial_1/checkpoint_8203
I0420 04:04:27.585590 139634154121024 checkpoint_utils.py:240] Saved checkpoint to /experiment_runs/timing_v3_b/timing_adamw/imagenet_vit_jax/trial_1/checkpoint_8203.
I0420 04:05:06.844443 139455096649472 logging_writer.py:48] [8300] global_step=8300, grad_norm=0.7381556034088135, loss=4.540480613708496
I0420 04:05:47.433132 139453762864896 logging_writer.py:48] [8400] global_step=8400, grad_norm=0.5822755098342896, loss=6.115339279174805
I0420 04:06:28.565082 139455096649472 logging_writer.py:48] [8500] global_step=8500, grad_norm=0.5735705494880676, loss=5.505640983581543
I0420 04:07:09.573452 139453762864896 logging_writer.py:48] [8600] global_step=8600, grad_norm=0.6858212947845459, loss=4.632613182067871
I0420 04:07:51.472026 139455096649472 logging_writer.py:48] [8700] global_step=8700, grad_norm=0.6708112955093384, loss=4.766199111938477
I0420 04:08:33.013156 139453762864896 logging_writer.py:48] [8800] global_step=8800, grad_norm=0.7741075158119202, loss=4.530519962310791
I0420 04:09:14.609754 139455096649472 logging_writer.py:48] [8900] global_step=8900, grad_norm=0.6312893033027649, loss=4.474356651306152
I0420 04:09:55.812975 139453762864896 logging_writer.py:48] [9000] global_step=9000, grad_norm=0.6880275011062622, loss=4.397856712341309
I0420 04:10:36.631594 139455096649472 logging_writer.py:48] [9100] global_step=9100, grad_norm=0.6432282328605652, loss=4.381619930267334
I0420 04:11:18.928940 139453762864896 logging_writer.py:48] [9200] global_step=9200, grad_norm=0.8534457087516785, loss=5.0474677085876465
I0420 04:11:27.609301 139634154121024 spec.py:298] Evaluating on the training split.
I0420 04:11:41.442992 139634154121024 spec.py:310] Evaluating on the validation split.
I0420 04:11:51.765620 139634154121024 spec.py:326] Evaluating on the test split.
I0420 04:11:53.462333 139634154121024 submission_runner.py:406] Time since start: 4098.10s, 	Step: 9223, 	{'train/accuracy': 0.3788085877895355, 'train/loss': 2.9512648582458496, 'validation/accuracy': 0.34125998616218567, 'validation/loss': 3.1582469940185547, 'validation/num_examples': 50000, 'test/accuracy': 0.26020002365112305, 'test/loss': 3.696072816848755, 'test/num_examples': 10000, 'score': 3833.537258386612, 'total_duration': 4098.096709251404, 'accumulated_submission_time': 3833.537258386612, 'accumulated_eval_time': 240.42833709716797, 'accumulated_logging_time': 23.933500289916992}
I0420 04:11:53.476099 139455096649472 logging_writer.py:48] [9223] accumulated_eval_time=240.428337, accumulated_logging_time=23.933500, accumulated_submission_time=3833.537258, global_step=9223, preemption_count=0, score=3833.537258, test/accuracy=0.260200, test/loss=3.696073, test/num_examples=10000, total_duration=4098.096709, train/accuracy=0.378809, train/loss=2.951265, validation/accuracy=0.341260, validation/loss=3.158247, validation/num_examples=50000
I0420 04:11:53.670415 139634154121024 checkpoints.py:356] Saving checkpoint at step: 9223
I0420 04:11:54.805116 139634154121024 checkpoints.py:317] Saved checkpoint at /experiment_runs/timing_v3_b/timing_adamw/imagenet_vit_jax/trial_1/checkpoint_9223
I0420 04:11:54.820359 139634154121024 checkpoint_utils.py:240] Saved checkpoint to /experiment_runs/timing_v3_b/timing_adamw/imagenet_vit_jax/trial_1/checkpoint_9223.
I0420 04:12:25.866039 139453762864896 logging_writer.py:48] [9300] global_step=9300, grad_norm=0.7419213056564331, loss=4.4823222160339355
I0420 04:13:06.326049 139453754472192 logging_writer.py:48] [9400] global_step=9400, grad_norm=0.6548750400543213, loss=6.221632957458496
I0420 04:13:47.395848 139453762864896 logging_writer.py:48] [9500] global_step=9500, grad_norm=0.6963731646537781, loss=4.6874799728393555
I0420 04:14:28.579256 139453754472192 logging_writer.py:48] [9600] global_step=9600, grad_norm=0.61579829454422, loss=4.977553367614746
I0420 04:15:09.675850 139453762864896 logging_writer.py:48] [9700] global_step=9700, grad_norm=0.7021828293800354, loss=5.226950168609619
I0420 04:15:51.456299 139453754472192 logging_writer.py:48] [9800] global_step=9800, grad_norm=0.7468405365943909, loss=4.384143829345703
I0420 04:16:32.896169 139453762864896 logging_writer.py:48] [9900] global_step=9900, grad_norm=0.7148858904838562, loss=4.750021457672119
I0420 04:17:14.527753 139453754472192 logging_writer.py:48] [10000] global_step=10000, grad_norm=0.6175177097320557, loss=4.458514213562012
I0420 04:17:55.783137 139453762864896 logging_writer.py:48] [10100] global_step=10100, grad_norm=0.7258414626121521, loss=4.318105697631836
I0420 04:18:37.164007 139453754472192 logging_writer.py:48] [10200] global_step=10200, grad_norm=0.6772084832191467, loss=4.629603385925293
I0420 04:18:55.136575 139634154121024 spec.py:298] Evaluating on the training split.
I0420 04:19:09.237823 139634154121024 spec.py:310] Evaluating on the validation split.
I0420 04:19:20.021734 139634154121024 spec.py:326] Evaluating on the test split.
I0420 04:19:21.694340 139634154121024 submission_runner.py:406] Time since start: 4546.33s, 	Step: 10245, 	{'train/accuracy': 0.4022460877895355, 'train/loss': 2.934783458709717, 'validation/accuracy': 0.37459999322891235, 'validation/loss': 3.0687639713287354, 'validation/num_examples': 50000, 'test/accuracy': 0.28280001878738403, 'test/loss': 3.6166794300079346, 'test/num_examples': 10000, 'score': 4253.82599902153, 'total_duration': 4546.328699350357, 'accumulated_submission_time': 4253.82599902153, 'accumulated_eval_time': 266.98603224754333, 'accumulated_logging_time': 25.29740834236145}
I0420 04:19:21.704850 139453762864896 logging_writer.py:48] [10245] accumulated_eval_time=266.986032, accumulated_logging_time=25.297408, accumulated_submission_time=4253.825999, global_step=10245, preemption_count=0, score=4253.825999, test/accuracy=0.282800, test/loss=3.616679, test/num_examples=10000, total_duration=4546.328699, train/accuracy=0.402246, train/loss=2.934783, validation/accuracy=0.374600, validation/loss=3.068764, validation/num_examples=50000
I0420 04:19:21.875043 139634154121024 checkpoints.py:356] Saving checkpoint at step: 10245
I0420 04:19:23.055686 139634154121024 checkpoints.py:317] Saved checkpoint at /experiment_runs/timing_v3_b/timing_adamw/imagenet_vit_jax/trial_1/checkpoint_10245
I0420 04:19:23.072769 139634154121024 checkpoint_utils.py:240] Saved checkpoint to /experiment_runs/timing_v3_b/timing_adamw/imagenet_vit_jax/trial_1/checkpoint_10245.
I0420 04:19:45.494510 139453754472192 logging_writer.py:48] [10300] global_step=10300, grad_norm=0.670406699180603, loss=4.289156913757324
I0420 04:20:26.007113 139453746079488 logging_writer.py:48] [10400] global_step=10400, grad_norm=0.7312547564506531, loss=4.304503917694092
I0420 04:21:07.258377 139453754472192 logging_writer.py:48] [10500] global_step=10500, grad_norm=0.7030819654464722, loss=4.195718765258789
I0420 04:21:48.338887 139453746079488 logging_writer.py:48] [10600] global_step=10600, grad_norm=0.5885094404220581, loss=5.249181747436523
I0420 04:22:30.016894 139453754472192 logging_writer.py:48] [10700] global_step=10700, grad_norm=0.6155046820640564, loss=4.302185535430908
I0420 04:23:11.713175 139453746079488 logging_writer.py:48] [10800] global_step=10800, grad_norm=0.6167828440666199, loss=4.526386260986328
I0420 04:23:53.182045 139453754472192 logging_writer.py:48] [10900] global_step=10900, grad_norm=0.8046151995658875, loss=4.4902753829956055
I0420 04:24:34.353512 139453746079488 logging_writer.py:48] [11000] global_step=11000, grad_norm=0.7963425517082214, loss=4.124216556549072
I0420 04:25:16.047049 139453754472192 logging_writer.py:48] [11100] global_step=11100, grad_norm=0.5542579889297485, loss=4.888519763946533
I0420 04:25:57.761998 139453746079488 logging_writer.py:48] [11200] global_step=11200, grad_norm=0.6677783727645874, loss=4.193068504333496
I0420 04:26:23.443607 139634154121024 spec.py:298] Evaluating on the training split.
I0420 04:26:37.206217 139634154121024 spec.py:310] Evaluating on the validation split.
I0420 04:26:48.153800 139634154121024 spec.py:326] Evaluating on the test split.
I0420 04:26:49.833659 139634154121024 submission_runner.py:406] Time since start: 4994.47s, 	Step: 11264, 	{'train/accuracy': 0.43550780415534973, 'train/loss': 2.6335062980651855, 'validation/accuracy': 0.402679979801178, 'validation/loss': 2.802704334259033, 'validation/num_examples': 50000, 'test/accuracy': 0.3061000108718872, 'test/loss': 3.4120912551879883, 'test/num_examples': 10000, 'score': 4674.169599056244, 'total_duration': 4994.468029975891, 'accumulated_submission_time': 4674.169599056244, 'accumulated_eval_time': 293.3760635852814, 'accumulated_logging_time': 26.6821870803833}
I0420 04:26:49.848705 139453754472192 logging_writer.py:48] [11264] accumulated_eval_time=293.376064, accumulated_logging_time=26.682187, accumulated_submission_time=4674.169599, global_step=11264, preemption_count=0, score=4674.169599, test/accuracy=0.306100, test/loss=3.412091, test/num_examples=10000, total_duration=4994.468030, train/accuracy=0.435508, train/loss=2.633506, validation/accuracy=0.402680, validation/loss=2.802704, validation/num_examples=50000
I0420 04:26:50.013250 139634154121024 checkpoints.py:356] Saving checkpoint at step: 11264
I0420 04:26:51.367334 139634154121024 checkpoints.py:317] Saved checkpoint at /experiment_runs/timing_v3_b/timing_adamw/imagenet_vit_jax/trial_1/checkpoint_11264
I0420 04:26:51.383439 139634154121024 checkpoint_utils.py:240] Saved checkpoint to /experiment_runs/timing_v3_b/timing_adamw/imagenet_vit_jax/trial_1/checkpoint_11264.
I0420 04:27:06.156617 139453746079488 logging_writer.py:48] [11300] global_step=11300, grad_norm=0.7308830618858337, loss=4.171750068664551
I0420 04:27:47.251925 139453737686784 logging_writer.py:48] [11400] global_step=11400, grad_norm=0.8208177089691162, loss=4.20612907409668
I0420 04:28:28.983844 139453746079488 logging_writer.py:48] [11500] global_step=11500, grad_norm=0.7361948490142822, loss=4.037213325500488
I0420 04:29:10.425948 139453737686784 logging_writer.py:48] [11600] global_step=11600, grad_norm=0.6430282592773438, loss=4.150773048400879
I0420 04:29:52.185323 139453746079488 logging_writer.py:48] [11700] global_step=11700, grad_norm=0.652262806892395, loss=4.193026065826416
I0420 04:30:33.639154 139453737686784 logging_writer.py:48] [11800] global_step=11800, grad_norm=0.6750026345252991, loss=4.0429253578186035
I0420 04:31:15.357964 139453746079488 logging_writer.py:48] [11900] global_step=11900, grad_norm=0.5028260350227356, loss=6.014105319976807
I0420 04:31:57.024714 139453737686784 logging_writer.py:48] [12000] global_step=12000, grad_norm=0.4934598207473755, loss=5.977431774139404
I0420 04:32:38.630908 139453746079488 logging_writer.py:48] [12100] global_step=12100, grad_norm=0.5974968075752258, loss=4.5732903480529785
I0420 04:33:19.917654 139453737686784 logging_writer.py:48] [12200] global_step=12200, grad_norm=0.6913290619850159, loss=4.254616737365723
I0420 04:33:51.575500 139634154121024 spec.py:298] Evaluating on the training split.
I0420 04:34:05.698036 139634154121024 spec.py:310] Evaluating on the validation split.
I0420 04:34:16.629250 139634154121024 spec.py:326] Evaluating on the test split.
I0420 04:34:18.294458 139634154121024 submission_runner.py:406] Time since start: 5442.93s, 	Step: 12278, 	{'train/accuracy': 0.4640234410762787, 'train/loss': 2.504469633102417, 'validation/accuracy': 0.42649999260902405, 'validation/loss': 2.704127550125122, 'validation/num_examples': 50000, 'test/accuracy': 0.32340002059936523, 'test/loss': 3.3191914558410645, 'test/num_examples': 10000, 'score': 5094.338372707367, 'total_duration': 5442.928847789764, 'accumulated_submission_time': 5094.338372707367, 'accumulated_eval_time': 320.094975233078, 'accumulated_logging_time': 28.23476767539978}
I0420 04:34:18.309305 139453746079488 logging_writer.py:48] [12278] accumulated_eval_time=320.094975, accumulated_logging_time=28.234768, accumulated_submission_time=5094.338373, global_step=12278, preemption_count=0, score=5094.338373, test/accuracy=0.323400, test/loss=3.319191, test/num_examples=10000, total_duration=5442.928848, train/accuracy=0.464023, train/loss=2.504470, validation/accuracy=0.426500, validation/loss=2.704128, validation/num_examples=50000
I0420 04:34:18.465780 139634154121024 checkpoints.py:356] Saving checkpoint at step: 12278
I0420 04:34:19.766052 139634154121024 checkpoints.py:317] Saved checkpoint at /experiment_runs/timing_v3_b/timing_adamw/imagenet_vit_jax/trial_1/checkpoint_12278
I0420 04:34:19.783011 139634154121024 checkpoint_utils.py:240] Saved checkpoint to /experiment_runs/timing_v3_b/timing_adamw/imagenet_vit_jax/trial_1/checkpoint_12278.
I0420 04:34:28.989217 139453737686784 logging_writer.py:48] [12300] global_step=12300, grad_norm=0.5843192338943481, loss=5.191561698913574
I0420 04:35:10.145118 139453729294080 logging_writer.py:48] [12400] global_step=12400, grad_norm=0.6267406940460205, loss=3.9983766078948975
I0420 04:35:53.174765 139453737686784 logging_writer.py:48] [12500] global_step=12500, grad_norm=0.6472973823547363, loss=3.9706053733825684
I0420 04:36:35.036328 139453729294080 logging_writer.py:48] [12600] global_step=12600, grad_norm=0.9517509937286377, loss=4.011266231536865
I0420 04:37:17.515861 139453737686784 logging_writer.py:48] [12700] global_step=12700, grad_norm=0.5294451117515564, loss=6.062749862670898
I0420 04:37:59.519477 139453729294080 logging_writer.py:48] [12800] global_step=12800, grad_norm=0.699786365032196, loss=4.032550811767578
I0420 04:38:41.084119 139453737686784 logging_writer.py:48] [12900] global_step=12900, grad_norm=0.6124776005744934, loss=4.5469231605529785
I0420 04:39:23.183774 139453729294080 logging_writer.py:48] [13000] global_step=13000, grad_norm=0.5962494015693665, loss=4.388494968414307
I0420 04:40:05.392963 139453737686784 logging_writer.py:48] [13100] global_step=13100, grad_norm=0.7058518528938293, loss=3.8874869346618652
I0420 04:40:46.607630 139453729294080 logging_writer.py:48] [13200] global_step=13200, grad_norm=0.73973548412323, loss=4.024561882019043
I0420 04:41:20.191439 139634154121024 spec.py:298] Evaluating on the training split.
I0420 04:41:34.665807 139634154121024 spec.py:310] Evaluating on the validation split.
I0420 04:41:45.383986 139634154121024 spec.py:326] Evaluating on the test split.
I0420 04:41:47.063036 139634154121024 submission_runner.py:406] Time since start: 5891.70s, 	Step: 13282, 	{'train/accuracy': 0.5072070360183716, 'train/loss': 2.3172781467437744, 'validation/accuracy': 0.45027998089790344, 'validation/loss': 2.5977280139923096, 'validation/num_examples': 50000, 'test/accuracy': 0.3428000211715698, 'test/loss': 3.2109899520874023, 'test/num_examples': 10000, 'score': 5514.724670648575, 'total_duration': 5891.697426080704, 'accumulated_submission_time': 5514.724670648575, 'accumulated_eval_time': 346.9665296077728, 'accumulated_logging_time': 29.725385189056396}
I0420 04:41:47.077525 139453737686784 logging_writer.py:48] [13282] accumulated_eval_time=346.966530, accumulated_logging_time=29.725385, accumulated_submission_time=5514.724671, global_step=13282, preemption_count=0, score=5514.724671, test/accuracy=0.342800, test/loss=3.210990, test/num_examples=10000, total_duration=5891.697426, train/accuracy=0.507207, train/loss=2.317278, validation/accuracy=0.450280, validation/loss=2.597728, validation/num_examples=50000
I0420 04:41:47.296291 139634154121024 checkpoints.py:356] Saving checkpoint at step: 13282
I0420 04:41:48.580563 139634154121024 checkpoints.py:317] Saved checkpoint at /experiment_runs/timing_v3_b/timing_adamw/imagenet_vit_jax/trial_1/checkpoint_13282
I0420 04:41:48.595847 139634154121024 checkpoint_utils.py:240] Saved checkpoint to /experiment_runs/timing_v3_b/timing_adamw/imagenet_vit_jax/trial_1/checkpoint_13282.
I0420 04:41:56.251339 139453729294080 logging_writer.py:48] [13300] global_step=13300, grad_norm=0.6522648930549622, loss=4.359612464904785
I0420 04:42:37.437401 139453720901376 logging_writer.py:48] [13400] global_step=13400, grad_norm=0.6098518967628479, loss=5.648103713989258
I0420 04:43:18.937218 139453729294080 logging_writer.py:48] [13500] global_step=13500, grad_norm=0.6497410535812378, loss=3.9709248542785645
I0420 04:44:01.000737 139453720901376 logging_writer.py:48] [13600] global_step=13600, grad_norm=0.725502610206604, loss=4.147610187530518
I0420 04:44:42.796058 139453729294080 logging_writer.py:48] [13700] global_step=13700, grad_norm=0.5716898441314697, loss=5.862875461578369
I0420 04:45:25.224509 139453720901376 logging_writer.py:48] [13800] global_step=13800, grad_norm=0.7451931834220886, loss=4.0880513191223145
I0420 04:46:07.378299 139453729294080 logging_writer.py:48] [13900] global_step=13900, grad_norm=0.5644588470458984, loss=5.544243812561035
I0420 04:46:48.915932 139453720901376 logging_writer.py:48] [14000] global_step=14000, grad_norm=0.5875407457351685, loss=5.110862731933594
I0420 04:47:30.499364 139453729294080 logging_writer.py:48] [14100] global_step=14100, grad_norm=0.6360754370689392, loss=4.326661586761475
I0420 04:48:12.199314 139453720901376 logging_writer.py:48] [14200] global_step=14200, grad_norm=0.6686467528343201, loss=3.800045967102051
I0420 04:48:48.943968 139634154121024 spec.py:298] Evaluating on the training split.
I0420 04:49:02.984272 139634154121024 spec.py:310] Evaluating on the validation split.
I0420 04:49:13.866277 139634154121024 spec.py:326] Evaluating on the test split.
I0420 04:49:15.535353 139634154121024 submission_runner.py:406] Time since start: 6340.17s, 	Step: 14289, 	{'train/accuracy': 0.5003710985183716, 'train/loss': 2.3247897624969482, 'validation/accuracy': 0.46173998713493347, 'validation/loss': 2.4987082481384277, 'validation/num_examples': 50000, 'test/accuracy': 0.3663000166416168, 'test/loss': 3.079174518585205, 'test/num_examples': 10000, 'score': 5935.051446914673, 'total_duration': 6340.169740438461, 'accumulated_submission_time': 5935.051446914673, 'accumulated_eval_time': 373.55786418914795, 'accumulated_logging_time': 31.259744882583618}
I0420 04:49:15.547696 139453729294080 logging_writer.py:48] [14289] accumulated_eval_time=373.557864, accumulated_logging_time=31.259745, accumulated_submission_time=5935.051447, global_step=14289, preemption_count=0, score=5935.051447, test/accuracy=0.366300, test/loss=3.079175, test/num_examples=10000, total_duration=6340.169740, train/accuracy=0.500371, train/loss=2.324790, validation/accuracy=0.461740, validation/loss=2.498708, validation/num_examples=50000
I0420 04:49:15.796291 139634154121024 checkpoints.py:356] Saving checkpoint at step: 14289
