I0425 00:57:51.825688 140188941555520 logger_utils.py:67] Creating experiment directory at /experiment_runs/timing_v3_b/timing_nesterov/imagenet_vit_jax.
I0425 00:57:51.889847 140188941555520 xla_bridge.py:345] Unable to initialize backend 'tpu_driver': NOT_FOUND: Unable to find driver in registry given worker: 
I0425 00:57:52.713362 140188941555520 xla_bridge.py:345] Unable to initialize backend 'rocm': NOT_FOUND: Could not find registered platform with name: "rocm". Available platform names are: CUDA Interpreter Host
I0425 00:57:52.713976 140188941555520 xla_bridge.py:345] Unable to initialize backend 'tpu': module 'jaxlib.xla_extension' has no attribute 'get_tpu_client'
I0425 00:57:52.718294 140188941555520 submission_runner.py:528] Using RNG seed 2011787666
I0425 00:57:55.382271 140188941555520 submission_runner.py:537] --- Tuning run 1/1 ---
I0425 00:57:55.382524 140188941555520 submission_runner.py:542] Creating tuning directory at /experiment_runs/timing_v3_b/timing_nesterov/imagenet_vit_jax/trial_1.
I0425 00:57:55.382834 140188941555520 logger_utils.py:83] Saving hparams to /experiment_runs/timing_v3_b/timing_nesterov/imagenet_vit_jax/trial_1/hparams.json.
I0425 00:57:55.502257 140188941555520 submission_runner.py:232] Initializing dataset.
I0425 00:57:55.514061 140188941555520 dataset_info.py:566] Load dataset info from /data/imagenet/jax/imagenet2012/5.1.0
I0425 00:57:55.522718 140188941555520 dataset_info.py:642] Field info.splits from disk and from code do not match. Keeping the one from code.
I0425 00:57:55.522863 140188941555520 dataset_info.py:642] Field info.supervised_keys from disk and from code do not match. Keeping the one from code.
I0425 00:57:55.782496 140188941555520 logging_logger.py:49] Constructing tf.data.Dataset imagenet2012 for split train, from /data/imagenet/jax/imagenet2012/5.1.0
I0425 00:58:02.624870 140188941555520 submission_runner.py:239] Initializing model.
I0425 00:58:14.352288 140188941555520 submission_runner.py:249] Initializing optimizer.
I0425 00:58:14.870254 140188941555520 submission_runner.py:256] Initializing metrics bundle.
I0425 00:58:14.870526 140188941555520 submission_runner.py:273] Initializing checkpoint and logger.
I0425 00:58:14.871518 140188941555520 checkpoints.py:466] Found no checkpoint files in /experiment_runs/timing_v3_b/timing_nesterov/imagenet_vit_jax/trial_1 with prefix checkpoint_
I0425 00:58:15.735578 140188941555520 submission_runner.py:294] Saving meta data to /experiment_runs/timing_v3_b/timing_nesterov/imagenet_vit_jax/trial_1/meta_data_0.json.
I0425 00:58:15.736803 140188941555520 submission_runner.py:297] Saving flags to /experiment_runs/timing_v3_b/timing_nesterov/imagenet_vit_jax/trial_1/flags_0.json.
I0425 00:58:15.742045 140188941555520 submission_runner.py:309] Starting training loop.
I0425 00:59:02.267184 140012066694912 logging_writer.py:48] [0] global_step=0, grad_norm=0.2855411469936371, loss=6.9077534675598145
I0425 00:59:02.282410 140188941555520 spec.py:298] Evaluating on the training split.
I0425 00:59:02.288972 140188941555520 dataset_info.py:566] Load dataset info from /data/imagenet/jax/imagenet2012/5.1.0
I0425 00:59:02.296045 140188941555520 dataset_info.py:642] Field info.splits from disk and from code do not match. Keeping the one from code.
I0425 00:59:02.296184 140188941555520 dataset_info.py:642] Field info.supervised_keys from disk and from code do not match. Keeping the one from code.
I0425 00:59:02.362932 140188941555520 logging_logger.py:49] Constructing tf.data.Dataset imagenet2012 for split train, from /data/imagenet/jax/imagenet2012/5.1.0
I0425 00:59:22.328862 140188941555520 spec.py:310] Evaluating on the validation split.
I0425 00:59:22.336267 140188941555520 dataset_info.py:566] Load dataset info from /data/imagenet/jax/imagenet2012/5.1.0
I0425 00:59:22.347281 140188941555520 dataset_info.py:642] Field info.splits from disk and from code do not match. Keeping the one from code.
I0425 00:59:22.347570 140188941555520 dataset_info.py:642] Field info.supervised_keys from disk and from code do not match. Keeping the one from code.
I0425 00:59:22.406110 140188941555520 logging_logger.py:49] Constructing tf.data.Dataset imagenet2012 for split validation, from /data/imagenet/jax/imagenet2012/5.1.0
I0425 00:59:40.686206 140188941555520 spec.py:326] Evaluating on the test split.
I0425 00:59:40.693016 140188941555520 dataset_info.py:566] Load dataset info from /data/imagenet/jax/imagenet_v2/matched-frequency/3.0.0
I0425 00:59:40.698381 140188941555520 dataset_builder.py:510] Reusing dataset imagenet_v2 (/data/imagenet/jax/imagenet_v2/matched-frequency/3.0.0)
I0425 00:59:40.733190 140188941555520 logging_logger.py:49] Constructing tf.data.Dataset imagenet_v2 for split test, from /data/imagenet/jax/imagenet_v2/matched-frequency/3.0.0
I0425 00:59:51.758620 140188941555520 submission_runner.py:406] Time since start: 96.02s, 	Step: 1, 	{'train/accuracy': 0.0009960937313735485, 'train/loss': 6.907756328582764, 'validation/accuracy': 0.0009999999310821295, 'validation/loss': 6.9077558517456055, 'validation/num_examples': 50000, 'test/accuracy': 0.0010000000474974513, 'test/loss': 6.907756805419922, 'test/num_examples': 10000, 'score': 46.54018259048462, 'total_duration': 96.01651453971863, 'accumulated_submission_time': 46.54018259048462, 'accumulated_eval_time': 49.47616744041443, 'accumulated_logging_time': 0}
I0425 00:59:51.775892 139951207307008 logging_writer.py:48] [1] accumulated_eval_time=49.476167, accumulated_logging_time=0, accumulated_submission_time=46.540183, global_step=1, preemption_count=0, score=46.540183, test/accuracy=0.001000, test/loss=6.907757, test/num_examples=10000, total_duration=96.016515, train/accuracy=0.000996, train/loss=6.907756, validation/accuracy=0.001000, validation/loss=6.907756, validation/num_examples=50000
I0425 00:59:51.905822 140188941555520 checkpoints.py:356] Saving checkpoint at step: 1
I0425 00:59:52.482202 140188941555520 checkpoints.py:317] Saved checkpoint at /experiment_runs/timing_v3_b/timing_nesterov/imagenet_vit_jax/trial_1/checkpoint_1
I0425 00:59:52.483094 140188941555520 checkpoint_utils.py:240] Saved checkpoint to /experiment_runs/timing_v3_b/timing_nesterov/imagenet_vit_jax/trial_1/checkpoint_1.
I0425 01:00:46.704857 140006433715968 logging_writer.py:48] [100] global_step=100, grad_norm=0.30591362714767456, loss=6.906074047088623
I0425 01:01:27.873262 140006442108672 logging_writer.py:48] [200] global_step=200, grad_norm=0.2897642254829407, loss=6.895999908447266
I0425 01:02:09.260130 140006433715968 logging_writer.py:48] [300] global_step=300, grad_norm=0.3400610685348511, loss=6.8739728927612305
I0425 01:02:50.438156 140006442108672 logging_writer.py:48] [400] global_step=400, grad_norm=0.4990886151790619, loss=6.810425758361816
I0425 01:03:31.724747 140006433715968 logging_writer.py:48] [500] global_step=500, grad_norm=0.964358389377594, loss=6.719525337219238
I0425 01:04:12.950801 140006442108672 logging_writer.py:48] [600] global_step=600, grad_norm=0.8879167437553406, loss=6.751396656036377
I0425 01:04:54.280640 140006433715968 logging_writer.py:48] [700] global_step=700, grad_norm=0.7008388042449951, loss=6.742153644561768
I0425 01:05:35.992030 140006442108672 logging_writer.py:48] [800] global_step=800, grad_norm=0.8681550025939941, loss=6.604613304138184
I0425 01:06:17.446613 140006433715968 logging_writer.py:48] [900] global_step=900, grad_norm=1.1980676651000977, loss=6.534093856811523
I0425 01:06:52.769159 140188941555520 spec.py:298] Evaluating on the training split.
I0425 01:07:03.639742 140188941555520 spec.py:310] Evaluating on the validation split.
I0425 01:07:10.151603 140188941555520 spec.py:326] Evaluating on the test split.
I0425 01:07:12.090179 140188941555520 submission_runner.py:406] Time since start: 536.35s, 	Step: 987, 	{'train/accuracy': 0.0322265625, 'train/loss': 6.083932876586914, 'validation/accuracy': 0.03150000050663948, 'validation/loss': 6.109715938568115, 'validation/num_examples': 50000, 'test/accuracy': 0.025200001895427704, 'test/loss': 6.197531700134277, 'test/num_examples': 10000, 'score': 466.8052730560303, 'total_duration': 536.3479995727539, 'accumulated_submission_time': 466.8052730560303, 'accumulated_eval_time': 68.79713177680969, 'accumulated_logging_time': 0.7254903316497803}
I0425 01:07:12.108791 139952700512000 logging_writer.py:48] [987] accumulated_eval_time=68.797132, accumulated_logging_time=0.725490, accumulated_submission_time=466.805273, global_step=987, preemption_count=0, score=466.805273, test/accuracy=0.025200, test/loss=6.197532, test/num_examples=10000, total_duration=536.348000, train/accuracy=0.032227, train/loss=6.083933, validation/accuracy=0.031500, validation/loss=6.109716, validation/num_examples=50000
I0425 01:07:12.703287 140188941555520 checkpoints.py:356] Saving checkpoint at step: 987
I0425 01:07:13.835818 140188941555520 checkpoints.py:317] Saved checkpoint at /experiment_runs/timing_v3_b/timing_nesterov/imagenet_vit_jax/trial_1/checkpoint_987
I0425 01:07:13.837383 140188941555520 checkpoint_utils.py:240] Saved checkpoint to /experiment_runs/timing_v3_b/timing_nesterov/imagenet_vit_jax/trial_1/checkpoint_987.
I0425 01:07:19.670935 139952708904704 logging_writer.py:48] [1000] global_step=1000, grad_norm=0.969269871711731, loss=6.485727787017822
I0425 01:08:00.929960 140011898906368 logging_writer.py:48] [1100] global_step=1100, grad_norm=0.9131231307983398, loss=6.79495906829834
I0425 01:08:42.200098 139952708904704 logging_writer.py:48] [1200] global_step=1200, grad_norm=0.9088826775550842, loss=6.38728141784668
I0425 01:09:23.395292 140011898906368 logging_writer.py:48] [1300] global_step=1300, grad_norm=0.9989878535270691, loss=6.390102863311768
I0425 01:10:04.553728 139952708904704 logging_writer.py:48] [1400] global_step=1400, grad_norm=0.7031446099281311, loss=6.651047706604004
I0425 01:10:46.085837 140011898906368 logging_writer.py:48] [1500] global_step=1500, grad_norm=0.7702187895774841, loss=6.373003959655762
I0425 01:11:27.589354 139952708904704 logging_writer.py:48] [1600] global_step=1600, grad_norm=0.9776661396026611, loss=6.328399658203125
I0425 01:12:08.871142 140011898906368 logging_writer.py:48] [1700] global_step=1700, grad_norm=1.1586872339248657, loss=6.3420820236206055
I0425 01:12:50.144981 139952708904704 logging_writer.py:48] [1800] global_step=1800, grad_norm=0.9846692681312561, loss=6.314366340637207
I0425 01:13:31.494101 140011898906368 logging_writer.py:48] [1900] global_step=1900, grad_norm=1.080847144126892, loss=6.286093711853027
I0425 01:14:12.994983 139952708904704 logging_writer.py:48] [2000] global_step=2000, grad_norm=0.8971974849700928, loss=6.2541680335998535
I0425 01:14:13.972591 140188941555520 spec.py:298] Evaluating on the training split.
I0425 01:14:25.412021 140188941555520 spec.py:310] Evaluating on the validation split.
I0425 01:14:32.005839 140188941555520 spec.py:326] Evaluating on the test split.
I0425 01:14:33.696772 140188941555520 submission_runner.py:406] Time since start: 977.95s, 	Step: 2004, 	{'train/accuracy': 0.06744140386581421, 'train/loss': 5.538755416870117, 'validation/accuracy': 0.06449999660253525, 'validation/loss': 5.5709710121154785, 'validation/num_examples': 50000, 'test/accuracy': 0.048700001090765, 'test/loss': 5.755987167358398, 'test/num_examples': 10000, 'score': 886.9165542125702, 'total_duration': 977.954642534256, 'accumulated_submission_time': 886.9165542125702, 'accumulated_eval_time': 88.52128434181213, 'accumulated_logging_time': 2.4767982959747314}
I0425 01:14:33.711883 140011898906368 logging_writer.py:48] [2004] accumulated_eval_time=88.521284, accumulated_logging_time=2.476798, accumulated_submission_time=886.916554, global_step=2004, preemption_count=0, score=886.916554, test/accuracy=0.048700, test/loss=5.755987, test/num_examples=10000, total_duration=977.954643, train/accuracy=0.067441, train/loss=5.538755, validation/accuracy=0.064500, validation/loss=5.570971, validation/num_examples=50000
I0425 01:14:34.167409 140188941555520 checkpoints.py:356] Saving checkpoint at step: 2004
I0425 01:14:36.267972 140188941555520 checkpoints.py:317] Saved checkpoint at /experiment_runs/timing_v3_b/timing_nesterov/imagenet_vit_jax/trial_1/checkpoint_2004
I0425 01:14:36.282046 140188941555520 checkpoint_utils.py:240] Saved checkpoint to /experiment_runs/timing_v3_b/timing_nesterov/imagenet_vit_jax/trial_1/checkpoint_2004.
I0425 01:15:16.259432 139952708904704 logging_writer.py:48] [2100] global_step=2100, grad_norm=0.6783360838890076, loss=6.535245895385742
I0425 01:15:57.529658 140011865335552 logging_writer.py:48] [2200] global_step=2200, grad_norm=1.0284231901168823, loss=6.164289474487305
I0425 01:16:38.706921 139952708904704 logging_writer.py:48] [2300] global_step=2300, grad_norm=0.8011072874069214, loss=6.192206859588623
I0425 01:17:19.833075 140011865335552 logging_writer.py:48] [2400] global_step=2400, grad_norm=0.7816544771194458, loss=6.209940433502197
I0425 01:18:00.873794 139952708904704 logging_writer.py:48] [2500] global_step=2500, grad_norm=0.8519322276115417, loss=6.154465675354004
I0425 01:18:42.140799 140011865335552 logging_writer.py:48] [2600] global_step=2600, grad_norm=0.7570152878761292, loss=6.141379356384277
I0425 01:19:23.676142 139952708904704 logging_writer.py:48] [2700] global_step=2700, grad_norm=0.9854118227958679, loss=6.237405776977539
I0425 01:20:04.954376 140011865335552 logging_writer.py:48] [2800] global_step=2800, grad_norm=0.883312463760376, loss=6.072235107421875
I0425 01:20:46.525291 139952708904704 logging_writer.py:48] [2900] global_step=2900, grad_norm=0.675835907459259, loss=6.622640609741211
I0425 01:21:27.868572 140011865335552 logging_writer.py:48] [3000] global_step=3000, grad_norm=0.5831605792045593, loss=6.6488447189331055
I0425 01:21:36.652589 140188941555520 spec.py:298] Evaluating on the training split.
I0425 01:21:48.231093 140188941555520 spec.py:310] Evaluating on the validation split.
I0425 01:21:55.028636 140188941555520 spec.py:326] Evaluating on the test split.
I0425 01:21:56.727005 140188941555520 submission_runner.py:406] Time since start: 1420.98s, 	Step: 3023, 	{'train/accuracy': 0.10279296338558197, 'train/loss': 5.1836419105529785, 'validation/accuracy': 0.09386000037193298, 'validation/loss': 5.238406181335449, 'validation/num_examples': 50000, 'test/accuracy': 0.07100000232458115, 'test/loss': 5.4594855308532715, 'test/num_examples': 10000, 'score': 1307.258901834488, 'total_duration': 1420.9848110675812, 'accumulated_submission_time': 1307.258901834488, 'accumulated_eval_time': 108.59562277793884, 'accumulated_logging_time': 5.070218086242676}
I0425 01:21:56.740187 139952708904704 logging_writer.py:48] [3023] accumulated_eval_time=108.595623, accumulated_logging_time=5.070218, accumulated_submission_time=1307.258902, global_step=3023, preemption_count=0, score=1307.258902, test/accuracy=0.071000, test/loss=5.459486, test/num_examples=10000, total_duration=1420.984811, train/accuracy=0.102793, train/loss=5.183642, validation/accuracy=0.093860, validation/loss=5.238406, validation/num_examples=50000
I0425 01:21:57.284053 140188941555520 checkpoints.py:356] Saving checkpoint at step: 3023
I0425 01:21:59.547148 140188941555520 checkpoints.py:317] Saved checkpoint at /experiment_runs/timing_v3_b/timing_nesterov/imagenet_vit_jax/trial_1/checkpoint_3023
I0425 01:21:59.559203 140188941555520 checkpoint_utils.py:240] Saved checkpoint to /experiment_runs/timing_v3_b/timing_nesterov/imagenet_vit_jax/trial_1/checkpoint_3023.
I0425 01:22:31.476109 140011865335552 logging_writer.py:48] [3100] global_step=3100, grad_norm=0.9268531203269958, loss=6.107650279998779
I0425 01:23:12.569690 140011856942848 logging_writer.py:48] [3200] global_step=3200, grad_norm=0.834740400314331, loss=6.059262275695801
I0425 01:23:53.544787 140011865335552 logging_writer.py:48] [3300] global_step=3300, grad_norm=0.9709720611572266, loss=6.02009391784668
I0425 01:24:34.700308 140011856942848 logging_writer.py:48] [3400] global_step=3400, grad_norm=0.8186619281768799, loss=6.042226314544678
I0425 01:25:15.860354 140011865335552 logging_writer.py:48] [3500] global_step=3500, grad_norm=0.640138566493988, loss=6.439948081970215
I0425 01:25:56.917676 140011856942848 logging_writer.py:48] [3600] global_step=3600, grad_norm=0.7259127497673035, loss=6.654818534851074
I0425 01:26:38.076431 140011865335552 logging_writer.py:48] [3700] global_step=3700, grad_norm=0.9938294887542725, loss=6.156200408935547
I0425 01:27:19.343966 140011856942848 logging_writer.py:48] [3800] global_step=3800, grad_norm=0.6070049405097961, loss=6.338624000549316
I0425 01:28:00.464428 140011865335552 logging_writer.py:48] [3900] global_step=3900, grad_norm=0.6977749466896057, loss=5.940561294555664
I0425 01:28:41.977844 140011856942848 logging_writer.py:48] [4000] global_step=4000, grad_norm=0.8299170732498169, loss=5.878816604614258
I0425 01:28:59.889478 140188941555520 spec.py:298] Evaluating on the training split.
I0425 01:29:11.654767 140188941555520 spec.py:310] Evaluating on the validation split.
I0425 01:29:19.509655 140188941555520 spec.py:326] Evaluating on the test split.
I0425 01:29:21.172464 140188941555520 submission_runner.py:406] Time since start: 1865.43s, 	Step: 4045, 	{'train/accuracy': 0.13740234076976776, 'train/loss': 4.837579727172852, 'validation/accuracy': 0.11614000052213669, 'validation/loss': 4.975306510925293, 'validation/num_examples': 50000, 'test/accuracy': 0.08830000460147858, 'test/loss': 5.251297950744629, 'test/num_examples': 10000, 'score': 1727.5673639774323, 'total_duration': 1865.4303455352783, 'accumulated_submission_time': 1727.5673639774323, 'accumulated_eval_time': 129.8786060810089, 'accumulated_logging_time': 7.904304504394531}
I0425 01:29:21.185740 140011865335552 logging_writer.py:48] [4045] accumulated_eval_time=129.878606, accumulated_logging_time=7.904305, accumulated_submission_time=1727.567364, global_step=4045, preemption_count=0, score=1727.567364, test/accuracy=0.088300, test/loss=5.251298, test/num_examples=10000, total_duration=1865.430346, train/accuracy=0.137402, train/loss=4.837580, validation/accuracy=0.116140, validation/loss=4.975307, validation/num_examples=50000
I0425 01:29:21.301685 140188941555520 checkpoints.py:356] Saving checkpoint at step: 4045
I0425 01:29:22.328397 140188941555520 checkpoints.py:317] Saved checkpoint at /experiment_runs/timing_v3_b/timing_nesterov/imagenet_vit_jax/trial_1/checkpoint_4045
I0425 01:29:22.341971 140188941555520 checkpoint_utils.py:240] Saved checkpoint to /experiment_runs/timing_v3_b/timing_nesterov/imagenet_vit_jax/trial_1/checkpoint_4045.
I0425 01:29:45.491206 140011856942848 logging_writer.py:48] [4100] global_step=4100, grad_norm=0.7862666249275208, loss=5.886666297912598
I0425 01:30:26.514657 140011034883840 logging_writer.py:48] [4200] global_step=4200, grad_norm=0.8418609499931335, loss=5.881255149841309
I0425 01:31:07.669696 140011856942848 logging_writer.py:48] [4300] global_step=4300, grad_norm=0.7560316324234009, loss=6.134696006774902
I0425 01:31:48.969716 140011034883840 logging_writer.py:48] [4400] global_step=4400, grad_norm=1.0667507648468018, loss=5.870701313018799
I0425 01:32:30.518308 140011856942848 logging_writer.py:48] [4500] global_step=4500, grad_norm=0.6596813797950745, loss=6.622350692749023
I0425 01:33:11.924451 140011034883840 logging_writer.py:48] [4600] global_step=4600, grad_norm=0.7547136545181274, loss=6.0351409912109375
I0425 01:33:53.231269 140011856942848 logging_writer.py:48] [4700] global_step=4700, grad_norm=0.6604763865470886, loss=5.797506332397461
I0425 01:34:34.956810 140011034883840 logging_writer.py:48] [4800] global_step=4800, grad_norm=0.668368399143219, loss=5.984839916229248
I0425 01:35:16.246286 140011856942848 logging_writer.py:48] [4900] global_step=4900, grad_norm=0.5049969553947449, loss=6.567152500152588
I0425 01:35:57.684506 140011034883840 logging_writer.py:48] [5000] global_step=5000, grad_norm=0.8152098655700684, loss=5.947230815887451
I0425 01:36:22.749971 140188941555520 spec.py:298] Evaluating on the training split.
I0425 01:36:34.631422 140188941555520 spec.py:310] Evaluating on the validation split.
I0425 01:36:42.854717 140188941555520 spec.py:326] Evaluating on the test split.
I0425 01:36:44.499036 140188941555520 submission_runner.py:406] Time since start: 2308.76s, 	Step: 5062, 	{'train/accuracy': 0.15998046100139618, 'train/loss': 4.654322624206543, 'validation/accuracy': 0.14608000218868256, 'validation/loss': 4.726490020751953, 'validation/num_examples': 50000, 'test/accuracy': 0.11110000312328339, 'test/loss': 5.03836727142334, 'test/num_examples': 10000, 'score': 2147.9539024829865, 'total_duration': 2308.7568957805634, 'accumulated_submission_time': 2147.9539024829865, 'accumulated_eval_time': 151.62768054008484, 'accumulated_logging_time': 9.07567286491394}
I0425 01:36:44.510206 140011856942848 logging_writer.py:48] [5062] accumulated_eval_time=151.627681, accumulated_logging_time=9.075673, accumulated_submission_time=2147.953902, global_step=5062, preemption_count=0, score=2147.953902, test/accuracy=0.111100, test/loss=5.038367, test/num_examples=10000, total_duration=2308.756896, train/accuracy=0.159980, train/loss=4.654323, validation/accuracy=0.146080, validation/loss=4.726490, validation/num_examples=50000
I0425 01:36:44.620757 140188941555520 checkpoints.py:356] Saving checkpoint at step: 5062
I0425 01:36:45.466346 140188941555520 checkpoints.py:317] Saved checkpoint at /experiment_runs/timing_v3_b/timing_nesterov/imagenet_vit_jax/trial_1/checkpoint_5062
I0425 01:36:45.476186 140188941555520 checkpoint_utils.py:240] Saved checkpoint to /experiment_runs/timing_v3_b/timing_nesterov/imagenet_vit_jax/trial_1/checkpoint_5062.
I0425 01:37:01.660917 140011034883840 logging_writer.py:48] [5100] global_step=5100, grad_norm=0.7289395332336426, loss=5.719804763793945
I0425 01:37:43.086676 140011026491136 logging_writer.py:48] [5200] global_step=5200, grad_norm=0.5668489336967468, loss=6.252028942108154
I0425 01:38:24.334846 140011034883840 logging_writer.py:48] [5300] global_step=5300, grad_norm=0.7827209830284119, loss=5.714367866516113
I0425 01:39:05.629303 140011026491136 logging_writer.py:48] [5400] global_step=5400, grad_norm=0.7009657025337219, loss=5.776047706604004
I0425 01:39:46.983630 140011034883840 logging_writer.py:48] [5500] global_step=5500, grad_norm=0.9204539060592651, loss=5.681467533111572
I0425 01:40:28.477551 140011026491136 logging_writer.py:48] [5600] global_step=5600, grad_norm=0.6211386322975159, loss=5.632850646972656
I0425 01:41:09.863523 140011034883840 logging_writer.py:48] [5700] global_step=5700, grad_norm=0.658883810043335, loss=5.91140079498291
I0425 01:41:51.459321 140011026491136 logging_writer.py:48] [5800] global_step=5800, grad_norm=0.686011791229248, loss=5.68580436706543
I0425 01:42:33.297384 140011034883840 logging_writer.py:48] [5900] global_step=5900, grad_norm=0.7453721165657043, loss=5.615970611572266
I0425 01:43:14.860049 140011026491136 logging_writer.py:48] [6000] global_step=6000, grad_norm=0.6514847278594971, loss=5.539102554321289
I0425 01:43:45.626276 140188941555520 spec.py:298] Evaluating on the training split.
I0425 01:43:58.385128 140188941555520 spec.py:310] Evaluating on the validation split.
I0425 01:44:06.892998 140188941555520 spec.py:326] Evaluating on the test split.
I0425 01:44:08.543830 140188941555520 submission_runner.py:406] Time since start: 2752.80s, 	Step: 6076, 	{'train/accuracy': 0.1861913949251175, 'train/loss': 4.414586544036865, 'validation/accuracy': 0.1717199981212616, 'validation/loss': 4.497425079345703, 'validation/num_examples': 50000, 'test/accuracy': 0.12950000166893005, 'test/loss': 4.840025901794434, 'test/num_examples': 10000, 'score': 2568.082721710205, 'total_duration': 2752.801563978195, 'accumulated_submission_time': 2568.082721710205, 'accumulated_eval_time': 174.5450689792633, 'accumulated_logging_time': 10.053825855255127}
I0425 01:44:08.556794 140011034883840 logging_writer.py:48] [6076] accumulated_eval_time=174.545069, accumulated_logging_time=10.053826, accumulated_submission_time=2568.082722, global_step=6076, preemption_count=0, score=2568.082722, test/accuracy=0.129500, test/loss=4.840026, test/num_examples=10000, total_duration=2752.801564, train/accuracy=0.186191, train/loss=4.414587, validation/accuracy=0.171720, validation/loss=4.497425, validation/num_examples=50000
I0425 01:44:08.650602 140188941555520 checkpoints.py:356] Saving checkpoint at step: 6076
I0425 01:44:09.371254 140188941555520 checkpoints.py:317] Saved checkpoint at /experiment_runs/timing_v3_b/timing_nesterov/imagenet_vit_jax/trial_1/checkpoint_6076
I0425 01:44:09.380778 140188941555520 checkpoint_utils.py:240] Saved checkpoint to /experiment_runs/timing_v3_b/timing_nesterov/imagenet_vit_jax/trial_1/checkpoint_6076.
I0425 01:44:19.721284 140011026491136 logging_writer.py:48] [6100] global_step=6100, grad_norm=0.507892370223999, loss=6.548673629760742
I0425 01:45:01.034946 140011018098432 logging_writer.py:48] [6200] global_step=6200, grad_norm=0.6601670980453491, loss=5.529879093170166
I0425 01:45:42.367014 140011026491136 logging_writer.py:48] [6300] global_step=6300, grad_norm=0.5020340085029602, loss=6.426385402679443
I0425 01:46:23.835513 140011018098432 logging_writer.py:48] [6400] global_step=6400, grad_norm=0.6775379180908203, loss=5.534080505371094
I0425 01:47:05.441671 140011026491136 logging_writer.py:48] [6500] global_step=6500, grad_norm=0.8396356701850891, loss=5.55278205871582
I0425 01:47:47.185564 140011018098432 logging_writer.py:48] [6600] global_step=6600, grad_norm=0.624248206615448, loss=6.1975908279418945
I0425 01:48:28.439811 140011026491136 logging_writer.py:48] [6700] global_step=6700, grad_norm=0.8098151087760925, loss=5.502879619598389
I0425 01:49:09.878685 140011018098432 logging_writer.py:48] [6800] global_step=6800, grad_norm=0.5546268820762634, loss=5.540972709655762
I0425 01:49:51.504102 140011026491136 logging_writer.py:48] [6900] global_step=6900, grad_norm=0.7714046239852905, loss=5.438949108123779
I0425 01:50:32.932235 140011018098432 logging_writer.py:48] [7000] global_step=7000, grad_norm=0.6815583109855652, loss=5.403496265411377
I0425 01:51:09.533252 140188941555520 spec.py:298] Evaluating on the training split.
I0425 01:51:23.125612 140188941555520 spec.py:310] Evaluating on the validation split.
I0425 01:51:31.846383 140188941555520 spec.py:326] Evaluating on the test split.
I0425 01:51:33.503781 140188941555520 submission_runner.py:406] Time since start: 3197.76s, 	Step: 7090, 	{'train/accuracy': 0.23876953125, 'train/loss': 4.080831050872803, 'validation/accuracy': 0.21621999144554138, 'validation/loss': 4.197323799133301, 'validation/num_examples': 50000, 'test/accuracy': 0.16040000319480896, 'test/loss': 4.601830005645752, 'test/num_examples': 10000, 'score': 2988.2134969234467, 'total_duration': 3197.7616159915924, 'accumulated_submission_time': 2988.2134969234467, 'accumulated_eval_time': 198.51556015014648, 'accumulated_logging_time': 10.892399311065674}
I0425 01:51:33.513244 140011026491136 logging_writer.py:48] [7090] accumulated_eval_time=198.515560, accumulated_logging_time=10.892399, accumulated_submission_time=2988.213497, global_step=7090, preemption_count=0, score=2988.213497, test/accuracy=0.160400, test/loss=4.601830, test/num_examples=10000, total_duration=3197.761616, train/accuracy=0.238770, train/loss=4.080831, validation/accuracy=0.216220, validation/loss=4.197324, validation/num_examples=50000
I0425 01:51:33.588930 140188941555520 checkpoints.py:356] Saving checkpoint at step: 7090
I0425 01:51:34.314755 140188941555520 checkpoints.py:317] Saved checkpoint at /experiment_runs/timing_v3_b/timing_nesterov/imagenet_vit_jax/trial_1/checkpoint_7090
I0425 01:51:34.324308 140188941555520 checkpoint_utils.py:240] Saved checkpoint to /experiment_runs/timing_v3_b/timing_nesterov/imagenet_vit_jax/trial_1/checkpoint_7090.
I0425 01:51:40.981746 140011018098432 logging_writer.py:48] [7100] global_step=7100, grad_norm=0.6824700236320496, loss=5.46267557144165
I0425 01:52:22.163370 140011009705728 logging_writer.py:48] [7200] global_step=7200, grad_norm=0.6760762929916382, loss=5.517698764801025
I0425 01:53:03.314548 140011018098432 logging_writer.py:48] [7300] global_step=7300, grad_norm=0.6282240152359009, loss=5.572703838348389
I0425 01:53:44.746745 140011009705728 logging_writer.py:48] [7400] global_step=7400, grad_norm=0.5319190621376038, loss=6.433292388916016
I0425 01:54:26.505798 140011018098432 logging_writer.py:48] [7500] global_step=7500, grad_norm=0.7157918214797974, loss=5.378779411315918
I0425 01:55:07.822607 140011009705728 logging_writer.py:48] [7600] global_step=7600, grad_norm=0.6895236372947693, loss=5.351109027862549
I0425 01:55:49.346615 140011018098432 logging_writer.py:48] [7700] global_step=7700, grad_norm=0.44430357217788696, loss=6.156225681304932
I0425 01:56:30.743874 140011009705728 logging_writer.py:48] [7800] global_step=7800, grad_norm=0.7696737051010132, loss=5.472591400146484
I0425 01:57:11.869522 140011018098432 logging_writer.py:48] [7900] global_step=7900, grad_norm=0.4994053840637207, loss=6.102193832397461
I0425 01:57:53.226871 140011009705728 logging_writer.py:48] [8000] global_step=8000, grad_norm=0.6630570292472839, loss=5.206770896911621
I0425 01:58:34.722667 140011018098432 logging_writer.py:48] [8100] global_step=8100, grad_norm=0.6924498081207275, loss=5.316015243530273
I0425 01:58:34.731644 140188941555520 spec.py:298] Evaluating on the training split.
I0425 01:58:48.762675 140188941555520 spec.py:310] Evaluating on the validation split.
I0425 01:58:57.930156 140188941555520 spec.py:326] Evaluating on the test split.
I0425 01:58:59.577941 140188941555520 submission_runner.py:406] Time since start: 3643.84s, 	Step: 8101, 	{'train/accuracy': 0.28369140625, 'train/loss': 3.6669929027557373, 'validation/accuracy': 0.2537800073623657, 'validation/loss': 3.818631887435913, 'validation/num_examples': 50000, 'test/accuracy': 0.1941000074148178, 'test/loss': 4.278420925140381, 'test/num_examples': 10000, 'score': 3408.5996429920197, 'total_duration': 3643.835775613785, 'accumulated_submission_time': 3408.5996429920197, 'accumulated_eval_time': 223.36178183555603, 'accumulated_logging_time': 11.714434623718262}
I0425 01:58:59.589907 140011009705728 logging_writer.py:48] [8101] accumulated_eval_time=223.361782, accumulated_logging_time=11.714435, accumulated_submission_time=3408.599643, global_step=8101, preemption_count=0, score=3408.599643, test/accuracy=0.194100, test/loss=4.278421, test/num_examples=10000, total_duration=3643.835776, train/accuracy=0.283691, train/loss=3.666993, validation/accuracy=0.253780, validation/loss=3.818632, validation/num_examples=50000
I0425 01:58:59.696416 140188941555520 checkpoints.py:356] Saving checkpoint at step: 8101
I0425 01:59:00.534453 140188941555520 checkpoints.py:317] Saved checkpoint at /experiment_runs/timing_v3_b/timing_nesterov/imagenet_vit_jax/trial_1/checkpoint_8101
I0425 01:59:00.546554 140188941555520 checkpoint_utils.py:240] Saved checkpoint to /experiment_runs/timing_v3_b/timing_nesterov/imagenet_vit_jax/trial_1/checkpoint_8101.
I0425 01:59:41.937827 140011018098432 logging_writer.py:48] [8200] global_step=8200, grad_norm=0.5749413967132568, loss=5.293322563171387
I0425 02:00:23.242530 140011001313024 logging_writer.py:48] [8300] global_step=8300, grad_norm=0.5483108162879944, loss=5.688475131988525
I0425 02:01:04.765388 140011018098432 logging_writer.py:48] [8400] global_step=8400, grad_norm=0.629763126373291, loss=5.258404731750488
I0425 02:01:46.301943 140011001313024 logging_writer.py:48] [8500] global_step=8500, grad_norm=0.6329638957977295, loss=5.254212856292725
I0425 02:02:28.023666 140011018098432 logging_writer.py:48] [8600] global_step=8600, grad_norm=0.5343987941741943, loss=5.428839206695557
I0425 02:03:09.904656 140011001313024 logging_writer.py:48] [8700] global_step=8700, grad_norm=0.6413899660110474, loss=5.139282703399658
I0425 02:03:51.860822 140011018098432 logging_writer.py:48] [8800] global_step=8800, grad_norm=0.6070432662963867, loss=5.453705787658691
I0425 02:04:33.680805 140011001313024 logging_writer.py:48] [8900] global_step=8900, grad_norm=0.5835014581680298, loss=5.257472515106201
I0425 02:05:15.398762 140011018098432 logging_writer.py:48] [9000] global_step=9000, grad_norm=0.44210660457611084, loss=5.993386268615723
I0425 02:05:57.190650 140011001313024 logging_writer.py:48] [9100] global_step=9100, grad_norm=0.6023483872413635, loss=5.766173839569092
I0425 02:06:00.678181 140188941555520 spec.py:298] Evaluating on the training split.
I0425 02:06:14.994156 140188941555520 spec.py:310] Evaluating on the validation split.
I0425 02:06:25.004802 140188941555520 spec.py:326] Evaluating on the test split.
I0425 02:06:26.651941 140188941555520 submission_runner.py:406] Time since start: 4090.91s, 	Step: 9110, 	{'train/accuracy': 0.3073437511920929, 'train/loss': 3.5522525310516357, 'validation/accuracy': 0.28147998452186584, 'validation/loss': 3.683795213699341, 'validation/num_examples': 50000, 'test/accuracy': 0.2127000093460083, 'test/loss': 4.144068241119385, 'test/num_examples': 10000, 'score': 3828.710543870926, 'total_duration': 4090.9098179340363, 'accumulated_submission_time': 3828.710543870926, 'accumulated_eval_time': 249.3355143070221, 'accumulated_logging_time': 12.684527397155762}
I0425 02:06:26.665148 140011018098432 logging_writer.py:48] [9110] accumulated_eval_time=249.335514, accumulated_logging_time=12.684527, accumulated_submission_time=3828.710544, global_step=9110, preemption_count=0, score=3828.710544, test/accuracy=0.212700, test/loss=4.144068, test/num_examples=10000, total_duration=4090.909818, train/accuracy=0.307344, train/loss=3.552253, validation/accuracy=0.281480, validation/loss=3.683795, validation/num_examples=50000
I0425 02:06:26.767831 140188941555520 checkpoints.py:356] Saving checkpoint at step: 9110
I0425 02:06:27.567821 140188941555520 checkpoints.py:317] Saved checkpoint at /experiment_runs/timing_v3_b/timing_nesterov/imagenet_vit_jax/trial_1/checkpoint_9110
I0425 02:06:27.577826 140188941555520 checkpoint_utils.py:240] Saved checkpoint to /experiment_runs/timing_v3_b/timing_nesterov/imagenet_vit_jax/trial_1/checkpoint_9110.
I0425 02:07:05.058804 140011001313024 logging_writer.py:48] [9200] global_step=9200, grad_norm=0.5559991598129272, loss=5.339151382446289
I0425 02:07:46.416546 140010992920320 logging_writer.py:48] [9300] global_step=9300, grad_norm=0.4865160286426544, loss=5.732867240905762
I0425 02:08:27.929918 140011001313024 logging_writer.py:48] [9400] global_step=9400, grad_norm=0.45952412486076355, loss=6.13114070892334
I0425 02:09:09.414700 140010992920320 logging_writer.py:48] [9500] global_step=9500, grad_norm=0.5712134838104248, loss=5.694080352783203
I0425 02:09:51.071616 140011001313024 logging_writer.py:48] [9600] global_step=9600, grad_norm=0.6352100372314453, loss=5.054729461669922
I0425 02:10:32.801921 140010992920320 logging_writer.py:48] [9700] global_step=9700, grad_norm=0.6452270746231079, loss=5.167799472808838
I0425 02:11:14.743082 140011001313024 logging_writer.py:48] [9800] global_step=9800, grad_norm=0.6240530014038086, loss=5.029946804046631
I0425 02:11:56.665784 140010992920320 logging_writer.py:48] [9900] global_step=9900, grad_norm=0.6337571740150452, loss=5.247446060180664
I0425 02:12:38.729810 140011001313024 logging_writer.py:48] [10000] global_step=10000, grad_norm=0.4997134804725647, loss=5.829038619995117
I0425 02:13:20.744246 140010992920320 logging_writer.py:48] [10100] global_step=10100, grad_norm=0.6053372621536255, loss=5.243923664093018
I0425 02:13:27.995160 140188941555520 spec.py:298] Evaluating on the training split.
I0425 02:13:44.223897 140188941555520 spec.py:310] Evaluating on the validation split.
I0425 02:13:54.444798 140188941555520 spec.py:326] Evaluating on the test split.
I0425 02:13:56.109242 140188941555520 submission_runner.py:406] Time since start: 4540.37s, 	Step: 10119, 	{'train/accuracy': 0.34486326575279236, 'train/loss': 3.2680375576019287, 'validation/accuracy': 0.3170599937438965, 'validation/loss': 3.4037563800811768, 'validation/num_examples': 50000, 'test/accuracy': 0.24610000848770142, 'test/loss': 3.933549404144287, 'test/num_examples': 10000, 'score': 4249.101299762726, 'total_duration': 4540.3670909404755, 'accumulated_submission_time': 4249.101299762726, 'accumulated_eval_time': 277.44955611228943, 'accumulated_logging_time': 13.617517948150635}
I0425 02:13:56.123026 140011001313024 logging_writer.py:48] [10119] accumulated_eval_time=277.449556, accumulated_logging_time=13.617518, accumulated_submission_time=4249.101300, global_step=10119, preemption_count=0, score=4249.101300, test/accuracy=0.246100, test/loss=3.933549, test/num_examples=10000, total_duration=4540.367091, train/accuracy=0.344863, train/loss=3.268038, validation/accuracy=0.317060, validation/loss=3.403756, validation/num_examples=50000
I0425 02:13:56.263485 140188941555520 checkpoints.py:356] Saving checkpoint at step: 10119
I0425 02:13:57.086259 140188941555520 checkpoints.py:317] Saved checkpoint at /experiment_runs/timing_v3_b/timing_nesterov/imagenet_vit_jax/trial_1/checkpoint_10119
I0425 02:13:57.096768 140188941555520 checkpoint_utils.py:240] Saved checkpoint to /experiment_runs/timing_v3_b/timing_nesterov/imagenet_vit_jax/trial_1/checkpoint_10119.
I0425 02:14:30.876248 140010992920320 logging_writer.py:48] [10200] global_step=10200, grad_norm=0.5724725723266602, loss=5.556972026824951
I0425 02:15:12.509979 140010984527616 logging_writer.py:48] [10300] global_step=10300, grad_norm=0.4721906781196594, loss=6.0413665771484375
I0425 02:15:54.058399 140010992920320 logging_writer.py:48] [10400] global_step=10400, grad_norm=0.6521735191345215, loss=4.882245063781738
I0425 02:16:35.699668 140010984527616 logging_writer.py:48] [10500] global_step=10500, grad_norm=0.6088032722473145, loss=5.144298553466797
I0425 02:17:17.153975 140010992920320 logging_writer.py:48] [10600] global_step=10600, grad_norm=0.6078687310218811, loss=5.004598140716553
I0425 02:17:59.174513 140010984527616 logging_writer.py:48] [10700] global_step=10700, grad_norm=0.538444995880127, loss=6.341564178466797
I0425 02:18:41.250586 140010992920320 logging_writer.py:48] [10800] global_step=10800, grad_norm=0.5319632291793823, loss=5.514962673187256
I0425 02:19:23.169142 140010984527616 logging_writer.py:48] [10900] global_step=10900, grad_norm=0.6412574648857117, loss=4.860640525817871
I0425 02:20:04.728826 140010992920320 logging_writer.py:48] [11000] global_step=11000, grad_norm=0.6091988682746887, loss=4.9257588386535645
I0425 02:20:46.294193 140010984527616 logging_writer.py:48] [11100] global_step=11100, grad_norm=0.5567280650138855, loss=5.250525951385498
I0425 02:20:57.207564 140188941555520 spec.py:298] Evaluating on the training split.
I0425 02:21:11.626094 140188941555520 spec.py:310] Evaluating on the validation split.
I0425 02:21:21.723533 140188941555520 spec.py:326] Evaluating on the test split.
I0425 02:21:23.373378 140188941555520 submission_runner.py:406] Time since start: 4987.63s, 	Step: 11128, 	{'train/accuracy': 0.3642578125, 'train/loss': 3.2387590408325195, 'validation/accuracy': 0.33489999175071716, 'validation/loss': 3.3810369968414307, 'validation/num_examples': 50000, 'test/accuracy': 0.25290000438690186, 'test/loss': 3.9036974906921387, 'test/num_examples': 10000, 'score': 4669.192192316055, 'total_duration': 4987.631262540817, 'accumulated_submission_time': 4669.192192316055, 'accumulated_eval_time': 303.61536407470703, 'accumulated_logging_time': 14.606244802474976}
I0425 02:21:23.384525 140010992920320 logging_writer.py:48] [11128] accumulated_eval_time=303.615364, accumulated_logging_time=14.606245, accumulated_submission_time=4669.192192, global_step=11128, preemption_count=0, score=4669.192192, test/accuracy=0.252900, test/loss=3.903697, test/num_examples=10000, total_duration=4987.631263, train/accuracy=0.364258, train/loss=3.238759, validation/accuracy=0.334900, validation/loss=3.381037, validation/num_examples=50000
I0425 02:21:23.482177 140188941555520 checkpoints.py:356] Saving checkpoint at step: 11128
I0425 02:21:24.345690 140188941555520 checkpoints.py:317] Saved checkpoint at /experiment_runs/timing_v3_b/timing_nesterov/imagenet_vit_jax/trial_1/checkpoint_11128
I0425 02:21:24.356605 140188941555520 checkpoint_utils.py:240] Saved checkpoint to /experiment_runs/timing_v3_b/timing_nesterov/imagenet_vit_jax/trial_1/checkpoint_11128.
I0425 02:21:54.454160 140010984527616 logging_writer.py:48] [11200] global_step=11200, grad_norm=0.6311594247817993, loss=4.896744728088379
I0425 02:22:36.232913 140010909058816 logging_writer.py:48] [11300] global_step=11300, grad_norm=0.5604104399681091, loss=6.265377044677734
I0425 02:23:17.838253 140010984527616 logging_writer.py:48] [11400] global_step=11400, grad_norm=0.4928271770477295, loss=5.936286926269531
I0425 02:23:59.672609 140010909058816 logging_writer.py:48] [11500] global_step=11500, grad_norm=0.5972256064414978, loss=5.185116767883301
I0425 02:24:41.393319 140010984527616 logging_writer.py:48] [11600] global_step=11600, grad_norm=0.6962867379188538, loss=4.88668966293335
I0425 02:25:23.138177 140010909058816 logging_writer.py:48] [11700] global_step=11700, grad_norm=0.628931999206543, loss=4.811616897583008
I0425 02:26:04.666329 140010984527616 logging_writer.py:48] [11800] global_step=11800, grad_norm=0.6093040704727173, loss=4.918209075927734
I0425 02:26:46.235969 140010909058816 logging_writer.py:48] [11900] global_step=11900, grad_norm=0.7176182270050049, loss=4.845321178436279
I0425 02:27:27.830829 140010984527616 logging_writer.py:48] [12000] global_step=12000, grad_norm=0.4859412610530853, loss=5.604130268096924
I0425 02:28:09.385902 140010909058816 logging_writer.py:48] [12100] global_step=12100, grad_norm=0.6545189619064331, loss=4.952262878417969
I0425 02:28:24.774852 140188941555520 spec.py:298] Evaluating on the training split.
I0425 02:28:38.807731 140188941555520 spec.py:310] Evaluating on the validation split.
I0425 02:28:49.090933 140188941555520 spec.py:326] Evaluating on the test split.
I0425 02:28:50.748292 140188941555520 submission_runner.py:406] Time since start: 5435.01s, 	Step: 12139, 	{'train/accuracy': 0.3927929699420929, 'train/loss': 3.077559471130371, 'validation/accuracy': 0.3542799949645996, 'validation/loss': 3.2594106197357178, 'validation/num_examples': 50000, 'test/accuracy': 0.27390000224113464, 'test/loss': 3.788681745529175, 'test/num_examples': 10000, 'score': 5089.585218429565, 'total_duration': 5435.006143808365, 'accumulated_submission_time': 5089.585218429565, 'accumulated_eval_time': 329.5887625217438, 'accumulated_logging_time': 15.595468044281006}
I0425 02:28:50.762922 140010984527616 logging_writer.py:48] [12139] accumulated_eval_time=329.588763, accumulated_logging_time=15.595468, accumulated_submission_time=5089.585218, global_step=12139, preemption_count=0, score=5089.585218, test/accuracy=0.273900, test/loss=3.788682, test/num_examples=10000, total_duration=5435.006144, train/accuracy=0.392793, train/loss=3.077559, validation/accuracy=0.354280, validation/loss=3.259411, validation/num_examples=50000
I0425 02:28:50.872530 140188941555520 checkpoints.py:356] Saving checkpoint at step: 12139
I0425 02:28:51.600865 140188941555520 checkpoints.py:317] Saved checkpoint at /experiment_runs/timing_v3_b/timing_nesterov/imagenet_vit_jax/trial_1/checkpoint_12139
I0425 02:28:51.611390 140188941555520 checkpoint_utils.py:240] Saved checkpoint to /experiment_runs/timing_v3_b/timing_nesterov/imagenet_vit_jax/trial_1/checkpoint_12139.
I0425 02:29:17.312235 140010909058816 logging_writer.py:48] [12200] global_step=12200, grad_norm=0.695563793182373, loss=4.866614818572998
I0425 02:29:58.846748 140010900666112 logging_writer.py:48] [12300] global_step=12300, grad_norm=0.5917907953262329, loss=4.824646949768066
I0425 02:30:41.063106 140010909058816 logging_writer.py:48] [12400] global_step=12400, grad_norm=0.6661958694458008, loss=4.848139762878418
I0425 02:31:23.404817 140010900666112 logging_writer.py:48] [12500] global_step=12500, grad_norm=0.4568668603897095, loss=6.094749450683594
I0425 02:32:05.371791 140010909058816 logging_writer.py:48] [12600] global_step=12600, grad_norm=0.5197135210037231, loss=6.02053165435791
I0425 02:32:47.725738 140010900666112 logging_writer.py:48] [12700] global_step=12700, grad_norm=0.524858295917511, loss=6.299975395202637
I0425 02:33:29.706408 140010909058816 logging_writer.py:48] [12800] global_step=12800, grad_norm=0.6380211114883423, loss=4.766448020935059
I0425 02:34:11.698020 140010900666112 logging_writer.py:48] [12900] global_step=12900, grad_norm=0.5676296949386597, loss=4.9706878662109375
I0425 02:34:53.315504 140010909058816 logging_writer.py:48] [13000] global_step=13000, grad_norm=0.46344584226608276, loss=6.261812210083008
I0425 02:35:34.915817 140010900666112 logging_writer.py:48] [13100] global_step=13100, grad_norm=0.6238766312599182, loss=4.78229284286499
I0425 02:35:52.003461 140188941555520 spec.py:298] Evaluating on the training split.
I0425 02:36:06.118411 140188941555520 spec.py:310] Evaluating on the validation split.
I0425 02:36:16.788670 140188941555520 spec.py:326] Evaluating on the test split.
I0425 02:36:18.442078 140188941555520 submission_runner.py:406] Time since start: 5882.70s, 	Step: 13143, 	{'train/accuracy': 0.4119921922683716, 'train/loss': 2.9095730781555176, 'validation/accuracy': 0.3752399981021881, 'validation/loss': 3.072901487350464, 'validation/num_examples': 50000, 'test/accuracy': 0.289000004529953, 'test/loss': 3.650526762008667, 'test/num_examples': 10000, 'score': 5509.953811168671, 'total_duration': 5882.69993853569, 'accumulated_submission_time': 5509.953811168671, 'accumulated_eval_time': 356.02735209465027, 'accumulated_logging_time': 16.463306427001953}
I0425 02:36:18.456663 140010909058816 logging_writer.py:48] [13143] accumulated_eval_time=356.027352, accumulated_logging_time=16.463306, accumulated_submission_time=5509.953811, global_step=13143, preemption_count=0, score=5509.953811, test/accuracy=0.289000, test/loss=3.650527, test/num_examples=10000, total_duration=5882.699939, train/accuracy=0.411992, train/loss=2.909573, validation/accuracy=0.375240, validation/loss=3.072901, validation/num_examples=50000
I0425 02:36:18.648926 140188941555520 checkpoints.py:356] Saving checkpoint at step: 13143
I0425 02:36:19.563004 140188941555520 checkpoints.py:317] Saved checkpoint at /experiment_runs/timing_v3_b/timing_nesterov/imagenet_vit_jax/trial_1/checkpoint_13143
I0425 02:36:19.578755 140188941555520 checkpoint_utils.py:240] Saved checkpoint to /experiment_runs/timing_v3_b/timing_nesterov/imagenet_vit_jax/trial_1/checkpoint_13143.
I0425 02:36:43.709231 140010900666112 logging_writer.py:48] [13200] global_step=13200, grad_norm=0.7335286736488342, loss=4.692771911621094
I0425 02:37:25.403686 140010892273408 logging_writer.py:48] [13300] global_step=13300, grad_norm=0.41791677474975586, loss=6.181893348693848
I0425 02:38:06.991094 140010900666112 logging_writer.py:48] [13400] global_step=13400, grad_norm=0.638702392578125, loss=5.060967445373535
I0425 02:38:49.156085 140010892273408 logging_writer.py:48] [13500] global_step=13500, grad_norm=0.6901788115501404, loss=4.828619003295898
I0425 02:39:31.479953 140010900666112 logging_writer.py:48] [13600] global_step=13600, grad_norm=0.8475066423416138, loss=4.79123592376709
I0425 02:40:13.449770 140010892273408 logging_writer.py:48] [13700] global_step=13700, grad_norm=0.6031102538108826, loss=5.015864372253418
I0425 02:40:55.314576 140010900666112 logging_writer.py:48] [13800] global_step=13800, grad_norm=0.6626499891281128, loss=4.710373401641846
I0425 02:41:37.559545 140010892273408 logging_writer.py:48] [13900] global_step=13900, grad_norm=0.6524266004562378, loss=4.624645709991455
I0425 02:42:20.245479 140010900666112 logging_writer.py:48] [14000] global_step=14000, grad_norm=0.6778830289840698, loss=4.610918998718262
I0425 02:43:02.642706 140010892273408 logging_writer.py:48] [14100] global_step=14100, grad_norm=0.6995046138763428, loss=4.600868225097656
I0425 02:43:19.836327 140188941555520 spec.py:298] Evaluating on the training split.
I0425 02:43:34.215024 140188941555520 spec.py:310] Evaluating on the validation split.
I0425 02:43:44.933380 140188941555520 spec.py:326] Evaluating on the test split.
I0425 02:43:46.583357 140188941555520 submission_runner.py:406] Time since start: 6330.84s, 	Step: 14142, 	{'train/accuracy': 0.4274023473262787, 'train/loss': 2.8841588497161865, 'validation/accuracy': 0.3940799832344055, 'validation/loss': 3.0327014923095703, 'validation/num_examples': 50000, 'test/accuracy': 0.30320000648498535, 'test/loss': 3.614177942276001, 'test/num_examples': 10000, 'score': 5930.191396951675, 'total_duration': 6330.841212511063, 'accumulated_submission_time': 5930.191396951675, 'accumulated_eval_time': 382.7743353843689, 'accumulated_logging_time': 17.601743936538696}
I0425 02:43:46.597502 140010900666112 logging_writer.py:48] [14142] accumulated_eval_time=382.774335, accumulated_logging_time=17.601744, accumulated_submission_time=5930.191397, global_step=14142, preemption_count=0, score=5930.191397, test/accuracy=0.303200, test/loss=3.614178, test/num_examples=10000, total_duration=6330.841213, train/accuracy=0.427402, train/loss=2.884159, validation/accuracy=0.394080, validation/loss=3.032701, validation/num_examples=50000
I0425 02:43:46.812421 140188941555520 checkpoints.py:356] Saving checkpoint at step: 14142
I0425 02:43:47.616192 140188941555520 checkpoints.py:317] Saved checkpoint at /experiment_runs/timing_v3_b/timing_nesterov/imagenet_vit_jax/trial_1/checkpoint_14142
