python3 submission_runner.py --framework=jax --workload=imagenet_vit --submission_path=baselines/shampoo/jax/submission.py --tuning_search_space=baselines/shampoo/tuning_search_space.json --data_dir=/data/imagenet/jax --num_tuning_trials=1 --experiment_dir=/experiment_runs --experiment_name=timing_fancy_2/timing_shampoo --overwrite=True --save_checkpoints=False --max_global_steps=28000 --imagenet_v2_data_dir=/data/imagenet/jax 2>&1 | tee -a /logs/imagenet_vit_jax_05-02-2023-01-20-58.log
I0502 01:21:19.371486 139815280891712 logger_utils.py:76] Creating experiment directory at /experiment_runs/timing_fancy_2/timing_shampoo/imagenet_vit_jax.
I0502 01:21:19.471197 139815280891712 xla_bridge.py:345] Unable to initialize backend 'tpu_driver': NOT_FOUND: Unable to find driver in registry given worker: 
I0502 01:21:20.345855 139815280891712 xla_bridge.py:345] Unable to initialize backend 'rocm': NOT_FOUND: Could not find registered platform with name: "rocm". Available platform names are: Interpreter CUDA Host
I0502 01:21:20.346521 139815280891712 xla_bridge.py:345] Unable to initialize backend 'tpu': module 'jaxlib.xla_extension' has no attribute 'get_tpu_client'
I0502 01:21:20.351606 139815280891712 submission_runner.py:538] Using RNG seed 3367467813
I0502 01:21:22.989055 139815280891712 submission_runner.py:547] --- Tuning run 1/1 ---
I0502 01:21:22.989254 139815280891712 submission_runner.py:552] Creating tuning directory at /experiment_runs/timing_fancy_2/timing_shampoo/imagenet_vit_jax/trial_1.
I0502 01:21:22.989759 139815280891712 logger_utils.py:92] Saving hparams to /experiment_runs/timing_fancy_2/timing_shampoo/imagenet_vit_jax/trial_1/hparams.json.
I0502 01:21:23.119900 139815280891712 submission_runner.py:241] Initializing dataset.
I0502 01:21:23.137883 139815280891712 dataset_info.py:566] Load dataset info from /data/imagenet/jax/imagenet2012/5.1.0
I0502 01:21:23.153172 139815280891712 dataset_info.py:642] Field info.splits from disk and from code do not match. Keeping the one from code.
I0502 01:21:23.153284 139815280891712 dataset_info.py:642] Field info.supervised_keys from disk and from code do not match. Keeping the one from code.
I0502 01:21:23.410969 139815280891712 logging_logger.py:49] Constructing tf.data.Dataset imagenet2012 for split train, from /data/imagenet/jax/imagenet2012/5.1.0
I0502 01:21:30.126216 139815280891712 submission_runner.py:248] Initializing model.
I0502 01:21:41.232694 139815280891712 submission_runner.py:258] Initializing optimizer.
I0502 01:21:55.658499 139815280891712 submission_runner.py:265] Initializing metrics bundle.
I0502 01:21:55.658724 139815280891712 submission_runner.py:282] Initializing checkpoint and logger.
I0502 01:21:55.659801 139815280891712 checkpoints.py:466] Found no checkpoint files in /experiment_runs/timing_fancy_2/timing_shampoo/imagenet_vit_jax/trial_1 with prefix checkpoint_
I0502 01:21:56.477400 139815280891712 submission_runner.py:303] Saving meta data to /experiment_runs/timing_fancy_2/timing_shampoo/imagenet_vit_jax/trial_1/meta_data_0.json.
I0502 01:21:56.479443 139815280891712 submission_runner.py:306] Saving flags to /experiment_runs/timing_fancy_2/timing_shampoo/imagenet_vit_jax/trial_1/flags_0.json.
I0502 01:21:56.484491 139815280891712 submission_runner.py:318] Starting training loop.
/algorithmic-efficiency/baselines/shampoo/jax/distributed_shampoo.py:812: UserWarning: Explicitly requested dtype <class 'jax.numpy.float64'> requested in astype is not available, and will be truncated to dtype float32. To enable more dtypes, set the jax_enable_x64 configuration option or the JAX_ENABLE_X64 shell environment variable. See https://github.com/google/jax#current-gotchas for more.
  matrix = matrix.astype(_MAT_INV_PTH_ROOT_DTYPE)
/algorithmic-efficiency/baselines/shampoo/jax/distributed_shampoo.py:813: UserWarning: Explicitly requested dtype <class 'jax.numpy.float64'> requested in asarray is not available, and will be truncated to dtype float32. To enable more dtypes, set the jax_enable_x64 configuration option or the JAX_ENABLE_X64 shell environment variable. See https://github.com/google/jax#current-gotchas for more.
  alpha = jnp.asarray(-1.0 / p, _MAT_INV_PTH_ROOT_DTYPE)
/algorithmic-efficiency/baselines/shampoo/jax/distributed_shampoo.py:814: UserWarning: Explicitly requested dtype <class 'jax.numpy.float64'> requested in eye is not available, and will be truncated to dtype float32. To enable more dtypes, set the jax_enable_x64 configuration option or the JAX_ENABLE_X64 shell environment variable. See https://github.com/google/jax#current-gotchas for more.
  identity = jnp.eye(matrix_size, dtype=_MAT_INV_PTH_ROOT_DTYPE)
I0502 01:26:49.508245 139637137864448 logging_writer.py:48] [0] global_step=0, grad_norm=0.31804782152175903, loss=6.907756805419922
I0502 01:26:49.587987 139815280891712 spec.py:298] Evaluating on the training split.
I0502 01:26:49.605424 139815280891712 dataset_info.py:566] Load dataset info from /data/imagenet/jax/imagenet2012/5.1.0
I0502 01:26:49.612282 139815280891712 dataset_info.py:642] Field info.splits from disk and from code do not match. Keeping the one from code.
I0502 01:26:49.612391 139815280891712 dataset_info.py:642] Field info.supervised_keys from disk and from code do not match. Keeping the one from code.
I0502 01:26:49.673352 139815280891712 logging_logger.py:49] Constructing tf.data.Dataset imagenet2012 for split train, from /data/imagenet/jax/imagenet2012/5.1.0
I0502 01:27:08.111014 139815280891712 spec.py:310] Evaluating on the validation split.
I0502 01:27:08.117561 139815280891712 dataset_info.py:566] Load dataset info from /data/imagenet/jax/imagenet2012/5.1.0
I0502 01:27:08.133684 139815280891712 dataset_info.py:642] Field info.splits from disk and from code do not match. Keeping the one from code.
I0502 01:27:08.133979 139815280891712 dataset_info.py:642] Field info.supervised_keys from disk and from code do not match. Keeping the one from code.
I0502 01:27:08.185281 139815280891712 logging_logger.py:49] Constructing tf.data.Dataset imagenet2012 for split validation, from /data/imagenet/jax/imagenet2012/5.1.0
I0502 01:27:28.124138 139815280891712 spec.py:326] Evaluating on the test split.
I0502 01:27:28.134937 139815280891712 dataset_info.py:566] Load dataset info from /data/imagenet/jax/imagenet_v2/matched-frequency/3.0.0
I0502 01:27:28.139589 139815280891712 dataset_builder.py:510] Reusing dataset imagenet_v2 (/data/imagenet/jax/imagenet_v2/matched-frequency/3.0.0)
I0502 01:27:28.171284 139815280891712 logging_logger.py:49] Constructing tf.data.Dataset imagenet_v2 for split test, from /data/imagenet/jax/imagenet_v2/matched-frequency/3.0.0
I0502 01:27:39.367333 139815280891712 submission_runner.py:415] Time since start: 342.88s, 	Step: 1, 	{'train/accuracy': 0.0009570312104187906, 'train/loss': 6.907756328582764, 'validation/accuracy': 0.0009999999310821295, 'validation/loss': 6.9077558517456055, 'validation/num_examples': 50000, 'test/accuracy': 0.0010000000474974513, 'test/loss': 6.907756805419922, 'test/num_examples': 10000, 'score': 293.10331749916077, 'total_duration': 342.88277888298035, 'accumulated_submission_time': 293.10331749916077, 'accumulated_eval_time': 49.77930545806885, 'accumulated_logging_time': 0}
I0502 01:27:39.384001 139584306386688 logging_writer.py:48] [1] accumulated_eval_time=49.779305, accumulated_logging_time=0, accumulated_submission_time=293.103317, global_step=1, preemption_count=0, score=293.103317, test/accuracy=0.001000, test/loss=6.907757, test/num_examples=10000, total_duration=342.882779, train/accuracy=0.000957, train/loss=6.907756, validation/accuracy=0.001000, validation/loss=6.907756, validation/num_examples=50000
I0502 01:34:02.604434 139633232697088 logging_writer.py:48] [100] global_step=100, grad_norm=0.4630367159843445, loss=6.85402250289917
I0502 01:34:41.789769 139815280891712 spec.py:298] Evaluating on the training split.
I0502 01:34:48.235587 139815280891712 spec.py:310] Evaluating on the validation split.
I0502 01:34:54.866721 139815280891712 spec.py:326] Evaluating on the test split.
I0502 01:34:56.632541 139815280891712 submission_runner.py:415] Time since start: 780.15s, 	Step: 141, 	{'train/accuracy': 0.005644530989229679, 'train/loss': 6.78612756729126, 'validation/accuracy': 0.0047599999234080315, 'validation/loss': 6.79502534866333, 'validation/num_examples': 50000, 'test/accuracy': 0.004800000227987766, 'test/loss': 6.804804801940918, 'test/num_examples': 10000, 'score': 715.4983599185944, 'total_duration': 780.1479647159576, 'accumulated_submission_time': 715.4983599185944, 'accumulated_eval_time': 64.62202835083008, 'accumulated_logging_time': 0.02530217170715332}
I0502 01:34:56.643423 139584457389824 logging_writer.py:48] [141] accumulated_eval_time=64.622028, accumulated_logging_time=0.025302, accumulated_submission_time=715.498360, global_step=141, preemption_count=0, score=715.498360, test/accuracy=0.004800, test/loss=6.804805, test/num_examples=10000, total_duration=780.147965, train/accuracy=0.005645, train/loss=6.786128, validation/accuracy=0.004760, validation/loss=6.795025, validation/num_examples=50000
I0502 01:35:55.771694 139584465782528 logging_writer.py:48] [200] global_step=200, grad_norm=0.44864702224731445, loss=6.8360772132873535
I0502 01:37:33.555036 139584457389824 logging_writer.py:48] [300] global_step=300, grad_norm=0.8791893720626831, loss=6.700736045837402
I0502 01:39:11.517160 139584465782528 logging_writer.py:48] [400] global_step=400, grad_norm=1.1689122915267944, loss=6.640652179718018
I0502 01:40:50.428868 139584457389824 logging_writer.py:48] [500] global_step=500, grad_norm=0.9546964764595032, loss=6.540663719177246
I0502 01:41:57.209474 139815280891712 spec.py:298] Evaluating on the training split.
I0502 01:42:03.637124 139815280891712 spec.py:310] Evaluating on the validation split.
I0502 01:42:10.396988 139815280891712 spec.py:326] Evaluating on the test split.
I0502 01:42:12.058972 139815280891712 submission_runner.py:415] Time since start: 1215.57s, 	Step: 571, 	{'train/accuracy': 0.026992186903953552, 'train/loss': 6.2548956871032715, 'validation/accuracy': 0.024620000272989273, 'validation/loss': 6.267775058746338, 'validation/num_examples': 50000, 'test/accuracy': 0.019500000402331352, 'test/loss': 6.330530166625977, 'test/num_examples': 10000, 'score': 1136.0484211444855, 'total_duration': 1215.5743610858917, 'accumulated_submission_time': 1136.0484211444855, 'accumulated_eval_time': 79.47144794464111, 'accumulated_logging_time': 0.046309709548950195}
I0502 01:42:12.074061 139584465782528 logging_writer.py:48] [571] accumulated_eval_time=79.471448, accumulated_logging_time=0.046310, accumulated_submission_time=1136.048421, global_step=571, preemption_count=0, score=1136.048421, test/accuracy=0.019500, test/loss=6.330530, test/num_examples=10000, total_duration=1215.574361, train/accuracy=0.026992, train/loss=6.254896, validation/accuracy=0.024620, validation/loss=6.267775, validation/num_examples=50000
I0502 01:42:45.420266 139584457389824 logging_writer.py:48] [600] global_step=600, grad_norm=0.8324894905090332, loss=6.667830944061279
I0502 01:44:24.676921 139584465782528 logging_writer.py:48] [700] global_step=700, grad_norm=1.0981065034866333, loss=6.370298385620117
I0502 01:46:02.995848 139584457389824 logging_writer.py:48] [800] global_step=800, grad_norm=1.5024551153182983, loss=6.28455114364624
I0502 01:47:41.729475 139584465782528 logging_writer.py:48] [900] global_step=900, grad_norm=1.4124547243118286, loss=6.2108235359191895
I0502 01:49:12.263601 139815280891712 spec.py:298] Evaluating on the training split.
I0502 01:49:18.679949 139815280891712 spec.py:310] Evaluating on the validation split.
I0502 01:49:25.499497 139815280891712 spec.py:326] Evaluating on the test split.
I0502 01:49:27.163506 139815280891712 submission_runner.py:415] Time since start: 1650.68s, 	Step: 997, 	{'train/accuracy': 0.05292968451976776, 'train/loss': 5.721033573150635, 'validation/accuracy': 0.049379996955394745, 'validation/loss': 5.746005535125732, 'validation/num_examples': 50000, 'test/accuracy': 0.038700003176927567, 'test/loss': 5.872519016265869, 'test/num_examples': 10000, 'score': 1556.218989610672, 'total_duration': 1650.6789247989655, 'accumulated_submission_time': 1556.218989610672, 'accumulated_eval_time': 94.37130904197693, 'accumulated_logging_time': 0.07445979118347168}
I0502 01:49:27.174036 139584457389824 logging_writer.py:48] [997] accumulated_eval_time=94.371309, accumulated_logging_time=0.074460, accumulated_submission_time=1556.218990, global_step=997, preemption_count=0, score=1556.218990, test/accuracy=0.038700, test/loss=5.872519, test/num_examples=10000, total_duration=1650.678925, train/accuracy=0.052930, train/loss=5.721034, validation/accuracy=0.049380, validation/loss=5.746006, validation/num_examples=50000
I0502 01:49:36.140313 139584465782528 logging_writer.py:48] [1000] global_step=1000, grad_norm=1.4177236557006836, loss=6.130033493041992
I0502 01:51:14.411556 139584457389824 logging_writer.py:48] [1100] global_step=1100, grad_norm=1.207231044769287, loss=6.108361721038818
I0502 01:52:54.007455 139584465782528 logging_writer.py:48] [1200] global_step=1200, grad_norm=1.2570040225982666, loss=6.32538366317749
I0502 01:54:33.090655 139584457389824 logging_writer.py:48] [1300] global_step=1300, grad_norm=1.1117802858352661, loss=6.575123310089111
I0502 01:56:12.091173 139584465782528 logging_writer.py:48] [1400] global_step=1400, grad_norm=1.4788833856582642, loss=5.934486389160156
I0502 01:56:31.919492 139815280891712 spec.py:298] Evaluating on the training split.
I0502 01:56:38.360160 139815280891712 spec.py:310] Evaluating on the validation split.
I0502 01:56:44.978178 139815280891712 spec.py:326] Evaluating on the test split.
I0502 01:56:46.647306 139815280891712 submission_runner.py:415] Time since start: 2090.16s, 	Step: 1421, 	{'train/accuracy': 0.07681640237569809, 'train/loss': 5.360898971557617, 'validation/accuracy': 0.0712599977850914, 'validation/loss': 5.396115303039551, 'validation/num_examples': 50000, 'test/accuracy': 0.05470000207424164, 'test/loss': 5.5779571533203125, 'test/num_examples': 10000, 'score': 1980.948757648468, 'total_duration': 2090.1627271175385, 'accumulated_submission_time': 1980.948757648468, 'accumulated_eval_time': 109.09906697273254, 'accumulated_logging_time': 0.09495401382446289}
I0502 01:56:46.657665 139584457389824 logging_writer.py:48] [1421] accumulated_eval_time=109.099067, accumulated_logging_time=0.094954, accumulated_submission_time=1980.948758, global_step=1421, preemption_count=0, score=1980.948758, test/accuracy=0.054700, test/loss=5.577957, test/num_examples=10000, total_duration=2090.162727, train/accuracy=0.076816, train/loss=5.360899, validation/accuracy=0.071260, validation/loss=5.396115, validation/num_examples=50000
I0502 01:58:06.068782 139584465782528 logging_writer.py:48] [1500] global_step=1500, grad_norm=1.0825523138046265, loss=6.626089096069336
I0502 01:59:45.735524 139584457389824 logging_writer.py:48] [1600] global_step=1600, grad_norm=1.515891432762146, loss=5.82059383392334
I0502 02:01:26.067134 139584465782528 logging_writer.py:48] [1700] global_step=1700, grad_norm=1.583392858505249, loss=5.7666544914245605
I0502 02:03:04.895070 139584457389824 logging_writer.py:48] [1800] global_step=1800, grad_norm=1.3228052854537964, loss=6.051511764526367
I0502 02:03:46.851254 139815280891712 spec.py:298] Evaluating on the training split.
I0502 02:03:53.308492 139815280891712 spec.py:310] Evaluating on the validation split.
I0502 02:04:00.154744 139815280891712 spec.py:326] Evaluating on the test split.
I0502 02:04:01.817682 139815280891712 submission_runner.py:415] Time since start: 2525.33s, 	Step: 1844, 	{'train/accuracy': 0.1064453125, 'train/loss': 5.026849746704102, 'validation/accuracy': 0.10269999504089355, 'validation/loss': 5.072316646575928, 'validation/num_examples': 50000, 'test/accuracy': 0.07840000092983246, 'test/loss': 5.320460319519043, 'test/num_examples': 10000, 'score': 2401.123947620392, 'total_duration': 2525.3330557346344, 'accumulated_submission_time': 2401.123947620392, 'accumulated_eval_time': 124.06539368629456, 'accumulated_logging_time': 0.11805987358093262}
I0502 02:04:01.832738 139584465782528 logging_writer.py:48] [1844] accumulated_eval_time=124.065394, accumulated_logging_time=0.118060, accumulated_submission_time=2401.123948, global_step=1844, preemption_count=0, score=2401.123948, test/accuracy=0.078400, test/loss=5.320460, test/num_examples=10000, total_duration=2525.333056, train/accuracy=0.106445, train/loss=5.026850, validation/accuracy=0.102700, validation/loss=5.072317, validation/num_examples=50000
I0502 02:04:59.496940 139584457389824 logging_writer.py:48] [1900] global_step=1900, grad_norm=1.2565799951553345, loss=6.220907688140869
I0502 02:06:38.669921 139584465782528 logging_writer.py:48] [2000] global_step=2000, grad_norm=1.3726541996002197, loss=5.689332962036133
I0502 02:08:17.672828 139584457389824 logging_writer.py:48] [2100] global_step=2100, grad_norm=1.2464383840560913, loss=5.614124774932861
I0502 02:09:57.669126 139584465782528 logging_writer.py:48] [2200] global_step=2200, grad_norm=1.1092361211776733, loss=6.161187648773193
I0502 02:11:02.255725 139815280891712 spec.py:298] Evaluating on the training split.
I0502 02:11:08.720024 139815280891712 spec.py:310] Evaluating on the validation split.
I0502 02:11:15.426160 139815280891712 spec.py:326] Evaluating on the test split.
I0502 02:11:17.084989 139815280891712 submission_runner.py:415] Time since start: 2960.60s, 	Step: 2268, 	{'train/accuracy': 0.14701171219348907, 'train/loss': 4.67155647277832, 'validation/accuracy': 0.1361600011587143, 'validation/loss': 4.741461277008057, 'validation/num_examples': 50000, 'test/accuracy': 0.1072000041604042, 'test/loss': 5.021162509918213, 'test/num_examples': 10000, 'score': 2821.522177219391, 'total_duration': 2960.6004118919373, 'accumulated_submission_time': 2821.522177219391, 'accumulated_eval_time': 138.894606590271, 'accumulated_logging_time': 0.15212011337280273}
I0502 02:11:17.096465 139584457389824 logging_writer.py:48] [2268] accumulated_eval_time=138.894607, accumulated_logging_time=0.152120, accumulated_submission_time=2821.522177, global_step=2268, preemption_count=0, score=2821.522177, test/accuracy=0.107200, test/loss=5.021163, test/num_examples=10000, total_duration=2960.600412, train/accuracy=0.147012, train/loss=4.671556, validation/accuracy=0.136160, validation/loss=4.741461, validation/num_examples=50000
I0502 02:11:52.412901 139584465782528 logging_writer.py:48] [2300] global_step=2300, grad_norm=1.6165887117385864, loss=5.51317024230957
I0502 02:13:31.511845 139584457389824 logging_writer.py:48] [2400] global_step=2400, grad_norm=1.7858325242996216, loss=5.602587699890137
I0502 02:15:11.652980 139584465782528 logging_writer.py:48] [2500] global_step=2500, grad_norm=1.2958755493164062, loss=5.873764991760254
I0502 02:16:51.067721 139584457389824 logging_writer.py:48] [2600] global_step=2600, grad_norm=1.3701863288879395, loss=5.3684186935424805
I0502 02:18:17.546987 139815280891712 spec.py:298] Evaluating on the training split.
I0502 02:18:24.002798 139815280891712 spec.py:310] Evaluating on the validation split.
I0502 02:18:30.854558 139815280891712 spec.py:326] Evaluating on the test split.
I0502 02:18:32.515690 139815280891712 submission_runner.py:415] Time since start: 3396.03s, 	Step: 2690, 	{'train/accuracy': 0.18089842796325684, 'train/loss': 4.3392181396484375, 'validation/accuracy': 0.17189998924732208, 'validation/loss': 4.4079155921936035, 'validation/num_examples': 50000, 'test/accuracy': 0.12630000710487366, 'test/loss': 4.742824554443359, 'test/num_examples': 10000, 'score': 3241.9575579166412, 'total_duration': 3396.031106710434, 'accumulated_submission_time': 3241.9575579166412, 'accumulated_eval_time': 153.86326241493225, 'accumulated_logging_time': 0.17289447784423828}
I0502 02:18:32.526353 139584465782528 logging_writer.py:48] [2690] accumulated_eval_time=153.863262, accumulated_logging_time=0.172894, accumulated_submission_time=3241.957558, global_step=2690, preemption_count=0, score=3241.957558, test/accuracy=0.126300, test/loss=4.742825, test/num_examples=10000, total_duration=3396.031107, train/accuracy=0.180898, train/loss=4.339218, validation/accuracy=0.171900, validation/loss=4.407916, validation/num_examples=50000
I0502 02:18:49.157389 139584457389824 logging_writer.py:48] [2700] global_step=2700, grad_norm=1.017561435699463, loss=6.122829437255859
I0502 02:20:27.713829 139584465782528 logging_writer.py:48] [2800] global_step=2800, grad_norm=1.0142649412155151, loss=6.324579238891602
I0502 02:22:08.115622 139584457389824 logging_writer.py:48] [2900] global_step=2900, grad_norm=1.26105797290802, loss=5.3156890869140625
I0502 02:23:47.593454 139584465782528 logging_writer.py:48] [3000] global_step=3000, grad_norm=1.5357297658920288, loss=5.057147026062012
I0502 02:25:26.782557 139584457389824 logging_writer.py:48] [3100] global_step=3100, grad_norm=1.238918662071228, loss=5.13363790512085
I0502 02:25:33.032805 139815280891712 spec.py:298] Evaluating on the training split.
I0502 02:25:39.448978 139815280891712 spec.py:310] Evaluating on the validation split.
I0502 02:25:46.198570 139815280891712 spec.py:326] Evaluating on the test split.
I0502 02:25:47.864215 139815280891712 submission_runner.py:415] Time since start: 3831.38s, 	Step: 3110, 	{'train/accuracy': 0.2311132699251175, 'train/loss': 4.003273963928223, 'validation/accuracy': 0.20601999759674072, 'validation/loss': 4.125072479248047, 'validation/num_examples': 50000, 'test/accuracy': 0.16340000927448273, 'test/loss': 4.485968589782715, 'test/num_examples': 10000, 'score': 3662.4443802833557, 'total_duration': 3831.379652738571, 'accumulated_submission_time': 3662.4443802833557, 'accumulated_eval_time': 168.69462847709656, 'accumulated_logging_time': 0.19739818572998047}
I0502 02:25:47.874739 139584465782528 logging_writer.py:48] [3110] accumulated_eval_time=168.694628, accumulated_logging_time=0.197398, accumulated_submission_time=3662.444380, global_step=3110, preemption_count=0, score=3662.444380, test/accuracy=0.163400, test/loss=4.485969, test/num_examples=10000, total_duration=3831.379653, train/accuracy=0.231113, train/loss=4.003274, validation/accuracy=0.206020, validation/loss=4.125072, validation/num_examples=50000
I0502 02:27:20.701114 139584457389824 logging_writer.py:48] [3200] global_step=3200, grad_norm=1.2091524600982666, loss=5.4985246658325195
I0502 02:28:58.816081 139584465782528 logging_writer.py:48] [3300] global_step=3300, grad_norm=1.3649615049362183, loss=4.995649814605713
I0502 02:30:36.675437 139584457389824 logging_writer.py:48] [3400] global_step=3400, grad_norm=1.4365638494491577, loss=5.389094352722168
I0502 02:32:14.415034 139584465782528 logging_writer.py:48] [3500] global_step=3500, grad_norm=1.3023329973220825, loss=4.864479064941406
I0502 02:32:54.081881 139815280891712 spec.py:298] Evaluating on the training split.
I0502 02:33:00.527959 139815280891712 spec.py:310] Evaluating on the validation split.
I0502 02:33:07.416642 139815280891712 spec.py:326] Evaluating on the test split.
I0502 02:33:09.099370 139815280891712 submission_runner.py:415] Time since start: 4272.61s, 	Step: 3541, 	{'train/accuracy': 0.2522656321525574, 'train/loss': 3.8324990272521973, 'validation/accuracy': 0.23201999068260193, 'validation/loss': 3.9364278316497803, 'validation/num_examples': 50000, 'test/accuracy': 0.17760001122951508, 'test/loss': 4.351043224334717, 'test/num_examples': 10000, 'score': 4088.634847640991, 'total_duration': 4272.614780902863, 'accumulated_submission_time': 4088.634847640991, 'accumulated_eval_time': 183.7120566368103, 'accumulated_logging_time': 0.21915936470031738}
I0502 02:33:09.113979 139584457389824 logging_writer.py:48] [3541] accumulated_eval_time=183.712057, accumulated_logging_time=0.219159, accumulated_submission_time=4088.634848, global_step=3541, preemption_count=0, score=4088.634848, test/accuracy=0.177600, test/loss=4.351043, test/num_examples=10000, total_duration=4272.614781, train/accuracy=0.252266, train/loss=3.832499, validation/accuracy=0.232020, validation/loss=3.936428, validation/num_examples=50000
I0502 02:34:08.159554 139584465782528 logging_writer.py:48] [3600] global_step=3600, grad_norm=1.3145103454589844, loss=4.967822551727295
I0502 02:35:45.952698 139584457389824 logging_writer.py:48] [3700] global_step=3700, grad_norm=1.4591730833053589, loss=5.3037238121032715
I0502 02:37:23.812690 139584465782528 logging_writer.py:48] [3800] global_step=3800, grad_norm=1.1596086025238037, loss=5.117587089538574
I0502 02:39:01.612268 139584457389824 logging_writer.py:48] [3900] global_step=3900, grad_norm=0.9290202260017395, loss=6.01235294342041
I0502 02:40:09.532034 139815280891712 spec.py:298] Evaluating on the training split.
I0502 02:40:15.979314 139815280891712 spec.py:310] Evaluating on the validation split.
I0502 02:40:22.703554 139815280891712 spec.py:326] Evaluating on the test split.
I0502 02:40:24.396426 139815280891712 submission_runner.py:415] Time since start: 4707.91s, 	Step: 3974, 	{'train/accuracy': 0.2874804735183716, 'train/loss': 3.583763599395752, 'validation/accuracy': 0.2658799886703491, 'validation/loss': 3.685100793838501, 'validation/num_examples': 50000, 'test/accuracy': 0.19780001044273376, 'test/loss': 4.143375873565674, 'test/num_examples': 10000, 'score': 4509.034639835358, 'total_duration': 4707.911815166473, 'accumulated_submission_time': 4509.034639835358, 'accumulated_eval_time': 198.57635688781738, 'accumulated_logging_time': 0.24656295776367188}
I0502 02:40:24.406910 139584465782528 logging_writer.py:48] [3974] accumulated_eval_time=198.576357, accumulated_logging_time=0.246563, accumulated_submission_time=4509.034640, global_step=3974, preemption_count=0, score=4509.034640, test/accuracy=0.197800, test/loss=4.143376, test/num_examples=10000, total_duration=4707.911815, train/accuracy=0.287480, train/loss=3.583764, validation/accuracy=0.265880, validation/loss=3.685101, validation/num_examples=50000
I0502 02:40:55.375616 139584457389824 logging_writer.py:48] [4000] global_step=4000, grad_norm=1.2641897201538086, loss=4.828587532043457
I0502 02:42:34.390709 139584465782528 logging_writer.py:48] [4100] global_step=4100, grad_norm=1.3387136459350586, loss=4.882195949554443
I0502 02:44:13.347976 139584457389824 logging_writer.py:48] [4200] global_step=4200, grad_norm=0.8622962236404419, loss=6.223542213439941
I0502 02:45:50.993940 139584465782528 logging_writer.py:48] [4300] global_step=4300, grad_norm=1.256405234336853, loss=5.039762496948242
I0502 02:47:28.727749 139584457389824 logging_writer.py:48] [4400] global_step=4400, grad_norm=1.2249245643615723, loss=4.862178802490234
I0502 02:47:28.779754 139815280891712 spec.py:298] Evaluating on the training split.
I0502 02:47:35.238384 139815280891712 spec.py:310] Evaluating on the validation split.
I0502 02:47:42.540833 139815280891712 spec.py:326] Evaluating on the test split.
I0502 02:47:44.210647 139815280891712 submission_runner.py:415] Time since start: 5147.73s, 	Step: 4401, 	{'train/accuracy': 0.3308202922344208, 'train/loss': 3.318467617034912, 'validation/accuracy': 0.2913399934768677, 'validation/loss': 3.52135968208313, 'validation/num_examples': 50000, 'test/accuracy': 0.22050000727176666, 'test/loss': 3.993187189102173, 'test/num_examples': 10000, 'score': 4933.385240793228, 'total_duration': 5147.726042032242, 'accumulated_submission_time': 4933.385240793228, 'accumulated_eval_time': 214.00714874267578, 'accumulated_logging_time': 0.27379894256591797}
I0502 02:47:44.221383 139584465782528 logging_writer.py:48] [4401] accumulated_eval_time=214.007149, accumulated_logging_time=0.273799, accumulated_submission_time=4933.385241, global_step=4401, preemption_count=0, score=4933.385241, test/accuracy=0.220500, test/loss=3.993187, test/num_examples=10000, total_duration=5147.726042, train/accuracy=0.330820, train/loss=3.318468, validation/accuracy=0.291340, validation/loss=3.521360, validation/num_examples=50000
I0502 02:49:22.486293 139584457389824 logging_writer.py:48] [4500] global_step=4500, grad_norm=1.0233339071273804, loss=5.443284511566162
I0502 02:51:00.779404 139584465782528 logging_writer.py:48] [4600] global_step=4600, grad_norm=1.0816434621810913, loss=6.0376877784729
I0502 02:52:38.692381 139584457389824 logging_writer.py:48] [4700] global_step=4700, grad_norm=0.9703301191329956, loss=6.255398273468018
I0502 02:54:16.924074 139584465782528 logging_writer.py:48] [4800] global_step=4800, grad_norm=0.9328944683074951, loss=6.178252696990967
I0502 02:54:44.785845 139815280891712 spec.py:298] Evaluating on the training split.
I0502 02:54:51.241290 139815280891712 spec.py:310] Evaluating on the validation split.
I0502 02:54:58.184346 139815280891712 spec.py:326] Evaluating on the test split.
I0502 02:54:59.862490 139815280891712 submission_runner.py:415] Time since start: 5583.38s, 	Step: 4832, 	{'train/accuracy': 0.3401757776737213, 'train/loss': 3.2193191051483154, 'validation/accuracy': 0.3124399781227112, 'validation/loss': 3.3668107986450195, 'validation/num_examples': 50000, 'test/accuracy': 0.2419000118970871, 'test/loss': 3.8793532848358154, 'test/num_examples': 10000, 'score': 5353.934933662415, 'total_duration': 5583.377871274948, 'accumulated_submission_time': 5353.934933662415, 'accumulated_eval_time': 229.0836923122406, 'accumulated_logging_time': 0.293809175491333}
I0502 02:54:59.878019 139584457389824 logging_writer.py:48] [4832] accumulated_eval_time=229.083692, accumulated_logging_time=0.293809, accumulated_submission_time=5353.934934, global_step=4832, preemption_count=0, score=5353.934934, test/accuracy=0.241900, test/loss=3.879353, test/num_examples=10000, total_duration=5583.377871, train/accuracy=0.340176, train/loss=3.219319, validation/accuracy=0.312440, validation/loss=3.366811, validation/num_examples=50000
I0502 02:56:10.912728 139584465782528 logging_writer.py:48] [4900] global_step=4900, grad_norm=1.257699966430664, loss=4.484123229980469
I0502 02:57:49.353435 139584457389824 logging_writer.py:48] [5000] global_step=5000, grad_norm=0.8553541898727417, loss=5.936394214630127
I0502 02:59:27.558888 139584465782528 logging_writer.py:48] [5100] global_step=5100, grad_norm=1.2739336490631104, loss=4.527835845947266
I0502 03:01:05.480429 139584457389824 logging_writer.py:48] [5200] global_step=5200, grad_norm=0.9839794635772705, loss=4.737827777862549
I0502 03:02:04.470809 139815280891712 spec.py:298] Evaluating on the training split.
I0502 03:02:10.921750 139815280891712 spec.py:310] Evaluating on the validation split.
I0502 03:02:17.954408 139815280891712 spec.py:326] Evaluating on the test split.
I0502 03:02:19.629101 139815280891712 submission_runner.py:415] Time since start: 6023.14s, 	Step: 5261, 	{'train/accuracy': 0.36226561665534973, 'train/loss': 3.0730977058410645, 'validation/accuracy': 0.3337399959564209, 'validation/loss': 3.2248952388763428, 'validation/num_examples': 50000, 'test/accuracy': 0.25710001587867737, 'test/loss': 3.747987747192383, 'test/num_examples': 10000, 'score': 5778.510552883148, 'total_duration': 6023.14445233345, 'accumulated_submission_time': 5778.510552883148, 'accumulated_eval_time': 244.24185347557068, 'accumulated_logging_time': 0.32102108001708984}
I0502 03:02:19.641852 139584465782528 logging_writer.py:48] [5261] accumulated_eval_time=244.241853, accumulated_logging_time=0.321021, accumulated_submission_time=5778.510553, global_step=5261, preemption_count=0, score=5778.510553, test/accuracy=0.257100, test/loss=3.747988, test/num_examples=10000, total_duration=6023.144452, train/accuracy=0.362266, train/loss=3.073098, validation/accuracy=0.333740, validation/loss=3.224895, validation/num_examples=50000
I0502 03:02:59.384238 139584457389824 logging_writer.py:48] [5300] global_step=5300, grad_norm=0.8818368315696716, loss=6.0990705490112305
I0502 03:04:38.210777 139584465782528 logging_writer.py:48] [5400] global_step=5400, grad_norm=0.9146168231964111, loss=5.857490539550781
I0502 03:06:17.381653 139584457389824 logging_writer.py:48] [5500] global_step=5500, grad_norm=1.01859712600708, loss=5.203676223754883
I0502 03:07:55.605259 139584465782528 logging_writer.py:48] [5600] global_step=5600, grad_norm=1.1864862442016602, loss=4.555569648742676
I0502 03:09:19.970166 139815280891712 spec.py:298] Evaluating on the training split.
I0502 03:09:26.399041 139815280891712 spec.py:310] Evaluating on the validation split.
I0502 03:09:33.260374 139815280891712 spec.py:326] Evaluating on the test split.
I0502 03:09:34.919979 139815280891712 submission_runner.py:415] Time since start: 6458.44s, 	Step: 5689, 	{'train/accuracy': 0.37546873092651367, 'train/loss': 3.0548465251922607, 'validation/accuracy': 0.34417998790740967, 'validation/loss': 3.2012991905212402, 'validation/num_examples': 50000, 'test/accuracy': 0.2587999999523163, 'test/loss': 3.7431299686431885, 'test/num_examples': 10000, 'score': 6198.8203592300415, 'total_duration': 6458.435411453247, 'accumulated_submission_time': 6198.8203592300415, 'accumulated_eval_time': 259.19161653518677, 'accumulated_logging_time': 0.3468759059906006}
I0502 03:09:34.934496 139584457389824 logging_writer.py:48] [5689] accumulated_eval_time=259.191617, accumulated_logging_time=0.346876, accumulated_submission_time=6198.820359, global_step=5689, preemption_count=0, score=6198.820359, test/accuracy=0.258800, test/loss=3.743130, test/num_examples=10000, total_duration=6458.435411, train/accuracy=0.375469, train/loss=3.054847, validation/accuracy=0.344180, validation/loss=3.201299, validation/num_examples=50000
I0502 03:09:49.621078 139584465782528 logging_writer.py:48] [5700] global_step=5700, grad_norm=0.9348919987678528, loss=5.011875629425049
I0502 03:11:28.921713 139584457389824 logging_writer.py:48] [5800] global_step=5800, grad_norm=1.051738977432251, loss=4.807359218597412
I0502 03:13:08.071686 139584465782528 logging_writer.py:48] [5900] global_step=5900, grad_norm=1.1172183752059937, loss=4.450972080230713
I0502 03:14:46.919405 139584457389824 logging_writer.py:48] [6000] global_step=6000, grad_norm=1.0862858295440674, loss=4.446124076843262
I0502 03:16:25.224490 139584465782528 logging_writer.py:48] [6100] global_step=6100, grad_norm=1.0847294330596924, loss=4.406047821044922
I0502 03:16:35.589702 139815280891712 spec.py:298] Evaluating on the training split.
I0502 03:16:42.042636 139815280891712 spec.py:310] Evaluating on the validation split.
I0502 03:16:48.816569 139815280891712 spec.py:326] Evaluating on the test split.
I0502 03:16:50.492505 139815280891712 submission_runner.py:415] Time since start: 6894.01s, 	Step: 6116, 	{'train/accuracy': 0.3955078125, 'train/loss': 2.872520923614502, 'validation/accuracy': 0.3594599962234497, 'validation/loss': 3.0631237030029297, 'validation/num_examples': 50000, 'test/accuracy': 0.2775000035762787, 'test/loss': 3.627045154571533, 'test/num_examples': 10000, 'score': 6619.458873510361, 'total_duration': 6894.007937192917, 'accumulated_submission_time': 6619.458873510361, 'accumulated_eval_time': 274.09437251091003, 'accumulated_logging_time': 0.37261414527893066}
I0502 03:16:50.503540 139584457389824 logging_writer.py:48] [6116] accumulated_eval_time=274.094373, accumulated_logging_time=0.372614, accumulated_submission_time=6619.458874, global_step=6116, preemption_count=0, score=6619.458874, test/accuracy=0.277500, test/loss=3.627045, test/num_examples=10000, total_duration=6894.007937, train/accuracy=0.395508, train/loss=2.872521, validation/accuracy=0.359460, validation/loss=3.063124, validation/num_examples=50000
I0502 03:18:20.325451 139584465782528 logging_writer.py:48] [6200] global_step=6200, grad_norm=1.0345321893692017, loss=4.431341171264648
I0502 03:20:00.068864 139584457389824 logging_writer.py:48] [6300] global_step=6300, grad_norm=1.0244741439819336, loss=4.4154486656188965
I0502 03:21:40.042778 139584465782528 logging_writer.py:48] [6400] global_step=6400, grad_norm=0.8550376296043396, loss=5.378568172454834
I0502 03:23:19.926501 139584457389824 logging_writer.py:48] [6500] global_step=6500, grad_norm=0.8069993257522583, loss=6.100441932678223
I0502 03:23:51.218227 139815280891712 spec.py:298] Evaluating on the training split.
I0502 03:23:57.685479 139815280891712 spec.py:310] Evaluating on the validation split.
I0502 03:24:04.835376 139815280891712 spec.py:326] Evaluating on the test split.
I0502 03:24:06.502725 139815280891712 submission_runner.py:415] Time since start: 7330.02s, 	Step: 6537, 	{'train/accuracy': 0.3984375, 'train/loss': 2.920804262161255, 'validation/accuracy': 0.3664399981498718, 'validation/loss': 3.0777952671051025, 'validation/num_examples': 50000, 'test/accuracy': 0.2803000211715698, 'test/loss': 3.640188455581665, 'test/num_examples': 10000, 'score': 7040.157104253769, 'total_duration': 7330.018122434616, 'accumulated_submission_time': 7040.157104253769, 'accumulated_eval_time': 289.3788046836853, 'accumulated_logging_time': 0.3948063850402832}
I0502 03:24:06.516879 139584465782528 logging_writer.py:48] [6537] accumulated_eval_time=289.378805, accumulated_logging_time=0.394806, accumulated_submission_time=7040.157104, global_step=6537, preemption_count=0, score=7040.157104, test/accuracy=0.280300, test/loss=3.640188, test/num_examples=10000, total_duration=7330.018122, train/accuracy=0.398438, train/loss=2.920804, validation/accuracy=0.366440, validation/loss=3.077795, validation/num_examples=50000
I0502 03:25:15.212219 139584457389824 logging_writer.py:48] [6600] global_step=6600, grad_norm=1.0460205078125, loss=4.382228851318359
I0502 03:26:54.952853 139584465782528 logging_writer.py:48] [6700] global_step=6700, grad_norm=0.9785189628601074, loss=4.974443435668945
I0502 03:28:34.690401 139584457389824 logging_writer.py:48] [6800] global_step=6800, grad_norm=0.9703454375267029, loss=4.290581703186035
I0502 03:30:14.545484 139584465782528 logging_writer.py:48] [6900] global_step=6900, grad_norm=0.9577472805976868, loss=4.199924468994141
I0502 03:31:07.056860 139815280891712 spec.py:298] Evaluating on the training split.
I0502 03:31:13.574492 139815280891712 spec.py:310] Evaluating on the validation split.
I0502 03:31:20.611510 139815280891712 spec.py:326] Evaluating on the test split.
I0502 03:31:22.284279 139815280891712 submission_runner.py:415] Time since start: 7765.78s, 	Step: 6959, 	{'train/accuracy': 0.410468727350235, 'train/loss': 2.7761077880859375, 'validation/accuracy': 0.38580000400543213, 'validation/loss': 2.9107067584991455, 'validation/num_examples': 50000, 'test/accuracy': 0.2939999997615814, 'test/loss': 3.5029091835021973, 'test/num_examples': 10000, 'score': 7460.678845643997, 'total_duration': 7765.777581691742, 'accumulated_submission_time': 7460.678845643997, 'accumulated_eval_time': 304.5840485095978, 'accumulated_logging_time': 0.42180562019348145}
I0502 03:31:22.297454 139584457389824 logging_writer.py:48] [6959] accumulated_eval_time=304.584049, accumulated_logging_time=0.421806, accumulated_submission_time=7460.678846, global_step=6959, preemption_count=0, score=7460.678846, test/accuracy=0.294000, test/loss=3.502909, test/num_examples=10000, total_duration=7765.777582, train/accuracy=0.410469, train/loss=2.776108, validation/accuracy=0.385800, validation/loss=2.910707, validation/num_examples=50000
I0502 03:32:09.625126 139584465782528 logging_writer.py:48] [7000] global_step=7000, grad_norm=0.7868559956550598, loss=5.106599807739258
I0502 03:33:50.102612 139584457389824 logging_writer.py:48] [7100] global_step=7100, grad_norm=1.0207751989364624, loss=4.232456684112549
I0502 03:35:30.809288 139584465782528 logging_writer.py:48] [7200] global_step=7200, grad_norm=0.8674119114875793, loss=5.085407257080078
I0502 03:37:10.844606 139584457389824 logging_writer.py:48] [7300] global_step=7300, grad_norm=0.7962291836738586, loss=5.110138416290283
I0502 03:38:22.703328 139815280891712 spec.py:298] Evaluating on the training split.
I0502 03:38:29.217552 139815280891712 spec.py:310] Evaluating on the validation split.
I0502 03:38:36.621607 139815280891712 spec.py:326] Evaluating on the test split.
I0502 03:38:38.286951 139815280891712 submission_runner.py:415] Time since start: 8201.80s, 	Step: 7377, 	{'train/accuracy': 0.4284375011920929, 'train/loss': 2.748767375946045, 'validation/accuracy': 0.3889999985694885, 'validation/loss': 2.9412271976470947, 'validation/num_examples': 50000, 'test/accuracy': 0.2962000072002411, 'test/loss': 3.5117692947387695, 'test/num_examples': 10000, 'score': 7881.068476438522, 'total_duration': 8201.802328109741, 'accumulated_submission_time': 7881.068476438522, 'accumulated_eval_time': 320.1675887107849, 'accumulated_logging_time': 0.44571495056152344}
I0502 03:38:38.303576 139584465782528 logging_writer.py:48] [7377] accumulated_eval_time=320.167589, accumulated_logging_time=0.445715, accumulated_submission_time=7881.068476, global_step=7377, preemption_count=0, score=7881.068476, test/accuracy=0.296200, test/loss=3.511769, test/num_examples=10000, total_duration=8201.802328, train/accuracy=0.428438, train/loss=2.748767, validation/accuracy=0.389000, validation/loss=2.941227, validation/num_examples=50000
I0502 03:39:07.397680 139584457389824 logging_writer.py:48] [7400] global_step=7400, grad_norm=1.1741434335708618, loss=4.293262481689453
I0502 03:40:48.237595 139584465782528 logging_writer.py:48] [7500] global_step=7500, grad_norm=0.6756268739700317, loss=5.888825416564941
I0502 03:42:28.945572 139584457389824 logging_writer.py:48] [7600] global_step=7600, grad_norm=0.9468485713005066, loss=4.1457109451293945
I0502 03:44:09.117119 139584465782528 logging_writer.py:48] [7700] global_step=7700, grad_norm=0.9050043821334839, loss=4.201799392700195
I0502 03:45:38.746669 139815280891712 spec.py:298] Evaluating on the training split.
I0502 03:45:45.448250 139815280891712 spec.py:310] Evaluating on the validation split.
I0502 03:45:53.207950 139815280891712 spec.py:326] Evaluating on the test split.
I0502 03:45:54.880350 139815280891712 submission_runner.py:415] Time since start: 8638.40s, 	Step: 7793, 	{'train/accuracy': 0.4378320276737213, 'train/loss': 2.6273064613342285, 'validation/accuracy': 0.40629997849464417, 'validation/loss': 2.794783353805542, 'validation/num_examples': 50000, 'test/accuracy': 0.3125, 'test/loss': 3.3953611850738525, 'test/num_examples': 10000, 'score': 8301.493917942047, 'total_duration': 8638.395778417587, 'accumulated_submission_time': 8301.493917942047, 'accumulated_eval_time': 336.3012204170227, 'accumulated_logging_time': 0.47455286979675293}
I0502 03:45:54.891685 139584457389824 logging_writer.py:48] [7793] accumulated_eval_time=336.301220, accumulated_logging_time=0.474553, accumulated_submission_time=8301.493918, global_step=7793, preemption_count=0, score=8301.493918, test/accuracy=0.312500, test/loss=3.395361, test/num_examples=10000, total_duration=8638.395778, train/accuracy=0.437832, train/loss=2.627306, validation/accuracy=0.406300, validation/loss=2.794783, validation/num_examples=50000
I0502 03:46:06.953006 139584465782528 logging_writer.py:48] [7800] global_step=7800, grad_norm=0.9768394231796265, loss=4.202541828155518
I0502 03:47:47.402327 139584457389824 logging_writer.py:48] [7900] global_step=7900, grad_norm=0.9268291592597961, loss=4.1164045333862305
I0502 03:49:28.255557 139584465782528 logging_writer.py:48] [8000] global_step=8000, grad_norm=0.9603682160377502, loss=4.150635242462158
I0502 03:51:08.672657 139584457389824 logging_writer.py:48] [8100] global_step=8100, grad_norm=1.1769238710403442, loss=4.281299114227295
I0502 03:52:49.191509 139584465782528 logging_writer.py:48] [8200] global_step=8200, grad_norm=0.8463274240493774, loss=4.050713062286377
I0502 03:52:55.509994 139815280891712 spec.py:298] Evaluating on the training split.
I0502 03:53:02.386233 139815280891712 spec.py:310] Evaluating on the validation split.
I0502 03:53:10.807963 139815280891712 spec.py:326] Evaluating on the test split.
I0502 03:53:12.465356 139815280891712 submission_runner.py:415] Time since start: 9075.98s, 	Step: 8210, 	{'train/accuracy': 0.4371679723262787, 'train/loss': 2.724919319152832, 'validation/accuracy': 0.40275999903678894, 'validation/loss': 2.8738462924957275, 'validation/num_examples': 50000, 'test/accuracy': 0.3078000247478485, 'test/loss': 3.456850051879883, 'test/num_examples': 10000, 'score': 8722.094465494156, 'total_duration': 9075.980795621872, 'accumulated_submission_time': 8722.094465494156, 'accumulated_eval_time': 353.2565402984619, 'accumulated_logging_time': 0.4982414245605469}
I0502 03:53:12.478798 139584457389824 logging_writer.py:48] [8210] accumulated_eval_time=353.256540, accumulated_logging_time=0.498241, accumulated_submission_time=8722.094465, global_step=8210, preemption_count=0, score=8722.094465, test/accuracy=0.307800, test/loss=3.456850, test/num_examples=10000, total_duration=9075.980796, train/accuracy=0.437168, train/loss=2.724919, validation/accuracy=0.402760, validation/loss=2.873846, validation/num_examples=50000
I0502 03:54:48.455393 139584465782528 logging_writer.py:48] [8300] global_step=8300, grad_norm=0.6863228678703308, loss=5.676013946533203
I0502 03:56:30.958024 139584457389824 logging_writer.py:48] [8400] global_step=8400, grad_norm=0.657662034034729, loss=5.610617637634277
I0502 03:58:13.054197 139584465782528 logging_writer.py:48] [8500] global_step=8500, grad_norm=0.8687798976898193, loss=4.253262519836426
I0502 03:59:54.946884 139584457389824 logging_writer.py:48] [8600] global_step=8600, grad_norm=0.8858663439750671, loss=4.082908630371094
I0502 04:00:15.621954 139815280891712 spec.py:298] Evaluating on the training split.
I0502 04:00:22.598699 139815280891712 spec.py:310] Evaluating on the validation split.
I0502 04:00:31.231034 139815280891712 spec.py:326] Evaluating on the test split.
I0502 04:00:32.900443 139815280891712 submission_runner.py:415] Time since start: 9516.42s, 	Step: 8621, 	{'train/accuracy': 0.4775976538658142, 'train/loss': 2.436032295227051, 'validation/accuracy': 0.41495999693870544, 'validation/loss': 2.736457347869873, 'validation/num_examples': 50000, 'test/accuracy': 0.32120001316070557, 'test/loss': 3.3401036262512207, 'test/num_examples': 10000, 'score': 9145.220792531967, 'total_duration': 9516.41585636139, 'accumulated_submission_time': 9145.220792531967, 'accumulated_eval_time': 370.53495693206787, 'accumulated_logging_time': 0.5231797695159912}
I0502 04:00:32.917092 139584465782528 logging_writer.py:48] [8621] accumulated_eval_time=370.534957, accumulated_logging_time=0.523180, accumulated_submission_time=9145.220793, global_step=8621, preemption_count=0, score=9145.220793, test/accuracy=0.321200, test/loss=3.340104, test/num_examples=10000, total_duration=9516.415856, train/accuracy=0.477598, train/loss=2.436032, validation/accuracy=0.414960, validation/loss=2.736457, validation/num_examples=50000
I0502 04:01:55.260663 139584457389824 logging_writer.py:48] [8700] global_step=8700, grad_norm=0.6163651347160339, loss=5.265174865722656
I0502 04:03:37.367856 139584465782528 logging_writer.py:48] [8800] global_step=8800, grad_norm=1.1635072231292725, loss=4.227269172668457
I0502 04:05:20.205765 139584457389824 logging_writer.py:48] [8900] global_step=8900, grad_norm=0.8197727203369141, loss=4.215239524841309
I0502 04:07:02.527052 139584465782528 logging_writer.py:48] [9000] global_step=9000, grad_norm=0.8309563398361206, loss=4.100714206695557
I0502 04:07:33.888219 139815280891712 spec.py:298] Evaluating on the training split.
I0502 04:07:41.052022 139815280891712 spec.py:310] Evaluating on the validation split.
I0502 04:07:50.015997 139815280891712 spec.py:326] Evaluating on the test split.
I0502 04:07:51.665951 139815280891712 submission_runner.py:415] Time since start: 9955.18s, 	Step: 9035, 	{'train/accuracy': 0.4689257740974426, 'train/loss': 2.5299060344696045, 'validation/accuracy': 0.4281199872493744, 'validation/loss': 2.715872049331665, 'validation/num_examples': 50000, 'test/accuracy': 0.3286000192165375, 'test/loss': 3.315652847290039, 'test/num_examples': 10000, 'score': 9566.173962831497, 'total_duration': 9955.18007850647, 'accumulated_submission_time': 9566.173962831497, 'accumulated_eval_time': 388.31133365631104, 'accumulated_logging_time': 0.5522511005401611}
I0502 04:07:51.682380 139584457389824 logging_writer.py:48] [9035] accumulated_eval_time=388.311334, accumulated_logging_time=0.552251, accumulated_submission_time=9566.173963, global_step=9035, preemption_count=0, score=9566.173963, test/accuracy=0.328600, test/loss=3.315653, test/num_examples=10000, total_duration=9955.180079, train/accuracy=0.468926, train/loss=2.529906, validation/accuracy=0.428120, validation/loss=2.715872, validation/num_examples=50000
I0502 04:09:03.569059 139584465782528 logging_writer.py:48] [9100] global_step=9100, grad_norm=0.7749689221382141, loss=4.001229286193848
I0502 04:10:45.003449 139584457389824 logging_writer.py:48] [9200] global_step=9200, grad_norm=0.8475942015647888, loss=4.03637170791626
I0502 04:12:26.267939 139584465782528 logging_writer.py:48] [9300] global_step=9300, grad_norm=0.8282185196876526, loss=4.174345016479492
I0502 04:14:08.149009 139584457389824 logging_writer.py:48] [9400] global_step=9400, grad_norm=0.6049498319625854, loss=5.812019348144531
I0502 04:14:51.888152 139815280891712 spec.py:298] Evaluating on the training split.
I0502 04:14:59.099360 139815280891712 spec.py:310] Evaluating on the validation split.
I0502 04:15:08.094081 139815280891712 spec.py:326] Evaluating on the test split.
