I0502 07:25:24.427371 139815280891712 submission_runner.py:415] Time since start: 21807.94s, 	Step: 20133, 	{'train/accuracy': 0.6953515410423279, 'train/loss': 1.3708524703979492, 'validation/accuracy': 0.622219979763031, 'validation/loss': 1.6914513111114502, 'validation/num_examples': 50000, 'test/accuracy': 0.5045000314712524, 'test/loss': 2.324892282485962, 'test/num_examples': 10000, 'score': 20938.643839120865, 'total_duration': 21807.941600084305, 'accumulated_submission_time': 20938.643839120865, 'accumulated_eval_time': 867.625776052475, 'accumulated_logging_time': 1.3424482345581055}
I0502 07:25:24.449685 139584457389824 logging_writer.py:48] [20133] accumulated_eval_time=867.625776, accumulated_logging_time=1.342448, accumulated_submission_time=20938.643839, global_step=20133, preemption_count=0, score=20938.643839, test/accuracy=0.504500, test/loss=2.324892, test/num_examples=10000, total_duration=21807.941600, train/accuracy=0.695352, train/loss=1.370852, validation/accuracy=0.622220, validation/loss=1.691451, validation/num_examples=50000
I0502 07:26:38.049767 139584465782528 logging_writer.py:48] [20200] global_step=20200, grad_norm=0.7249169945716858, loss=3.5576179027557373
I0502 07:28:20.932088 139584457389824 logging_writer.py:48] [20300] global_step=20300, grad_norm=0.8286164999008179, loss=3.5278449058532715
I0502 07:30:04.027235 139584465782528 logging_writer.py:48] [20400] global_step=20400, grad_norm=1.2684996128082275, loss=4.989191055297852
I0502 07:31:47.014662 139584457389824 logging_writer.py:48] [20500] global_step=20500, grad_norm=1.1933887004852295, loss=4.059263229370117
I0502 07:32:28.554028 139815280891712 spec.py:298] Evaluating on the training split.
I0502 07:32:35.934578 139815280891712 spec.py:310] Evaluating on the validation split.
I0502 07:32:44.694844 139815280891712 spec.py:326] Evaluating on the test split.
I0502 07:32:46.337008 139815280891712 submission_runner.py:415] Time since start: 22249.85s, 	Step: 20541, 	{'train/accuracy': 0.6773632764816284, 'train/loss': 1.4184391498565674, 'validation/accuracy': 0.6247999668121338, 'validation/loss': 1.6651924848556519, 'validation/num_examples': 50000, 'test/accuracy': 0.5004000067710876, 'test/loss': 2.3144419193267822, 'test/num_examples': 10000, 'score': 21362.729795455933, 'total_duration': 22249.851257801056, 'accumulated_submission_time': 21362.729795455933, 'accumulated_eval_time': 885.4075343608856, 'accumulated_logging_time': 1.3776235580444336}
I0502 07:32:46.349715 139584465782528 logging_writer.py:48] [20541] accumulated_eval_time=885.407534, accumulated_logging_time=1.377624, accumulated_submission_time=21362.729795, global_step=20541, preemption_count=0, score=21362.729795, test/accuracy=0.500400, test/loss=2.314442, test/num_examples=10000, total_duration=22249.851258, train/accuracy=0.677363, train/loss=1.418439, validation/accuracy=0.624800, validation/loss=1.665192, validation/num_examples=50000
I0502 07:33:47.948908 139584457389824 logging_writer.py:48] [20600] global_step=20600, grad_norm=0.8331976532936096, loss=3.4309322834014893
I0502 07:35:31.037125 139584465782528 logging_writer.py:48] [20700] global_step=20700, grad_norm=1.1708582639694214, loss=5.103827476501465
I0502 07:37:13.932110 139584457389824 logging_writer.py:48] [20800] global_step=20800, grad_norm=0.7078495025634766, loss=3.1474547386169434
I0502 07:38:56.692157 139584465782528 logging_writer.py:48] [20900] global_step=20900, grad_norm=0.8785122036933899, loss=5.071335315704346
I0502 07:39:46.626482 139815280891712 spec.py:298] Evaluating on the training split.
I0502 07:39:53.886343 139815280891712 spec.py:310] Evaluating on the validation split.
I0502 07:40:02.719979 139815280891712 spec.py:326] Evaluating on the test split.
I0502 07:40:04.369369 139815280891712 submission_runner.py:415] Time since start: 22687.88s, 	Step: 20953, 	{'train/accuracy': 0.6841210722923279, 'train/loss': 1.3917090892791748, 'validation/accuracy': 0.6310799717903137, 'validation/loss': 1.6344183683395386, 'validation/num_examples': 50000, 'test/accuracy': 0.5089000463485718, 'test/loss': 2.2670302391052246, 'test/num_examples': 10000, 'score': 21782.987602710724, 'total_duration': 22687.883763313293, 'accumulated_submission_time': 21782.987602710724, 'accumulated_eval_time': 903.1493408679962, 'accumulated_logging_time': 1.4037363529205322}
I0502 07:40:04.382746 139584457389824 logging_writer.py:48] [20953] accumulated_eval_time=903.149341, accumulated_logging_time=1.403736, accumulated_submission_time=21782.987603, global_step=20953, preemption_count=0, score=21782.987603, test/accuracy=0.508900, test/loss=2.267030, test/num_examples=10000, total_duration=22687.883763, train/accuracy=0.684121, train/loss=1.391709, validation/accuracy=0.631080, validation/loss=1.634418, validation/num_examples=50000
I0502 07:40:57.482833 139584465782528 logging_writer.py:48] [21000] global_step=21000, grad_norm=0.7989360094070435, loss=2.9642562866210938
I0502 07:42:40.389714 139584457389824 logging_writer.py:48] [21100] global_step=21100, grad_norm=0.9515398740768433, loss=3.0188567638397217
I0502 07:44:23.510269 139584465782528 logging_writer.py:48] [21200] global_step=21200, grad_norm=0.8818743228912354, loss=3.0609025955200195
I0502 07:46:06.559933 139584457389824 logging_writer.py:48] [21300] global_step=21300, grad_norm=0.7808859944343567, loss=4.166447639465332
I0502 07:47:08.565371 139815280891712 spec.py:298] Evaluating on the training split.
I0502 07:47:15.796997 139815280891712 spec.py:310] Evaluating on the validation split.
I0502 07:47:24.492982 139815280891712 spec.py:326] Evaluating on the test split.
I0502 07:47:26.153311 139815280891712 submission_runner.py:415] Time since start: 23129.67s, 	Step: 21361, 	{'train/accuracy': 0.6929882764816284, 'train/loss': 1.399707317352295, 'validation/accuracy': 0.6350399851799011, 'validation/loss': 1.6503700017929077, 'validation/num_examples': 50000, 'test/accuracy': 0.516700029373169, 'test/loss': 2.295945405960083, 'test/num_examples': 10000, 'score': 22207.15165424347, 'total_duration': 23129.66749238968, 'accumulated_submission_time': 22207.15165424347, 'accumulated_eval_time': 920.7359850406647, 'accumulated_logging_time': 1.4301187992095947}
I0502 07:47:26.171106 139584465782528 logging_writer.py:48] [21361] accumulated_eval_time=920.735985, accumulated_logging_time=1.430119, accumulated_submission_time=22207.151654, global_step=21361, preemption_count=0, score=22207.151654, test/accuracy=0.516700, test/loss=2.295945, test/num_examples=10000, total_duration=23129.667492, train/accuracy=0.692988, train/loss=1.399707, validation/accuracy=0.635040, validation/loss=1.650370, validation/num_examples=50000
I0502 07:48:07.219146 139584457389824 logging_writer.py:48] [21400] global_step=21400, grad_norm=0.6934413909912109, loss=3.263829231262207
I0502 07:49:50.156933 139584465782528 logging_writer.py:48] [21500] global_step=21500, grad_norm=0.8024862408638, loss=3.0295538902282715
I0502 07:51:32.789142 139584457389824 logging_writer.py:48] [21600] global_step=21600, grad_norm=0.8111540675163269, loss=3.4680891036987305
I0502 07:53:15.733842 139584465782528 logging_writer.py:48] [21700] global_step=21700, grad_norm=0.9694266319274902, loss=3.0724494457244873
I0502 07:54:26.866363 139815280891712 spec.py:298] Evaluating on the training split.
I0502 07:54:34.086747 139815280891712 spec.py:310] Evaluating on the validation split.
I0502 07:54:42.818822 139815280891712 spec.py:326] Evaluating on the test split.
I0502 07:54:44.474915 139815280891712 submission_runner.py:415] Time since start: 23567.99s, 	Step: 21774, 	{'train/accuracy': 0.6981640458106995, 'train/loss': 1.324546217918396, 'validation/accuracy': 0.6363399624824524, 'validation/loss': 1.5979310274124146, 'validation/num_examples': 50000, 'test/accuracy': 0.5157999992370605, 'test/loss': 2.2487776279449463, 'test/num_examples': 10000, 'score': 22627.827165603638, 'total_duration': 23567.989166259766, 'accumulated_submission_time': 22627.827165603638, 'accumulated_eval_time': 938.3433132171631, 'accumulated_logging_time': 1.4621117115020752}
I0502 07:54:44.494522 139584457389824 logging_writer.py:48] [21774] accumulated_eval_time=938.343313, accumulated_logging_time=1.462112, accumulated_submission_time=22627.827166, global_step=21774, preemption_count=0, score=22627.827166, test/accuracy=0.515800, test/loss=2.248778, test/num_examples=10000, total_duration=23567.989166, train/accuracy=0.698164, train/loss=1.324546, validation/accuracy=0.636340, validation/loss=1.597931, validation/num_examples=50000
I0502 07:55:16.294337 139584465782528 logging_writer.py:48] [21800] global_step=21800, grad_norm=0.7340620160102844, loss=3.549163818359375
I0502 07:56:59.804925 139584457389824 logging_writer.py:48] [21900] global_step=21900, grad_norm=0.822270929813385, loss=3.684180498123169
I0502 07:58:42.563955 139584465782528 logging_writer.py:48] [22000] global_step=22000, grad_norm=1.029478907585144, loss=2.993738889694214
I0502 08:00:25.552307 139584457389824 logging_writer.py:48] [22100] global_step=22100, grad_norm=0.9044255614280701, loss=3.0287158489227295
I0502 08:01:47.792500 139815280891712 spec.py:298] Evaluating on the training split.
I0502 08:01:55.101018 139815280891712 spec.py:310] Evaluating on the validation split.
I0502 08:02:03.959125 139815280891712 spec.py:326] Evaluating on the test split.
I0502 08:02:05.621920 139815280891712 submission_runner.py:415] Time since start: 24009.14s, 	Step: 22181, 	{'train/accuracy': 0.6920703053474426, 'train/loss': 1.3648252487182617, 'validation/accuracy': 0.6392799615859985, 'validation/loss': 1.604385256767273, 'validation/num_examples': 50000, 'test/accuracy': 0.5136000514030457, 'test/loss': 2.247358798980713, 'test/num_examples': 10000, 'score': 23051.107225179672, 'total_duration': 24009.136248350143, 'accumulated_submission_time': 23051.107225179672, 'accumulated_eval_time': 956.1715850830078, 'accumulated_logging_time': 1.4941492080688477}
I0502 08:02:05.634925 139584465782528 logging_writer.py:48] [22181] accumulated_eval_time=956.171585, accumulated_logging_time=1.494149, accumulated_submission_time=23051.107225, global_step=22181, preemption_count=0, score=23051.107225, test/accuracy=0.513600, test/loss=2.247359, test/num_examples=10000, total_duration=24009.136248, train/accuracy=0.692070, train/loss=1.364825, validation/accuracy=0.639280, validation/loss=1.604385, validation/num_examples=50000
I0502 08:02:26.593562 139584457389824 logging_writer.py:48] [22200] global_step=22200, grad_norm=0.984902560710907, loss=3.2028212547302246
I0502 08:04:09.480700 139584465782528 logging_writer.py:48] [22300] global_step=22300, grad_norm=0.7768800258636475, loss=3.0475380420684814
I0502 08:05:52.416778 139584457389824 logging_writer.py:48] [22400] global_step=22400, grad_norm=0.8352579474449158, loss=3.0856142044067383
I0502 08:07:35.332281 139584465782528 logging_writer.py:48] [22500] global_step=22500, grad_norm=0.8266675472259521, loss=4.494440078735352
I0502 08:09:06.325011 139815280891712 spec.py:298] Evaluating on the training split.
I0502 08:09:13.581960 139815280891712 spec.py:310] Evaluating on the validation split.
I0502 08:09:22.314507 139815280891712 spec.py:326] Evaluating on the test split.
I0502 08:09:23.972729 139815280891712 submission_runner.py:415] Time since start: 24447.49s, 	Step: 22593, 	{'train/accuracy': 0.6877734065055847, 'train/loss': 1.3861896991729736, 'validation/accuracy': 0.6380999684333801, 'validation/loss': 1.6107978820800781, 'validation/num_examples': 50000, 'test/accuracy': 0.5157999992370605, 'test/loss': 2.25054931640625, 'test/num_examples': 10000, 'score': 23471.77864933014, 'total_duration': 24447.48698449135, 'accumulated_submission_time': 23471.77864933014, 'accumulated_eval_time': 973.8181018829346, 'accumulated_logging_time': 1.5201361179351807}
I0502 08:09:23.986607 139584457389824 logging_writer.py:48] [22593] accumulated_eval_time=973.818102, accumulated_logging_time=1.520136, accumulated_submission_time=23471.778649, global_step=22593, preemption_count=0, score=23471.778649, test/accuracy=0.515800, test/loss=2.250549, test/num_examples=10000, total_duration=24447.486984, train/accuracy=0.687773, train/loss=1.386190, validation/accuracy=0.638100, validation/loss=1.610798, validation/num_examples=50000
I0502 08:09:36.135584 139584465782528 logging_writer.py:48] [22600] global_step=22600, grad_norm=0.8383976221084595, loss=2.9910430908203125
I0502 08:11:19.103200 139584457389824 logging_writer.py:48] [22700] global_step=22700, grad_norm=0.8983879089355469, loss=3.1182267665863037
I0502 08:13:02.066207 139584465782528 logging_writer.py:48] [22800] global_step=22800, grad_norm=0.7644919157028198, loss=2.9769763946533203
I0502 08:14:45.104596 139584457389824 logging_writer.py:48] [22900] global_step=22900, grad_norm=0.8635838031768799, loss=2.813171863555908
I0502 08:16:28.038521 139584465782528 logging_writer.py:48] [23000] global_step=23000, grad_norm=0.780929684638977, loss=3.4702954292297363
I0502 08:16:28.083635 139815280891712 spec.py:298] Evaluating on the training split.
I0502 08:16:35.322843 139815280891712 spec.py:310] Evaluating on the validation split.
I0502 08:16:44.145128 139815280891712 spec.py:326] Evaluating on the test split.
I0502 08:16:45.809249 139815280891712 submission_runner.py:415] Time since start: 24889.32s, 	Step: 23001, 	{'train/accuracy': 0.7114648222923279, 'train/loss': 1.2889801263809204, 'validation/accuracy': 0.6399399638175964, 'validation/loss': 1.6103993654251099, 'validation/num_examples': 50000, 'test/accuracy': 0.5186000466346741, 'test/loss': 2.2331113815307617, 'test/num_examples': 10000, 'score': 23895.85806131363, 'total_duration': 24889.32353758812, 'accumulated_submission_time': 23895.85806131363, 'accumulated_eval_time': 991.5424997806549, 'accumulated_logging_time': 1.546048641204834}
I0502 08:16:45.823580 139584457389824 logging_writer.py:48] [23001] accumulated_eval_time=991.542500, accumulated_logging_time=1.546049, accumulated_submission_time=23895.858061, global_step=23001, preemption_count=0, score=23895.858061, test/accuracy=0.518600, test/loss=2.233111, test/num_examples=10000, total_duration=24889.323538, train/accuracy=0.711465, train/loss=1.288980, validation/accuracy=0.639940, validation/loss=1.610399, validation/num_examples=50000
I0502 08:18:29.091112 139584465782528 logging_writer.py:48] [23100] global_step=23100, grad_norm=0.8333413600921631, loss=3.024035930633545
I0502 08:20:12.355502 139584457389824 logging_writer.py:48] [23200] global_step=23200, grad_norm=1.199378490447998, loss=4.676509857177734
I0502 08:21:55.069163 139584465782528 logging_writer.py:48] [23300] global_step=23300, grad_norm=0.8321526646614075, loss=3.044343948364258
I0502 08:23:37.697921 139584457389824 logging_writer.py:48] [23400] global_step=23400, grad_norm=0.7426967024803162, loss=2.9182517528533936
I0502 08:23:46.445401 139815280891712 spec.py:298] Evaluating on the training split.
I0502 08:23:53.719869 139815280891712 spec.py:310] Evaluating on the validation split.
I0502 08:24:02.505604 139815280891712 spec.py:326] Evaluating on the test split.
I0502 08:24:04.180250 139815280891712 submission_runner.py:415] Time since start: 25327.69s, 	Step: 23413, 	{'train/accuracy': 0.6994726657867432, 'train/loss': 1.3357393741607666, 'validation/accuracy': 0.6406399607658386, 'validation/loss': 1.6038819551467896, 'validation/num_examples': 50000, 'test/accuracy': 0.5163000226020813, 'test/loss': 2.2348439693450928, 'test/num_examples': 10000, 'score': 24316.46390581131, 'total_duration': 25327.694259166718, 'accumulated_submission_time': 24316.46390581131, 'accumulated_eval_time': 1009.2758927345276, 'accumulated_logging_time': 1.570772647857666}
I0502 08:24:04.199574 139584465782528 logging_writer.py:48] [23413] accumulated_eval_time=1009.275893, accumulated_logging_time=1.570773, accumulated_submission_time=24316.463906, global_step=23413, preemption_count=0, score=24316.463906, test/accuracy=0.516300, test/loss=2.234844, test/num_examples=10000, total_duration=25327.694259, train/accuracy=0.699473, train/loss=1.335739, validation/accuracy=0.640640, validation/loss=1.603882, validation/num_examples=50000
I0502 08:25:38.947049 139584457389824 logging_writer.py:48] [23500] global_step=23500, grad_norm=0.8550107479095459, loss=3.059636354446411
I0502 08:27:21.755264 139584465782528 logging_writer.py:48] [23600] global_step=23600, grad_norm=0.7421811819076538, loss=3.910224676132202
I0502 08:29:04.877514 139584457389824 logging_writer.py:48] [23700] global_step=23700, grad_norm=0.7420070767402649, loss=3.238701343536377
I0502 08:30:47.461743 139584465782528 logging_writer.py:48] [23800] global_step=23800, grad_norm=0.7872559428215027, loss=2.9494521617889404
I0502 08:31:08.062726 139815280891712 spec.py:298] Evaluating on the training split.
I0502 08:31:15.300272 139815280891712 spec.py:310] Evaluating on the validation split.
I0502 08:31:24.061380 139815280891712 spec.py:326] Evaluating on the test split.
I0502 08:31:25.719570 139815280891712 submission_runner.py:415] Time since start: 25769.23s, 	Step: 23821, 	{'train/accuracy': 0.6929296851158142, 'train/loss': 1.345149040222168, 'validation/accuracy': 0.642039954662323, 'validation/loss': 1.574186086654663, 'validation/num_examples': 50000, 'test/accuracy': 0.5177000164985657, 'test/loss': 2.2225840091705322, 'test/num_examples': 10000, 'score': 24740.308277845383, 'total_duration': 25769.23399066925, 'accumulated_submission_time': 24740.308277845383, 'accumulated_eval_time': 1026.9316737651825, 'accumulated_logging_time': 1.6033740043640137}
I0502 08:31:25.739609 139584457389824 logging_writer.py:48] [23821] accumulated_eval_time=1026.931674, accumulated_logging_time=1.603374, accumulated_submission_time=24740.308278, global_step=23821, preemption_count=0, score=24740.308278, test/accuracy=0.517700, test/loss=2.222584, test/num_examples=10000, total_duration=25769.233991, train/accuracy=0.692930, train/loss=1.345149, validation/accuracy=0.642040, validation/loss=1.574186, validation/num_examples=50000
I0502 08:32:47.943048 139584465782528 logging_writer.py:48] [23900] global_step=23900, grad_norm=0.7931427955627441, loss=3.101142406463623
I0502 08:34:30.985710 139584457389824 logging_writer.py:48] [24000] global_step=24000, grad_norm=0.9206404089927673, loss=3.025239944458008
I0502 08:36:14.034001 139584465782528 logging_writer.py:48] [24100] global_step=24100, grad_norm=0.9413594007492065, loss=2.9554972648620605
I0502 08:37:57.251186 139584457389824 logging_writer.py:48] [24200] global_step=24200, grad_norm=0.7501768469810486, loss=2.9577431678771973
I0502 08:38:25.993239 139815280891712 spec.py:298] Evaluating on the training split.
I0502 08:38:33.242902 139815280891712 spec.py:310] Evaluating on the validation split.
I0502 08:38:42.108879 139815280891712 spec.py:326] Evaluating on the test split.
I0502 08:38:43.766280 139815280891712 submission_runner.py:415] Time since start: 26207.28s, 	Step: 24232, 	{'train/accuracy': 0.7093945145606995, 'train/loss': 1.2782460451126099, 'validation/accuracy': 0.6481800079345703, 'validation/loss': 1.5577459335327148, 'validation/num_examples': 50000, 'test/accuracy': 0.5297999978065491, 'test/loss': 2.206908702850342, 'test/num_examples': 10000, 'score': 25160.541655302048, 'total_duration': 26207.28022122383, 'accumulated_submission_time': 25160.541655302048, 'accumulated_eval_time': 1044.703180551529, 'accumulated_logging_time': 1.6380655765533447}
I0502 08:38:43.786411 139584465782528 logging_writer.py:48] [24232] accumulated_eval_time=1044.703181, accumulated_logging_time=1.638066, accumulated_submission_time=25160.541655, global_step=24232, preemption_count=0, score=25160.541655, test/accuracy=0.529800, test/loss=2.206909, test/num_examples=10000, total_duration=26207.280221, train/accuracy=0.709395, train/loss=1.278246, validation/accuracy=0.648180, validation/loss=1.557746, validation/num_examples=50000
I0502 08:39:58.336477 139584457389824 logging_writer.py:48] [24300] global_step=24300, grad_norm=0.7471250295639038, loss=3.484330415725708
I0502 08:41:41.105092 139584465782528 logging_writer.py:48] [24400] global_step=24400, grad_norm=0.8997893333435059, loss=2.912952423095703
I0502 08:43:24.044749 139584457389824 logging_writer.py:48] [24500] global_step=24500, grad_norm=0.8794414401054382, loss=4.473483085632324
I0502 08:45:07.072593 139584465782528 logging_writer.py:48] [24600] global_step=24600, grad_norm=1.1246094703674316, loss=2.9279377460479736
I0502 08:45:48.552137 139815280891712 spec.py:298] Evaluating on the training split.
I0502 08:45:55.775489 139815280891712 spec.py:310] Evaluating on the validation split.
I0502 08:46:04.611804 139815280891712 spec.py:326] Evaluating on the test split.
I0502 08:46:06.270399 139815280891712 submission_runner.py:415] Time since start: 26649.78s, 	Step: 24641, 	{'train/accuracy': 0.7135351300239563, 'train/loss': 1.257032036781311, 'validation/accuracy': 0.6475200057029724, 'validation/loss': 1.549261212348938, 'validation/num_examples': 50000, 'test/accuracy': 0.5218000411987305, 'test/loss': 2.1899499893188477, 'test/num_examples': 10000, 'score': 25585.291342020035, 'total_duration': 26649.78462100029, 'accumulated_submission_time': 25585.291342020035, 'accumulated_eval_time': 1062.4201850891113, 'accumulated_logging_time': 1.6686794757843018}
I0502 08:46:06.290917 139584457389824 logging_writer.py:48] [24641] accumulated_eval_time=1062.420185, accumulated_logging_time=1.668679, accumulated_submission_time=25585.291342, global_step=24641, preemption_count=0, score=25585.291342, test/accuracy=0.521800, test/loss=2.189950, test/num_examples=10000, total_duration=26649.784621, train/accuracy=0.713535, train/loss=1.257032, validation/accuracy=0.647520, validation/loss=1.549261, validation/num_examples=50000
I0502 08:47:07.857376 139584465782528 logging_writer.py:48] [24700] global_step=24700, grad_norm=0.746034562587738, loss=2.8637149333953857
I0502 08:48:50.922317 139584457389824 logging_writer.py:48] [24800] global_step=24800, grad_norm=0.8341241478919983, loss=4.440075874328613
I0502 08:50:34.141825 139584465782528 logging_writer.py:48] [24900] global_step=24900, grad_norm=0.8967626094818115, loss=3.081176996231079
I0502 08:52:17.136864 139584457389824 logging_writer.py:48] [25000] global_step=25000, grad_norm=0.7570456862449646, loss=3.856254816055298
I0502 08:53:06.798183 139815280891712 spec.py:298] Evaluating on the training split.
I0502 08:53:14.006945 139815280891712 spec.py:310] Evaluating on the validation split.
I0502 08:53:22.718039 139815280891712 spec.py:326] Evaluating on the test split.
I0502 08:53:24.380338 139815280891712 submission_runner.py:415] Time since start: 27087.89s, 	Step: 25052, 	{'train/accuracy': 0.7065820097923279, 'train/loss': 1.2981622219085693, 'validation/accuracy': 0.6503999829292297, 'validation/loss': 1.5620273351669312, 'validation/num_examples': 50000, 'test/accuracy': 0.5281000137329102, 'test/loss': 2.201713800430298, 'test/num_examples': 10000, 'score': 26005.78003501892, 'total_duration': 27087.894649267197, 'accumulated_submission_time': 26005.78003501892, 'accumulated_eval_time': 1080.0011739730835, 'accumulated_logging_time': 1.7021591663360596}
I0502 08:53:24.393997 139584465782528 logging_writer.py:48] [25052] accumulated_eval_time=1080.001174, accumulated_logging_time=1.702159, accumulated_submission_time=26005.780035, global_step=25052, preemption_count=0, score=26005.780035, test/accuracy=0.528100, test/loss=2.201714, test/num_examples=10000, total_duration=27087.894649, train/accuracy=0.706582, train/loss=1.298162, validation/accuracy=0.650400, validation/loss=1.562027, validation/num_examples=50000
I0502 08:54:18.342740 139584457389824 logging_writer.py:48] [25100] global_step=25100, grad_norm=1.13271164894104, loss=5.031415939331055
I0502 08:56:01.446202 139584465782528 logging_writer.py:48] [25200] global_step=25200, grad_norm=1.1486634016036987, loss=2.8418757915496826
I0502 08:57:44.440640 139584457389824 logging_writer.py:48] [25300] global_step=25300, grad_norm=0.786622941493988, loss=2.925311326980591
I0502 08:59:27.615301 139584465782528 logging_writer.py:48] [25400] global_step=25400, grad_norm=0.8014100790023804, loss=3.977015495300293
I0502 09:00:29.725379 139815280891712 spec.py:298] Evaluating on the training split.
I0502 09:00:36.951087 139815280891712 spec.py:310] Evaluating on the validation split.
I0502 09:00:45.714470 139815280891712 spec.py:326] Evaluating on the test split.
I0502 09:00:47.376295 139815280891712 submission_runner.py:415] Time since start: 27530.89s, 	Step: 25461, 	{'train/accuracy': 0.7049804329872131, 'train/loss': 1.3283151388168335, 'validation/accuracy': 0.6520000100135803, 'validation/loss': 1.5657927989959717, 'validation/num_examples': 50000, 'test/accuracy': 0.5293000340461731, 'test/loss': 2.212352752685547, 'test/num_examples': 10000, 'score': 26431.09242415428, 'total_duration': 27530.89063000679, 'accumulated_submission_time': 26431.09242415428, 'accumulated_eval_time': 1097.6509501934052, 'accumulated_logging_time': 1.7293190956115723}
I0502 09:00:47.396938 139584457389824 logging_writer.py:48] [25461] accumulated_eval_time=1097.650950, accumulated_logging_time=1.729319, accumulated_submission_time=26431.092424, global_step=25461, preemption_count=0, score=26431.092424, test/accuracy=0.529300, test/loss=2.212353, test/num_examples=10000, total_duration=27530.890630, train/accuracy=0.704980, train/loss=1.328315, validation/accuracy=0.652000, validation/loss=1.565793, validation/num_examples=50000
I0502 09:01:28.603740 139584465782528 logging_writer.py:48] [25500] global_step=25500, grad_norm=0.8581173419952393, loss=2.904358386993408
I0502 09:03:11.756845 139584457389824 logging_writer.py:48] [25600] global_step=25600, grad_norm=0.8211710453033447, loss=3.995255947113037
I0502 09:04:54.945274 139584465782528 logging_writer.py:48] [25700] global_step=25700, grad_norm=0.8825501799583435, loss=2.947479486465454
I0502 09:06:38.280987 139584457389824 logging_writer.py:48] [25800] global_step=25800, grad_norm=0.8362801671028137, loss=3.048741340637207
I0502 09:07:48.097233 139815280891712 spec.py:298] Evaluating on the training split.
I0502 09:07:55.296405 139815280891712 spec.py:310] Evaluating on the validation split.
I0502 09:08:04.044035 139815280891712 spec.py:326] Evaluating on the test split.
I0502 09:08:05.691110 139815280891712 submission_runner.py:415] Time since start: 27969.21s, 	Step: 25871, 	{'train/accuracy': 0.729296863079071, 'train/loss': 1.2073310613632202, 'validation/accuracy': 0.655239999294281, 'validation/loss': 1.530431866645813, 'validation/num_examples': 50000, 'test/accuracy': 0.5313000082969666, 'test/loss': 2.176771879196167, 'test/num_examples': 10000, 'score': 26851.774047851562, 'total_duration': 27969.20543575287, 'accumulated_submission_time': 26851.774047851562, 'accumulated_eval_time': 1115.243684053421, 'accumulated_logging_time': 1.7630674839019775}
I0502 09:08:05.705572 139584465782528 logging_writer.py:48] [25871] accumulated_eval_time=1115.243684, accumulated_logging_time=1.763067, accumulated_submission_time=26851.774048, global_step=25871, preemption_count=0, score=26851.774048, test/accuracy=0.531300, test/loss=2.176772, test/num_examples=10000, total_duration=27969.205436, train/accuracy=0.729297, train/loss=1.207331, validation/accuracy=0.655240, validation/loss=1.530432, validation/num_examples=50000
I0502 09:08:39.794312 139584457389824 logging_writer.py:48] [25900] global_step=25900, grad_norm=1.005881667137146, loss=3.048100709915161
I0502 09:10:22.828477 139584465782528 logging_writer.py:48] [26000] global_step=26000, grad_norm=0.9702991843223572, loss=2.93135404586792
I0502 09:12:05.652979 139584457389824 logging_writer.py:48] [26100] global_step=26100, grad_norm=0.7881814241409302, loss=2.986572742462158
I0502 09:13:48.751196 139584465782528 logging_writer.py:48] [26200] global_step=26200, grad_norm=1.816933512687683, loss=4.58731746673584
I0502 09:15:11.587265 139815280891712 spec.py:298] Evaluating on the training split.
I0502 09:15:18.898610 139815280891712 spec.py:310] Evaluating on the validation split.
I0502 09:15:27.603206 139815280891712 spec.py:326] Evaluating on the test split.
I0502 09:15:29.272627 139815280891712 submission_runner.py:415] Time since start: 28412.79s, 	Step: 26281, 	{'train/accuracy': 0.718066394329071, 'train/loss': 1.2039657831192017, 'validation/accuracy': 0.6617199778556824, 'validation/loss': 1.4720354080200195, 'validation/num_examples': 50000, 'test/accuracy': 0.5378000140190125, 'test/loss': 2.123887300491333, 'test/num_examples': 10000, 'score': 27277.636660337448, 'total_duration': 28412.786891937256, 'accumulated_submission_time': 27277.636660337448, 'accumulated_eval_time': 1132.9278500080109, 'accumulated_logging_time': 1.7910280227661133}
I0502 09:15:29.287380 139584457389824 logging_writer.py:48] [26281] accumulated_eval_time=1132.927850, accumulated_logging_time=1.791028, accumulated_submission_time=27277.636660, global_step=26281, preemption_count=0, score=27277.636660, test/accuracy=0.537800, test/loss=2.123887, test/num_examples=10000, total_duration=28412.786892, train/accuracy=0.718066, train/loss=1.203966, validation/accuracy=0.661720, validation/loss=1.472035, validation/num_examples=50000
I0502 09:15:50.222243 139584465782528 logging_writer.py:48] [26300] global_step=26300, grad_norm=0.8862524628639221, loss=2.9587888717651367
I0502 09:17:34.001729 139584457389824 logging_writer.py:48] [26400] global_step=26400, grad_norm=0.8126964569091797, loss=2.901453733444214
I0502 09:19:17.161232 139584465782528 logging_writer.py:48] [26500] global_step=26500, grad_norm=0.9976884126663208, loss=2.9173123836517334
I0502 09:21:00.886413 139584457389824 logging_writer.py:48] [26600] global_step=26600, grad_norm=0.8112763166427612, loss=3.0235517024993896
I0502 09:22:29.514548 139815280891712 spec.py:298] Evaluating on the training split.
I0502 09:22:36.721316 139815280891712 spec.py:310] Evaluating on the validation split.
I0502 09:22:45.463004 139815280891712 spec.py:326] Evaluating on the test split.
I0502 09:22:47.127677 139815280891712 submission_runner.py:415] Time since start: 28850.64s, 	Step: 26689, 	{'train/accuracy': 0.7130468487739563, 'train/loss': 1.2613356113433838, 'validation/accuracy': 0.6563199758529663, 'validation/loss': 1.517512321472168, 'validation/num_examples': 50000, 'test/accuracy': 0.5294000506401062, 'test/loss': 2.1700754165649414, 'test/num_examples': 10000, 'score': 27697.84457063675, 'total_duration': 28850.641550779343, 'accumulated_submission_time': 27697.84457063675, 'accumulated_eval_time': 1150.5393764972687, 'accumulated_logging_time': 1.8195197582244873}
I0502 09:22:47.148476 139584465782528 logging_writer.py:48] [26689] accumulated_eval_time=1150.539376, accumulated_logging_time=1.819520, accumulated_submission_time=27697.844571, global_step=26689, preemption_count=0, score=27697.844571, test/accuracy=0.529400, test/loss=2.170075, test/num_examples=10000, total_duration=28850.641551, train/accuracy=0.713047, train/loss=1.261336, validation/accuracy=0.656320, validation/loss=1.517512, validation/num_examples=50000
I0502 09:23:01.873896 139584457389824 logging_writer.py:48] [26700] global_step=26700, grad_norm=0.8980454802513123, loss=2.974458694458008
I0502 09:24:44.956122 139584465782528 logging_writer.py:48] [26800] global_step=26800, grad_norm=1.1033644676208496, loss=2.874340057373047
I0502 09:26:28.181657 139584457389824 logging_writer.py:48] [26900] global_step=26900, grad_norm=0.9796326160430908, loss=2.995595932006836
I0502 09:28:11.289862 139584465782528 logging_writer.py:48] [27000] global_step=27000, grad_norm=0.8981359004974365, loss=3.876802921295166
I0502 09:29:47.597868 139815280891712 spec.py:298] Evaluating on the training split.
I0502 09:29:54.827422 139815280891712 spec.py:310] Evaluating on the validation split.
I0502 09:30:03.533145 139815280891712 spec.py:326] Evaluating on the test split.
I0502 09:30:05.205023 139815280891712 submission_runner.py:415] Time since start: 29288.72s, 	Step: 27099, 	{'train/accuracy': 0.7370312213897705, 'train/loss': 1.184836983680725, 'validation/accuracy': 0.6611599922180176, 'validation/loss': 1.5080310106277466, 'validation/num_examples': 50000, 'test/accuracy': 0.5338000059127808, 'test/loss': 2.154926300048828, 'test/num_examples': 10000, 'score': 28118.275394439697, 'total_duration': 29288.719147205353, 'accumulated_submission_time': 28118.275394439697, 'accumulated_eval_time': 1168.1451878547668, 'accumulated_logging_time': 1.8533272743225098}
I0502 09:30:05.223451 139584457389824 logging_writer.py:48] [27099] accumulated_eval_time=1168.145188, accumulated_logging_time=1.853327, accumulated_submission_time=28118.275394, global_step=27099, preemption_count=0, score=28118.275394, test/accuracy=0.533800, test/loss=2.154926, test/num_examples=10000, total_duration=29288.719147, train/accuracy=0.737031, train/loss=1.184837, validation/accuracy=0.661160, validation/loss=1.508031, validation/num_examples=50000
I0502 09:30:12.402307 139584465782528 logging_writer.py:48] [27100] global_step=27100, grad_norm=0.8232388496398926, loss=3.509830951690674
I0502 09:31:55.248180 139584457389824 logging_writer.py:48] [27200] global_step=27200, grad_norm=0.8789188861846924, loss=3.86433482170105
I0502 09:33:38.373577 139584465782528 logging_writer.py:48] [27300] global_step=27300, grad_norm=0.8669666647911072, loss=3.8553342819213867
I0502 09:35:21.727624 139584457389824 logging_writer.py:48] [27400] global_step=27400, grad_norm=0.9020694494247437, loss=4.14703369140625
I0502 09:37:05.617650 139584465782528 logging_writer.py:48] [27500] global_step=27500, grad_norm=0.8906252384185791, loss=2.8388543128967285
I0502 09:37:05.666049 139815280891712 spec.py:298] Evaluating on the training split.
I0502 09:37:12.885146 139815280891712 spec.py:310] Evaluating on the validation split.
I0502 09:37:21.671197 139815280891712 spec.py:326] Evaluating on the test split.
I0502 09:37:23.316445 139815280891712 submission_runner.py:415] Time since start: 29726.83s, 	Step: 27501, 	{'train/accuracy': 0.7279101610183716, 'train/loss': 1.194553256034851, 'validation/accuracy': 0.660319983959198, 'validation/loss': 1.4935650825500488, 'validation/num_examples': 50000, 'test/accuracy': 0.5389000177383423, 'test/loss': 2.1363677978515625, 'test/num_examples': 10000, 'score': 28538.69926929474, 'total_duration': 29726.830756902695, 'accumulated_submission_time': 28538.69926929474, 'accumulated_eval_time': 1185.7943935394287, 'accumulated_logging_time': 1.8851313591003418}
I0502 09:37:23.335960 139584457389824 logging_writer.py:48] [27501] accumulated_eval_time=1185.794394, accumulated_logging_time=1.885131, accumulated_submission_time=28538.699269, global_step=27501, preemption_count=0, score=28538.699269, test/accuracy=0.538900, test/loss=2.136368, test/num_examples=10000, total_duration=29726.830757, train/accuracy=0.727910, train/loss=1.194553, validation/accuracy=0.660320, validation/loss=1.493565, validation/num_examples=50000
I0502 09:39:06.410660 139584465782528 logging_writer.py:48] [27600] global_step=27600, grad_norm=0.8425915241241455, loss=2.8893330097198486
I0502 09:40:49.945743 139584457389824 logging_writer.py:48] [27700] global_step=27700, grad_norm=0.8923304677009583, loss=4.558169364929199
I0502 09:42:33.450491 139584465782528 logging_writer.py:48] [27800] global_step=27800, grad_norm=1.216485857963562, loss=4.56251335144043
I0502 09:44:16.754498 139584457389824 logging_writer.py:48] [27900] global_step=27900, grad_norm=0.8192514181137085, loss=4.820633411407471
I0502 09:44:24.013906 139815280891712 spec.py:298] Evaluating on the training split.
I0502 09:44:31.294857 139815280891712 spec.py:310] Evaluating on the validation split.
I0502 09:44:40.155877 139815280891712 spec.py:326] Evaluating on the test split.
I0502 09:44:41.820882 139815280891712 submission_runner.py:415] Time since start: 30165.34s, 	Step: 27911, 	{'train/accuracy': 0.7194726467132568, 'train/loss': 1.2184903621673584, 'validation/accuracy': 0.6620599627494812, 'validation/loss': 1.4811300039291382, 'validation/num_examples': 50000, 'test/accuracy': 0.5386000275611877, 'test/loss': 2.136683225631714, 'test/num_examples': 10000, 'score': 28959.358723640442, 'total_duration': 30165.33520245552, 'accumulated_submission_time': 28959.358723640442, 'accumulated_eval_time': 1203.6002326011658, 'accumulated_logging_time': 1.9175615310668945}
I0502 09:44:41.838294 139584465782528 logging_writer.py:48] [27911] accumulated_eval_time=1203.600233, accumulated_logging_time=1.917562, accumulated_submission_time=28959.358724, global_step=27911, preemption_count=0, score=28959.358724, test/accuracy=0.538600, test/loss=2.136683, test/num_examples=10000, total_duration=30165.335202, train/accuracy=0.719473, train/loss=1.218490, validation/accuracy=0.662060, validation/loss=1.481130, validation/num_examples=50000
I0502 09:46:11.970367 139815280891712 spec.py:298] Evaluating on the training split.
I0502 09:46:19.274220 139815280891712 spec.py:310] Evaluating on the validation split.
I0502 09:46:27.987328 139815280891712 spec.py:326] Evaluating on the test split.
I0502 09:46:29.647624 139815280891712 submission_runner.py:415] Time since start: 30273.16s, 	Step: 28000, 	{'train/accuracy': 0.7194140553474426, 'train/loss': 1.2568016052246094, 'validation/accuracy': 0.662339985370636, 'validation/loss': 1.512110710144043, 'validation/num_examples': 50000, 'test/accuracy': 0.5423000454902649, 'test/loss': 2.1370725631713867, 'test/num_examples': 10000, 'score': 29049.47698688507, 'total_duration': 30273.163052797318, 'accumulated_submission_time': 29049.47698688507, 'accumulated_eval_time': 1221.277441740036, 'accumulated_logging_time': 1.947253704071045}
I0502 09:46:29.664003 139584457389824 logging_writer.py:48] [28000] accumulated_eval_time=1221.277442, accumulated_logging_time=1.947254, accumulated_submission_time=29049.476987, global_step=28000, preemption_count=0, score=29049.476987, test/accuracy=0.542300, test/loss=2.137073, test/num_examples=10000, total_duration=30273.163053, train/accuracy=0.719414, train/loss=1.256802, validation/accuracy=0.662340, validation/loss=1.512111, validation/num_examples=50000
I0502 09:46:29.688396 139584465782528 logging_writer.py:48] [28000] global_step=28000, preemption_count=0, score=29049.476987
I0502 09:46:31.537599 139815280891712 checkpoints.py:356] Saving checkpoint at step: 28000
I0502 09:46:36.361704 139815280891712 checkpoints.py:317] Saved checkpoint at /experiment_runs/timing_fancy_2/timing_shampoo/imagenet_vit_jax/trial_1/checkpoint_28000
I0502 09:46:36.479400 139815280891712 checkpoint_utils.py:240] Saved checkpoint to /experiment_runs/timing_fancy_2/timing_shampoo/imagenet_vit_jax/trial_1/checkpoint_28000.
I0502 09:46:37.947588 139815280891712 submission_runner.py:578] Tuning trial 1/1
I0502 09:46:37.947832 139815280891712 submission_runner.py:579] Hyperparameters: Hyperparameters(learning_rate=0.0019814680146414726, one_minus_beta1=0.07758862577375368, beta2=0.999, warmup_factor=0.05, weight_decay=0.010340635370188849, label_smoothing=0.1, dropout_rate=0.0)
