I0316 16:48:17.659499 140302773884672 logging_writer.py:48] [168310] global_step=168310, preemption_count=0, score=43848.023819, test/accuracy=0.643100, test/loss=1.759225, test/num_examples=10000, total_duration=73922.937600, train/accuracy=0.921317, train/loss=0.539762, validation/accuracy=0.778280, validation/loss=1.103517, validation/num_examples=50000
I0316 16:48:17.968489 140355007416128 checkpoint_utils.py:240] Saved checkpoint to /experiment_runs/timing/imagenet_resnet_pytorch/trial_1/checkpoint_168310.
I0316 16:49:28.181660 140302782277376 logging_writer.py:48] [168500] global_step=168500, grad_norm=0.505638, loss=2.485442
I0316 16:49:28.188146 140355007416128 pytorch_submission_base.py:86] 168500) loss = 2.485, grad_norm = 0.506
I0316 16:52:34.165861 140302773884672 logging_writer.py:48] [169000] global_step=169000, grad_norm=0.522643, loss=2.566746
I0316 16:52:34.170426 140355007416128 pytorch_submission_base.py:86] 169000) loss = 2.567, grad_norm = 0.523
I0316 16:55:38.185132 140302782277376 logging_writer.py:48] [169500] global_step=169500, grad_norm=0.498767, loss=2.531920
I0316 16:55:38.190183 140355007416128 pytorch_submission_base.py:86] 169500) loss = 2.532, grad_norm = 0.499
I0316 16:56:48.229749 140355007416128 spec.py:298] Evaluating on the training split.
I0316 16:57:32.447007 140355007416128 spec.py:310] Evaluating on the validation split.
I0316 16:58:22.008149 140355007416128 spec.py:326] Evaluating on the test split.
I0316 16:58:23.354618 140355007416128 submission_runner.py:362] Time since start: 74527.55s, 	Step: 169691, 	{'train/accuracy': 0.9205197704081632, 'train/loss': 0.5368665578413983, 'validation/accuracy': 0.77836, 'validation/loss': 1.102849296875, 'validation/num_examples': 50000, 'test/accuracy': 0.6431, 'test/loss': 1.7598892578125, 'test/num_examples': 10000}
I0316 16:58:23.367007 140302773884672 logging_writer.py:48] [169691] global_step=169691, preemption_count=0, score=44207.075300, test/accuracy=0.643100, test/loss=1.759889, test/num_examples=10000, total_duration=74527.546939, train/accuracy=0.920520, train/loss=0.536867, validation/accuracy=0.778360, validation/loss=1.102849, validation/num_examples=50000
I0316 16:58:23.673319 140355007416128 checkpoint_utils.py:240] Saved checkpoint to /experiment_runs/timing/imagenet_resnet_pytorch/trial_1/checkpoint_169691.
I0316 17:00:17.802216 140302782277376 logging_writer.py:48] [170000] global_step=170000, grad_norm=0.494402, loss=2.442122
I0316 17:00:17.806828 140355007416128 pytorch_submission_base.py:86] 170000) loss = 2.442, grad_norm = 0.494
I0316 17:03:23.807411 140302773884672 logging_writer.py:48] [170500] global_step=170500, grad_norm=0.508413, loss=2.473943
I0316 17:03:23.812980 140355007416128 pytorch_submission_base.py:86] 170500) loss = 2.474, grad_norm = 0.508
I0316 17:06:27.890755 140302782277376 logging_writer.py:48] [171000] global_step=171000, grad_norm=0.517466, loss=2.494110
I0316 17:06:27.894768 140355007416128 pytorch_submission_base.py:86] 171000) loss = 2.494, grad_norm = 0.517
I0316 17:06:54.049086 140355007416128 spec.py:298] Evaluating on the training split.
I0316 17:07:36.584221 140355007416128 spec.py:310] Evaluating on the validation split.
I0316 17:08:27.989205 140355007416128 spec.py:326] Evaluating on the test split.
I0316 17:08:29.336729 140355007416128 submission_runner.py:362] Time since start: 75133.37s, 	Step: 171072, 	{'train/accuracy': 0.921516262755102, 'train/loss': 0.5351279122488839, 'validation/accuracy': 0.77818, 'validation/loss': 1.10251296875, 'validation/num_examples': 50000, 'test/accuracy': 0.6439, 'test/loss': 1.759091796875, 'test/num_examples': 10000}
I0316 17:08:29.348119 140302773884672 logging_writer.py:48] [171072] global_step=171072, preemption_count=0, score=44566.269757, test/accuracy=0.643900, test/loss=1.759092, test/num_examples=10000, total_duration=75133.366429, train/accuracy=0.921516, train/loss=0.535128, validation/accuracy=0.778180, validation/loss=1.102513, validation/num_examples=50000
I0316 17:08:29.660545 140355007416128 checkpoint_utils.py:240] Saved checkpoint to /experiment_runs/timing/imagenet_resnet_pytorch/trial_1/checkpoint_171072.
I0316 17:11:09.163544 140302782277376 logging_writer.py:48] [171500] global_step=171500, grad_norm=0.501347, loss=2.514016
I0316 17:11:09.168091 140355007416128 pytorch_submission_base.py:86] 171500) loss = 2.514, grad_norm = 0.501
I0316 17:14:13.196948 140302773884672 logging_writer.py:48] [172000] global_step=172000, grad_norm=0.521952, loss=2.539283
I0316 17:14:13.201304 140355007416128 pytorch_submission_base.py:86] 172000) loss = 2.539, grad_norm = 0.522
I0316 17:16:59.847370 140355007416128 spec.py:298] Evaluating on the training split.
I0316 17:17:42.631306 140355007416128 spec.py:310] Evaluating on the validation split.
I0316 17:18:32.421460 140355007416128 spec.py:326] Evaluating on the test split.
I0316 17:18:33.774640 140355007416128 submission_runner.py:362] Time since start: 75739.16s, 	Step: 172453, 	{'train/accuracy': 0.9214365433673469, 'train/loss': 0.5332968575613839, 'validation/accuracy': 0.77838, 'validation/loss': 1.10052953125, 'validation/num_examples': 50000, 'test/accuracy': 0.6456, 'test/loss': 1.751354296875, 'test/num_examples': 10000}
I0316 17:18:33.786143 140302782277376 logging_writer.py:48] [172453] global_step=172453, preemption_count=0, score=44925.154877, test/accuracy=0.645600, test/loss=1.751354, test/num_examples=10000, total_duration=75739.164870, train/accuracy=0.921437, train/loss=0.533297, validation/accuracy=0.778380, validation/loss=1.100530, validation/num_examples=50000
I0316 17:18:34.099086 140355007416128 checkpoint_utils.py:240] Saved checkpoint to /experiment_runs/timing/imagenet_resnet_pytorch/trial_1/checkpoint_172453.
I0316 17:18:51.726830 140302773884672 logging_writer.py:48] [172500] global_step=172500, grad_norm=0.497065, loss=2.501559
I0316 17:18:51.730956 140355007416128 pytorch_submission_base.py:86] 172500) loss = 2.502, grad_norm = 0.497
I0316 17:21:57.295134 140302782277376 logging_writer.py:48] [173000] global_step=173000, grad_norm=0.518320, loss=2.492042
I0316 17:21:57.299979 140355007416128 pytorch_submission_base.py:86] 173000) loss = 2.492, grad_norm = 0.518
I0316 17:25:01.276417 140302773884672 logging_writer.py:48] [173500] global_step=173500, grad_norm=0.507280, loss=2.505141
I0316 17:25:01.280716 140355007416128 pytorch_submission_base.py:86] 173500) loss = 2.505, grad_norm = 0.507
I0316 17:27:04.270941 140355007416128 spec.py:298] Evaluating on the training split.
I0316 17:27:46.968361 140355007416128 spec.py:310] Evaluating on the validation split.
I0316 17:28:37.569036 140355007416128 spec.py:326] Evaluating on the test split.
I0316 17:28:38.918535 140355007416128 submission_runner.py:362] Time since start: 76343.59s, 	Step: 173834, 	{'train/accuracy': 0.9218152104591837, 'train/loss': 0.5326632285604671, 'validation/accuracy': 0.77842, 'validation/loss': 1.1002321875, 'validation/num_examples': 50000, 'test/accuracy': 0.6438, 'test/loss': 1.757141796875, 'test/num_examples': 10000}
I0316 17:28:38.930283 140302782277376 logging_writer.py:48] [173834] global_step=173834, preemption_count=0, score=45284.150421, test/accuracy=0.643800, test/loss=1.757142, test/num_examples=10000, total_duration=76343.587837, train/accuracy=0.921815, train/loss=0.532663, validation/accuracy=0.778420, validation/loss=1.100232, validation/num_examples=50000
I0316 17:28:39.245474 140355007416128 checkpoint_utils.py:240] Saved checkpoint to /experiment_runs/timing/imagenet_resnet_pytorch/trial_1/checkpoint_173834.
I0316 17:29:42.036873 140302773884672 logging_writer.py:48] [174000] global_step=174000, grad_norm=0.507385, loss=2.462808
I0316 17:29:42.042306 140355007416128 pytorch_submission_base.py:86] 174000) loss = 2.463, grad_norm = 0.507
I0316 17:32:45.952149 140302782277376 logging_writer.py:48] [174500] global_step=174500, grad_norm=0.515221, loss=2.527483
I0316 17:32:45.955890 140355007416128 pytorch_submission_base.py:86] 174500) loss = 2.527, grad_norm = 0.515
I0316 17:35:50.329030 140302773884672 logging_writer.py:48] [175000] global_step=175000, grad_norm=0.531234, loss=2.542627
I0316 17:35:50.334334 140355007416128 pytorch_submission_base.py:86] 175000) loss = 2.543, grad_norm = 0.531
I0316 17:37:09.521759 140355007416128 spec.py:298] Evaluating on the training split.
I0316 17:37:52.386858 140355007416128 spec.py:310] Evaluating on the validation split.
I0316 17:38:46.329888 140355007416128 spec.py:326] Evaluating on the test split.
I0316 17:38:47.681997 140355007416128 submission_runner.py:362] Time since start: 76948.84s, 	Step: 175212, 	{'train/accuracy': 0.9220145089285714, 'train/loss': 0.5300591527199259, 'validation/accuracy': 0.77784, 'validation/loss': 1.09902765625, 'validation/num_examples': 50000, 'test/accuracy': 0.6444, 'test/loss': 1.758214453125, 'test/num_examples': 10000}
I0316 17:38:47.693774 140302782277376 logging_writer.py:48] [175212] global_step=175212, preemption_count=0, score=45643.582481, test/accuracy=0.644400, test/loss=1.758214, test/num_examples=10000, total_duration=76948.838682, train/accuracy=0.922015, train/loss=0.530059, validation/accuracy=0.777840, validation/loss=1.099028, validation/num_examples=50000
I0316 17:38:47.996343 140355007416128 checkpoint_utils.py:240] Saved checkpoint to /experiment_runs/timing/imagenet_resnet_pytorch/trial_1/checkpoint_175212.
I0316 17:40:34.216788 140302773884672 logging_writer.py:48] [175500] global_step=175500, grad_norm=0.496158, loss=2.523432
I0316 17:40:34.221004 140355007416128 pytorch_submission_base.py:86] 175500) loss = 2.523, grad_norm = 0.496
I0316 17:43:38.228248 140302782277376 logging_writer.py:48] [176000] global_step=176000, grad_norm=0.516348, loss=2.557723
I0316 17:43:38.237708 140355007416128 pytorch_submission_base.py:86] 176000) loss = 2.558, grad_norm = 0.516
I0316 17:46:43.880895 140302773884672 logging_writer.py:48] [176500] global_step=176500, grad_norm=0.529060, loss=2.531821
I0316 17:46:43.885470 140355007416128 pytorch_submission_base.py:86] 176500) loss = 2.532, grad_norm = 0.529
I0316 17:47:18.425062 140355007416128 spec.py:298] Evaluating on the training split.
I0316 17:48:00.741736 140355007416128 spec.py:310] Evaluating on the validation split.
I0316 17:48:54.857734 140355007416128 spec.py:326] Evaluating on the test split.
I0316 17:48:56.204838 140355007416128 submission_runner.py:362] Time since start: 77557.74s, 	Step: 176595, 	{'train/accuracy': 0.9216956313775511, 'train/loss': 0.5309419048075773, 'validation/accuracy': 0.77814, 'validation/loss': 1.099962890625, 'validation/num_examples': 50000, 'test/accuracy': 0.6463, 'test/loss': 1.75117421875, 'test/num_examples': 10000}
I0316 17:48:56.216167 140302782277376 logging_writer.py:48] [176595] global_step=176595, preemption_count=0, score=46002.630462, test/accuracy=0.646300, test/loss=1.751174, test/num_examples=10000, total_duration=77557.741971, train/accuracy=0.921696, train/loss=0.530942, validation/accuracy=0.778140, validation/loss=1.099963, validation/num_examples=50000
I0316 17:48:56.525307 140355007416128 checkpoint_utils.py:240] Saved checkpoint to /experiment_runs/timing/imagenet_resnet_pytorch/trial_1/checkpoint_176595.
I0316 17:51:25.729886 140302773884672 logging_writer.py:48] [177000] global_step=177000, grad_norm=0.526050, loss=2.530297
I0316 17:51:25.734045 140355007416128 pytorch_submission_base.py:86] 177000) loss = 2.530, grad_norm = 0.526
I0316 17:54:29.958153 140302782277376 logging_writer.py:48] [177500] global_step=177500, grad_norm=0.521714, loss=2.538225
I0316 17:54:29.962093 140355007416128 pytorch_submission_base.py:86] 177500) loss = 2.538, grad_norm = 0.522
I0316 17:57:26.651891 140355007416128 spec.py:298] Evaluating on the training split.
I0316 17:58:09.947408 140355007416128 spec.py:310] Evaluating on the validation split.
I0316 17:58:56.150259 140355007416128 spec.py:326] Evaluating on the test split.
I0316 17:58:57.499636 140355007416128 submission_runner.py:362] Time since start: 78165.97s, 	Step: 177977, 	{'train/accuracy': 0.9222935267857143, 'train/loss': 0.5340377651915258, 'validation/accuracy': 0.77766, 'validation/loss': 1.103301015625, 'validation/num_examples': 50000, 'test/accuracy': 0.6447, 'test/loss': 1.7605412109375, 'test/num_examples': 10000}
I0316 17:58:57.511352 140302773884672 logging_writer.py:48] [177977] global_step=177977, preemption_count=0, score=46361.327754, test/accuracy=0.644700, test/loss=1.760541, test/num_examples=10000, total_duration=78165.970250, train/accuracy=0.922294, train/loss=0.534038, validation/accuracy=0.777660, validation/loss=1.103301, validation/num_examples=50000
I0316 17:58:57.824222 140355007416128 checkpoint_utils.py:240] Saved checkpoint to /experiment_runs/timing/imagenet_resnet_pytorch/trial_1/checkpoint_177977.
I0316 17:59:06.609231 140302782277376 logging_writer.py:48] [178000] global_step=178000, grad_norm=0.521851, loss=2.503857
I0316 17:59:06.612913 140355007416128 pytorch_submission_base.py:86] 178000) loss = 2.504, grad_norm = 0.522
I0316 18:02:10.642567 140302773884672 logging_writer.py:48] [178500] global_step=178500, grad_norm=0.545684, loss=2.541523
I0316 18:02:10.646630 140355007416128 pytorch_submission_base.py:86] 178500) loss = 2.542, grad_norm = 0.546
I0316 18:05:16.553055 140302782277376 logging_writer.py:48] [179000] global_step=179000, grad_norm=0.523261, loss=2.517492
I0316 18:05:16.558026 140355007416128 pytorch_submission_base.py:86] 179000) loss = 2.517, grad_norm = 0.523
I0316 18:07:28.255664 140355007416128 spec.py:298] Evaluating on the training split.
I0316 18:08:11.182834 140355007416128 spec.py:310] Evaluating on the validation split.
I0316 18:09:04.939356 140355007416128 spec.py:326] Evaluating on the test split.
I0316 18:09:06.287697 140355007416128 submission_runner.py:362] Time since start: 78767.57s, 	Step: 179359, 	{'train/accuracy': 0.9225924744897959, 'train/loss': 0.530720379887795, 'validation/accuracy': 0.77798, 'validation/loss': 1.10075296875, 'validation/num_examples': 50000, 'test/accuracy': 0.6455, 'test/loss': 1.75364453125, 'test/num_examples': 10000}
I0316 18:09:06.299806 140302773884672 logging_writer.py:48] [179359] global_step=179359, preemption_count=0, score=46720.448200, test/accuracy=0.645500, test/loss=1.753645, test/num_examples=10000, total_duration=78767.572812, train/accuracy=0.922592, train/loss=0.530720, validation/accuracy=0.777980, validation/loss=1.100753, validation/num_examples=50000
I0316 18:09:06.605647 140355007416128 checkpoint_utils.py:240] Saved checkpoint to /experiment_runs/timing/imagenet_resnet_pytorch/trial_1/checkpoint_179359.
I0316 18:09:58.705020 140302782277376 logging_writer.py:48] [179500] global_step=179500, grad_norm=0.512471, loss=2.485462
I0316 18:09:58.708886 140355007416128 pytorch_submission_base.py:86] 179500) loss = 2.485, grad_norm = 0.512
I0316 18:13:03.080506 140302773884672 logging_writer.py:48] [180000] global_step=180000, grad_norm=0.522811, loss=2.536832
I0316 18:13:03.084830 140355007416128 pytorch_submission_base.py:86] 180000) loss = 2.537, grad_norm = 0.523
I0316 18:16:08.580580 140302782277376 logging_writer.py:48] [180500] global_step=180500, grad_norm=0.540318, loss=2.571005
I0316 18:16:08.587279 140355007416128 pytorch_submission_base.py:86] 180500) loss = 2.571, grad_norm = 0.540
I0316 18:17:36.922978 140355007416128 spec.py:298] Evaluating on the training split.
I0316 18:18:20.467154 140355007416128 spec.py:310] Evaluating on the validation split.
I0316 18:19:07.055649 140355007416128 spec.py:326] Evaluating on the test split.
I0316 18:19:08.401682 140355007416128 submission_runner.py:362] Time since start: 79376.24s, 	Step: 180741, 	{'train/accuracy': 0.9220942283163265, 'train/loss': 0.5216646778340243, 'validation/accuracy': 0.7785, 'validation/loss': 1.090687734375, 'validation/num_examples': 50000, 'test/accuracy': 0.6461, 'test/loss': 1.751169140625, 'test/num_examples': 10000}
I0316 18:19:08.416938 140302773884672 logging_writer.py:48] [180741] global_step=180741, preemption_count=0, score=47079.410060, test/accuracy=0.646100, test/loss=1.751169, test/num_examples=10000, total_duration=79376.240113, train/accuracy=0.922094, train/loss=0.521665, validation/accuracy=0.778500, validation/loss=1.090688, validation/num_examples=50000
I0316 18:19:08.723718 140355007416128 checkpoint_utils.py:240] Saved checkpoint to /experiment_runs/timing/imagenet_resnet_pytorch/trial_1/checkpoint_180741.
I0316 18:20:44.360005 140302782277376 logging_writer.py:48] [181000] global_step=181000, grad_norm=0.567433, loss=2.566932
I0316 18:20:44.363969 140355007416128 pytorch_submission_base.py:86] 181000) loss = 2.567, grad_norm = 0.567
I0316 18:23:50.375974 140302773884672 logging_writer.py:48] [181500] global_step=181500, grad_norm=0.532973, loss=2.539227
I0316 18:23:50.380585 140355007416128 pytorch_submission_base.py:86] 181500) loss = 2.539, grad_norm = 0.533
I0316 18:26:54.513096 140302782277376 logging_writer.py:48] [182000] global_step=182000, grad_norm=0.526443, loss=2.502097
I0316 18:26:54.517443 140355007416128 pytorch_submission_base.py:86] 182000) loss = 2.502, grad_norm = 0.526
I0316 18:27:39.037863 140355007416128 spec.py:298] Evaluating on the training split.
I0316 18:28:24.255616 140355007416128 spec.py:310] Evaluating on the validation split.
I0316 18:29:17.203416 140355007416128 spec.py:326] Evaluating on the test split.
I0316 18:29:18.551906 140355007416128 submission_runner.py:362] Time since start: 79978.35s, 	Step: 182122, 	{'train/accuracy': 0.9226921237244898, 'train/loss': 0.5237728430300342, 'validation/accuracy': 0.77804, 'validation/loss': 1.095528984375, 'validation/num_examples': 50000, 'test/accuracy': 0.6466, 'test/loss': 1.7546513671875, 'test/num_examples': 10000}
I0316 18:29:18.567663 140302773884672 logging_writer.py:48] [182122] global_step=182122, preemption_count=0, score=47438.455013, test/accuracy=0.646600, test/loss=1.754651, test/num_examples=10000, total_duration=79978.354940, train/accuracy=0.922692, train/loss=0.523773, validation/accuracy=0.778040, validation/loss=1.095529, validation/num_examples=50000
I0316 18:29:18.869293 140355007416128 checkpoint_utils.py:240] Saved checkpoint to /experiment_runs/timing/imagenet_resnet_pytorch/trial_1/checkpoint_182122.
I0316 18:31:38.581825 140302782277376 logging_writer.py:48] [182500] global_step=182500, grad_norm=0.535983, loss=2.547660
I0316 18:31:38.588451 140355007416128 pytorch_submission_base.py:86] 182500) loss = 2.548, grad_norm = 0.536
I0316 18:34:44.483235 140302773884672 logging_writer.py:48] [183000] global_step=183000, grad_norm=0.511994, loss=2.491998
I0316 18:34:44.487334 140355007416128 pytorch_submission_base.py:86] 183000) loss = 2.492, grad_norm = 0.512
I0316 18:37:48.589943 140302782277376 logging_writer.py:48] [183500] global_step=183500, grad_norm=0.497789, loss=2.502620
I0316 18:37:48.594427 140355007416128 pytorch_submission_base.py:86] 183500) loss = 2.503, grad_norm = 0.498
I0316 18:37:49.330752 140355007416128 spec.py:298] Evaluating on the training split.
I0316 18:38:31.916400 140355007416128 spec.py:310] Evaluating on the validation split.
I0316 18:39:17.571919 140355007416128 spec.py:326] Evaluating on the test split.
I0316 18:39:18.923584 140355007416128 submission_runner.py:362] Time since start: 80588.65s, 	Step: 183503, 	{'train/accuracy': 0.9225326849489796, 'train/loss': 0.5218071840247329, 'validation/accuracy': 0.7785, 'validation/loss': 1.093474453125, 'validation/num_examples': 50000, 'test/accuracy': 0.6453, 'test/loss': 1.7477232421875, 'test/num_examples': 10000}
I0316 18:39:18.935116 140302773884672 logging_writer.py:48] [183503] global_step=183503, preemption_count=0, score=47797.690393, test/accuracy=0.645300, test/loss=1.747723, test/num_examples=10000, total_duration=80588.648276, train/accuracy=0.922533, train/loss=0.521807, validation/accuracy=0.778500, validation/loss=1.093474, validation/num_examples=50000
I0316 18:39:19.239814 140355007416128 checkpoint_utils.py:240] Saved checkpoint to /experiment_runs/timing/imagenet_resnet_pytorch/trial_1/checkpoint_183503.
I0316 18:42:25.674177 140302782277376 logging_writer.py:48] [184000] global_step=184000, grad_norm=0.541476, loss=2.536321
I0316 18:42:25.678755 140355007416128 pytorch_submission_base.py:86] 184000) loss = 2.536, grad_norm = 0.541
I0316 18:45:36.830093 140302773884672 logging_writer.py:48] [184500] global_step=184500, grad_norm=0.537853, loss=2.500615
I0316 18:45:36.835671 140355007416128 pytorch_submission_base.py:86] 184500) loss = 2.501, grad_norm = 0.538
I0316 18:47:49.446315 140355007416128 spec.py:298] Evaluating on the training split.
I0316 18:48:32.617578 140355007416128 spec.py:310] Evaluating on the validation split.
I0316 18:49:26.451477 140355007416128 spec.py:326] Evaluating on the test split.
I0316 18:49:27.800257 140355007416128 submission_runner.py:362] Time since start: 81188.76s, 	Step: 184848, 	{'train/accuracy': 0.9228914221938775, 'train/loss': 0.5249683613679847, 'validation/accuracy': 0.77816, 'validation/loss': 1.098066328125, 'validation/num_examples': 50000, 'test/accuracy': 0.6459, 'test/loss': 1.75583046875, 'test/num_examples': 10000}
I0316 18:49:27.812875 140302782277376 logging_writer.py:48] [184848] global_step=184848, preemption_count=0, score=48160.530803, test/accuracy=0.645900, test/loss=1.755830, test/num_examples=10000, total_duration=81188.763192, train/accuracy=0.922891, train/loss=0.524968, validation/accuracy=0.778160, validation/loss=1.098066, validation/num_examples=50000
I0316 18:49:28.120076 140355007416128 checkpoint_utils.py:240] Saved checkpoint to /experiment_runs/timing/imagenet_resnet_pytorch/trial_1/checkpoint_184848.
I0316 18:50:26.466084 140302773884672 logging_writer.py:48] [185000] global_step=185000, grad_norm=0.549872, loss=2.558272
I0316 18:50:26.471003 140355007416128 pytorch_submission_base.py:86] 185000) loss = 2.558, grad_norm = 0.550
I0316 18:53:34.018431 140302782277376 logging_writer.py:48] [185500] global_step=185500, grad_norm=0.512259, loss=2.464523
I0316 18:53:34.023391 140355007416128 pytorch_submission_base.py:86] 185500) loss = 2.465, grad_norm = 0.512
I0316 18:56:38.168437 140302773884672 logging_writer.py:48] [186000] global_step=186000, grad_norm=0.538740, loss=2.519273
I0316 18:56:38.175354 140355007416128 pytorch_submission_base.py:86] 186000) loss = 2.519, grad_norm = 0.539
I0316 18:57:58.547808 140355007416128 spec.py:298] Evaluating on the training split.
I0316 18:58:41.754169 140355007416128 spec.py:310] Evaluating on the validation split.
I0316 18:59:28.907639 140355007416128 spec.py:326] Evaluating on the test split.
I0316 18:59:30.257429 140355007416128 submission_runner.py:362] Time since start: 81797.86s, 	Step: 186219, 	{'train/accuracy': 0.9234295280612245, 'train/loss': 0.527166444428113, 'validation/accuracy': 0.77844, 'validation/loss': 1.10013453125, 'validation/num_examples': 50000, 'test/accuracy': 0.6466, 'test/loss': 1.757082421875, 'test/num_examples': 10000}
I0316 18:59:30.269377 140302782277376 logging_writer.py:48] [186219] global_step=186219, preemption_count=0, score=48520.853813, test/accuracy=0.646600, test/loss=1.757082, test/num_examples=10000, total_duration=81797.864879, train/accuracy=0.923430, train/loss=0.527166, validation/accuracy=0.778440, validation/loss=1.100135, validation/num_examples=50000
I0316 18:59:30.574913 140355007416128 checkpoint_utils.py:240] Saved checkpoint to /experiment_runs/timing/imagenet_resnet_pytorch/trial_1/checkpoint_186219.
I0316 19:01:15.735920 140302773884672 logging_writer.py:48] [186500] global_step=186500, grad_norm=0.525006, loss=2.572413
I0316 19:01:15.740713 140355007416128 pytorch_submission_base.py:86] 186500) loss = 2.572, grad_norm = 0.525
I0316 19:02:16.428312 140355007416128 spec.py:298] Evaluating on the training split.
I0316 19:02:58.876179 140355007416128 spec.py:310] Evaluating on the validation split.
I0316 19:03:42.967453 140355007416128 spec.py:326] Evaluating on the test split.
I0316 19:03:44.320919 140355007416128 submission_runner.py:362] Time since start: 82055.75s, 	Step: 186666, 	{'train/accuracy': 0.9227718431122449, 'train/loss': 0.5198103067826252, 'validation/accuracy': 0.77784, 'validation/loss': 1.0940859375, 'validation/num_examples': 50000, 'test/accuracy': 0.6439, 'test/loss': 1.7547326171875, 'test/num_examples': 10000}
I0316 19:03:44.333488 140302782277376 logging_writer.py:48] [186666] global_step=186666, preemption_count=0, score=48637.824749, test/accuracy=0.643900, test/loss=1.754733, test/num_examples=10000, total_duration=82055.745619, train/accuracy=0.922772, train/loss=0.519810, validation/accuracy=0.777840, validation/loss=1.094086, validation/num_examples=50000
I0316 19:03:44.646284 140355007416128 checkpoint_utils.py:240] Saved checkpoint to /experiment_runs/timing/imagenet_resnet_pytorch/trial_1/checkpoint_186666.
I0316 19:03:44.659177 140302773884672 logging_writer.py:48] [186666] global_step=186666, preemption_count=0, score=48637.824749
I0316 19:03:45.554706 140355007416128 checkpoint_utils.py:240] Saved checkpoint to /experiment_runs/timing/imagenet_resnet_pytorch/trial_1/checkpoint_186666.
I0316 19:03:45.875747 140355007416128 submission_runner.py:523] Tuning trial 1/1
I0316 19:03:45.875966 140355007416128 submission_runner.py:524] Hyperparameters: Hyperparameters(learning_rate=4.131896390902391, beta1=0.9274758113254791, warmup_steps=6999, decay_steps_factor=0.9007765761611038, end_factor=0.001, weight_decay=5.6687777311501786e-06, label_smoothing=0.2)
