I0315 19:07:28.197858 139695971202880 logger_utils.py:67] Creating experiment directory at /experiment_runs/timing/librispeech_deepspeech_jax.
I0315 19:07:28.269124 139695971202880 xla_bridge.py:345] Unable to initialize backend 'tpu_driver': NOT_FOUND: Unable to find driver in registry given worker: 
I0315 19:07:29.200175 139695971202880 xla_bridge.py:345] Unable to initialize backend 'rocm': NOT_FOUND: Could not find registered platform with name: "rocm". Available platform names are: CUDA Interpreter Host
I0315 19:07:29.200847 139695971202880 xla_bridge.py:345] Unable to initialize backend 'tpu': module 'jaxlib.xla_extension' has no attribute 'get_tpu_client'
I0315 19:07:29.205047 139695971202880 submission_runner.py:484] Using RNG seed 2067100496
I0315 19:07:31.838582 139695971202880 submission_runner.py:493] --- Tuning run 1/1 ---
I0315 19:07:31.838782 139695971202880 submission_runner.py:498] Creating tuning directory at /experiment_runs/timing/librispeech_deepspeech_jax/trial_1.
I0315 19:07:31.838942 139695971202880 logger_utils.py:84] Saving hparams to /experiment_runs/timing/librispeech_deepspeech_jax/trial_1/hparams.json.
I0315 19:07:31.962683 139695971202880 submission_runner.py:230] Initializing dataset.
I0315 19:07:31.962870 139695971202880 submission_runner.py:237] Initializing model.
I0315 19:07:48.143496 139695971202880 submission_runner.py:247] Initializing optimizer.
I0315 19:07:48.798565 139695971202880 submission_runner.py:254] Initializing metrics bundle.
I0315 19:07:48.798768 139695971202880 submission_runner.py:268] Initializing checkpoint and logger.
I0315 19:07:48.799715 139695971202880 checkpoints.py:466] Found no checkpoint files in /experiment_runs/timing/librispeech_deepspeech_jax/trial_1 with prefix checkpoint_
I0315 19:07:48.799968 139695971202880 logger_utils.py:231] Unable to record workload.train_mean information. Continuing without it.
I0315 19:07:48.800028 139695971202880 logger_utils.py:231] Unable to record workload.train_stddev information. Continuing without it.
I0315 19:07:49.954860 139695971202880 submission_runner.py:289] Saving meta data to /experiment_runs/timing/librispeech_deepspeech_jax/trial_1/meta_data_0.json.
I0315 19:07:49.955757 139695971202880 submission_runner.py:292] Saving flags to /experiment_runs/timing/librispeech_deepspeech_jax/trial_1/flags_0.json.
I0315 19:07:49.963194 139695971202880 submission_runner.py:302] Starting training loop.
I0315 19:07:50.165833 139695971202880 input_pipeline.py:20] Loading split = train-clean-100
I0315 19:07:50.204574 139695971202880 input_pipeline.py:20] Loading split = train-clean-360
I0315 19:07:50.526204 139695971202880 input_pipeline.py:20] Loading split = train-other-500
/usr/local/lib/python3.8/dist-packages/jax/interpreters/mlir.py:592: UserWarning: Some donated buffers were not usable: ShapedArray(float32[512]), ShapedArray(float32[512]), ShapedArray(float32[512]), ShapedArray(float32[512]), ShapedArray(float32[512]), ShapedArray(float32[512]), ShapedArray(float32[512]), ShapedArray(float32[512]), ShapedArray(float32[512]), ShapedArray(float32[512]), ShapedArray(float32[512]), ShapedArray(float32[512]), ShapedArray(float32[512]), ShapedArray(float32[512]).
See an explanation at https://jax.readthedocs.io/en/latest/faq.html#buffer-donation.
  warnings.warn(f"Some donated buffers were not usable: {', '.join(unused_donations)}.\n{msg}")
I0315 19:08:46.634402 139519637735168 logging_writer.py:48] [0] global_step=0, grad_norm=25.01940155029297, loss=32.92803955078125
I0315 19:08:46.660218 139695971202880 spec.py:298] Evaluating on the training split.
I0315 19:08:46.781054 139695971202880 input_pipeline.py:20] Loading split = train-clean-100
I0315 19:08:46.807084 139695971202880 input_pipeline.py:20] Loading split = train-clean-360
I0315 19:08:47.083615 139695971202880 input_pipeline.py:20] Loading split = train-other-500
/usr/local/lib/python3.8/dist-packages/jax/_src/ops/scatter.py:87: FutureWarning: scatter inputs have incompatible types: cannot safely cast value from dtype=float32 to dtype=int32. In future JAX releases this will result in an error.
  warnings.warn("scatter inputs have incompatible types: cannot safely cast "
I0315 19:10:19.015485 139695971202880 spec.py:310] Evaluating on the validation split.
I0315 19:10:19.102942 139695971202880 input_pipeline.py:20] Loading split = dev-clean
I0315 19:10:19.107933 139695971202880 input_pipeline.py:20] Loading split = dev-other
I0315 19:11:14.725054 139695971202880 spec.py:326] Evaluating on the test split.
I0315 19:11:14.811522 139695971202880 input_pipeline.py:20] Loading split = test-clean
I0315 19:11:50.981688 139695971202880 submission_runner.py:362] Time since start: 56.70s, 	Step: 1, 	{'train/ctc_loss': DeviceArray(32.193344, dtype=float32), 'train/wer': 4.242477562834475, 'validation/ctc_loss': DeviceArray(30.926653, dtype=float32), 'validation/wer': 3.8057675423786046, 'validation/num_examples': 5348, 'test/ctc_loss': DeviceArray(31.063675, dtype=float32), 'test/wer': 4.079215160563037, 'test/num_examples': 2472}
I0315 19:11:51.003227 139517197539072 logging_writer.py:48] [1] global_step=1, preemption_count=0, score=56.494421, test/ctc_loss=31.063674926757812, test/num_examples=2472, test/wer=4.079215, total_duration=56.696979, train/ctc_loss=32.19334411621094, train/wer=4.242478, validation/ctc_loss=30.926652908325195, validation/num_examples=5348, validation/wer=3.805768
I0315 19:11:51.141905 139695971202880 checkpoints.py:356] Saving checkpoint at step: 1
I0315 19:11:51.740232 139695971202880 checkpoints.py:317] Saved checkpoint at /experiment_runs/timing/librispeech_deepspeech_jax/trial_1/checkpoint_1
I0315 19:11:51.751230 139695971202880 checkpoint_utils.py:240] Saved checkpoint to /experiment_runs/timing/librispeech_deepspeech_jax/trial_1/checkpoint_1.
I0315 19:14:06.049349 139520142026496 logging_writer.py:48] [100] global_step=100, grad_norm=3.2148375511169434, loss=5.857160568237305
I0315 19:16:03.753951 139520150419200 logging_writer.py:48] [200] global_step=200, grad_norm=2.3333840370178223, loss=4.969588279724121
I0315 19:17:59.871632 139520142026496 logging_writer.py:48] [300] global_step=300, grad_norm=4.104928493499756, loss=3.9835805892944336
I0315 19:19:55.993338 139520150419200 logging_writer.py:48] [400] global_step=400, grad_norm=1.715502381324768, loss=3.4238247871398926
I0315 19:21:52.209831 139520142026496 logging_writer.py:48] [500] global_step=500, grad_norm=2.074615478515625, loss=3.1364223957061768
I0315 19:23:48.964362 139520150419200 logging_writer.py:48] [600] global_step=600, grad_norm=2.1699891090393066, loss=2.999274730682373
I0315 19:25:45.287527 139520142026496 logging_writer.py:48] [700] global_step=700, grad_norm=2.91167950630188, loss=2.8239846229553223
I0315 19:27:41.611766 139520150419200 logging_writer.py:48] [800] global_step=800, grad_norm=2.86948561668396, loss=2.75160551071167
I0315 19:29:36.964626 139520142026496 logging_writer.py:48] [900] global_step=900, grad_norm=2.2253615856170654, loss=2.6741394996643066
I0315 19:31:28.993158 139520150419200 logging_writer.py:48] [1000] global_step=1000, grad_norm=2.4106621742248535, loss=2.5888140201568604
I0315 19:33:25.855216 139520301487872 logging_writer.py:48] [1100] global_step=1100, grad_norm=3.110445737838745, loss=2.5442745685577393
I0315 19:35:18.342615 139520293095168 logging_writer.py:48] [1200] global_step=1200, grad_norm=3.1236813068389893, loss=2.476769208908081
I0315 19:37:11.492162 139520301487872 logging_writer.py:48] [1300] global_step=1300, grad_norm=3.649139404296875, loss=2.476832866668701
I0315 19:39:05.296448 139520293095168 logging_writer.py:48] [1400] global_step=1400, grad_norm=2.57016658782959, loss=2.4441847801208496
I0315 19:40:57.372551 139520301487872 logging_writer.py:48] [1500] global_step=1500, grad_norm=3.3679749965667725, loss=2.310607671737671
I0315 19:42:52.754469 139520293095168 logging_writer.py:48] [1600] global_step=1600, grad_norm=2.9486942291259766, loss=2.312483549118042
I0315 19:44:47.467210 139520301487872 logging_writer.py:48] [1700] global_step=1700, grad_norm=2.2963545322418213, loss=2.2534916400909424
I0315 19:46:39.358808 139520293095168 logging_writer.py:48] [1800] global_step=1800, grad_norm=3.4819717407226562, loss=2.2806789875030518
I0315 19:48:31.190546 139520301487872 logging_writer.py:48] [1900] global_step=1900, grad_norm=2.9356741905212402, loss=2.304575204849243
I0315 19:50:23.744838 139520293095168 logging_writer.py:48] [2000] global_step=2000, grad_norm=6.3272199630737305, loss=2.261934280395508
I0315 19:51:52.882586 139695971202880 spec.py:298] Evaluating on the training split.
I0315 19:52:31.833374 139695971202880 spec.py:310] Evaluating on the validation split.
I0315 19:53:10.823753 139695971202880 spec.py:326] Evaluating on the test split.
I0315 19:53:31.236578 139695971202880 submission_runner.py:362] Time since start: 2642.92s, 	Step: 2077, 	{'train/ctc_loss': DeviceArray(0.81215405, dtype=float32), 'train/wer': 0.25568474387757206, 'validation/ctc_loss': DeviceArray(1.2603388, dtype=float32), 'validation/wer': 0.34052426940925623, 'validation/num_examples': 5348, 'test/ctc_loss': DeviceArray(0.8674421, dtype=float32), 'test/wer': 0.26736132269006563, 'test/num_examples': 2472}
I0315 19:53:31.254260 139519510431488 logging_writer.py:48] [2077] global_step=2077, preemption_count=0, score=2453.403180, test/ctc_loss=0.8674420714378357, test/num_examples=2472, test/wer=0.267361, total_duration=2642.919138, train/ctc_loss=0.8121540546417236, train/wer=0.255685, validation/ctc_loss=1.2603387832641602, validation/num_examples=5348, validation/wer=0.340524
I0315 19:53:31.420297 139695971202880 checkpoints.py:356] Saving checkpoint at step: 2077
I0315 19:53:32.104931 139695971202880 checkpoints.py:317] Saved checkpoint at /experiment_runs/timing/librispeech_deepspeech_jax/trial_1/checkpoint_2077
I0315 19:53:32.120266 139695971202880 checkpoint_utils.py:240] Saved checkpoint to /experiment_runs/timing/librispeech_deepspeech_jax/trial_1/checkpoint_2077.
I0315 19:53:59.088925 139518824937216 logging_writer.py:48] [2100] global_step=2100, grad_norm=2.9104373455047607, loss=2.2008161544799805
I0315 19:55:53.978257 139517952521984 logging_writer.py:48] [2200] global_step=2200, grad_norm=3.04768967628479, loss=2.1891071796417236
I0315 19:57:49.488589 139518824937216 logging_writer.py:48] [2300] global_step=2300, grad_norm=2.113842725753784, loss=2.1662747859954834
I0315 19:59:46.643501 139517952521984 logging_writer.py:48] [2400] global_step=2400, grad_norm=3.2732298374176025, loss=2.191580295562744
I0315 20:01:41.000340 139518824937216 logging_writer.py:48] [2500] global_step=2500, grad_norm=3.5570223331451416, loss=2.222768783569336
I0315 20:03:35.022030 139517952521984 logging_writer.py:48] [2600] global_step=2600, grad_norm=8.180794715881348, loss=2.1140120029449463
I0315 20:05:27.671292 139518824937216 logging_writer.py:48] [2700] global_step=2700, grad_norm=3.078606605529785, loss=2.0349934101104736
I0315 20:07:20.727963 139517952521984 logging_writer.py:48] [2800] global_step=2800, grad_norm=3.522939443588257, loss=2.111966609954834
I0315 20:09:14.084972 139518824937216 logging_writer.py:48] [2900] global_step=2900, grad_norm=4.685937881469727, loss=2.035839080810547
I0315 20:11:05.944416 139517952521984 logging_writer.py:48] [3000] global_step=3000, grad_norm=5.621274471282959, loss=2.0698070526123047
I0315 20:13:01.712344 139521612207872 logging_writer.py:48] [3100] global_step=3100, grad_norm=3.6419591903686523, loss=2.0959410667419434
I0315 20:14:54.523097 139521603815168 logging_writer.py:48] [3200] global_step=3200, grad_norm=2.667435646057129, loss=2.034574508666992
I0315 20:16:48.731192 139521612207872 logging_writer.py:48] [3300] global_step=3300, grad_norm=2.4119105339050293, loss=2.099669933319092
I0315 20:18:40.875019 139521603815168 logging_writer.py:48] [3400] global_step=3400, grad_norm=2.7756175994873047, loss=2.0046231746673584
I0315 20:20:32.857197 139521612207872 logging_writer.py:48] [3500] global_step=3500, grad_norm=3.1587462425231934, loss=2.038423776626587
I0315 20:22:25.393514 139521603815168 logging_writer.py:48] [3600] global_step=3600, grad_norm=3.8011977672576904, loss=2.0848214626312256
I0315 20:24:17.307196 139521612207872 logging_writer.py:48] [3700] global_step=3700, grad_norm=3.903682231903076, loss=1.9708669185638428
I0315 20:26:10.669558 139521603815168 logging_writer.py:48] [3800] global_step=3800, grad_norm=4.3107171058654785, loss=2.1104722023010254
I0315 20:28:06.669994 139521612207872 logging_writer.py:48] [3900] global_step=3900, grad_norm=2.826162099838257, loss=2.003741502761841
I0315 20:30:02.544761 139521603815168 logging_writer.py:48] [4000] global_step=4000, grad_norm=3.744401454925537, loss=2.0054454803466797
I0315 20:31:56.479929 139521612207872 logging_writer.py:48] [4100] global_step=4100, grad_norm=3.034714698791504, loss=2.022416114807129
I0315 20:33:33.080054 139695971202880 spec.py:298] Evaluating on the training split.
I0315 20:34:11.708575 139695971202880 spec.py:310] Evaluating on the validation split.
I0315 20:34:51.879157 139695971202880 spec.py:326] Evaluating on the test split.
I0315 20:35:12.394666 139695971202880 submission_runner.py:362] Time since start: 5143.12s, 	Step: 4182, 	{'train/ctc_loss': DeviceArray(0.6369123, dtype=float32), 'train/wer': 0.2090829182537357, 'validation/ctc_loss': DeviceArray(1.0139186, dtype=float32), 'validation/wer': 0.28464336366004495, 'validation/num_examples': 5348, 'test/ctc_loss': DeviceArray(0.66698223, dtype=float32), 'test/wer': 0.21302784717567486, 'test/num_examples': 2472}
I0315 20:35:12.415704 139519717807872 logging_writer.py:48] [4182] global_step=4182, preemption_count=0, score=4849.879686, test/ctc_loss=0.6669822335243225, test/num_examples=2472, test/wer=0.213028, total_duration=5143.116613, train/ctc_loss=0.6369122862815857, train/wer=0.209083, validation/ctc_loss=1.0139186382293701, validation/num_examples=5348, validation/wer=0.284643
I0315 20:35:12.574760 139695971202880 checkpoints.py:356] Saving checkpoint at step: 4182
I0315 20:35:13.237172 139695971202880 checkpoints.py:317] Saved checkpoint at /experiment_runs/timing/librispeech_deepspeech_jax/trial_1/checkpoint_4182
I0315 20:35:13.252930 139695971202880 checkpoint_utils.py:240] Saved checkpoint to /experiment_runs/timing/librispeech_deepspeech_jax/trial_1/checkpoint_4182.
I0315 20:35:34.529778 139519709415168 logging_writer.py:48] [4200] global_step=4200, grad_norm=2.529280662536621, loss=1.9504809379577637
I0315 20:37:30.831121 139519659058944 logging_writer.py:48] [4300] global_step=4300, grad_norm=3.473074197769165, loss=1.994526743888855
I0315 20:39:22.556479 139519709415168 logging_writer.py:48] [4400] global_step=4400, grad_norm=2.98078989982605, loss=1.9376400709152222
I0315 20:41:14.533233 139519659058944 logging_writer.py:48] [4500] global_step=4500, grad_norm=2.4908998012542725, loss=2.0729522705078125
I0315 20:43:09.828360 139519709415168 logging_writer.py:48] [4600] global_step=4600, grad_norm=2.4556567668914795, loss=2.0379645824432373
I0315 20:45:06.788475 139519659058944 logging_writer.py:48] [4700] global_step=4700, grad_norm=2.334232807159424, loss=1.9358675479888916
I0315 20:47:02.414422 139519709415168 logging_writer.py:48] [4800] global_step=4800, grad_norm=3.1999351978302, loss=2.0206470489501953
I0315 20:48:57.642808 139519659058944 logging_writer.py:48] [4900] global_step=4900, grad_norm=2.569286584854126, loss=1.9648094177246094
I0315 20:50:50.153326 139519709415168 logging_writer.py:48] [5000] global_step=5000, grad_norm=3.9698314666748047, loss=1.9014708995819092
I0315 20:52:42.146744 139519659058944 logging_writer.py:48] [5100] global_step=5100, grad_norm=3.756136655807495, loss=1.9387571811676025
I0315 20:54:38.487957 139519717807872 logging_writer.py:48] [5200] global_step=5200, grad_norm=2.1785943508148193, loss=1.9857527017593384
I0315 20:56:30.337373 139519709415168 logging_writer.py:48] [5300] global_step=5300, grad_norm=3.1134562492370605, loss=1.97249174118042
I0315 20:58:23.181099 139519717807872 logging_writer.py:48] [5400] global_step=5400, grad_norm=2.1334168910980225, loss=1.9736336469650269
I0315 21:00:17.085686 139519709415168 logging_writer.py:48] [5500] global_step=5500, grad_norm=3.6667821407318115, loss=1.9869955778121948
I0315 21:02:10.883663 139519717807872 logging_writer.py:48] [5600] global_step=5600, grad_norm=5.102224349975586, loss=2.017463445663452
I0315 21:04:08.243075 139519709415168 logging_writer.py:48] [5700] global_step=5700, grad_norm=3.901534080505371, loss=1.987351417541504
I0315 21:06:05.456588 139519717807872 logging_writer.py:48] [5800] global_step=5800, grad_norm=2.6782617568969727, loss=1.9829862117767334
I0315 21:08:00.971454 139519709415168 logging_writer.py:48] [5900] global_step=5900, grad_norm=5.761830806732178, loss=1.960654854774475
I0315 21:09:52.923181 139519717807872 logging_writer.py:48] [6000] global_step=6000, grad_norm=3.319674015045166, loss=1.9549940824508667
I0315 21:11:45.287261 139519709415168 logging_writer.py:48] [6100] global_step=6100, grad_norm=3.5801825523376465, loss=1.9783285856246948
I0315 21:13:40.820325 139521612207872 logging_writer.py:48] [6200] global_step=6200, grad_norm=4.713772296905518, loss=1.989220142364502
I0315 21:15:13.535499 139695971202880 spec.py:298] Evaluating on the training split.
I0315 21:15:52.826625 139695971202880 spec.py:310] Evaluating on the validation split.
I0315 21:16:32.831896 139695971202880 spec.py:326] Evaluating on the test split.
I0315 21:16:53.974994 139695971202880 submission_runner.py:362] Time since start: 7643.57s, 	Step: 6284, 	{'train/ctc_loss': DeviceArray(0.5552566, dtype=float32), 'train/wer': 0.1862833467748312, 'validation/ctc_loss': DeviceArray(0.9586521, dtype=float32), 'validation/wer': 0.26954432748989376, 'validation/num_examples': 5348, 'test/ctc_loss': DeviceArray(0.6149973, dtype=float32), 'test/wer': 0.1948286718258079, 'test/num_examples': 2472}
I0315 21:16:53.996541 139521612207872 logging_writer.py:48] [6284] global_step=6284, preemption_count=0, score=7245.587885, test/ctc_loss=0.6149973273277283, test/num_examples=2472, test/wer=0.194829, total_duration=7643.572221, train/ctc_loss=0.5552566051483154, train/wer=0.186283, validation/ctc_loss=0.9586520791053772, validation/num_examples=5348, validation/wer=0.269544
I0315 21:16:54.161469 139695971202880 checkpoints.py:356] Saving checkpoint at step: 6284
I0315 21:16:54.834256 139695971202880 checkpoints.py:317] Saved checkpoint at /experiment_runs/timing/librispeech_deepspeech_jax/trial_1/checkpoint_6284
I0315 21:16:54.849856 139695971202880 checkpoint_utils.py:240] Saved checkpoint to /experiment_runs/timing/librispeech_deepspeech_jax/trial_1/checkpoint_6284.
I0315 21:17:13.883245 139521603815168 logging_writer.py:48] [6300] global_step=6300, grad_norm=2.30643630027771, loss=1.9646457433700562
I0315 21:19:06.697539 139520203626240 logging_writer.py:48] [6400] global_step=6400, grad_norm=2.5732548236846924, loss=1.9873148202896118
I0315 21:21:00.383826 139521603815168 logging_writer.py:48] [6500] global_step=6500, grad_norm=2.646967649459839, loss=1.9264518022537231
I0315 21:22:54.644531 139520203626240 logging_writer.py:48] [6600] global_step=6600, grad_norm=3.3887741565704346, loss=2.05088210105896
I0315 21:24:46.679995 139521603815168 logging_writer.py:48] [6700] global_step=6700, grad_norm=2.8531229496002197, loss=1.989022970199585
I0315 21:26:38.443484 139520203626240 logging_writer.py:48] [6800] global_step=6800, grad_norm=2.5230705738067627, loss=1.964202880859375
I0315 21:28:31.392464 139521603815168 logging_writer.py:48] [6900] global_step=6900, grad_norm=2.0770671367645264, loss=1.967187523841858
I0315 21:30:25.829385 139520203626240 logging_writer.py:48] [7000] global_step=7000, grad_norm=3.651437282562256, loss=1.9672820568084717
I0315 21:32:22.975556 139521603815168 logging_writer.py:48] [7100] global_step=7100, grad_norm=3.271916151046753, loss=2.0212435722351074
I0315 21:34:19.696946 139520203626240 logging_writer.py:48] [7200] global_step=7200, grad_norm=2.5674657821655273, loss=2.0160763263702393
I0315 21:36:18.163883 139521612207872 logging_writer.py:48] [7300] global_step=7300, grad_norm=2.994525671005249, loss=1.9298795461654663
I0315 21:38:10.036561 139521603815168 logging_writer.py:48] [7400] global_step=7400, grad_norm=2.5204498767852783, loss=1.9432895183563232
I0315 21:40:01.890272 139521612207872 logging_writer.py:48] [7500] global_step=7500, grad_norm=2.5482747554779053, loss=1.9277050495147705
I0315 21:41:53.776101 139521603815168 logging_writer.py:48] [7600] global_step=7600, grad_norm=2.269690990447998, loss=2.0358335971832275
I0315 21:43:47.689338 139521612207872 logging_writer.py:48] [7700] global_step=7700, grad_norm=4.438957691192627, loss=2.0225682258605957
I0315 21:45:44.896307 139521603815168 logging_writer.py:48] [7800] global_step=7800, grad_norm=2.809718370437622, loss=1.905245304107666
I0315 21:47:42.034625 139521612207872 logging_writer.py:48] [7900] global_step=7900, grad_norm=4.264460563659668, loss=1.9319171905517578
I0315 21:49:39.097131 139521603815168 logging_writer.py:48] [8000] global_step=8000, grad_norm=4.5972723960876465, loss=1.9795526266098022
I0315 21:51:35.040227 139521612207872 logging_writer.py:48] [8100] global_step=8100, grad_norm=4.4487528800964355, loss=1.8793251514434814
I0315 21:53:31.304688 139521603815168 logging_writer.py:48] [8200] global_step=8200, grad_norm=2.743182897567749, loss=1.9195857048034668
I0315 21:55:28.269306 139521612207872 logging_writer.py:48] [8300] global_step=8300, grad_norm=5.262584686279297, loss=2.108166456222534
I0315 21:56:55.247919 139695971202880 spec.py:298] Evaluating on the training split.
I0315 21:57:34.604888 139695971202880 spec.py:310] Evaluating on the validation split.
I0315 21:58:15.280430 139695971202880 spec.py:326] Evaluating on the test split.
I0315 21:58:35.807269 139695971202880 submission_runner.py:362] Time since start: 10145.28s, 	Step: 8378, 	{'train/ctc_loss': DeviceArray(0.59614384, dtype=float32), 'train/wer': 0.19433652043690897, 'validation/ctc_loss': DeviceArray(0.965135, dtype=float32), 'validation/wer': 0.2709239838300418, 'validation/num_examples': 5348, 'test/ctc_loss': DeviceArray(0.630256, dtype=float32), 'test/wer': 0.2011861962504824, 'test/num_examples': 2472}
I0315 21:58:35.827035 139521612207872 logging_writer.py:48] [8378] global_step=8378, preemption_count=0, score=9641.359872, test/ctc_loss=0.6302559971809387, test/num_examples=2472, test/wer=0.201186, total_duration=10145.284652, train/ctc_loss=0.5961438417434692, train/wer=0.194337, validation/ctc_loss=0.9651349782943726, validation/num_examples=5348, validation/wer=0.270924
I0315 21:58:35.983072 139695971202880 checkpoints.py:356] Saving checkpoint at step: 8378
I0315 21:58:36.674460 139695971202880 checkpoints.py:317] Saved checkpoint at /experiment_runs/timing/librispeech_deepspeech_jax/trial_1/checkpoint_8378
I0315 21:58:36.689986 139695971202880 checkpoint_utils.py:240] Saved checkpoint to /experiment_runs/timing/librispeech_deepspeech_jax/trial_1/checkpoint_8378.
I0315 21:59:02.433494 139521603815168 logging_writer.py:48] [8400] global_step=8400, grad_norm=2.3803722858428955, loss=1.9664020538330078
I0315 22:00:54.341575 139520625313536 logging_writer.py:48] [8500] global_step=8500, grad_norm=2.4474499225616455, loss=2.0054073333740234
I0315 22:02:48.193028 139521603815168 logging_writer.py:48] [8600] global_step=8600, grad_norm=4.178215980529785, loss=2.0912275314331055
I0315 22:04:40.223283 139520625313536 logging_writer.py:48] [8700] global_step=8700, grad_norm=3.3468892574310303, loss=1.9532667398452759
I0315 22:06:32.244842 139521603815168 logging_writer.py:48] [8800] global_step=8800, grad_norm=3.004176139831543, loss=1.8960545063018799
I0315 22:08:24.498447 139520625313536 logging_writer.py:48] [8900] global_step=8900, grad_norm=2.619767904281616, loss=1.9360512495040894
I0315 22:10:17.526077 139521603815168 logging_writer.py:48] [9000] global_step=9000, grad_norm=2.937412738800049, loss=1.917493224143982
I0315 22:12:09.383129 139520625313536 logging_writer.py:48] [9100] global_step=9100, grad_norm=3.509192705154419, loss=1.915484070777893
I0315 22:14:04.448464 139521603815168 logging_writer.py:48] [9200] global_step=9200, grad_norm=2.725459575653076, loss=1.9446598291397095
I0315 22:16:04.703039 139521612207872 logging_writer.py:48] [9300] global_step=9300, grad_norm=2.891737222671509, loss=1.8769586086273193
I0315 22:17:59.794217 139521603815168 logging_writer.py:48] [9400] global_step=9400, grad_norm=2.9493978023529053, loss=1.8721190690994263
I0315 22:19:51.893909 139521612207872 logging_writer.py:48] [9500] global_step=9500, grad_norm=4.9194111824035645, loss=1.949855089187622
I0315 22:21:44.782320 139521603815168 logging_writer.py:48] [9600] global_step=9600, grad_norm=3.4344053268432617, loss=1.862413763999939
I0315 22:23:39.978428 139521612207872 logging_writer.py:48] [9700] global_step=9700, grad_norm=2.643648624420166, loss=1.8942837715148926
I0315 22:25:34.080892 139521603815168 logging_writer.py:48] [9800] global_step=9800, grad_norm=2.8846418857574463, loss=1.936081886291504
I0315 22:27:30.561494 139521612207872 logging_writer.py:48] [9900] global_step=9900, grad_norm=3.3048694133758545, loss=1.8491227626800537
I0315 22:29:22.826197 139521603815168 logging_writer.py:48] [10000] global_step=10000, grad_norm=2.0117363929748535, loss=1.8387162685394287
I0315 22:31:15.780324 139521612207872 logging_writer.py:48] [10100] global_step=10100, grad_norm=3.6256120204925537, loss=1.9079476594924927
I0315 22:33:08.233368 139521603815168 logging_writer.py:48] [10200] global_step=10200, grad_norm=3.3843283653259277, loss=1.8948556184768677
I0315 22:35:06.672975 139521612207872 logging_writer.py:48] [10300] global_step=10300, grad_norm=4.731574058532715, loss=1.8849267959594727
I0315 22:37:00.722938 139521603815168 logging_writer.py:48] [10400] global_step=10400, grad_norm=3.135265588760376, loss=1.889047384262085
I0315 22:38:36.754231 139695971202880 spec.py:298] Evaluating on the training split.
I0315 22:39:15.549989 139695971202880 spec.py:310] Evaluating on the validation split.
I0315 22:39:55.141387 139695971202880 spec.py:326] Evaluating on the test split.
I0315 22:40:15.926050 139695971202880 submission_runner.py:362] Time since start: 12646.79s, 	Step: 10487, 	{'train/ctc_loss': DeviceArray(0.545344, dtype=float32), 'train/wer': 0.1800702341864359, 'validation/ctc_loss': DeviceArray(0.8962344, dtype=float32), 'validation/wer': 0.25514959140946847, 'validation/num_examples': 5348, 'test/ctc_loss': DeviceArray(0.5680764, dtype=float32), 'test/wer': 0.18111835557451303, 'test/num_examples': 2472}
I0315 22:40:15.947434 139521612207872 logging_writer.py:48] [10487] global_step=10487, preemption_count=0, score=12036.813678, test/ctc_loss=0.5680763721466064, test/num_examples=2472, test/wer=0.181118, total_duration=12646.790967, train/ctc_loss=0.5453439950942993, train/wer=0.180070, validation/ctc_loss=0.896234393119812, validation/num_examples=5348, validation/wer=0.255150
I0315 22:40:16.105731 139695971202880 checkpoints.py:356] Saving checkpoint at step: 10487
I0315 22:40:16.771537 139695971202880 checkpoints.py:317] Saved checkpoint at /experiment_runs/timing/librispeech_deepspeech_jax/trial_1/checkpoint_10487
I0315 22:40:16.787286 139695971202880 checkpoint_utils.py:240] Saved checkpoint to /experiment_runs/timing/librispeech_deepspeech_jax/trial_1/checkpoint_10487.
I0315 22:40:32.460309 139521603815168 logging_writer.py:48] [10500] global_step=10500, grad_norm=2.709686756134033, loss=1.890203833580017
I0315 22:42:27.564179 139521528280832 logging_writer.py:48] [10600] global_step=10600, grad_norm=3.0407187938690186, loss=1.9182486534118652
I0315 22:44:22.831621 139521603815168 logging_writer.py:48] [10700] global_step=10700, grad_norm=3.3463690280914307, loss=1.8855088949203491
I0315 22:46:17.801550 139521528280832 logging_writer.py:48] [10800] global_step=10800, grad_norm=3.5382180213928223, loss=1.8699918985366821
I0315 22:48:09.646723 139521603815168 logging_writer.py:48] [10900] global_step=10900, grad_norm=2.679511547088623, loss=1.8666168451309204
I0315 22:50:01.511370 139521528280832 logging_writer.py:48] [11000] global_step=11000, grad_norm=2.7902779579162598, loss=1.808965802192688
I0315 22:51:53.465853 139521603815168 logging_writer.py:48] [11100] global_step=11100, grad_norm=2.2891623973846436, loss=1.932713508605957
I0315 22:53:45.532986 139521528280832 logging_writer.py:48] [11200] global_step=11200, grad_norm=2.700091600418091, loss=1.8552049398422241
I0315 22:55:37.582484 139521603815168 logging_writer.py:48] [11300] global_step=11300, grad_norm=3.815450429916382, loss=1.930388331413269
I0315 22:57:33.467033 139520741807872 logging_writer.py:48] [11400] global_step=11400, grad_norm=3.5446553230285645, loss=1.871638298034668
I0315 22:59:25.503930 139520733415168 logging_writer.py:48] [11500] global_step=11500, grad_norm=2.8671836853027344, loss=1.8559752702713013
I0315 23:01:17.753425 139520741807872 logging_writer.py:48] [11600] global_step=11600, grad_norm=7.085200786590576, loss=1.8886961936950684
I0315 23:03:10.139476 139520733415168 logging_writer.py:48] [11700] global_step=11700, grad_norm=6.005854606628418, loss=1.863923192024231
I0315 23:05:02.528448 139520741807872 logging_writer.py:48] [11800] global_step=11800, grad_norm=4.3072309494018555, loss=1.9021522998809814
I0315 23:06:55.556097 139520733415168 logging_writer.py:48] [11900] global_step=11900, grad_norm=2.603038787841797, loss=1.869531273841858
I0315 23:08:47.745987 139520741807872 logging_writer.py:48] [12000] global_step=12000, grad_norm=4.421676158905029, loss=1.8114616870880127
I0315 23:10:40.228885 139520733415168 logging_writer.py:48] [12100] global_step=12100, grad_norm=2.3602375984191895, loss=1.8745437860488892
I0315 23:12:33.517178 139520741807872 logging_writer.py:48] [12200] global_step=12200, grad_norm=4.244157791137695, loss=1.8482496738433838
I0315 23:14:25.614021 139520733415168 logging_writer.py:48] [12300] global_step=12300, grad_norm=2.1499691009521484, loss=1.8211958408355713
I0315 23:16:21.243959 139521612207872 logging_writer.py:48] [12400] global_step=12400, grad_norm=4.508021831512451, loss=1.8626296520233154
I0315 23:18:13.527105 139521603815168 logging_writer.py:48] [12500] global_step=12500, grad_norm=3.4743361473083496, loss=1.850799322128296
I0315 23:20:05.764338 139521612207872 logging_writer.py:48] [12600] global_step=12600, grad_norm=4.135400772094727, loss=1.8478989601135254
I0315 23:20:16.816920 139695971202880 spec.py:298] Evaluating on the training split.
I0315 23:20:55.876152 139695971202880 spec.py:310] Evaluating on the validation split.
I0315 23:21:35.738775 139695971202880 spec.py:326] Evaluating on the test split.
I0315 23:21:56.766791 139695971202880 submission_runner.py:362] Time since start: 15146.85s, 	Step: 12611, 	{'train/ctc_loss': DeviceArray(0.5447605, dtype=float32), 'train/wer': 0.17707027436503406, 'validation/ctc_loss': DeviceArray(0.8583534, dtype=float32), 'validation/wer': 0.2454630531891287, 'validation/num_examples': 5348, 'test/ctc_loss': DeviceArray(0.54895985, dtype=float32), 'test/wer': 0.17579672171104746, 'test/num_examples': 2472}
I0315 23:21:56.786791 139521612207872 logging_writer.py:48] [12611] global_step=12611, preemption_count=0, score=14432.291597, test/ctc_loss=0.5489598512649536, test/num_examples=2472, test/wer=0.175797, total_duration=15146.853664, train/ctc_loss=0.544760525226593, train/wer=0.177070, validation/ctc_loss=0.8583533763885498, validation/num_examples=5348, validation/wer=0.245463
I0315 23:21:56.949144 139695971202880 checkpoints.py:356] Saving checkpoint at step: 12611
I0315 23:21:57.642986 139695971202880 checkpoints.py:317] Saved checkpoint at /experiment_runs/timing/librispeech_deepspeech_jax/trial_1/checkpoint_12611
I0315 23:21:57.658590 139695971202880 checkpoint_utils.py:240] Saved checkpoint to /experiment_runs/timing/librispeech_deepspeech_jax/trial_1/checkpoint_12611.
I0315 23:23:38.747417 139521603815168 logging_writer.py:48] [12700] global_step=12700, grad_norm=2.7211716175079346, loss=1.854472041130066
I0315 23:25:30.747774 139520900368128 logging_writer.py:48] [12800] global_step=12800, grad_norm=6.075159072875977, loss=1.8766471147537231
I0315 23:27:22.763515 139521603815168 logging_writer.py:48] [12900] global_step=12900, grad_norm=2.978228807449341, loss=1.8985857963562012
I0315 23:29:17.967529 139520900368128 logging_writer.py:48] [13000] global_step=13000, grad_norm=2.290564775466919, loss=1.9098929166793823
I0315 23:31:13.400942 139521603815168 logging_writer.py:48] [13100] global_step=13100, grad_norm=3.4675228595733643, loss=1.8684263229370117
I0315 23:33:10.024012 139520900368128 logging_writer.py:48] [13200] global_step=13200, grad_norm=2.4865458011627197, loss=1.8391923904418945
I0315 23:35:06.541233 139521603815168 logging_writer.py:48] [13300] global_step=13300, grad_norm=3.5982868671417236, loss=1.9299383163452148
I0315 23:37:02.336333 139521612207872 logging_writer.py:48] [13400] global_step=13400, grad_norm=2.252089023590088, loss=1.8513811826705933
I0315 23:38:54.333138 139521603815168 logging_writer.py:48] [13500] global_step=13500, grad_norm=4.184467315673828, loss=1.9287211894989014
I0315 23:40:46.342792 139521612207872 logging_writer.py:48] [13600] global_step=13600, grad_norm=3.451488494873047, loss=1.9051105976104736
I0315 23:42:38.350517 139521603815168 logging_writer.py:48] [13700] global_step=13700, grad_norm=2.656111717224121, loss=1.876556396484375
I0315 23:44:30.275735 139521612207872 logging_writer.py:48] [13800] global_step=13800, grad_norm=2.4982619285583496, loss=1.8283157348632812
I0315 23:46:22.193294 139521603815168 logging_writer.py:48] [13900] global_step=13900, grad_norm=4.174816131591797, loss=1.9064452648162842
I0315 23:48:14.118637 139521612207872 logging_writer.py:48] [14000] global_step=14000, grad_norm=3.4476962089538574, loss=1.877859115600586
I0315 23:50:05.934897 139521603815168 logging_writer.py:48] [14100] global_step=14100, grad_norm=3.141507863998413, loss=1.9705209732055664
I0315 23:51:57.813747 139521612207872 logging_writer.py:48] [14200] global_step=14200, grad_norm=4.339870452880859, loss=1.8130565881729126
I0315 23:53:49.729305 139521603815168 logging_writer.py:48] [14300] global_step=14300, grad_norm=3.584608554840088, loss=1.859351634979248
I0315 23:55:41.971683 139521612207872 logging_writer.py:48] [14400] global_step=14400, grad_norm=3.9077157974243164, loss=1.9001961946487427
I0315 23:57:38.135390 139521612207872 logging_writer.py:48] [14500] global_step=14500, grad_norm=4.388664722442627, loss=1.849679708480835
I0315 23:59:34.653038 139521603815168 logging_writer.py:48] [14600] global_step=14600, grad_norm=3.11922287940979, loss=1.8340991735458374
I0316 00:01:31.519945 139521612207872 logging_writer.py:48] [14700] global_step=14700, grad_norm=2.5407469272613525, loss=1.8531562089920044
I0316 00:01:58.302349 139695971202880 spec.py:298] Evaluating on the training split.
I0316 00:02:37.930408 139695971202880 spec.py:310] Evaluating on the validation split.
I0316 00:03:17.801298 139695971202880 spec.py:326] Evaluating on the test split.
I0316 00:03:38.550536 139695971202880 submission_runner.py:362] Time since start: 17648.34s, 	Step: 14724, 	{'train/ctc_loss': DeviceArray(0.52372175, dtype=float32), 'train/wer': 0.17187267351583604, 'validation/ctc_loss': DeviceArray(0.85709625, dtype=float32), 'validation/wer': 0.24445966675993014, 'validation/num_examples': 5348, 'test/ctc_loss': DeviceArray(0.55053353, dtype=float32), 'test/wer': 0.17384681006641886, 'test/num_examples': 2472}
I0316 00:03:38.570053 139521612207872 logging_writer.py:48] [14724] global_step=14724, preemption_count=0, score=16828.270415, test/ctc_loss=0.5505335330963135, test/num_examples=2472, test/wer=0.173847, total_duration=17648.339059, train/ctc_loss=0.5237217545509338, train/wer=0.171873, validation/ctc_loss=0.857096254825592, validation/num_examples=5348, validation/wer=0.244460
I0316 00:03:38.713347 139695971202880 checkpoints.py:356] Saving checkpoint at step: 14724
I0316 00:03:39.399617 139695971202880 checkpoints.py:317] Saved checkpoint at /experiment_runs/timing/librispeech_deepspeech_jax/trial_1/checkpoint_14724
I0316 00:03:39.415100 139695971202880 checkpoint_utils.py:240] Saved checkpoint to /experiment_runs/timing/librispeech_deepspeech_jax/trial_1/checkpoint_14724.
I0316 00:05:10.449833 139521603815168 logging_writer.py:48] [14800] global_step=14800, grad_norm=4.469841003417969, loss=1.8308849334716797
I0316 00:07:04.498756 139519727466240 logging_writer.py:48] [14900] global_step=14900, grad_norm=5.575368881225586, loss=1.7779335975646973
I0316 00:08:58.555824 139521603815168 logging_writer.py:48] [15000] global_step=15000, grad_norm=3.806159019470215, loss=1.926754117012024
I0316 00:10:50.340272 139519727466240 logging_writer.py:48] [15100] global_step=15100, grad_norm=3.40608549118042, loss=1.8813761472702026
I0316 00:12:42.108567 139521603815168 logging_writer.py:48] [15200] global_step=15200, grad_norm=2.5659313201904297, loss=1.870365023612976
I0316 00:14:34.065625 139519727466240 logging_writer.py:48] [15300] global_step=15300, grad_norm=3.015103340148926, loss=1.9223790168762207
I0316 00:16:25.952703 139521603815168 logging_writer.py:48] [15400] global_step=15400, grad_norm=3.7410340309143066, loss=1.93254816532135
I0316 00:18:21.618656 139521612207872 logging_writer.py:48] [15500] global_step=15500, grad_norm=2.4782941341400146, loss=1.8050236701965332
I0316 00:20:16.210850 139521603815168 logging_writer.py:48] [15600] global_step=15600, grad_norm=2.097686529159546, loss=1.9046812057495117
I0316 00:22:11.913761 139521612207872 logging_writer.py:48] [15700] global_step=15700, grad_norm=2.362431764602661, loss=1.8077023029327393
I0316 00:24:07.866765 139521603815168 logging_writer.py:48] [15800] global_step=15800, grad_norm=4.083868503570557, loss=1.8537771701812744
I0316 00:26:03.598897 139521612207872 logging_writer.py:48] [15900] global_step=15900, grad_norm=2.3253071308135986, loss=1.8397170305252075
I0316 00:27:55.670377 139521603815168 logging_writer.py:48] [16000] global_step=16000, grad_norm=2.9641988277435303, loss=1.980178713798523
I0316 00:29:50.075123 139521612207872 logging_writer.py:48] [16100] global_step=16100, grad_norm=3.5300300121307373, loss=1.8535943031311035
I0316 00:31:42.371697 139521603815168 logging_writer.py:48] [16200] global_step=16200, grad_norm=4.249606609344482, loss=1.8560329675674438
I0316 00:33:34.695745 139521612207872 logging_writer.py:48] [16300] global_step=16300, grad_norm=3.2980010509490967, loss=1.8667734861373901
I0316 00:35:26.561164 139521603815168 logging_writer.py:48] [16400] global_step=16400, grad_norm=1.8736457824707031, loss=1.8452861309051514
I0316 00:37:22.011398 139521612207872 logging_writer.py:48] [16500] global_step=16500, grad_norm=5.778887748718262, loss=1.8291690349578857
I0316 00:39:14.112705 139521603815168 logging_writer.py:48] [16600] global_step=16600, grad_norm=2.8933095932006836, loss=1.9220647811889648
I0316 00:41:06.313566 139521612207872 logging_writer.py:48] [16700] global_step=16700, grad_norm=5.395950794219971, loss=1.8701097965240479
I0316 00:42:59.251690 139521603815168 logging_writer.py:48] [16800] global_step=16800, grad_norm=3.624929428100586, loss=1.8812958002090454
I0316 00:43:40.452995 139695971202880 spec.py:298] Evaluating on the training split.
I0316 00:44:19.826551 139695971202880 spec.py:310] Evaluating on the validation split.
I0316 00:44:59.905899 139695971202880 spec.py:326] Evaluating on the test split.
I0316 00:45:20.056433 139695971202880 submission_runner.py:362] Time since start: 20150.49s, 	Step: 16838, 	{'train/ctc_loss': DeviceArray(0.48307234, dtype=float32), 'train/wer': 0.16286954939025974, 'validation/ctc_loss': DeviceArray(0.85676265, dtype=float32), 'validation/wer': 0.24295458711613233, 'validation/num_examples': 5348, 'test/ctc_loss': DeviceArray(0.54435754, dtype=float32), 'test/wer': 0.17238437633294743, 'test/num_examples': 2472}
I0316 00:45:20.077074 139521182127872 logging_writer.py:48] [16838] global_step=16838, preemption_count=0, score=19224.702161, test/ctc_loss=0.5443575382232666, test/num_examples=2472, test/wer=0.172384, total_duration=20150.489717, train/ctc_loss=0.48307234048843384, train/wer=0.162870, validation/ctc_loss=0.8567626476287842, validation/num_examples=5348, validation/wer=0.242955
I0316 00:45:20.223489 139695971202880 checkpoints.py:356] Saving checkpoint at step: 16838
I0316 00:45:20.929244 139695971202880 checkpoints.py:317] Saved checkpoint at /experiment_runs/timing/librispeech_deepspeech_jax/trial_1/checkpoint_16838
I0316 00:45:20.944759 139695971202880 checkpoint_utils.py:240] Saved checkpoint to /experiment_runs/timing/librispeech_deepspeech_jax/trial_1/checkpoint_16838.
I0316 00:46:33.630247 139521173735168 logging_writer.py:48] [16900] global_step=16900, grad_norm=2.464733839035034, loss=1.9149982929229736
I0316 00:48:25.485208 139521073022720 logging_writer.py:48] [17000] global_step=17000, grad_norm=3.176067352294922, loss=1.838696837425232
I0316 00:50:18.188756 139521173735168 logging_writer.py:48] [17100] global_step=17100, grad_norm=3.1484949588775635, loss=1.96700119972229
I0316 00:52:11.057197 139521073022720 logging_writer.py:48] [17200] global_step=17200, grad_norm=3.2479586601257324, loss=1.874242901802063
I0316 00:54:04.649554 139521173735168 logging_writer.py:48] [17300] global_step=17300, grad_norm=4.165848255157471, loss=1.856729507446289
I0316 00:55:58.257042 139521073022720 logging_writer.py:48] [17400] global_step=17400, grad_norm=2.855013847351074, loss=1.832788109779358
I0316 00:57:51.271375 139521173735168 logging_writer.py:48] [17500] global_step=17500, grad_norm=4.400075435638428, loss=1.7982066869735718
I0316 00:59:51.111480 139521182127872 logging_writer.py:48] [17600] global_step=17600, grad_norm=2.712494134902954, loss=1.8158056735992432
I0316 01:01:47.835641 139521173735168 logging_writer.py:48] [17700] global_step=17700, grad_norm=4.540956974029541, loss=1.8915389776229858
I0316 01:03:41.056343 139521182127872 logging_writer.py:48] [17800] global_step=17800, grad_norm=3.8681561946868896, loss=1.8360906839370728
I0316 01:05:34.089971 139521173735168 logging_writer.py:48] [17900] global_step=17900, grad_norm=4.549785614013672, loss=1.8509727716445923
I0316 01:07:30.279175 139521182127872 logging_writer.py:48] [18000] global_step=18000, grad_norm=3.728950023651123, loss=1.8439667224884033
I0316 01:09:23.948698 139521173735168 logging_writer.py:48] [18100] global_step=18100, grad_norm=2.9489028453826904, loss=1.9376542568206787
I0316 01:11:19.949047 139521182127872 logging_writer.py:48] [18200] global_step=18200, grad_norm=4.081254005432129, loss=1.8199888467788696
I0316 01:13:15.370613 139521173735168 logging_writer.py:48] [18300] global_step=18300, grad_norm=2.304218292236328, loss=1.8483341932296753
I0316 01:15:08.394882 139521182127872 logging_writer.py:48] [18400] global_step=18400, grad_norm=3.5481319427490234, loss=1.8316502571105957
I0316 01:17:00.765488 139521173735168 logging_writer.py:48] [18500] global_step=18500, grad_norm=4.523320198059082, loss=1.8524419069290161
I0316 01:18:58.255532 139521182127872 logging_writer.py:48] [18600] global_step=18600, grad_norm=3.536485195159912, loss=1.783932089805603
I0316 01:20:52.194451 139521173735168 logging_writer.py:48] [18700] global_step=18700, grad_norm=3.125453472137451, loss=1.8524471521377563
I0316 01:22:44.010524 139521182127872 logging_writer.py:48] [18800] global_step=18800, grad_norm=3.436239719390869, loss=1.8693199157714844
I0316 01:24:36.814626 139521173735168 logging_writer.py:48] [18900] global_step=18900, grad_norm=2.8951871395111084, loss=1.8435999155044556
I0316 01:25:21.321682 139695971202880 spec.py:298] Evaluating on the training split.
I0316 01:26:01.049516 139695971202880 spec.py:310] Evaluating on the validation split.
I0316 01:26:39.994024 139695971202880 spec.py:326] Evaluating on the test split.
I0316 01:27:00.184247 139695971202880 submission_runner.py:362] Time since start: 22651.36s, 	Step: 18941, 	{'train/ctc_loss': DeviceArray(0.45573974, dtype=float32), 'train/wer': 0.14906713341029637, 'validation/ctc_loss': DeviceArray(0.82808894, dtype=float32), 'validation/wer': 0.2351301025576706, 'validation/num_examples': 5348, 'test/ctc_loss': DeviceArray(0.52317816, dtype=float32), 'test/wer': 0.1670830540491134, 'test/num_examples': 2472}
I0316 01:27:00.205508 139521612207872 logging_writer.py:48] [18941] global_step=18941, preemption_count=0, score=21620.542850, test/ctc_loss=0.5231781601905823, test/num_examples=2472, test/wer=0.167083, total_duration=22651.358413, train/ctc_loss=0.45573973655700684, train/wer=0.149067, validation/ctc_loss=0.8280889391899109, validation/num_examples=5348, validation/wer=0.235130
I0316 01:27:00.357016 139695971202880 checkpoints.py:356] Saving checkpoint at step: 18941
I0316 01:27:01.056586 139695971202880 checkpoints.py:317] Saved checkpoint at /experiment_runs/timing/librispeech_deepspeech_jax/trial_1/checkpoint_18941
I0316 01:27:01.072282 139695971202880 checkpoint_utils.py:240] Saved checkpoint to /experiment_runs/timing/librispeech_deepspeech_jax/trial_1/checkpoint_18941.
I0316 01:28:08.948217 139521603815168 logging_writer.py:48] [19000] global_step=19000, grad_norm=4.45974588394165, loss=1.8471068143844604
I0316 01:30:03.249480 139521494710016 logging_writer.py:48] [19100] global_step=19100, grad_norm=2.485661268234253, loss=1.8576234579086304
I0316 01:31:56.763661 139521603815168 logging_writer.py:48] [19200] global_step=19200, grad_norm=2.3931357860565186, loss=1.8237615823745728
I0316 01:33:49.968282 139521494710016 logging_writer.py:48] [19300] global_step=19300, grad_norm=2.4833321571350098, loss=1.911413550376892
I0316 01:35:42.292583 139521603815168 logging_writer.py:48] [19400] global_step=19400, grad_norm=2.5459251403808594, loss=1.8167343139648438
I0316 01:37:36.566709 139521494710016 logging_writer.py:48] [19500] global_step=19500, grad_norm=3.7374916076660156, loss=1.8031429052352905
I0316 01:39:33.120830 139521612207872 logging_writer.py:48] [19600] global_step=19600, grad_norm=3.782848834991455, loss=1.7935285568237305
I0316 01:41:24.919700 139521603815168 logging_writer.py:48] [19700] global_step=19700, grad_norm=2.347602605819702, loss=1.836677074432373
I0316 01:43:16.830098 139521612207872 logging_writer.py:48] [19800] global_step=19800, grad_norm=2.271834135055542, loss=1.8557621240615845
I0316 01:45:08.792464 139521603815168 logging_writer.py:48] [19900] global_step=19900, grad_norm=2.906264305114746, loss=1.7822535037994385
I0316 01:47:00.569746 139521612207872 logging_writer.py:48] [20000] global_step=20000, grad_norm=2.8237087726593018, loss=1.8003393411636353
I0316 01:48:54.009720 139521603815168 logging_writer.py:48] [20100] global_step=20100, grad_norm=3.411482334136963, loss=1.8311777114868164
I0316 01:50:49.212127 139521612207872 logging_writer.py:48] [20200] global_step=20200, grad_norm=5.91371488571167, loss=1.8550522327423096
I0316 01:52:42.198709 139521603815168 logging_writer.py:48] [20300] global_step=20300, grad_norm=4.141627311706543, loss=1.812604308128357
I0316 01:54:34.926616 139521612207872 logging_writer.py:48] [20400] global_step=20400, grad_norm=7.328909873962402, loss=1.8534129858016968
I0316 01:56:29.829818 139521603815168 logging_writer.py:48] [20500] global_step=20500, grad_norm=2.1531155109405518, loss=1.8669419288635254
I0316 01:58:25.399090 139521612207872 logging_writer.py:48] [20600] global_step=20600, grad_norm=2.0933873653411865, loss=1.805421233177185
I0316 02:00:17.458818 139521603815168 logging_writer.py:48] [20700] global_step=20700, grad_norm=3.5265321731567383, loss=1.838283896446228
I0316 02:02:10.174289 139521612207872 logging_writer.py:48] [20800] global_step=20800, grad_norm=6.603464126586914, loss=1.8701412677764893
I0316 02:04:02.545500 139521603815168 logging_writer.py:48] [20900] global_step=20900, grad_norm=4.410682678222656, loss=1.829957127571106
I0316 02:05:55.397157 139521612207872 logging_writer.py:48] [21000] global_step=21000, grad_norm=3.186396837234497, loss=1.830877423286438
I0316 02:07:01.158895 139695971202880 spec.py:298] Evaluating on the training split.
I0316 02:07:40.672113 139695971202880 spec.py:310] Evaluating on the validation split.
I0316 02:08:20.579218 139695971202880 spec.py:326] Evaluating on the test split.
I0316 02:08:40.933581 139695971202880 submission_runner.py:362] Time since start: 25151.20s, 	Step: 21060, 	{'train/ctc_loss': DeviceArray(0.48157805, dtype=float32), 'train/wer': 0.16443123984404748, 'validation/ctc_loss': DeviceArray(0.82588047, dtype=float32), 'validation/wer': 0.2345608737180291, 'validation/num_examples': 5348, 'test/ctc_loss': DeviceArray(0.5237341, dtype=float32), 'test/wer': 0.16822050250848009, 'test/num_examples': 2472}
I0316 02:08:40.958209 139521612207872 logging_writer.py:48] [21060] global_step=21060, preemption_count=0, score=24016.081519, test/ctc_loss=0.5237340927124023, test/num_examples=2472, test/wer=0.168221, total_duration=25151.195614, train/ctc_loss=0.4815780520439148, train/wer=0.164431, validation/ctc_loss=0.8258804678916931, validation/num_examples=5348, validation/wer=0.234561
I0316 02:08:41.110544 139695971202880 checkpoints.py:356] Saving checkpoint at step: 21060
I0316 02:08:41.869893 139695971202880 checkpoints.py:317] Saved checkpoint at /experiment_runs/timing/librispeech_deepspeech_jax/trial_1/checkpoint_21060
I0316 02:08:41.885743 139695971202880 checkpoint_utils.py:240] Saved checkpoint to /experiment_runs/timing/librispeech_deepspeech_jax/trial_1/checkpoint_21060.
