I0316 10:03:04.969119 139521311975168 logging_writer.py:48] [45000] global_step=45000, grad_norm=3.0547776222229004, loss=1.6450655460357666
I0316 10:04:57.105830 139521320367872 logging_writer.py:48] [45100] global_step=45100, grad_norm=2.2649827003479004, loss=1.6918931007385254
I0316 10:06:49.177443 139521311975168 logging_writer.py:48] [45200] global_step=45200, grad_norm=6.668619155883789, loss=1.6548094749450684
I0316 10:08:41.187504 139521320367872 logging_writer.py:48] [45300] global_step=45300, grad_norm=2.3993659019470215, loss=1.6442058086395264
I0316 10:10:37.134971 139521320367872 logging_writer.py:48] [45400] global_step=45400, grad_norm=4.146655082702637, loss=1.646066665649414
I0316 10:12:30.115139 139521311975168 logging_writer.py:48] [45500] global_step=45500, grad_norm=2.6533801555633545, loss=1.6361439228057861
I0316 10:14:23.987683 139521320367872 logging_writer.py:48] [45600] global_step=45600, grad_norm=2.699474334716797, loss=1.6769261360168457
I0316 10:16:16.127744 139521311975168 logging_writer.py:48] [45700] global_step=45700, grad_norm=2.6092073917388916, loss=1.690787434577942
I0316 10:18:08.919407 139521320367872 logging_writer.py:48] [45800] global_step=45800, grad_norm=2.6579079627990723, loss=1.5206708908081055
I0316 10:20:01.180309 139521311975168 logging_writer.py:48] [45900] global_step=45900, grad_norm=2.040980577468872, loss=1.6172575950622559
I0316 10:21:55.082907 139521320367872 logging_writer.py:48] [46000] global_step=46000, grad_norm=4.939325332641602, loss=1.6323553323745728
I0316 10:23:48.178637 139521311975168 logging_writer.py:48] [46100] global_step=46100, grad_norm=3.2981083393096924, loss=1.6261143684387207
I0316 10:25:40.271228 139521320367872 logging_writer.py:48] [46200] global_step=46200, grad_norm=2.4685258865356445, loss=1.5808829069137573
I0316 10:27:14.262804 139695971202880 spec.py:298] Evaluating on the training split.
I0316 10:27:54.028653 139695971202880 spec.py:310] Evaluating on the validation split.
I0316 10:28:33.833950 139695971202880 spec.py:326] Evaluating on the test split.
I0316 10:28:54.488964 139695971202880 submission_runner.py:362] Time since start: 55164.30s, 	Step: 46284, 	{'train/ctc_loss': DeviceArray(0.39207852, dtype=float32), 'train/wer': 0.12940064623767186, 'validation/ctc_loss': DeviceArray(0.6987011, dtype=float32), 'validation/wer': 0.20069658173257823, 'validation/num_examples': 5348, 'test/ctc_loss': DeviceArray(0.42200115, dtype=float32), 'test/wer': 0.13478764243495217, 'test/num_examples': 2472}
I0316 10:28:54.511094 139521028527872 logging_writer.py:48] [46284] global_step=46284, preemption_count=0, score=52769.788003, test/ctc_loss=0.4220011532306671, test/num_examples=2472, test/wer=0.134788, total_duration=55164.299538, train/ctc_loss=0.3920785188674927, train/wer=0.129401, validation/ctc_loss=0.6987010836601257, validation/num_examples=5348, validation/wer=0.200697
I0316 10:28:54.656737 139695971202880 checkpoints.py:356] Saving checkpoint at step: 46284
I0316 10:28:55.361146 139695971202880 checkpoints.py:317] Saved checkpoint at /experiment_runs/timing/librispeech_deepspeech_jax/trial_1/checkpoint_46284
I0316 10:28:55.376748 139695971202880 checkpoint_utils.py:240] Saved checkpoint to /experiment_runs/timing/librispeech_deepspeech_jax/trial_1/checkpoint_46284.
I0316 10:29:14.910024 139521020135168 logging_writer.py:48] [46300] global_step=46300, grad_norm=2.253225564956665, loss=1.7052229642868042
I0316 10:31:13.076253 139521028527872 logging_writer.py:48] [46400] global_step=46400, grad_norm=4.430185794830322, loss=1.656416893005371
I0316 10:33:07.165691 139521020135168 logging_writer.py:48] [46500] global_step=46500, grad_norm=2.140105962753296, loss=1.6100486516952515
I0316 10:35:02.360643 139521028527872 logging_writer.py:48] [46600] global_step=46600, grad_norm=2.0650882720947266, loss=1.569329023361206
I0316 10:36:55.838163 139521020135168 logging_writer.py:48] [46700] global_step=46700, grad_norm=2.055567979812622, loss=1.6425584554672241
I0316 10:38:51.490380 139521028527872 logging_writer.py:48] [46800] global_step=46800, grad_norm=3.0685129165649414, loss=1.6227096319198608
I0316 10:40:46.957828 139521020135168 logging_writer.py:48] [46900] global_step=46900, grad_norm=4.622615337371826, loss=1.655799150466919
I0316 10:42:41.533041 139521028527872 logging_writer.py:48] [47000] global_step=47000, grad_norm=4.266366958618164, loss=1.701109528541565
I0316 10:44:37.044169 139521020135168 logging_writer.py:48] [47100] global_step=47100, grad_norm=3.758815050125122, loss=1.679570198059082
I0316 10:46:32.490608 139521028527872 logging_writer.py:48] [47200] global_step=47200, grad_norm=6.129894256591797, loss=1.6833045482635498
I0316 10:48:27.789361 139521020135168 logging_writer.py:48] [47300] global_step=47300, grad_norm=1.8059765100479126, loss=1.6364444494247437
I0316 10:50:26.302739 139521028527872 logging_writer.py:48] [47400] global_step=47400, grad_norm=2.6238059997558594, loss=1.58799409866333
I0316 10:52:22.010818 139521020135168 logging_writer.py:48] [47500] global_step=47500, grad_norm=2.6372482776641846, loss=1.6593395471572876
I0316 10:54:18.652987 139521028527872 logging_writer.py:48] [47600] global_step=47600, grad_norm=4.317587852478027, loss=1.6716408729553223
I0316 10:56:15.200700 139521020135168 logging_writer.py:48] [47700] global_step=47700, grad_norm=2.8147311210632324, loss=1.644463300704956
I0316 10:58:11.473939 139521028527872 logging_writer.py:48] [47800] global_step=47800, grad_norm=4.9080424308776855, loss=1.5661084651947021
I0316 11:00:08.774742 139521020135168 logging_writer.py:48] [47900] global_step=47900, grad_norm=3.1981353759765625, loss=1.7082691192626953
I0316 11:02:04.852549 139521028527872 logging_writer.py:48] [48000] global_step=48000, grad_norm=2.7926065921783447, loss=1.637799859046936
I0316 11:03:56.919320 139521020135168 logging_writer.py:48] [48100] global_step=48100, grad_norm=3.178635597229004, loss=1.6687166690826416
I0316 11:05:49.081950 139521028527872 logging_writer.py:48] [48200] global_step=48200, grad_norm=2.5622432231903076, loss=1.6003642082214355
I0316 11:07:41.175622 139521020135168 logging_writer.py:48] [48300] global_step=48300, grad_norm=3.2254111766815186, loss=1.6439831256866455
I0316 11:08:56.013166 139695971202880 spec.py:298] Evaluating on the training split.
I0316 11:09:34.709131 139695971202880 spec.py:310] Evaluating on the validation split.
I0316 11:10:14.811285 139695971202880 spec.py:326] Evaluating on the test split.
I0316 11:10:36.012450 139695971202880 submission_runner.py:362] Time since start: 57666.05s, 	Step: 48368, 	{'train/ctc_loss': DeviceArray(0.5084408, dtype=float32), 'train/wer': 0.16248379555550735, 'validation/ctc_loss': DeviceArray(0.68937474, dtype=float32), 'validation/wer': 0.1984100184275777, 'validation/num_examples': 5348, 'test/ctc_loss': DeviceArray(0.4183758, dtype=float32), 'test/wer': 0.1356407287794772, 'test/num_examples': 2472}
I0316 11:10:36.036598 139521028527872 logging_writer.py:48] [48368] global_step=48368, preemption_count=0, score=55165.873659, test/ctc_loss=0.41837579011917114, test/num_examples=2472, test/wer=0.135641, total_duration=57666.049900, train/ctc_loss=0.5084407925605774, train/wer=0.162484, validation/ctc_loss=0.6893747448921204, validation/num_examples=5348, validation/wer=0.198410
I0316 11:10:36.177438 139695971202880 checkpoints.py:356] Saving checkpoint at step: 48368
I0316 11:10:36.866197 139695971202880 checkpoints.py:317] Saved checkpoint at /experiment_runs/timing/librispeech_deepspeech_jax/trial_1/checkpoint_48368
I0316 11:10:36.881496 139695971202880 checkpoint_utils.py:240] Saved checkpoint to /experiment_runs/timing/librispeech_deepspeech_jax/trial_1/checkpoint_48368.
I0316 11:11:13.791759 139521020135168 logging_writer.py:48] [48400] global_step=48400, grad_norm=1.958146095275879, loss=1.6225709915161133
I0316 11:13:10.574746 139521028527872 logging_writer.py:48] [48500] global_step=48500, grad_norm=2.5880002975463867, loss=1.6152048110961914
I0316 11:15:02.828828 139521020135168 logging_writer.py:48] [48600] global_step=48600, grad_norm=3.204501152038574, loss=1.5776718854904175
I0316 11:16:57.356592 139521028527872 logging_writer.py:48] [48700] global_step=48700, grad_norm=2.388127326965332, loss=1.6164554357528687
I0316 11:18:50.322776 139521020135168 logging_writer.py:48] [48800] global_step=48800, grad_norm=4.173440933227539, loss=1.6733157634735107
I0316 11:20:42.574415 139521028527872 logging_writer.py:48] [48900] global_step=48900, grad_norm=2.3449087142944336, loss=1.6630711555480957
I0316 11:22:34.578644 139521020135168 logging_writer.py:48] [49000] global_step=49000, grad_norm=2.9801857471466064, loss=1.6427559852600098
I0316 11:24:26.622096 139521028527872 logging_writer.py:48] [49100] global_step=49100, grad_norm=2.2459657192230225, loss=1.5942257642745972
I0316 11:26:18.774414 139521020135168 logging_writer.py:48] [49200] global_step=49200, grad_norm=2.474540948867798, loss=1.633323311805725
I0316 11:28:12.626719 139521028527872 logging_writer.py:48] [49300] global_step=49300, grad_norm=2.887392044067383, loss=1.6653082370758057
I0316 11:30:09.072216 139521020135168 logging_writer.py:48] [49400] global_step=49400, grad_norm=3.493117094039917, loss=1.6279656887054443
I0316 11:32:08.630879 139521028527872 logging_writer.py:48] [49500] global_step=49500, grad_norm=1.909412145614624, loss=1.6387386322021484
I0316 11:34:01.802736 139521020135168 logging_writer.py:48] [49600] global_step=49600, grad_norm=4.642892837524414, loss=1.600234031677246
I0316 11:35:54.483846 139521028527872 logging_writer.py:48] [49700] global_step=49700, grad_norm=3.087064504623413, loss=1.5737277269363403
I0316 11:37:46.662024 139521020135168 logging_writer.py:48] [49800] global_step=49800, grad_norm=2.889782190322876, loss=1.6053271293640137
I0316 11:39:38.800463 139521028527872 logging_writer.py:48] [49900] global_step=49900, grad_norm=2.864804267883301, loss=1.6199889183044434
I0316 11:41:35.398404 139521020135168 logging_writer.py:48] [50000] global_step=50000, grad_norm=1.9803173542022705, loss=1.6099011898040771
I0316 11:43:29.457041 139521028527872 logging_writer.py:48] [50100] global_step=50100, grad_norm=2.0868194103240967, loss=1.629631519317627
I0316 11:45:21.511852 139521020135168 logging_writer.py:48] [50200] global_step=50200, grad_norm=2.384594678878784, loss=1.600865125656128
I0316 11:47:13.561477 139521028527872 logging_writer.py:48] [50300] global_step=50300, grad_norm=2.122408866882324, loss=1.6569201946258545
I0316 11:49:05.668501 139521020135168 logging_writer.py:48] [50400] global_step=50400, grad_norm=3.510800361633301, loss=1.6984021663665771
I0316 11:50:37.738719 139695971202880 spec.py:298] Evaluating on the training split.
I0316 11:51:16.709862 139695971202880 spec.py:310] Evaluating on the validation split.
I0316 11:51:56.400322 139695971202880 spec.py:326] Evaluating on the test split.
I0316 11:52:16.818545 139695971202880 submission_runner.py:362] Time since start: 60167.78s, 	Step: 50480, 	{'train/ctc_loss': DeviceArray(0.5224714, dtype=float32), 'train/wer': 0.16567390375103394, 'validation/ctc_loss': DeviceArray(0.6699646, dtype=float32), 'validation/wer': 0.19279491360263967, 'validation/num_examples': 5348, 'test/ctc_loss': DeviceArray(0.40971416, dtype=float32), 'test/wer': 0.13159872443279913, 'test/num_examples': 2472}
I0316 11:52:16.840661 139520373159680 logging_writer.py:48] [50480] global_step=50480, preemption_count=0, score=57562.159517, test/ctc_loss=0.4097141623497009, test/num_examples=2472, test/wer=0.131599, total_duration=60167.775367, train/ctc_loss=0.5224714279174805, train/wer=0.165674, validation/ctc_loss=0.669964611530304, validation/num_examples=5348, validation/wer=0.192795
I0316 11:52:16.983014 139695971202880 checkpoints.py:356] Saving checkpoint at step: 50480
I0316 11:52:17.654704 139695971202880 checkpoints.py:317] Saved checkpoint at /experiment_runs/timing/librispeech_deepspeech_jax/trial_1/checkpoint_50480
I0316 11:52:17.670235 139695971202880 checkpoint_utils.py:240] Saved checkpoint to /experiment_runs/timing/librispeech_deepspeech_jax/trial_1/checkpoint_50480.
I0316 11:52:42.379189 139520364766976 logging_writer.py:48] [50500] global_step=50500, grad_norm=2.678173542022705, loss=1.67898690700531
I0316 11:54:39.411422 139520129771264 logging_writer.py:48] [50600] global_step=50600, grad_norm=2.6056830883026123, loss=1.6354858875274658
I0316 11:56:34.920326 139520364766976 logging_writer.py:48] [50700] global_step=50700, grad_norm=3.1475000381469727, loss=1.643917202949524
I0316 11:58:27.953917 139520129771264 logging_writer.py:48] [50800] global_step=50800, grad_norm=3.2781834602355957, loss=1.6035677194595337
I0316 12:00:19.846115 139520364766976 logging_writer.py:48] [50900] global_step=50900, grad_norm=2.5075321197509766, loss=1.641935110092163
I0316 12:02:11.966864 139520129771264 logging_writer.py:48] [51000] global_step=51000, grad_norm=5.317043304443359, loss=1.6444973945617676
I0316 12:04:07.382024 139520364766976 logging_writer.py:48] [51100] global_step=51100, grad_norm=2.5127718448638916, loss=1.65225350856781
I0316 12:05:59.838171 139520129771264 logging_writer.py:48] [51200] global_step=51200, grad_norm=2.951373815536499, loss=1.573191523551941
I0316 12:07:52.411155 139520364766976 logging_writer.py:48] [51300] global_step=51300, grad_norm=3.500933885574341, loss=1.5623548030853271
I0316 12:09:44.700870 139520129771264 logging_writer.py:48] [51400] global_step=51400, grad_norm=2.756244659423828, loss=1.6205404996871948
I0316 12:11:40.190323 139520373159680 logging_writer.py:48] [51500] global_step=51500, grad_norm=1.8375334739685059, loss=1.6743351221084595
I0316 12:13:32.161751 139520364766976 logging_writer.py:48] [51600] global_step=51600, grad_norm=4.309136867523193, loss=1.6181222200393677
I0316 12:15:24.273816 139520373159680 logging_writer.py:48] [51700] global_step=51700, grad_norm=1.8613274097442627, loss=1.6753098964691162
I0316 12:17:17.389843 139520364766976 logging_writer.py:48] [51800] global_step=51800, grad_norm=2.6662182807922363, loss=1.644429326057434
I0316 12:19:12.614765 139520373159680 logging_writer.py:48] [51900] global_step=51900, grad_norm=2.9574031829833984, loss=1.6534488201141357
I0316 12:21:04.479995 139520364766976 logging_writer.py:48] [52000] global_step=52000, grad_norm=2.9118452072143555, loss=1.606492280960083
I0316 12:22:57.010160 139520373159680 logging_writer.py:48] [52100] global_step=52100, grad_norm=2.703555107116699, loss=1.625679612159729
I0316 12:24:52.250276 139520364766976 logging_writer.py:48] [52200] global_step=52200, grad_norm=2.287599802017212, loss=1.6619888544082642
I0316 12:26:49.482465 139520373159680 logging_writer.py:48] [52300] global_step=52300, grad_norm=3.0353214740753174, loss=1.5968670845031738
I0316 12:28:47.113842 139520364766976 logging_writer.py:48] [52400] global_step=52400, grad_norm=1.907393455505371, loss=1.6259448528289795
I0316 12:30:39.526706 139520373159680 logging_writer.py:48] [52500] global_step=52500, grad_norm=2.8551292419433594, loss=1.566841721534729
I0316 12:32:17.841936 139695971202880 spec.py:298] Evaluating on the training split.
I0316 12:32:55.437247 139695971202880 spec.py:310] Evaluating on the validation split.
I0316 12:33:34.706234 139695971202880 spec.py:326] Evaluating on the test split.
I0316 12:33:54.928941 139695971202880 submission_runner.py:362] Time since start: 62667.88s, 	Step: 52586, 	{'train/ctc_loss': DeviceArray(0.59174687, dtype=float32), 'train/wer': 0.1890951208240958, 'validation/ctc_loss': DeviceArray(0.66507673, dtype=float32), 'validation/wer': 0.19214850119152138, 'validation/num_examples': 5348, 'test/ctc_loss': DeviceArray(0.3961193, dtype=float32), 'test/wer': 0.1268458147990169, 'test/num_examples': 2472}
I0316 12:33:54.951922 139521182127872 logging_writer.py:48] [52586] global_step=52586, preemption_count=0, score=59957.824938, test/ctc_loss=0.39611929655075073, test/num_examples=2472, test/wer=0.126846, total_duration=62667.878462, train/ctc_loss=0.5917468667030334, train/wer=0.189095, validation/ctc_loss=0.665076732635498, validation/num_examples=5348, validation/wer=0.192149
I0316 12:33:55.091086 139695971202880 checkpoints.py:356] Saving checkpoint at step: 52586
I0316 12:33:55.740528 139695971202880 checkpoints.py:317] Saved checkpoint at /experiment_runs/timing/librispeech_deepspeech_jax/trial_1/checkpoint_52586
I0316 12:33:55.755855 139695971202880 checkpoint_utils.py:240] Saved checkpoint to /experiment_runs/timing/librispeech_deepspeech_jax/trial_1/checkpoint_52586.
I0316 12:34:12.573579 139521173735168 logging_writer.py:48] [52600] global_step=52600, grad_norm=2.3988680839538574, loss=1.6476197242736816
I0316 12:36:04.717505 139519684228864 logging_writer.py:48] [52700] global_step=52700, grad_norm=2.2478644847869873, loss=1.5927700996398926
I0316 12:37:58.914748 139521173735168 logging_writer.py:48] [52800] global_step=52800, grad_norm=2.3664119243621826, loss=1.5813225507736206
I0316 12:39:50.703670 139519684228864 logging_writer.py:48] [52900] global_step=52900, grad_norm=2.9816701412200928, loss=1.6306711435317993
I0316 12:41:42.401282 139521173735168 logging_writer.py:48] [53000] global_step=53000, grad_norm=3.1265342235565186, loss=1.5865063667297363
I0316 12:43:34.202422 139519684228864 logging_writer.py:48] [53100] global_step=53100, grad_norm=2.570934534072876, loss=1.678829550743103
I0316 12:45:26.692472 139521173735168 logging_writer.py:48] [53200] global_step=53200, grad_norm=2.268353223800659, loss=1.7010517120361328
I0316 12:47:20.334403 139519684228864 logging_writer.py:48] [53300] global_step=53300, grad_norm=2.6579928398132324, loss=1.5782175064086914
I0316 12:49:17.424346 139521173735168 logging_writer.py:48] [53400] global_step=53400, grad_norm=2.731184482574463, loss=1.6743483543395996
I0316 12:51:14.359041 139519684228864 logging_writer.py:48] [53500] global_step=53500, grad_norm=2.443718671798706, loss=1.6381752490997314
I0316 12:53:14.840303 139521182127872 logging_writer.py:48] [53600] global_step=53600, grad_norm=3.4655675888061523, loss=1.6067899465560913
I0316 12:55:08.879509 139521173735168 logging_writer.py:48] [53700] global_step=53700, grad_norm=2.906886577606201, loss=1.6104319095611572
I0316 12:57:00.828541 139521182127872 logging_writer.py:48] [53800] global_step=53800, grad_norm=1.9227768182754517, loss=1.5980224609375
I0316 12:58:52.970093 139521173735168 logging_writer.py:48] [53900] global_step=53900, grad_norm=2.544365167617798, loss=1.539329171180725
I0316 13:00:46.657963 139521182127872 logging_writer.py:48] [54000] global_step=54000, grad_norm=2.430511474609375, loss=1.598759412765503
I0316 13:02:41.080812 139521173735168 logging_writer.py:48] [54100] global_step=54100, grad_norm=2.7911062240600586, loss=1.6349561214447021
I0316 13:04:33.628291 139521182127872 logging_writer.py:48] [54200] global_step=54200, grad_norm=3.562873363494873, loss=1.5740747451782227
I0316 13:06:29.813378 139521173735168 logging_writer.py:48] [54300] global_step=54300, grad_norm=2.330676555633545, loss=1.623167634010315
I0316 13:08:22.991352 139521182127872 logging_writer.py:48] [54400] global_step=54400, grad_norm=4.0268754959106445, loss=1.5869557857513428
I0316 13:10:18.256951 139521173735168 logging_writer.py:48] [54500] global_step=54500, grad_norm=2.2357795238494873, loss=1.5261493921279907
I0316 13:12:13.704367 139521182127872 logging_writer.py:48] [54600] global_step=54600, grad_norm=4.944948196411133, loss=1.5819902420043945
I0316 13:13:56.503378 139695971202880 spec.py:298] Evaluating on the training split.
I0316 13:14:33.909187 139695971202880 spec.py:310] Evaluating on the validation split.
I0316 13:15:13.450599 139695971202880 spec.py:326] Evaluating on the test split.
I0316 13:15:33.615835 139695971202880 submission_runner.py:362] Time since start: 65166.54s, 	Step: 54693, 	{'train/ctc_loss': DeviceArray(0.5352647, dtype=float32), 'train/wer': 0.16660092199541945, 'validation/ctc_loss': DeviceArray(0.6480917, dtype=float32), 'validation/wer': 0.18710262520622487, 'validation/num_examples': 5348, 'test/ctc_loss': DeviceArray(0.38718212, dtype=float32), 'test/wer': 0.12377876627465317, 'test/num_examples': 2472}
I0316 13:15:33.642382 139521612207872 logging_writer.py:48] [54693] global_step=54693, preemption_count=0, score=62354.072063, test/ctc_loss=0.3871821165084839, test/num_examples=2472, test/wer=0.123779, total_duration=65166.540109, train/ctc_loss=0.5352646708488464, train/wer=0.166601, validation/ctc_loss=0.6480916738510132, validation/num_examples=5348, validation/wer=0.187103
I0316 13:15:33.786191 139695971202880 checkpoints.py:356] Saving checkpoint at step: 54693
I0316 13:15:34.417507 139695971202880 checkpoints.py:317] Saved checkpoint at /experiment_runs/timing/librispeech_deepspeech_jax/trial_1/checkpoint_54693
I0316 13:15:34.432997 139695971202880 checkpoint_utils.py:240] Saved checkpoint to /experiment_runs/timing/librispeech_deepspeech_jax/trial_1/checkpoint_54693.
I0316 13:15:43.447861 139521603815168 logging_writer.py:48] [54700] global_step=54700, grad_norm=3.4653635025024414, loss=1.5777562856674194
I0316 13:17:35.521366 139521352034048 logging_writer.py:48] [54800] global_step=54800, grad_norm=4.257105827331543, loss=1.666148066520691
I0316 13:19:27.553882 139521603815168 logging_writer.py:48] [54900] global_step=54900, grad_norm=6.07472038269043, loss=1.637237310409546
I0316 13:21:20.917091 139521352034048 logging_writer.py:48] [55000] global_step=55000, grad_norm=2.566492795944214, loss=1.5919781923294067
I0316 13:23:13.956313 139521603815168 logging_writer.py:48] [55100] global_step=55100, grad_norm=2.499812126159668, loss=1.623157262802124
I0316 13:25:06.016097 139521352034048 logging_writer.py:48] [55200] global_step=55200, grad_norm=3.406684160232544, loss=1.5889593362808228
I0316 13:26:59.537306 139521603815168 logging_writer.py:48] [55300] global_step=55300, grad_norm=4.044795036315918, loss=1.6143567562103271
I0316 13:28:54.050247 139521352034048 logging_writer.py:48] [55400] global_step=55400, grad_norm=3.0181968212127686, loss=1.6051639318466187
I0316 13:30:46.540863 139521603815168 logging_writer.py:48] [55500] global_step=55500, grad_norm=3.0638608932495117, loss=1.5610551834106445
I0316 13:32:41.844740 139521352034048 logging_writer.py:48] [55600] global_step=55600, grad_norm=2.513139247894287, loss=1.594994068145752
I0316 13:34:39.557955 139521284527872 logging_writer.py:48] [55700] global_step=55700, grad_norm=2.449971914291382, loss=1.6389635801315308
I0316 13:36:35.463420 139521276135168 logging_writer.py:48] [55800] global_step=55800, grad_norm=2.4193997383117676, loss=1.5807334184646606
I0316 13:38:28.442867 139521284527872 logging_writer.py:48] [55900] global_step=55900, grad_norm=3.2003183364868164, loss=1.5944944620132446
I0316 13:40:20.494744 139521276135168 logging_writer.py:48] [56000] global_step=56000, grad_norm=1.8906644582748413, loss=1.6135523319244385
I0316 13:42:12.757854 139521284527872 logging_writer.py:48] [56100] global_step=56100, grad_norm=3.1082091331481934, loss=1.6269900798797607
I0316 13:44:05.377460 139521276135168 logging_writer.py:48] [56200] global_step=56200, grad_norm=1.7171111106872559, loss=1.5342594385147095
I0316 13:46:00.100838 139521284527872 logging_writer.py:48] [56300] global_step=56300, grad_norm=2.1814093589782715, loss=1.6117464303970337
I0316 13:47:52.860181 139521276135168 logging_writer.py:48] [56400] global_step=56400, grad_norm=5.52250337600708, loss=1.581796407699585
I0316 13:49:45.902830 139521284527872 logging_writer.py:48] [56500] global_step=56500, grad_norm=2.457603931427002, loss=1.5840901136398315
I0316 13:51:38.261857 139521276135168 logging_writer.py:48] [56600] global_step=56600, grad_norm=2.467597007751465, loss=1.5430572032928467
I0316 13:53:34.125545 139521612207872 logging_writer.py:48] [56700] global_step=56700, grad_norm=3.006110668182373, loss=1.6011689901351929
I0316 13:55:28.177767 139521603815168 logging_writer.py:48] [56800] global_step=56800, grad_norm=1.9356144666671753, loss=1.579789161682129
I0316 13:55:35.061003 139695971202880 spec.py:298] Evaluating on the training split.
I0316 13:56:14.042681 139695971202880 spec.py:310] Evaluating on the validation split.
I0316 13:56:54.364394 139695971202880 spec.py:326] Evaluating on the test split.
I0316 13:57:14.958926 139695971202880 submission_runner.py:362] Time since start: 67665.10s, 	Step: 56807, 	{'train/ctc_loss': DeviceArray(0.50082695, dtype=float32), 'train/wer': 0.16171378308262724, 'validation/ctc_loss': DeviceArray(0.65364826, dtype=float32), 'validation/wer': 0.18780692529595075, 'validation/num_examples': 5348, 'test/ctc_loss': DeviceArray(0.38501444, dtype=float32), 'test/wer': 0.12481465683586213, 'test/num_examples': 2472}
I0316 13:57:14.985898 139521612207872 logging_writer.py:48] [56807] global_step=56807, preemption_count=0, score=64750.040594, test/ctc_loss=0.38501444458961487, test/num_examples=2472, test/wer=0.124815, total_duration=67665.097726, train/ctc_loss=0.5008269548416138, train/wer=0.161714, validation/ctc_loss=0.6536482572555542, validation/num_examples=5348, validation/wer=0.187807
I0316 13:57:15.128677 139695971202880 checkpoints.py:356] Saving checkpoint at step: 56807
I0316 13:57:15.794133 139695971202880 checkpoints.py:317] Saved checkpoint at /experiment_runs/timing/librispeech_deepspeech_jax/trial_1/checkpoint_56807
I0316 13:57:15.809808 139695971202880 checkpoint_utils.py:240] Saved checkpoint to /experiment_runs/timing/librispeech_deepspeech_jax/trial_1/checkpoint_56807.
I0316 13:59:00.851561 139521603815168 logging_writer.py:48] [56900] global_step=56900, grad_norm=1.5013082027435303, loss=1.5397486686706543
I0316 14:00:54.653319 139519995131648 logging_writer.py:48] [57000] global_step=57000, grad_norm=4.122648239135742, loss=1.5650131702423096
I0316 14:02:49.342491 139521603815168 logging_writer.py:48] [57100] global_step=57100, grad_norm=2.2553272247314453, loss=1.5551789999008179
I0316 14:04:41.153902 139519995131648 logging_writer.py:48] [57200] global_step=57200, grad_norm=2.147754430770874, loss=1.5617363452911377
I0316 14:06:32.998663 139521603815168 logging_writer.py:48] [57300] global_step=57300, grad_norm=2.991326332092285, loss=1.5624922513961792
I0316 14:08:26.999248 139519995131648 logging_writer.py:48] [57400] global_step=57400, grad_norm=3.617450714111328, loss=1.5341757535934448
I0316 14:10:23.358679 139521603815168 logging_writer.py:48] [57500] global_step=57500, grad_norm=2.3746490478515625, loss=1.583845853805542
I0316 14:12:19.119962 139519995131648 logging_writer.py:48] [57600] global_step=57600, grad_norm=3.429065227508545, loss=1.5934704542160034
I0316 14:14:18.529218 139521612207872 logging_writer.py:48] [57700] global_step=57700, grad_norm=2.4946396350860596, loss=1.5453383922576904
I0316 14:16:12.732893 139521603815168 logging_writer.py:48] [57800] global_step=57800, grad_norm=2.2560107707977295, loss=1.5335761308670044
I0316 14:18:04.442507 139521612207872 logging_writer.py:48] [57900] global_step=57900, grad_norm=2.6709213256835938, loss=1.5225225687026978
I0316 14:19:56.475545 139521603815168 logging_writer.py:48] [58000] global_step=58000, grad_norm=2.8839781284332275, loss=1.5295054912567139
I0316 14:21:50.378706 139521612207872 logging_writer.py:48] [58100] global_step=58100, grad_norm=2.7975451946258545, loss=1.5535658597946167
I0316 14:23:43.323566 139521603815168 logging_writer.py:48] [58200] global_step=58200, grad_norm=3.377136707305908, loss=1.5008893013000488
I0316 14:25:40.135828 139521612207872 logging_writer.py:48] [58300] global_step=58300, grad_norm=3.87565279006958, loss=1.5319396257400513
I0316 14:27:33.463443 139521603815168 logging_writer.py:48] [58400] global_step=58400, grad_norm=2.104037284851074, loss=1.4924904108047485
I0316 14:29:25.218385 139521612207872 logging_writer.py:48] [58500] global_step=58500, grad_norm=2.151491641998291, loss=1.5489850044250488
I0316 14:31:17.015635 139521603815168 logging_writer.py:48] [58600] global_step=58600, grad_norm=2.856172800064087, loss=1.5556977987289429
I0316 14:33:09.093956 139521612207872 logging_writer.py:48] [58700] global_step=58700, grad_norm=2.9639127254486084, loss=1.6183196306228638
I0316 14:35:05.640206 139521612207872 logging_writer.py:48] [58800] global_step=58800, grad_norm=2.1926181316375732, loss=1.5466985702514648
I0316 14:36:59.446862 139521603815168 logging_writer.py:48] [58900] global_step=58900, grad_norm=3.516364097595215, loss=1.5286649465560913
I0316 14:37:16.659563 139695971202880 spec.py:298] Evaluating on the training split.
I0316 14:37:55.522057 139695971202880 spec.py:310] Evaluating on the validation split.
I0316 14:38:34.614391 139695971202880 spec.py:326] Evaluating on the test split.
I0316 14:38:54.986754 139695971202880 submission_runner.py:362] Time since start: 70166.70s, 	Step: 58916, 	{'train/ctc_loss': DeviceArray(0.44363508, dtype=float32), 'train/wer': 0.14610816865871298, 'validation/ctc_loss': DeviceArray(0.6260144, dtype=float32), 'validation/wer': 0.18001138457679283, 'validation/num_examples': 5348, 'test/ctc_loss': DeviceArray(0.37110373, dtype=float32), 'test/wer': 0.11863993662787155, 'test/num_examples': 2472}
I0316 14:38:55.007156 139521612207872 logging_writer.py:48] [58916] global_step=58916, preemption_count=0, score=67146.279909, test/ctc_loss=0.3711037337779999, test/num_examples=2472, test/wer=0.118640, total_duration=70166.696290, train/ctc_loss=0.44363507628440857, train/wer=0.146108, validation/ctc_loss=0.6260144114494324, validation/num_examples=5348, validation/wer=0.180011
I0316 14:38:55.423460 139695971202880 checkpoints.py:356] Saving checkpoint at step: 58916
I0316 14:38:56.137192 139695971202880 checkpoints.py:317] Saved checkpoint at /experiment_runs/timing/librispeech_deepspeech_jax/trial_1/checkpoint_58916
I0316 14:38:56.152480 139695971202880 checkpoint_utils.py:240] Saved checkpoint to /experiment_runs/timing/librispeech_deepspeech_jax/trial_1/checkpoint_58916.
I0316 14:40:32.974852 139521603815168 logging_writer.py:48] [59000] global_step=59000, grad_norm=2.547626256942749, loss=1.497666597366333
I0316 14:42:26.717015 139521007568640 logging_writer.py:48] [59100] global_step=59100, grad_norm=2.7499616146087646, loss=1.4915897846221924
I0316 14:44:19.185355 139521603815168 logging_writer.py:48] [59200] global_step=59200, grad_norm=3.110774517059326, loss=1.4925458431243896
I0316 14:46:10.871694 139521007568640 logging_writer.py:48] [59300] global_step=59300, grad_norm=1.8656275272369385, loss=1.4930111169815063
I0316 14:48:02.599884 139521603815168 logging_writer.py:48] [59400] global_step=59400, grad_norm=3.081714630126953, loss=1.5943374633789062
I0316 14:49:54.403333 139521007568640 logging_writer.py:48] [59500] global_step=59500, grad_norm=3.1877551078796387, loss=1.5460485219955444
I0316 14:51:47.887788 139521603815168 logging_writer.py:48] [59600] global_step=59600, grad_norm=2.1766648292541504, loss=1.5264190435409546
I0316 14:53:41.037001 139521007568640 logging_writer.py:48] [59700] global_step=59700, grad_norm=2.395707368850708, loss=1.4819761514663696
I0316 14:55:38.873331 139521612207872 logging_writer.py:48] [59800] global_step=59800, grad_norm=2.3417718410491943, loss=1.5792052745819092
I0316 14:57:36.264033 139521603815168 logging_writer.py:48] [59900] global_step=59900, grad_norm=2.6825737953186035, loss=1.5437424182891846
I0316 14:59:33.676758 139521612207872 logging_writer.py:48] [60000] global_step=60000, grad_norm=4.555166244506836, loss=1.530791163444519
I0316 15:01:26.542619 139521603815168 logging_writer.py:48] [60100] global_step=60100, grad_norm=4.142651081085205, loss=1.6359281539916992
I0316 15:03:18.827081 139521612207872 logging_writer.py:48] [60200] global_step=60200, grad_norm=2.800706148147583, loss=1.5647733211517334
I0316 15:05:10.660168 139521603815168 logging_writer.py:48] [60300] global_step=60300, grad_norm=2.879462242126465, loss=1.5303494930267334
I0316 15:07:02.721467 139521612207872 logging_writer.py:48] [60400] global_step=60400, grad_norm=1.8635295629501343, loss=1.5180174112319946
I0316 15:08:54.605656 139521603815168 logging_writer.py:48] [60500] global_step=60500, grad_norm=2.7438271045684814, loss=1.5628728866577148
I0316 15:10:46.481348 139521612207872 logging_writer.py:48] [60600] global_step=60600, grad_norm=1.7428964376449585, loss=1.5274540185928345
I0316 15:12:38.279693 139521603815168 logging_writer.py:48] [60700] global_step=60700, grad_norm=2.1624038219451904, loss=1.538038730621338
I0316 15:14:33.818334 139521612207872 logging_writer.py:48] [60800] global_step=60800, grad_norm=3.675302505493164, loss=1.4688690900802612
I0316 15:16:26.600207 139521603815168 logging_writer.py:48] [60900] global_step=60900, grad_norm=4.303534507751465, loss=1.5037513971328735
I0316 15:18:22.002613 139521612207872 logging_writer.py:48] [61000] global_step=61000, grad_norm=2.8759915828704834, loss=1.5557752847671509
I0316 15:18:57.030232 139695971202880 spec.py:298] Evaluating on the training split.
I0316 15:19:35.874307 139695971202880 spec.py:310] Evaluating on the validation split.
I0316 15:20:14.698211 139695971202880 spec.py:326] Evaluating on the test split.
I0316 15:20:35.422107 139695971202880 submission_runner.py:362] Time since start: 72667.07s, 	Step: 61031, 	{'train/ctc_loss': DeviceArray(0.48412248, dtype=float32), 'train/wer': 0.15694602095292923, 'validation/ctc_loss': DeviceArray(0.622409, dtype=float32), 'validation/wer': 0.1797701859159278, 'validation/num_examples': 5348, 'test/ctc_loss': DeviceArray(0.36532286, dtype=float32), 'test/wer': 0.11849775557045071, 'test/num_examples': 2472}
I0316 15:20:35.445947 139520598447872 logging_writer.py:48] [61031] global_step=61031, preemption_count=0, score=69542.489112, test/ctc_loss=0.36532285809516907, test/num_examples=2472, test/wer=0.118498, total_duration=72667.066968, train/ctc_loss=0.48412248492240906, train/wer=0.156946, validation/ctc_loss=0.6224089860916138, validation/num_examples=5348, validation/wer=0.179770
I0316 15:20:35.592342 139695971202880 checkpoints.py:356] Saving checkpoint at step: 61031
I0316 15:20:36.244930 139695971202880 checkpoints.py:317] Saved checkpoint at /experiment_runs/timing/librispeech_deepspeech_jax/trial_1/checkpoint_61031
I0316 15:20:36.260437 139695971202880 checkpoint_utils.py:240] Saved checkpoint to /experiment_runs/timing/librispeech_deepspeech_jax/trial_1/checkpoint_61031.
I0316 15:21:54.692423 139520590055168 logging_writer.py:48] [61100] global_step=61100, grad_norm=2.293647289276123, loss=1.5494496822357178
I0316 15:23:50.230268 139520313095936 logging_writer.py:48] [61200] global_step=61200, grad_norm=2.5751476287841797, loss=1.5354950428009033
I0316 15:25:43.784561 139520590055168 logging_writer.py:48] [61300] global_step=61300, grad_norm=2.8692870140075684, loss=1.50931715965271
I0316 15:27:35.610425 139520313095936 logging_writer.py:48] [61400] global_step=61400, grad_norm=2.3201119899749756, loss=1.5330172777175903
I0316 15:29:27.628422 139520590055168 logging_writer.py:48] [61500] global_step=61500, grad_norm=2.4106335639953613, loss=1.507470726966858
I0316 15:31:19.805126 139520313095936 logging_writer.py:48] [61600] global_step=61600, grad_norm=3.468489646911621, loss=1.542707085609436
I0316 15:33:11.895257 139520590055168 logging_writer.py:48] [61700] global_step=61700, grad_norm=2.6443088054656982, loss=1.4715769290924072
I0316 15:35:07.735298 139520270767872 logging_writer.py:48] [61800] global_step=61800, grad_norm=2.7194011211395264, loss=1.4972859621047974
I0316 15:36:59.814959 139520262375168 logging_writer.py:48] [61900] global_step=61900, grad_norm=3.0469579696655273, loss=1.500547170639038
I0316 15:38:51.840494 139520270767872 logging_writer.py:48] [62000] global_step=62000, grad_norm=4.217136859893799, loss=1.509342074394226
I0316 15:40:45.033473 139520262375168 logging_writer.py:48] [62100] global_step=62100, grad_norm=2.416309118270874, loss=1.4789708852767944
I0316 15:42:37.301189 139520270767872 logging_writer.py:48] [62200] global_step=62200, grad_norm=3.397829532623291, loss=1.511318325996399
I0316 15:44:29.794739 139520262375168 logging_writer.py:48] [62300] global_step=62300, grad_norm=2.1000144481658936, loss=1.5256825685501099
I0316 15:46:22.005199 139520270767872 logging_writer.py:48] [62400] global_step=62400, grad_norm=3.49362850189209, loss=1.5443568229675293
I0316 15:48:14.476517 139520262375168 logging_writer.py:48] [62500] global_step=62500, grad_norm=2.0066678524017334, loss=1.4642544984817505
I0316 15:50:06.954248 139520270767872 logging_writer.py:48] [62600] global_step=62600, grad_norm=2.8360838890075684, loss=1.5121257305145264
I0316 15:51:58.958154 139520262375168 logging_writer.py:48] [62700] global_step=62700, grad_norm=2.5306999683380127, loss=1.4499784708023071
I0316 15:53:51.997934 139520270767872 logging_writer.py:48] [62800] global_step=62800, grad_norm=3.7456893920898438, loss=1.4736706018447876
I0316 15:55:48.261566 139520270767872 logging_writer.py:48] [62900] global_step=62900, grad_norm=2.657067060470581, loss=1.5421375036239624
I0316 15:57:40.872638 139520262375168 logging_writer.py:48] [63000] global_step=63000, grad_norm=2.0851378440856934, loss=1.532137393951416
I0316 15:59:33.801516 139520270767872 logging_writer.py:48] [63100] global_step=63100, grad_norm=2.3865561485290527, loss=1.4944088459014893
I0316 16:00:37.409719 139695971202880 spec.py:298] Evaluating on the training split.
I0316 16:01:16.105005 139695971202880 spec.py:310] Evaluating on the validation split.
I0316 16:01:56.307492 139695971202880 spec.py:326] Evaluating on the test split.
I0316 16:02:16.583437 139695971202880 submission_runner.py:362] Time since start: 75167.45s, 	Step: 63157, 	{'train/ctc_loss': DeviceArray(0.43825582, dtype=float32), 'train/wer': 0.14569017350970623, 'validation/ctc_loss': DeviceArray(0.6049114, dtype=float32), 'validation/wer': 0.17438663180542022, 'validation/num_examples': 5348, 'test/ctc_loss': DeviceArray(0.35514513, dtype=float32), 'test/wer': 0.11486198281640363, 'test/num_examples': 2472}
I0316 16:02:16.613541 139521397167872 logging_writer.py:48] [63157] global_step=63157, preemption_count=0, score=71939.121822, test/ctc_loss=0.355145126581192, test/num_examples=2472, test/wer=0.114862, total_duration=75167.446455, train/ctc_loss=0.43825581669807434, train/wer=0.145690, validation/ctc_loss=0.6049113869667053, validation/num_examples=5348, validation/wer=0.174387
I0316 16:02:16.766823 139695971202880 checkpoints.py:356] Saving checkpoint at step: 63157
I0316 16:02:17.534498 139695971202880 checkpoints.py:317] Saved checkpoint at /experiment_runs/timing/librispeech_deepspeech_jax/trial_1/checkpoint_63157
I0316 16:02:17.549230 139695971202880 checkpoint_utils.py:240] Saved checkpoint to /experiment_runs/timing/librispeech_deepspeech_jax/trial_1/checkpoint_63157.
I0316 16:03:08.389316 139521388775168 logging_writer.py:48] [63200] global_step=63200, grad_norm=2.6123058795928955, loss=1.5351070165634155
I0316 16:03:19.460942 139521103423232 logging_writer.py:48] [63211] global_step=63211, preemption_count=0, score=72000.875514
I0316 16:03:19.811145 139695971202880 checkpoints.py:356] Saving checkpoint at step: 63211
I0316 16:03:20.560134 139695971202880 checkpoints.py:317] Saved checkpoint at /experiment_runs/timing/librispeech_deepspeech_jax/trial_1/checkpoint_63211
I0316 16:03:20.575268 139695971202880 checkpoint_utils.py:240] Saved checkpoint to /experiment_runs/timing/librispeech_deepspeech_jax/trial_1/checkpoint_63211.
I0316 16:03:22.749123 139695971202880 submission_runner.py:523] Tuning trial 1/1
I0316 16:03:22.749403 139695971202880 submission_runner.py:524] Hyperparameters: Hyperparameters(learning_rate=0.004958460849689891, beta1=0.863744242567442, beta2=0.6291854735396584, warmup_steps=1200, weight_decay=0.1147386261512052)
