python3 submission_runner.py --framework=jax --workload=imagenet_vit --submission_path=reference_algorithms/target_setting_algorithms/jax_nadamw.py --tuning_search_space=reference_algorithms/target_setting_algorithms/imagenet_vit/tuning_search_space.json --data_dir=/data/imagenet/jax --num_tuning_trials=1 --experiment_dir=/experiment_runs --experiment_name=targets_check_jax/nadamw_run_0 --overwrite=true --save_checkpoints=false --max_global_steps=140000 --imagenet_v2_data_dir=/data/imagenet/jax 2>&1 | tee -a /logs/imagenet_vit_jax_09-14-2023-20-54-50.log
2023-09-14 20:54:55.372926: W tensorflow/compiler/tf2tensorrt/utils/py_utils.cc:38] TF-TRT Warning: Could not find TensorRT
/usr/local/lib/python3.8/dist-packages/tensorflow_addons/utils/tfa_eol_msg.py:23: UserWarning: 

TensorFlow Addons (TFA) has ended development and introduction of new features.
TFA has entered a minimal maintenance and release mode until a planned end of life in May 2024.
Please modify downstream libraries to take dependencies from other repositories in our TensorFlow community (e.g. Keras, Keras-CV, and Keras-NLP). 

For more information see: https://github.com/tensorflow/addons/issues/2807 

  warnings.warn(
I0914 20:55:13.766651 140537819772736 logger_utils.py:76] Creating experiment directory at /experiment_runs/targets_check_jax/nadamw_run_0/imagenet_vit_jax.
I0914 20:55:14.777113 140537819772736 xla_bridge.py:455] Unable to initialize backend 'rocm': NOT_FOUND: Could not find registered platform with name: "rocm". Available platform names are: Host Interpreter CUDA
I0914 20:55:14.778661 140537819772736 xla_bridge.py:455] Unable to initialize backend 'tpu': module 'jaxlib.xla_extension' has no attribute 'get_tpu_client'
I0914 20:55:14.778839 140537819772736 xla_bridge.py:455] Unable to initialize backend 'plugin': xla_extension has no attributes named get_plugin_device_client. Compile TensorFlow with //tensorflow/compiler/xla/python:enable_plugin_device set to true (defaults to false) to enable this.
I0914 20:55:14.783745 140537819772736 submission_runner.py:500] Using RNG seed 4188252565
I0914 20:55:20.617099 140537819772736 submission_runner.py:509] --- Tuning run 1/1 ---
I0914 20:55:20.617321 140537819772736 submission_runner.py:514] Creating tuning directory at /experiment_runs/targets_check_jax/nadamw_run_0/imagenet_vit_jax/trial_1.
I0914 20:55:20.617518 140537819772736 logger_utils.py:92] Saving hparams to /experiment_runs/targets_check_jax/nadamw_run_0/imagenet_vit_jax/trial_1/hparams.json.
I0914 20:55:20.800808 140537819772736 submission_runner.py:185] Initializing dataset.
I0914 20:55:20.816766 140537819772736 dataset_info.py:578] Load dataset info from /data/imagenet/jax/imagenet2012/5.1.0
I0914 20:55:20.826972 140537819772736 dataset_info.py:669] Fields info.[splits, supervised_keys] from disk and from code do not match. Keeping the one from code.
I0914 20:55:21.200635 140537819772736 logging_logger.py:49] Constructing tf.data.Dataset imagenet2012 for split train, from /data/imagenet/jax/imagenet2012/5.1.0
I0914 20:55:29.308027 140537819772736 submission_runner.py:192] Initializing model.
I0914 20:55:38.190494 140537819772736 submission_runner.py:226] Initializing optimizer.
I0914 20:55:39.169488 140537819772736 submission_runner.py:233] Initializing metrics bundle.
I0914 20:55:39.169723 140537819772736 submission_runner.py:251] Initializing checkpoint and logger.
I0914 20:55:39.170920 140537819772736 checkpoints.py:915] Found no checkpoint files in /experiment_runs/targets_check_jax/nadamw_run_0/imagenet_vit_jax/trial_1 with prefix checkpoint_
I0914 20:55:40.116455 140537819772736 submission_runner.py:272] Saving meta data to /experiment_runs/targets_check_jax/nadamw_run_0/imagenet_vit_jax/trial_1/meta_data_0.json.
I0914 20:55:40.118326 140537819772736 submission_runner.py:275] Saving flags to /experiment_runs/targets_check_jax/nadamw_run_0/imagenet_vit_jax/trial_1/flags_0.json.
I0914 20:55:40.128131 140537819772736 submission_runner.py:285] Starting training loop.
2023-09-14 20:56:32.692430: E external/xla/xla/service/rendezvous.cc:31] This thread has been waiting for 10 seconds and may be stuck:
2023-09-14 20:56:35.934903: E external/xla/xla/service/rendezvous.cc:36] Thread is unstuck! Warning above was a false-positive. Perhaps the timeout is too short.
I0914 20:56:37.483193 140371778598656 logging_writer.py:48] [0] global_step=0, grad_norm=0.37018051743507385, loss=6.9077558517456055
I0914 20:56:37.499995 140537819772736 spec.py:320] Evaluating on the training split.
I0914 20:56:37.508899 140537819772736 dataset_info.py:578] Load dataset info from /data/imagenet/jax/imagenet2012/5.1.0
I0914 20:56:37.517747 140537819772736 dataset_info.py:669] Fields info.[splits, supervised_keys] from disk and from code do not match. Keeping the one from code.
I0914 20:56:37.601582 140537819772736 logging_logger.py:49] Constructing tf.data.Dataset imagenet2012 for split train, from /data/imagenet/jax/imagenet2012/5.1.0
I0914 20:56:55.434994 140537819772736 spec.py:332] Evaluating on the validation split.
I0914 20:56:55.446864 140537819772736 dataset_info.py:578] Load dataset info from /data/imagenet/jax/imagenet2012/5.1.0
I0914 20:56:55.465895 140537819772736 dataset_info.py:669] Fields info.[splits, supervised_keys] from disk and from code do not match. Keeping the one from code.
I0914 20:56:55.558809 140537819772736 logging_logger.py:49] Constructing tf.data.Dataset imagenet2012 for split validation, from /data/imagenet/jax/imagenet2012/5.1.0
I0914 20:57:12.868711 140537819772736 spec.py:348] Evaluating on the test split.
I0914 20:57:12.876203 140537819772736 dataset_info.py:578] Load dataset info from /data/imagenet/jax/imagenet_v2/matched-frequency/3.0.0
I0914 20:57:12.882171 140537819772736 dataset_builder.py:528] Reusing dataset imagenet_v2 (/data/imagenet/jax/imagenet_v2/matched-frequency/3.0.0)
I0914 20:57:12.928910 140537819772736 logging_logger.py:49] Constructing tf.data.Dataset imagenet_v2 for split test, from /data/imagenet/jax/imagenet_v2/matched-frequency/3.0.0
I0914 20:57:21.694948 140537819772736 submission_runner.py:376] Time since start: 101.57s, 	Step: 1, 	{'train/accuracy': 0.0008398437057621777, 'train/loss': 6.907756328582764, 'validation/accuracy': 0.0009999999310821295, 'validation/loss': 6.9077558517456055, 'validation/num_examples': 50000, 'test/accuracy': 0.0010000000474974513, 'test/loss': 6.907756805419922, 'test/num_examples': 10000, 'score': 57.37175631523132, 'total_duration': 101.56672477722168, 'accumulated_submission_time': 57.37175631523132, 'accumulated_eval_time': 44.19487500190735, 'accumulated_logging_time': 0}
I0914 20:57:21.713818 140329642608384 logging_writer.py:48] [1] accumulated_eval_time=44.194875, accumulated_logging_time=0, accumulated_submission_time=57.371756, global_step=1, preemption_count=0, score=57.371756, test/accuracy=0.001000, test/loss=6.907757, test/num_examples=10000, total_duration=101.566725, train/accuracy=0.000840, train/loss=6.907756, validation/accuracy=0.001000, validation/loss=6.907756, validation/num_examples=50000
I0914 20:57:45.543091 140373426931456 logging_writer.py:48] [1] global_step=1, grad_norm=0.37416398525238037, loss=6.9077558517456055
I0914 20:57:45.937747 140329667786496 logging_writer.py:48] [2] global_step=2, grad_norm=0.35589131712913513, loss=6.907754898071289
I0914 20:57:46.343578 140373426931456 logging_writer.py:48] [3] global_step=3, grad_norm=0.360586553812027, loss=6.907755374908447
I0914 20:57:46.755920 140329667786496 logging_writer.py:48] [4] global_step=4, grad_norm=0.3677017390727997, loss=6.907751560211182
I0914 20:57:47.164924 140373426931456 logging_writer.py:48] [5] global_step=5, grad_norm=0.351176381111145, loss=6.907759189605713
I0914 20:57:47.582762 140329667786496 logging_writer.py:48] [6] global_step=6, grad_norm=0.3725777864456177, loss=6.907745361328125
I0914 20:57:48.001285 140373426931456 logging_writer.py:48] [7] global_step=7, grad_norm=0.35627928376197815, loss=6.907748222351074
I0914 20:57:48.408745 140329667786496 logging_writer.py:48] [8] global_step=8, grad_norm=0.37418943643569946, loss=6.907742977142334
I0914 20:57:48.824178 140373426931456 logging_writer.py:48] [9] global_step=9, grad_norm=0.37308061122894287, loss=6.90775203704834
I0914 20:57:49.238836 140329667786496 logging_writer.py:48] [10] global_step=10, grad_norm=0.36564990878105164, loss=6.907746315002441
I0914 20:57:49.652295 140373426931456 logging_writer.py:48] [11] global_step=11, grad_norm=0.36601537466049194, loss=6.907725811004639
I0914 20:57:50.060973 140329667786496 logging_writer.py:48] [12] global_step=12, grad_norm=0.37284690141677856, loss=6.907749652862549
I0914 20:57:50.466743 140373426931456 logging_writer.py:48] [13] global_step=13, grad_norm=0.3707316815853119, loss=6.90772008895874
I0914 20:57:50.873638 140329667786496 logging_writer.py:48] [14] global_step=14, grad_norm=0.3616054952144623, loss=6.9077067375183105
I0914 20:57:51.285346 140373426931456 logging_writer.py:48] [15] global_step=15, grad_norm=0.35756534337997437, loss=6.9077301025390625
I0914 20:57:51.688664 140329667786496 logging_writer.py:48] [16] global_step=16, grad_norm=0.37719759345054626, loss=6.907739162445068
I0914 20:57:52.092497 140373426931456 logging_writer.py:48] [17] global_step=17, grad_norm=0.36254048347473145, loss=6.907719135284424
I0914 20:57:52.494908 140329667786496 logging_writer.py:48] [18] global_step=18, grad_norm=0.3647606372833252, loss=6.907679557800293
I0914 20:57:52.900665 140373426931456 logging_writer.py:48] [19] global_step=19, grad_norm=0.3734630346298218, loss=6.907719135284424
I0914 20:57:53.307326 140329667786496 logging_writer.py:48] [20] global_step=20, grad_norm=0.36930859088897705, loss=6.907736778259277
I0914 20:57:53.712601 140373426931456 logging_writer.py:48] [21] global_step=21, grad_norm=0.3611188232898712, loss=6.907693386077881
I0914 20:57:54.120992 140329667786496 logging_writer.py:48] [22] global_step=22, grad_norm=0.3678661584854126, loss=6.907751560211182
I0914 20:57:54.527003 140373426931456 logging_writer.py:48] [23] global_step=23, grad_norm=0.3595677614212036, loss=6.907688617706299
I0914 20:57:54.931841 140329667786496 logging_writer.py:48] [24] global_step=24, grad_norm=0.36908042430877686, loss=6.907618999481201
I0914 20:57:55.340294 140373426931456 logging_writer.py:48] [25] global_step=25, grad_norm=0.36171045899391174, loss=6.907779693603516
I0914 20:57:55.750485 140329667786496 logging_writer.py:48] [26] global_step=26, grad_norm=0.38953518867492676, loss=6.907618999481201
I0914 20:57:56.154871 140373426931456 logging_writer.py:48] [27] global_step=27, grad_norm=0.3599890172481537, loss=6.90763521194458
I0914 20:57:56.568717 140329667786496 logging_writer.py:48] [28] global_step=28, grad_norm=0.3609302341938019, loss=6.907732009887695
I0914 20:57:56.979008 140373426931456 logging_writer.py:48] [29] global_step=29, grad_norm=0.3814542889595032, loss=6.907688617706299
I0914 20:57:57.382377 140329667786496 logging_writer.py:48] [30] global_step=30, grad_norm=0.3588097095489502, loss=6.907664775848389
I0914 20:57:57.789765 140373426931456 logging_writer.py:48] [31] global_step=31, grad_norm=0.3747994303703308, loss=6.90767240524292
I0914 20:57:58.202730 140329667786496 logging_writer.py:48] [32] global_step=32, grad_norm=0.3673507869243622, loss=6.907611846923828
I0914 20:57:58.608806 140373426931456 logging_writer.py:48] [33] global_step=33, grad_norm=0.3790607154369354, loss=6.907644271850586
I0914 20:57:59.015728 140329667786496 logging_writer.py:48] [34] global_step=34, grad_norm=0.3767223060131073, loss=6.907708644866943
I0914 20:57:59.430943 140373426931456 logging_writer.py:48] [35] global_step=35, grad_norm=0.3653969168663025, loss=6.907661437988281
I0914 20:57:59.834679 140329667786496 logging_writer.py:48] [36] global_step=36, grad_norm=0.3971560001373291, loss=6.907645225524902
I0914 20:58:00.245988 140373426931456 logging_writer.py:48] [37] global_step=37, grad_norm=0.3666112422943115, loss=6.907517433166504
I0914 20:58:00.648355 140329667786496 logging_writer.py:48] [38] global_step=38, grad_norm=0.3686845600605011, loss=6.907514572143555
I0914 20:58:01.055689 140373426931456 logging_writer.py:48] [39] global_step=39, grad_norm=0.375258207321167, loss=6.907524108886719
I0914 20:58:01.459849 140329667786496 logging_writer.py:48] [40] global_step=40, grad_norm=0.37733927369117737, loss=6.907555103302002
I0914 20:58:01.865166 140373426931456 logging_writer.py:48] [41] global_step=41, grad_norm=0.35760316252708435, loss=6.907575607299805
I0914 20:58:02.273560 140329667786496 logging_writer.py:48] [42] global_step=42, grad_norm=0.36854302883148193, loss=6.907591819763184
I0914 20:58:02.680182 140373426931456 logging_writer.py:48] [43] global_step=43, grad_norm=0.38916176557540894, loss=6.9074788093566895
I0914 20:58:03.077049 140329667786496 logging_writer.py:48] [44] global_step=44, grad_norm=0.3699219822883606, loss=6.907613277435303
I0914 20:58:03.472209 140373426931456 logging_writer.py:48] [45] global_step=45, grad_norm=0.3842349648475647, loss=6.907479286193848
I0914 20:58:03.866473 140329667786496 logging_writer.py:48] [46] global_step=46, grad_norm=0.3869306147098541, loss=6.907354831695557
I0914 20:58:04.273504 140373426931456 logging_writer.py:48] [47] global_step=47, grad_norm=0.3702245354652405, loss=6.90739631652832
I0914 20:58:04.677168 140329667786496 logging_writer.py:48] [48] global_step=48, grad_norm=0.3680913746356964, loss=6.9074907302856445
I0914 20:58:05.078576 140373426931456 logging_writer.py:48] [49] global_step=49, grad_norm=0.37429195642471313, loss=6.907288074493408
I0914 20:58:05.495349 140329667786496 logging_writer.py:48] [50] global_step=50, grad_norm=0.36941635608673096, loss=6.907465934753418
I0914 20:58:05.900487 140373426931456 logging_writer.py:48] [51] global_step=51, grad_norm=0.37374380230903625, loss=6.907118320465088
I0914 20:58:06.310992 140329667786496 logging_writer.py:48] [52] global_step=52, grad_norm=0.3979688286781311, loss=6.907346248626709
I0914 20:58:06.718972 140373426931456 logging_writer.py:48] [53] global_step=53, grad_norm=0.3945316970348358, loss=6.907329082489014
I0914 20:58:07.126504 140329667786496 logging_writer.py:48] [54] global_step=54, grad_norm=0.37025684118270874, loss=6.907254695892334
I0914 20:58:07.538686 140373426931456 logging_writer.py:48] [55] global_step=55, grad_norm=0.37943312525749207, loss=6.907268047332764
I0914 20:58:07.948881 140329667786496 logging_writer.py:48] [56] global_step=56, grad_norm=0.39899343252182007, loss=6.906931400299072
I0914 20:58:08.354879 140373426931456 logging_writer.py:48] [57] global_step=57, grad_norm=0.4073624014854431, loss=6.906952381134033
I0914 20:58:08.759043 140329667786496 logging_writer.py:48] [58] global_step=58, grad_norm=0.4085967540740967, loss=6.906932353973389
I0914 20:58:09.166350 140373426931456 logging_writer.py:48] [59] global_step=59, grad_norm=0.3726072609424591, loss=6.907235622406006
I0914 20:58:09.570737 140329667786496 logging_writer.py:48] [60] global_step=60, grad_norm=0.3689833879470825, loss=6.907186508178711
I0914 20:58:09.984435 140373426931456 logging_writer.py:48] [61] global_step=61, grad_norm=0.4067145884037018, loss=6.906776428222656
I0914 20:58:10.390979 140329667786496 logging_writer.py:48] [62] global_step=62, grad_norm=0.4215232729911804, loss=6.90693473815918
I0914 20:58:10.799895 140373426931456 logging_writer.py:48] [63] global_step=63, grad_norm=0.4089559018611908, loss=6.906834602355957
I0914 20:58:11.215418 140329667786496 logging_writer.py:48] [64] global_step=64, grad_norm=0.41031524538993835, loss=6.9068427085876465
I0914 20:58:11.627985 140373426931456 logging_writer.py:48] [65] global_step=65, grad_norm=0.42247825860977173, loss=6.906582355499268
I0914 20:58:12.046197 140329667786496 logging_writer.py:48] [66] global_step=66, grad_norm=0.4160589277744293, loss=6.90705680847168
I0914 20:58:12.451547 140373426931456 logging_writer.py:48] [67] global_step=67, grad_norm=0.4072355628013611, loss=6.906711578369141
I0914 20:58:12.855552 140329667786496 logging_writer.py:48] [68] global_step=68, grad_norm=0.4145882725715637, loss=6.90651798248291
I0914 20:58:13.259358 140373426931456 logging_writer.py:48] [69] global_step=69, grad_norm=0.4229569733142853, loss=6.9061384201049805
I0914 20:58:13.664538 140329667786496 logging_writer.py:48] [70] global_step=70, grad_norm=0.4302140474319458, loss=6.9061665534973145
I0914 20:58:14.067978 140373426931456 logging_writer.py:48] [71] global_step=71, grad_norm=0.4206928610801697, loss=6.905937194824219
I0914 20:58:14.474572 140329667786496 logging_writer.py:48] [72] global_step=72, grad_norm=0.40838882327079773, loss=6.9064555168151855
I0914 20:58:14.879988 140373426931456 logging_writer.py:48] [73] global_step=73, grad_norm=0.3922770023345947, loss=6.9060845375061035
I0914 20:58:15.286995 140329667786496 logging_writer.py:48] [74] global_step=74, grad_norm=0.4282713532447815, loss=6.905249118804932
I0914 20:58:15.701925 140373426931456 logging_writer.py:48] [75] global_step=75, grad_norm=0.4445672035217285, loss=6.9061737060546875
I0914 20:58:16.109691 140329667786496 logging_writer.py:48] [76] global_step=76, grad_norm=0.37327560782432556, loss=6.90593147277832
I0914 20:58:16.517662 140373426931456 logging_writer.py:48] [77] global_step=77, grad_norm=0.4379768967628479, loss=6.9053635597229
I0914 20:58:16.928726 140329667786496 logging_writer.py:48] [78] global_step=78, grad_norm=0.4359697103500366, loss=6.90529203414917
I0914 20:58:17.336937 140373426931456 logging_writer.py:48] [79] global_step=79, grad_norm=0.4293625056743622, loss=6.905539512634277
I0914 20:58:17.744877 140329667786496 logging_writer.py:48] [80] global_step=80, grad_norm=0.40065672993659973, loss=6.905517101287842
I0914 20:58:18.151032 140373426931456 logging_writer.py:48] [81] global_step=81, grad_norm=0.3841824531555176, loss=6.905965805053711
I0914 20:58:18.567797 140329667786496 logging_writer.py:48] [82] global_step=82, grad_norm=0.42934584617614746, loss=6.904712677001953
I0914 20:58:18.980229 140373426931456 logging_writer.py:48] [83] global_step=83, grad_norm=0.4548342823982239, loss=6.905178070068359
I0914 20:58:19.386271 140329667786496 logging_writer.py:48] [84] global_step=84, grad_norm=0.3888939619064331, loss=6.906034469604492
I0914 20:58:19.796025 140373426931456 logging_writer.py:48] [85] global_step=85, grad_norm=0.4569280743598938, loss=6.904251575469971
I0914 20:58:20.203390 140329667786496 logging_writer.py:48] [86] global_step=86, grad_norm=0.40436825156211853, loss=6.904733657836914
I0914 20:58:20.610756 140373426931456 logging_writer.py:48] [87] global_step=87, grad_norm=0.4384744167327881, loss=6.903841972351074
I0914 20:58:21.016404 140329667786496 logging_writer.py:48] [88] global_step=88, grad_norm=0.39565691351890564, loss=6.90477991104126
I0914 20:58:21.423044 140373426931456 logging_writer.py:48] [89] global_step=89, grad_norm=0.4325372576713562, loss=6.904199123382568
I0914 20:58:21.831486 140329667786496 logging_writer.py:48] [90] global_step=90, grad_norm=0.458570271730423, loss=6.904375076293945
I0914 20:58:22.238223 140373426931456 logging_writer.py:48] [91] global_step=91, grad_norm=0.4215084910392761, loss=6.904046058654785
I0914 20:58:22.644238 140329667786496 logging_writer.py:48] [92] global_step=92, grad_norm=0.4144861698150635, loss=6.904534816741943
I0914 20:58:23.050528 140373426931456 logging_writer.py:48] [93] global_step=93, grad_norm=0.4627363681793213, loss=6.9027838706970215
I0914 20:58:23.458665 140329667786496 logging_writer.py:48] [94] global_step=94, grad_norm=0.39735767245292664, loss=6.904184341430664
I0914 20:58:23.868848 140373426931456 logging_writer.py:48] [95] global_step=95, grad_norm=0.39312636852264404, loss=6.903451919555664
I0914 20:58:24.281528 140329667786496 logging_writer.py:48] [96] global_step=96, grad_norm=0.4574328064918518, loss=6.902686595916748
I0914 20:58:24.688586 140373426931456 logging_writer.py:48] [97] global_step=97, grad_norm=0.4618329405784607, loss=6.901884078979492
I0914 20:58:25.105881 140329667786496 logging_writer.py:48] [98] global_step=98, grad_norm=0.4636545777320862, loss=6.902655124664307
I0914 20:58:25.510214 140373426931456 logging_writer.py:48] [99] global_step=99, grad_norm=0.46933677792549133, loss=6.902693748474121
I0914 20:58:25.919667 140329667786496 logging_writer.py:48] [100] global_step=100, grad_norm=0.4281512498855591, loss=6.902731895446777
I0914 21:01:06.354964 140373426931456 logging_writer.py:48] [500] global_step=500, grad_norm=0.9347795248031616, loss=6.668060302734375
I0914 21:04:21.897020 140537819772736 spec.py:320] Evaluating on the training split.
I0914 21:04:28.616661 140537819772736 spec.py:332] Evaluating on the validation split.
I0914 21:04:35.250289 140537819772736 spec.py:348] Evaluating on the test split.
I0914 21:04:36.912728 140537819772736 submission_runner.py:376] Time since start: 536.78s, 	Step: 989, 	{'train/accuracy': 0.020390624180436134, 'train/loss': 6.191964149475098, 'validation/accuracy': 0.019700000062584877, 'validation/loss': 6.207623481750488, 'validation/num_examples': 50000, 'test/accuracy': 0.015200000256299973, 'test/loss': 6.279244422912598, 'test/num_examples': 10000, 'score': 477.52748227119446, 'total_duration': 536.7845273017883, 'accumulated_submission_time': 477.52748227119446, 'accumulated_eval_time': 59.21056628227234, 'accumulated_logging_time': 0.02813720703125}
I0914 21:04:36.931542 140329751648000 logging_writer.py:48] [989] accumulated_eval_time=59.210566, accumulated_logging_time=0.028137, accumulated_submission_time=477.527482, global_step=989, preemption_count=0, score=477.527482, test/accuracy=0.015200, test/loss=6.279244, test/num_examples=10000, total_duration=536.784527, train/accuracy=0.020391, train/loss=6.191964, validation/accuracy=0.019700, validation/loss=6.207623, validation/num_examples=50000
I0914 21:04:41.784377 140329760040704 logging_writer.py:48] [1000] global_step=1000, grad_norm=1.3832745552062988, loss=6.391275882720947
I0914 21:08:02.782930 140329751648000 logging_writer.py:48] [1500] global_step=1500, grad_norm=1.562885046005249, loss=6.140567302703857
I0914 21:11:23.760644 140329760040704 logging_writer.py:48] [2000] global_step=2000, grad_norm=1.428897738456726, loss=6.464053630828857
I0914 21:11:37.099952 140537819772736 spec.py:320] Evaluating on the training split.
I0914 21:11:43.848434 140537819772736 spec.py:332] Evaluating on the validation split.
I0914 21:11:50.336049 140537819772736 spec.py:348] Evaluating on the test split.
I0914 21:11:51.964004 140537819772736 submission_runner.py:376] Time since start: 971.84s, 	Step: 2035, 	{'train/accuracy': 0.05357421934604645, 'train/loss': 5.526940822601318, 'validation/accuracy': 0.05407999828457832, 'validation/loss': 5.5634541511535645, 'validation/num_examples': 50000, 'test/accuracy': 0.04130000248551369, 'test/loss': 5.731590270996094, 'test/num_examples': 10000, 'score': 897.6663494110107, 'total_duration': 971.835786819458, 'accumulated_submission_time': 897.6663494110107, 'accumulated_eval_time': 74.07457041740417, 'accumulated_logging_time': 0.05707097053527832}
I0914 21:11:51.981657 140329751648000 logging_writer.py:48] [2035] accumulated_eval_time=74.074570, accumulated_logging_time=0.057071, accumulated_submission_time=897.666349, global_step=2035, preemption_count=0, score=897.666349, test/accuracy=0.041300, test/loss=5.731590, test/num_examples=10000, total_duration=971.835787, train/accuracy=0.053574, train/loss=5.526941, validation/accuracy=0.054080, validation/loss=5.563454, validation/num_examples=50000
I0914 21:14:59.358289 140329760040704 logging_writer.py:48] [2500] global_step=2500, grad_norm=1.3985514640808105, loss=5.703134059906006
I0914 21:18:20.391305 140329751648000 logging_writer.py:48] [3000] global_step=3000, grad_norm=0.9731842279434204, loss=6.568794250488281
I0914 21:18:52.251361 140537819772736 spec.py:320] Evaluating on the training split.
I0914 21:18:58.990009 140537819772736 spec.py:332] Evaluating on the validation split.
I0914 21:19:05.549862 140537819772736 spec.py:348] Evaluating on the test split.
I0914 21:19:07.184812 140537819772736 submission_runner.py:376] Time since start: 1407.06s, 	Step: 3081, 	{'train/accuracy': 0.09001953154802322, 'train/loss': 5.122523784637451, 'validation/accuracy': 0.08184000104665756, 'validation/loss': 5.178854942321777, 'validation/num_examples': 50000, 'test/accuracy': 0.06360000371932983, 'test/loss': 5.407402515411377, 'test/num_examples': 10000, 'score': 1317.906329870224, 'total_duration': 1407.0566093921661, 'accumulated_submission_time': 1317.906329870224, 'accumulated_eval_time': 89.00798153877258, 'accumulated_logging_time': 0.08513021469116211}
I0914 21:19:07.201642 140329760040704 logging_writer.py:48] [3081] accumulated_eval_time=89.007982, accumulated_logging_time=0.085130, accumulated_submission_time=1317.906330, global_step=3081, preemption_count=0, score=1317.906330, test/accuracy=0.063600, test/loss=5.407403, test/num_examples=10000, total_duration=1407.056609, train/accuracy=0.090020, train/loss=5.122524, validation/accuracy=0.081840, validation/loss=5.178855, validation/num_examples=50000
I0914 21:21:56.200992 140329751648000 logging_writer.py:48] [3500] global_step=3500, grad_norm=1.2178643941879272, loss=6.069034576416016
I0914 21:25:17.337060 140329760040704 logging_writer.py:48] [4000] global_step=4000, grad_norm=1.3802592754364014, loss=6.400205135345459
I0914 21:26:07.288807 140537819772736 spec.py:320] Evaluating on the training split.
I0914 21:26:14.040152 140537819772736 spec.py:332] Evaluating on the validation split.
I0914 21:26:20.555342 140537819772736 spec.py:348] Evaluating on the test split.
I0914 21:26:22.183831 140537819772736 submission_runner.py:376] Time since start: 1842.06s, 	Step: 4126, 	{'train/accuracy': 0.14912109076976776, 'train/loss': 4.528235912322998, 'validation/accuracy': 0.13565999269485474, 'validation/loss': 4.610907554626465, 'validation/num_examples': 50000, 'test/accuracy': 0.0999000072479248, 'test/loss': 4.929778575897217, 'test/num_examples': 10000, 'score': 1737.9637939929962, 'total_duration': 1842.0556008815765, 'accumulated_submission_time': 1737.9637939929962, 'accumulated_eval_time': 103.9029438495636, 'accumulated_logging_time': 0.11247086524963379}
I0914 21:26:22.202478 140329751648000 logging_writer.py:48] [4126] accumulated_eval_time=103.902944, accumulated_logging_time=0.112471, accumulated_submission_time=1737.963794, global_step=4126, preemption_count=0, score=1737.963794, test/accuracy=0.099900, test/loss=4.929779, test/num_examples=10000, total_duration=1842.055601, train/accuracy=0.149121, train/loss=4.528236, validation/accuracy=0.135660, validation/loss=4.610908, validation/num_examples=50000
I0914 21:28:53.057278 140329760040704 logging_writer.py:48] [4500] global_step=4500, grad_norm=1.396702766418457, loss=6.075138568878174
I0914 21:32:14.318184 140329751648000 logging_writer.py:48] [5000] global_step=5000, grad_norm=1.4768497943878174, loss=5.733062744140625
I0914 21:33:22.378449 140537819772736 spec.py:320] Evaluating on the training split.
I0914 21:33:29.118869 140537819772736 spec.py:332] Evaluating on the validation split.
I0914 21:33:35.704311 140537819772736 spec.py:348] Evaluating on the test split.
I0914 21:33:37.328754 140537819772736 submission_runner.py:376] Time since start: 2277.20s, 	Step: 5171, 	{'train/accuracy': 0.20302733778953552, 'train/loss': 4.115457534790039, 'validation/accuracy': 0.18803998827934265, 'validation/loss': 4.203698635101318, 'validation/num_examples': 50000, 'test/accuracy': 0.14250001311302185, 'test/loss': 4.573462009429932, 'test/num_examples': 10000, 'score': 2158.109827518463, 'total_duration': 2277.2005586624146, 'accumulated_submission_time': 2158.109827518463, 'accumulated_eval_time': 118.85322332382202, 'accumulated_logging_time': 0.1416316032409668}
I0914 21:33:37.346897 140329760040704 logging_writer.py:48] [5171] accumulated_eval_time=118.853223, accumulated_logging_time=0.141632, accumulated_submission_time=2158.109828, global_step=5171, preemption_count=0, score=2158.109828, test/accuracy=0.142500, test/loss=4.573462, test/num_examples=10000, total_duration=2277.200559, train/accuracy=0.203027, train/loss=4.115458, validation/accuracy=0.188040, validation/loss=4.203699, validation/num_examples=50000
I0914 21:35:50.204990 140329751648000 logging_writer.py:48] [5500] global_step=5500, grad_norm=1.2777847051620483, loss=5.744314670562744
I0914 21:39:11.541961 140329760040704 logging_writer.py:48] [6000] global_step=6000, grad_norm=1.530618667602539, loss=5.1175537109375
I0914 21:40:37.373114 140537819772736 spec.py:320] Evaluating on the training split.
I0914 21:40:44.095088 140537819772736 spec.py:332] Evaluating on the validation split.
I0914 21:40:50.583540 140537819772736 spec.py:348] Evaluating on the test split.
I0914 21:40:52.214024 140537819772736 submission_runner.py:376] Time since start: 2712.09s, 	Step: 6215, 	{'train/accuracy': 0.25273436307907104, 'train/loss': 3.718691825866699, 'validation/accuracy': 0.23617999255657196, 'validation/loss': 3.8217458724975586, 'validation/num_examples': 50000, 'test/accuracy': 0.17830000817775726, 'test/loss': 4.274967193603516, 'test/num_examples': 10000, 'score': 2578.1059305667877, 'total_duration': 2712.0858256816864, 'accumulated_submission_time': 2578.1059305667877, 'accumulated_eval_time': 133.6941261291504, 'accumulated_logging_time': 0.17026925086975098}
I0914 21:40:52.232908 140329751648000 logging_writer.py:48] [6215] accumulated_eval_time=133.694126, accumulated_logging_time=0.170269, accumulated_submission_time=2578.105931, global_step=6215, preemption_count=0, score=2578.105931, test/accuracy=0.178300, test/loss=4.274967, test/num_examples=10000, total_duration=2712.085826, train/accuracy=0.252734, train/loss=3.718692, validation/accuracy=0.236180, validation/loss=3.821746, validation/num_examples=50000
I0914 21:42:47.401695 140329760040704 logging_writer.py:48] [6500] global_step=6500, grad_norm=1.4954075813293457, loss=6.080549240112305
I0914 21:46:08.717469 140329751648000 logging_writer.py:48] [7000] global_step=7000, grad_norm=1.1604033708572388, loss=5.02187967300415
I0914 21:47:52.232719 140537819772736 spec.py:320] Evaluating on the training split.
I0914 21:47:58.965403 140537819772736 spec.py:332] Evaluating on the validation split.
I0914 21:48:05.589477 140537819772736 spec.py:348] Evaluating on the test split.
I0914 21:48:07.220954 140537819772736 submission_runner.py:376] Time since start: 3147.09s, 	Step: 7259, 	{'train/accuracy': 0.3032616972923279, 'train/loss': 3.364391803741455, 'validation/accuracy': 0.280460000038147, 'validation/loss': 3.4938876628875732, 'validation/num_examples': 50000, 'test/accuracy': 0.21380001306533813, 'test/loss': 3.9967336654663086, 'test/num_examples': 10000, 'score': 2998.0750863552094, 'total_duration': 3147.092746734619, 'accumulated_submission_time': 2998.0750863552094, 'accumulated_eval_time': 148.68233180046082, 'accumulated_logging_time': 0.19936871528625488}
I0914 21:48:07.238758 140329760040704 logging_writer.py:48] [7259] accumulated_eval_time=148.682332, accumulated_logging_time=0.199369, accumulated_submission_time=2998.075086, global_step=7259, preemption_count=0, score=2998.075086, test/accuracy=0.213800, test/loss=3.996734, test/num_examples=10000, total_duration=3147.092747, train/accuracy=0.303262, train/loss=3.364392, validation/accuracy=0.280460, validation/loss=3.493888, validation/num_examples=50000
I0914 21:49:44.686618 140329751648000 logging_writer.py:48] [7500] global_step=7500, grad_norm=0.9582319855690002, loss=6.03778076171875
I0914 21:53:06.173550 140329760040704 logging_writer.py:48] [8000] global_step=8000, grad_norm=1.6496431827545166, loss=4.1814985275268555
I0914 21:55:07.415637 140537819772736 spec.py:320] Evaluating on the training split.
I0914 21:55:14.209800 140537819772736 spec.py:332] Evaluating on the validation split.
I0914 21:55:20.891710 140537819772736 spec.py:348] Evaluating on the test split.
I0914 21:55:22.553017 140537819772736 submission_runner.py:376] Time since start: 3582.42s, 	Step: 8303, 	{'train/accuracy': 0.35283201932907104, 'train/loss': 3.0697734355926514, 'validation/accuracy': 0.32486000657081604, 'validation/loss': 3.2185685634613037, 'validation/num_examples': 50000, 'test/accuracy': 0.25210002064704895, 'test/loss': 3.7374329566955566, 'test/num_examples': 10000, 'score': 3418.2163786888123, 'total_duration': 3582.4247949123383, 'accumulated_submission_time': 3418.2163786888123, 'accumulated_eval_time': 163.8197102546692, 'accumulated_logging_time': 0.22786331176757812}
I0914 21:55:22.582030 140329751648000 logging_writer.py:48] [8303] accumulated_eval_time=163.819710, accumulated_logging_time=0.227863, accumulated_submission_time=3418.216379, global_step=8303, preemption_count=0, score=3418.216379, test/accuracy=0.252100, test/loss=3.737433, test/num_examples=10000, total_duration=3582.424795, train/accuracy=0.352832, train/loss=3.069773, validation/accuracy=0.324860, validation/loss=3.218569, validation/num_examples=50000
I0914 21:56:42.299247 140329760040704 logging_writer.py:48] [8500] global_step=8500, grad_norm=1.2601443529129028, loss=4.151809215545654
I0914 22:00:03.775949 140329751648000 logging_writer.py:48] [9000] global_step=9000, grad_norm=1.1304413080215454, loss=3.899786949157715
I0914 22:02:22.784542 140537819772736 spec.py:320] Evaluating on the training split.
I0914 22:02:29.605871 140537819772736 spec.py:332] Evaluating on the validation split.
I0914 22:02:36.351151 140537819772736 spec.py:348] Evaluating on the test split.
I0914 22:02:38.007272 140537819772736 submission_runner.py:376] Time since start: 4017.88s, 	Step: 9347, 	{'train/accuracy': 0.4092187285423279, 'train/loss': 2.7512402534484863, 'validation/accuracy': 0.3658599853515625, 'validation/loss': 2.971527099609375, 'validation/num_examples': 50000, 'test/accuracy': 0.28290000557899475, 'test/loss': 3.519920587539673, 'test/num_examples': 10000, 'score': 3838.3837130069733, 'total_duration': 4017.8790225982666, 'accumulated_submission_time': 3838.3837130069733, 'accumulated_eval_time': 179.0423939228058, 'accumulated_logging_time': 0.26703858375549316}
I0914 22:02:38.033391 140329760040704 logging_writer.py:48] [9347] accumulated_eval_time=179.042394, accumulated_logging_time=0.267039, accumulated_submission_time=3838.383713, global_step=9347, preemption_count=0, score=3838.383713, test/accuracy=0.282900, test/loss=3.519921, test/num_examples=10000, total_duration=4017.879023, train/accuracy=0.409219, train/loss=2.751240, validation/accuracy=0.365860, validation/loss=2.971527, validation/num_examples=50000
I0914 22:03:40.094777 140329751648000 logging_writer.py:48] [9500] global_step=9500, grad_norm=0.8288843631744385, loss=5.913199424743652
I0914 22:07:01.728182 140329760040704 logging_writer.py:48] [10000] global_step=10000, grad_norm=0.7714523077011108, loss=5.898974418640137
I0914 22:09:38.101240 140537819772736 spec.py:320] Evaluating on the training split.
I0914 22:09:45.639219 140537819772736 spec.py:332] Evaluating on the validation split.
I0914 22:09:52.471615 140537819772736 spec.py:348] Evaluating on the test split.
I0914 22:09:54.132152 140537819772736 submission_runner.py:376] Time since start: 4454.00s, 	Step: 10390, 	{'train/accuracy': 0.4185742139816284, 'train/loss': 2.68806791305542, 'validation/accuracy': 0.3880999982357025, 'validation/loss': 2.8474984169006348, 'validation/num_examples': 50000, 'test/accuracy': 0.3035000264644623, 'test/loss': 3.393613338470459, 'test/num_examples': 10000, 'score': 4258.402877569199, 'total_duration': 4454.003902435303, 'accumulated_submission_time': 4258.402877569199, 'accumulated_eval_time': 195.0732707977295, 'accumulated_logging_time': 0.31662440299987793}
I0914 22:09:54.161029 140329751648000 logging_writer.py:48] [10390] accumulated_eval_time=195.073271, accumulated_logging_time=0.316624, accumulated_submission_time=4258.402878, global_step=10390, preemption_count=0, score=4258.402878, test/accuracy=0.303500, test/loss=3.393613, test/num_examples=10000, total_duration=4454.003902, train/accuracy=0.418574, train/loss=2.688068, validation/accuracy=0.388100, validation/loss=2.847498, validation/num_examples=50000
I0914 22:10:38.869342 140329760040704 logging_writer.py:48] [10500] global_step=10500, grad_norm=1.1687681674957275, loss=4.47040319442749
I0914 22:14:00.411414 140329751648000 logging_writer.py:48] [11000] global_step=11000, grad_norm=1.488961100578308, loss=3.612621307373047
I0914 22:16:54.423879 140537819772736 spec.py:320] Evaluating on the training split.
I0914 22:17:01.859471 140537819772736 spec.py:332] Evaluating on the validation split.
I0914 22:17:08.594701 140537819772736 spec.py:348] Evaluating on the test split.
I0914 22:17:10.252713 140537819772736 submission_runner.py:376] Time since start: 4890.12s, 	Step: 11434, 	{'train/accuracy': 0.4561132788658142, 'train/loss': 2.4276394844055176, 'validation/accuracy': 0.4253999888896942, 'validation/loss': 2.592682123184204, 'validation/num_examples': 50000, 'test/accuracy': 0.3281000256538391, 'test/loss': 3.218247413635254, 'test/num_examples': 10000, 'score': 4678.625365257263, 'total_duration': 4890.124463558197, 'accumulated_submission_time': 4678.625365257263, 'accumulated_eval_time': 210.90204763412476, 'accumulated_logging_time': 0.3602902889251709}
I0914 22:17:10.279023 140329760040704 logging_writer.py:48] [11434] accumulated_eval_time=210.902048, accumulated_logging_time=0.360290, accumulated_submission_time=4678.625365, global_step=11434, preemption_count=0, score=4678.625365, test/accuracy=0.328100, test/loss=3.218247, test/num_examples=10000, total_duration=4890.124464, train/accuracy=0.456113, train/loss=2.427639, validation/accuracy=0.425400, validation/loss=2.592682, validation/num_examples=50000
I0914 22:17:37.284678 140329751648000 logging_writer.py:48] [11500] global_step=11500, grad_norm=0.943670392036438, loss=4.23422908782959
I0914 22:20:58.642941 140329760040704 logging_writer.py:48] [12000] global_step=12000, grad_norm=1.1869710683822632, loss=3.7099554538726807
I0914 22:24:10.342180 140537819772736 spec.py:320] Evaluating on the training split.
I0914 22:24:19.024940 140537819772736 spec.py:332] Evaluating on the validation split.
I0914 22:24:25.852794 140537819772736 spec.py:348] Evaluating on the test split.
I0914 22:24:27.503254 140537819772736 submission_runner.py:376] Time since start: 5327.38s, 	Step: 12478, 	{'train/accuracy': 0.482421875, 'train/loss': 2.292179822921753, 'validation/accuracy': 0.44689998030662537, 'validation/loss': 2.4758152961730957, 'validation/num_examples': 50000, 'test/accuracy': 0.34450000524520874, 'test/loss': 3.0888631343841553, 'test/num_examples': 10000, 'score': 5098.642262935638, 'total_duration': 5327.375041007996, 'accumulated_submission_time': 5098.642262935638, 'accumulated_eval_time': 228.06313037872314, 'accumulated_logging_time': 0.40737128257751465}
I0914 22:24:27.529926 140329751648000 logging_writer.py:48] [12478] accumulated_eval_time=228.063130, accumulated_logging_time=0.407371, accumulated_submission_time=5098.642263, global_step=12478, preemption_count=0, score=5098.642263, test/accuracy=0.344500, test/loss=3.088863, test/num_examples=10000, total_duration=5327.375041, train/accuracy=0.482422, train/loss=2.292180, validation/accuracy=0.446900, validation/loss=2.475815, validation/num_examples=50000
I0914 22:24:37.130888 140329760040704 logging_writer.py:48] [12500] global_step=12500, grad_norm=1.016274333000183, loss=4.730247974395752
I0914 22:27:58.605479 140329751648000 logging_writer.py:48] [13000] global_step=13000, grad_norm=0.8708993792533875, loss=5.541352272033691
I0914 22:31:19.911559 140329760040704 logging_writer.py:48] [13500] global_step=13500, grad_norm=1.3784065246582031, loss=3.260796070098877
I0914 22:31:27.656487 140537819772736 spec.py:320] Evaluating on the training split.
I0914 22:31:36.440452 140537819772736 spec.py:332] Evaluating on the validation split.
I0914 22:31:43.287771 140537819772736 spec.py:348] Evaluating on the test split.
I0914 22:31:44.947427 140537819772736 submission_runner.py:376] Time since start: 5764.82s, 	Step: 13521, 	{'train/accuracy': 0.5117577910423279, 'train/loss': 2.186204671859741, 'validation/accuracy': 0.46511998772621155, 'validation/loss': 2.4085850715637207, 'validation/num_examples': 50000, 'test/accuracy': 0.3644000291824341, 'test/loss': 3.017554759979248, 'test/num_examples': 10000, 'score': 5518.719899892807, 'total_duration': 5764.819185256958, 'accumulated_submission_time': 5518.719899892807, 'accumulated_eval_time': 245.35401606559753, 'accumulated_logging_time': 0.4583580493927002}
I0914 22:31:44.975388 140329751648000 logging_writer.py:48] [13521] accumulated_eval_time=245.354016, accumulated_logging_time=0.458358, accumulated_submission_time=5518.719900, global_step=13521, preemption_count=0, score=5518.719900, test/accuracy=0.364400, test/loss=3.017555, test/num_examples=10000, total_duration=5764.819185, train/accuracy=0.511758, train/loss=2.186205, validation/accuracy=0.465120, validation/loss=2.408585, validation/num_examples=50000
I0914 22:34:58.254114 140329760040704 logging_writer.py:48] [14000] global_step=14000, grad_norm=1.200969934463501, loss=3.156698703765869
I0914 22:38:19.692037 140329751648000 logging_writer.py:48] [14500] global_step=14500, grad_norm=0.8424541354179382, loss=4.960617542266846
I0914 22:38:45.106596 140537819772736 spec.py:320] Evaluating on the training split.
I0914 22:38:54.628982 140537819772736 spec.py:332] Evaluating on the validation split.
I0914 22:39:01.513000 140537819772736 spec.py:348] Evaluating on the test split.
I0914 22:39:03.176582 140537819772736 submission_runner.py:376] Time since start: 6203.05s, 	Step: 14565, 	{'train/accuracy': 0.5471093654632568, 'train/loss': 2.0091662406921387, 'validation/accuracy': 0.48787999153137207, 'validation/loss': 2.2879867553710938, 'validation/num_examples': 50000, 'test/accuracy': 0.3759000301361084, 'test/loss': 2.91947865486145, 'test/num_examples': 10000, 'score': 5938.798867464066, 'total_duration': 6203.048347949982, 'accumulated_submission_time': 5938.798867464066, 'accumulated_eval_time': 263.4239389896393, 'accumulated_logging_time': 0.5130276679992676}
I0914 22:39:03.205348 140329760040704 logging_writer.py:48] [14565] accumulated_eval_time=263.423939, accumulated_logging_time=0.513028, accumulated_submission_time=5938.798867, global_step=14565, preemption_count=0, score=5938.798867, test/accuracy=0.375900, test/loss=2.919479, test/num_examples=10000, total_duration=6203.048348, train/accuracy=0.547109, train/loss=2.009166, validation/accuracy=0.487880, validation/loss=2.287987, validation/num_examples=50000
I0914 22:41:58.742309 140329751648000 logging_writer.py:48] [15000] global_step=15000, grad_norm=1.177065372467041, loss=3.0998752117156982
I0914 22:45:20.138445 140329760040704 logging_writer.py:48] [15500] global_step=15500, grad_norm=1.0479310750961304, loss=3.8643362522125244
I0914 22:46:03.292015 140537819772736 spec.py:320] Evaluating on the training split.
I0914 22:46:13.781247 140537819772736 spec.py:332] Evaluating on the validation split.
I0914 22:46:21.503326 140537819772736 spec.py:348] Evaluating on the test split.
I0914 22:46:23.164423 140537819772736 submission_runner.py:376] Time since start: 6643.04s, 	Step: 15609, 	{'train/accuracy': 0.5362109541893005, 'train/loss': 2.009122848510742, 'validation/accuracy': 0.5021600127220154, 'validation/loss': 2.1903953552246094, 'validation/num_examples': 50000, 'test/accuracy': 0.3911000192165375, 'test/loss': 2.830354928970337, 'test/num_examples': 10000, 'score': 6358.846475124359, 'total_duration': 6643.036203861237, 'accumulated_submission_time': 6358.846475124359, 'accumulated_eval_time': 283.2963147163391, 'accumulated_logging_time': 0.5552635192871094}
I0914 22:46:23.191532 140329751648000 logging_writer.py:48] [15609] accumulated_eval_time=283.296315, accumulated_logging_time=0.555264, accumulated_submission_time=6358.846475, global_step=15609, preemption_count=0, score=6358.846475, test/accuracy=0.391100, test/loss=2.830355, test/num_examples=10000, total_duration=6643.036204, train/accuracy=0.536211, train/loss=2.009123, validation/accuracy=0.502160, validation/loss=2.190395, validation/num_examples=50000
I0914 22:49:00.983999 140329760040704 logging_writer.py:48] [16000] global_step=16000, grad_norm=1.2822260856628418, loss=3.0187325477600098
I0914 22:52:22.385290 140329751648000 logging_writer.py:48] [16500] global_step=16500, grad_norm=1.0757312774658203, loss=4.850978374481201
I0914 22:53:23.228396 140537819772736 spec.py:320] Evaluating on the training split.
I0914 22:53:33.152338 140537819772736 spec.py:332] Evaluating on the validation split.
I0914 22:53:41.354655 140537819772736 spec.py:348] Evaluating on the test split.
I0914 22:53:43.015657 140537819772736 submission_runner.py:376] Time since start: 7082.89s, 	Step: 16653, 	{'train/accuracy': 0.5543359518051147, 'train/loss': 1.9230766296386719, 'validation/accuracy': 0.511139988899231, 'validation/loss': 2.13252329826355, 'validation/num_examples': 50000, 'test/accuracy': 0.4011000096797943, 'test/loss': 2.7779672145843506, 'test/num_examples': 10000, 'score': 6778.849031209946, 'total_duration': 7082.887460947037, 'accumulated_submission_time': 6778.849031209946, 'accumulated_eval_time': 303.0835556983948, 'accumulated_logging_time': 0.5919358730316162}
I0914 22:53:43.038834 140329760040704 logging_writer.py:48] [16653] accumulated_eval_time=303.083556, accumulated_logging_time=0.591936, accumulated_submission_time=6778.849031, global_step=16653, preemption_count=0, score=6778.849031, test/accuracy=0.401100, test/loss=2.777967, test/num_examples=10000, total_duration=7082.887461, train/accuracy=0.554336, train/loss=1.923077, validation/accuracy=0.511140, validation/loss=2.132523, validation/num_examples=50000
I0914 22:56:02.882628 140329751648000 logging_writer.py:48] [17000] global_step=17000, grad_norm=1.2617003917694092, loss=2.9960644245147705
I0914 22:59:23.913726 140329760040704 logging_writer.py:48] [17500] global_step=17500, grad_norm=1.3935774564743042, loss=3.163680076599121
I0914 23:00:43.227072 140537819772736 spec.py:320] Evaluating on the training split.
I0914 23:00:53.337867 140537819772736 spec.py:332] Evaluating on the validation split.
I0914 23:01:01.393661 140537819772736 spec.py:348] Evaluating on the test split.
I0914 23:01:03.047742 140537819772736 submission_runner.py:376] Time since start: 7522.92s, 	Step: 17699, 	{'train/accuracy': 0.5710155963897705, 'train/loss': 1.8501490354537964, 'validation/accuracy': 0.5288599729537964, 'validation/loss': 2.0592732429504395, 'validation/num_examples': 50000, 'test/accuracy': 0.4115000069141388, 'test/loss': 2.6851940155029297, 'test/num_examples': 10000, 'score': 7199.002073764801, 'total_duration': 7522.919504165649, 'accumulated_submission_time': 7199.002073764801, 'accumulated_eval_time': 322.9041965007782, 'accumulated_logging_time': 0.6252312660217285}
I0914 23:01:03.075514 140329751648000 logging_writer.py:48] [17699] accumulated_eval_time=322.904197, accumulated_logging_time=0.625231, accumulated_submission_time=7199.002074, global_step=17699, preemption_count=0, score=7199.002074, test/accuracy=0.411500, test/loss=2.685194, test/num_examples=10000, total_duration=7522.919504, train/accuracy=0.571016, train/loss=1.850149, validation/accuracy=0.528860, validation/loss=2.059273, validation/num_examples=50000
I0914 23:03:04.456864 140329760040704 logging_writer.py:48] [18000] global_step=18000, grad_norm=1.1333683729171753, loss=3.1430065631866455
I0914 23:06:25.467638 140329751648000 logging_writer.py:48] [18500] global_step=18500, grad_norm=1.0307838916778564, loss=4.17155647277832
I0914 23:08:03.244154 140537819772736 spec.py:320] Evaluating on the training split.
I0914 23:08:14.327896 140537819772736 spec.py:332] Evaluating on the validation split.
I0914 23:08:22.467616 140537819772736 spec.py:348] Evaluating on the test split.
I0914 23:08:24.128901 140537819772736 submission_runner.py:376] Time since start: 7964.00s, 	Step: 18745, 	{'train/accuracy': 0.5863866806030273, 'train/loss': 1.7722173929214478, 'validation/accuracy': 0.5331999659538269, 'validation/loss': 2.0186984539031982, 'validation/num_examples': 50000, 'test/accuracy': 0.41860002279281616, 'test/loss': 2.6791703701019287, 'test/num_examples': 10000, 'score': 7619.130410909653, 'total_duration': 7964.000683784485, 'accumulated_submission_time': 7619.130410909653, 'accumulated_eval_time': 343.78895258903503, 'accumulated_logging_time': 0.6679136753082275}
I0914 23:08:24.160284 140329760040704 logging_writer.py:48] [18745] accumulated_eval_time=343.788953, accumulated_logging_time=0.667914, accumulated_submission_time=7619.130411, global_step=18745, preemption_count=0, score=7619.130411, test/accuracy=0.418600, test/loss=2.679170, test/num_examples=10000, total_duration=7964.000684, train/accuracy=0.586387, train/loss=1.772217, validation/accuracy=0.533200, validation/loss=2.018698, validation/num_examples=50000
I0914 23:10:07.190133 140329751648000 logging_writer.py:48] [19000] global_step=19000, grad_norm=0.9433646202087402, loss=5.447446346282959
I0914 23:13:28.651687 140329760040704 logging_writer.py:48] [19500] global_step=19500, grad_norm=1.4858520030975342, loss=3.127925395965576
I0914 23:15:24.244186 140537819772736 spec.py:320] Evaluating on the training split.
I0914 23:15:34.902354 140537819772736 spec.py:332] Evaluating on the validation split.
I0914 23:15:43.765949 140537819772736 spec.py:348] Evaluating on the test split.
