I0915 10:35:26.992246 140329760040704 logging_writer.py:48] [116000] global_step=116000, grad_norm=2.6876327991485596, loss=2.4479899406433105
I0915 10:38:48.126331 140329751648000 logging_writer.py:48] [116500] global_step=116500, grad_norm=3.1410958766937256, loss=3.550320863723755
I0915 10:42:04.536425 140537819772736 spec.py:320] Evaluating on the training split.
I0915 10:42:14.545447 140537819772736 spec.py:332] Evaluating on the validation split.
I0915 10:42:25.432011 140537819772736 spec.py:348] Evaluating on the test split.
I0915 10:42:27.070780 140537819772736 submission_runner.py:376] Time since start: 49606.94s, 	Step: 116990, 	{'train/accuracy': 0.8674023151397705, 'train/loss': 0.49553409218788147, 'validation/accuracy': 0.7648599743843079, 'validation/loss': 0.9223268628120422, 'validation/num_examples': 50000, 'test/accuracy': 0.6458000540733337, 'test/loss': 1.5338842868804932, 'test/num_examples': 10000, 'score': 47111.366933107376, 'total_duration': 49606.9425778389, 'accumulated_submission_time': 47111.366933107376, 'accumulated_eval_time': 2488.573524236679, 'accumulated_logging_time': 4.226797580718994}
I0915 10:42:27.099866 140329760040704 logging_writer.py:48] [116990] accumulated_eval_time=2488.573524, accumulated_logging_time=4.226798, accumulated_submission_time=47111.366933, global_step=116990, preemption_count=0, score=47111.366933, test/accuracy=0.645800, test/loss=1.533884, test/num_examples=10000, total_duration=49606.942578, train/accuracy=0.867402, train/loss=0.495534, validation/accuracy=0.764860, validation/loss=0.922327, validation/num_examples=50000
I0915 10:42:31.525516 140329751648000 logging_writer.py:48] [117000] global_step=117000, grad_norm=2.621685028076172, loss=1.5223733186721802
I0915 10:45:52.357258 140329760040704 logging_writer.py:48] [117500] global_step=117500, grad_norm=2.656712293624878, loss=1.2903637886047363
I0915 10:49:13.324883 140329751648000 logging_writer.py:48] [118000] global_step=118000, grad_norm=2.550463914871216, loss=1.2730441093444824
I0915 10:49:27.087612 140537819772736 spec.py:320] Evaluating on the training split.
I0915 10:49:37.218562 140537819772736 spec.py:332] Evaluating on the validation split.
I0915 10:49:48.333604 140537819772736 spec.py:348] Evaluating on the test split.
I0915 10:49:49.965109 140537819772736 submission_runner.py:376] Time since start: 50049.84s, 	Step: 118036, 	{'train/accuracy': 0.8635546565055847, 'train/loss': 0.5169057846069336, 'validation/accuracy': 0.7652999758720398, 'validation/loss': 0.9303491711616516, 'validation/num_examples': 50000, 'test/accuracy': 0.6498000025749207, 'test/loss': 1.5330860614776611, 'test/num_examples': 10000, 'score': 47531.31885385513, 'total_duration': 50049.83691740036, 'accumulated_submission_time': 47531.31885385513, 'accumulated_eval_time': 2511.451023578644, 'accumulated_logging_time': 4.266953945159912}
I0915 10:49:49.994971 140329760040704 logging_writer.py:48] [118036] accumulated_eval_time=2511.451024, accumulated_logging_time=4.266954, accumulated_submission_time=47531.318854, global_step=118036, preemption_count=0, score=47531.318854, test/accuracy=0.649800, test/loss=1.533086, test/num_examples=10000, total_duration=50049.836917, train/accuracy=0.863555, train/loss=0.516906, validation/accuracy=0.765300, validation/loss=0.930349, validation/num_examples=50000
I0915 10:52:56.809422 140329751648000 logging_writer.py:48] [118500] global_step=118500, grad_norm=2.8264882564544678, loss=1.3300961256027222
I0915 10:56:17.707822 140329760040704 logging_writer.py:48] [119000] global_step=119000, grad_norm=2.6307590007781982, loss=2.6642379760742188
I0915 10:56:50.331951 140537819772736 spec.py:320] Evaluating on the training split.
I0915 10:57:00.324513 140537819772736 spec.py:332] Evaluating on the validation split.
I0915 10:57:12.161333 140537819772736 spec.py:348] Evaluating on the test split.
I0915 10:57:13.792474 140537819772736 submission_runner.py:376] Time since start: 50493.66s, 	Step: 119083, 	{'train/accuracy': 0.8630468845367432, 'train/loss': 0.5217750668525696, 'validation/accuracy': 0.7639200091362, 'validation/loss': 0.9328798055648804, 'validation/num_examples': 50000, 'test/accuracy': 0.647100031375885, 'test/loss': 1.5337120294570923, 'test/num_examples': 10000, 'score': 47951.62020754814, 'total_duration': 50493.6642639637, 'accumulated_submission_time': 47951.62020754814, 'accumulated_eval_time': 2534.9115228652954, 'accumulated_logging_time': 4.306902647018433}
I0915 10:57:13.820169 140329751648000 logging_writer.py:48] [119083] accumulated_eval_time=2534.911523, accumulated_logging_time=4.306903, accumulated_submission_time=47951.620208, global_step=119083, preemption_count=0, score=47951.620208, test/accuracy=0.647100, test/loss=1.533712, test/num_examples=10000, total_duration=50493.664264, train/accuracy=0.863047, train/loss=0.521775, validation/accuracy=0.763920, validation/loss=0.932880, validation/num_examples=50000
I0915 11:00:01.797015 140329760040704 logging_writer.py:48] [119500] global_step=119500, grad_norm=2.96677827835083, loss=2.3636295795440674
I0915 11:03:22.678306 140329751648000 logging_writer.py:48] [120000] global_step=120000, grad_norm=2.834188461303711, loss=1.2219746112823486
I0915 11:04:13.918497 140537819772736 spec.py:320] Evaluating on the training split.
I0915 11:04:23.857025 140537819772736 spec.py:332] Evaluating on the validation split.
I0915 11:04:35.227250 140537819772736 spec.py:348] Evaluating on the test split.
I0915 11:04:36.861326 140537819772736 submission_runner.py:376] Time since start: 50936.73s, 	Step: 120129, 	{'train/accuracy': 0.8668944835662842, 'train/loss': 0.5051093697547913, 'validation/accuracy': 0.7659399509429932, 'validation/loss': 0.9179466962814331, 'validation/num_examples': 50000, 'test/accuracy': 0.6451000571250916, 'test/loss': 1.5264827013015747, 'test/num_examples': 10000, 'score': 48371.683430194855, 'total_duration': 50936.7331302166, 'accumulated_submission_time': 48371.683430194855, 'accumulated_eval_time': 2557.854325532913, 'accumulated_logging_time': 4.344862461090088}
I0915 11:04:36.889995 140329760040704 logging_writer.py:48] [120129] accumulated_eval_time=2557.854326, accumulated_logging_time=4.344862, accumulated_submission_time=48371.683430, global_step=120129, preemption_count=0, score=48371.683430, test/accuracy=0.645100, test/loss=1.526483, test/num_examples=10000, total_duration=50936.733130, train/accuracy=0.866894, train/loss=0.505109, validation/accuracy=0.765940, validation/loss=0.917947, validation/num_examples=50000
I0915 11:07:06.344743 140329751648000 logging_writer.py:48] [120500] global_step=120500, grad_norm=2.7003185749053955, loss=1.8343061208724976
I0915 11:10:27.185445 140329760040704 logging_writer.py:48] [121000] global_step=121000, grad_norm=2.702545642852783, loss=1.8425025939941406
I0915 11:11:36.905784 140537819772736 spec.py:320] Evaluating on the training split.
I0915 11:11:47.110057 140537819772736 spec.py:332] Evaluating on the validation split.
I0915 11:11:58.396335 140537819772736 spec.py:348] Evaluating on the test split.
I0915 11:12:00.028158 140537819772736 submission_runner.py:376] Time since start: 51379.90s, 	Step: 121175, 	{'train/accuracy': 0.8700780868530273, 'train/loss': 0.4844999313354492, 'validation/accuracy': 0.767300009727478, 'validation/loss': 0.916588306427002, 'validation/num_examples': 50000, 'test/accuracy': 0.6470000147819519, 'test/loss': 1.5228590965270996, 'test/num_examples': 10000, 'score': 48791.66497206688, 'total_duration': 51379.899960279465, 'accumulated_submission_time': 48791.66497206688, 'accumulated_eval_time': 2580.976679801941, 'accumulated_logging_time': 4.383501052856445}
I0915 11:12:00.063066 140329751648000 logging_writer.py:48] [121175] accumulated_eval_time=2580.976680, accumulated_logging_time=4.383501, accumulated_submission_time=48791.664972, global_step=121175, preemption_count=0, score=48791.664972, test/accuracy=0.647000, test/loss=1.522859, test/num_examples=10000, total_duration=51379.899960, train/accuracy=0.870078, train/loss=0.484500, validation/accuracy=0.767300, validation/loss=0.916588, validation/num_examples=50000
I0915 11:14:11.002844 140329760040704 logging_writer.py:48] [121500] global_step=121500, grad_norm=2.6016812324523926, loss=2.296703338623047
I0915 11:17:31.836722 140329751648000 logging_writer.py:48] [122000] global_step=122000, grad_norm=2.778796434402466, loss=1.6853018999099731
I0915 11:19:00.047791 140537819772736 spec.py:320] Evaluating on the training split.
I0915 11:19:10.150862 140537819772736 spec.py:332] Evaluating on the validation split.
I0915 11:19:21.301997 140537819772736 spec.py:348] Evaluating on the test split.
I0915 11:19:22.927707 140537819772736 submission_runner.py:376] Time since start: 51822.80s, 	Step: 122221, 	{'train/accuracy': 0.8710546493530273, 'train/loss': 0.49914517998695374, 'validation/accuracy': 0.7683199644088745, 'validation/loss': 0.9202027320861816, 'validation/num_examples': 50000, 'test/accuracy': 0.6494000554084778, 'test/loss': 1.5301061868667603, 'test/num_examples': 10000, 'score': 49211.61485552788, 'total_duration': 51822.79950904846, 'accumulated_submission_time': 49211.61485552788, 'accumulated_eval_time': 2603.8565814495087, 'accumulated_logging_time': 4.427901983261108}
I0915 11:19:22.957721 140329760040704 logging_writer.py:48] [122221] accumulated_eval_time=2603.856581, accumulated_logging_time=4.427902, accumulated_submission_time=49211.614856, global_step=122221, preemption_count=0, score=49211.614856, test/accuracy=0.649400, test/loss=1.530106, test/num_examples=10000, total_duration=51822.799509, train/accuracy=0.871055, train/loss=0.499145, validation/accuracy=0.768320, validation/loss=0.920203, validation/num_examples=50000
I0915 11:21:15.453106 140329751648000 logging_writer.py:48] [122500] global_step=122500, grad_norm=3.1318604946136475, loss=3.04946231842041
I0915 11:24:36.235717 140329760040704 logging_writer.py:48] [123000] global_step=123000, grad_norm=2.8757147789001465, loss=1.406370759010315
I0915 11:26:23.156702 140537819772736 spec.py:320] Evaluating on the training split.
I0915 11:26:33.347899 140537819772736 spec.py:332] Evaluating on the validation split.
I0915 11:26:44.470197 140537819772736 spec.py:348] Evaluating on the test split.
I0915 11:26:46.097491 140537819772736 submission_runner.py:376] Time since start: 52265.97s, 	Step: 123268, 	{'train/accuracy': 0.8720117211341858, 'train/loss': 0.478810578584671, 'validation/accuracy': 0.768559992313385, 'validation/loss': 0.9037069082260132, 'validation/num_examples': 50000, 'test/accuracy': 0.652400016784668, 'test/loss': 1.5106265544891357, 'test/num_examples': 10000, 'score': 49631.779134750366, 'total_duration': 52265.969289541245, 'accumulated_submission_time': 49631.779134750366, 'accumulated_eval_time': 2626.7973709106445, 'accumulated_logging_time': 4.468078136444092}
I0915 11:26:46.125419 140329751648000 logging_writer.py:48] [123268] accumulated_eval_time=2626.797371, accumulated_logging_time=4.468078, accumulated_submission_time=49631.779135, global_step=123268, preemption_count=0, score=49631.779135, test/accuracy=0.652400, test/loss=1.510627, test/num_examples=10000, total_duration=52265.969290, train/accuracy=0.872012, train/loss=0.478811, validation/accuracy=0.768560, validation/loss=0.903707, validation/num_examples=50000
I0915 11:28:19.909140 140329760040704 logging_writer.py:48] [123500] global_step=123500, grad_norm=3.061055898666382, loss=3.1026129722595215
I0915 11:31:40.774751 140329751648000 logging_writer.py:48] [124000] global_step=124000, grad_norm=2.6196696758270264, loss=1.6550743579864502
I0915 11:33:46.231123 140537819772736 spec.py:320] Evaluating on the training split.
I0915 11:33:56.231268 140537819772736 spec.py:332] Evaluating on the validation split.
I0915 11:34:07.748090 140537819772736 spec.py:348] Evaluating on the test split.
I0915 11:34:09.391152 140537819772736 submission_runner.py:376] Time since start: 52709.26s, 	Step: 124314, 	{'train/accuracy': 0.8717382550239563, 'train/loss': 0.47148576378822327, 'validation/accuracy': 0.7697399854660034, 'validation/loss': 0.9006651043891907, 'validation/num_examples': 50000, 'test/accuracy': 0.6484000086784363, 'test/loss': 1.5056315660476685, 'test/num_examples': 10000, 'score': 50051.849461078644, 'total_duration': 52709.26294159889, 'accumulated_submission_time': 50051.849461078644, 'accumulated_eval_time': 2649.957382440567, 'accumulated_logging_time': 4.506983995437622}
I0915 11:34:09.420550 140329760040704 logging_writer.py:48] [124314] accumulated_eval_time=2649.957382, accumulated_logging_time=4.506984, accumulated_submission_time=50051.849461, global_step=124314, preemption_count=0, score=50051.849461, test/accuracy=0.648400, test/loss=1.505632, test/num_examples=10000, total_duration=52709.262942, train/accuracy=0.871738, train/loss=0.471486, validation/accuracy=0.769740, validation/loss=0.900665, validation/num_examples=50000
I0915 11:35:24.694200 140329751648000 logging_writer.py:48] [124500] global_step=124500, grad_norm=3.059715986251831, loss=1.1846553087234497
I0915 11:38:45.583959 140329760040704 logging_writer.py:48] [125000] global_step=125000, grad_norm=2.7096240520477295, loss=1.2201991081237793
I0915 11:41:09.480556 140537819772736 spec.py:320] Evaluating on the training split.
I0915 11:41:19.699472 140537819772736 spec.py:332] Evaluating on the validation split.
I0915 11:41:31.060572 140537819772736 spec.py:348] Evaluating on the test split.
I0915 11:41:32.693927 140537819772736 submission_runner.py:376] Time since start: 53152.57s, 	Step: 125360, 	{'train/accuracy': 0.8754101395606995, 'train/loss': 0.47015872597694397, 'validation/accuracy': 0.7717199921607971, 'validation/loss': 0.9034016728401184, 'validation/num_examples': 50000, 'test/accuracy': 0.6516000032424927, 'test/loss': 1.510228157043457, 'test/num_examples': 10000, 'score': 50471.87348651886, 'total_duration': 53152.56572031975, 'accumulated_submission_time': 50471.87348651886, 'accumulated_eval_time': 2673.1708047389984, 'accumulated_logging_time': 4.547850131988525}
I0915 11:41:32.725368 140329751648000 logging_writer.py:48] [125360] accumulated_eval_time=2673.170805, accumulated_logging_time=4.547850, accumulated_submission_time=50471.873487, global_step=125360, preemption_count=0, score=50471.873487, test/accuracy=0.651600, test/loss=1.510228, test/num_examples=10000, total_duration=53152.565720, train/accuracy=0.875410, train/loss=0.470159, validation/accuracy=0.771720, validation/loss=0.903402, validation/num_examples=50000
I0915 11:42:29.528379 140329760040704 logging_writer.py:48] [125500] global_step=125500, grad_norm=2.8533310890197754, loss=1.3686574697494507
I0915 11:45:50.384140 140329751648000 logging_writer.py:48] [126000] global_step=126000, grad_norm=3.6651718616485596, loss=3.485704183578491
I0915 11:48:32.759997 140537819772736 spec.py:320] Evaluating on the training split.
I0915 11:48:42.887425 140537819772736 spec.py:332] Evaluating on the validation split.
I0915 11:48:54.359221 140537819772736 spec.py:348] Evaluating on the test split.
I0915 11:48:55.988296 140537819772736 submission_runner.py:376] Time since start: 53595.86s, 	Step: 126406, 	{'train/accuracy': 0.8778710961341858, 'train/loss': 0.46044984459877014, 'validation/accuracy': 0.7697799801826477, 'validation/loss': 0.9043248295783997, 'validation/num_examples': 50000, 'test/accuracy': 0.6458000540733337, 'test/loss': 1.5100255012512207, 'test/num_examples': 10000, 'score': 50891.871772289276, 'total_duration': 53595.86010169983, 'accumulated_submission_time': 50891.871772289276, 'accumulated_eval_time': 2696.3991055488586, 'accumulated_logging_time': 4.590073823928833}
I0915 11:48:56.018600 140329760040704 logging_writer.py:48] [126406] accumulated_eval_time=2696.399106, accumulated_logging_time=4.590074, accumulated_submission_time=50891.871772, global_step=126406, preemption_count=0, score=50891.871772, test/accuracy=0.645800, test/loss=1.510026, test/num_examples=10000, total_duration=53595.860102, train/accuracy=0.877871, train/loss=0.460450, validation/accuracy=0.769780, validation/loss=0.904325, validation/num_examples=50000
I0915 11:49:34.242151 140329751648000 logging_writer.py:48] [126500] global_step=126500, grad_norm=3.2363810539245605, loss=3.337761163711548
I0915 11:52:55.224144 140329760040704 logging_writer.py:48] [127000] global_step=127000, grad_norm=2.941256523132324, loss=1.2875317335128784
I0915 11:55:56.078816 140537819772736 spec.py:320] Evaluating on the training split.
I0915 11:56:06.236762 140537819772736 spec.py:332] Evaluating on the validation split.
I0915 11:56:17.508692 140537819772736 spec.py:348] Evaluating on the test split.
I0915 11:56:19.136832 140537819772736 submission_runner.py:376] Time since start: 54039.01s, 	Step: 127452, 	{'train/accuracy': 0.8773632645606995, 'train/loss': 0.4648609161376953, 'validation/accuracy': 0.7706999778747559, 'validation/loss': 0.902042806148529, 'validation/num_examples': 50000, 'test/accuracy': 0.650700032711029, 'test/loss': 1.5087542533874512, 'test/num_examples': 10000, 'score': 51311.89664435387, 'total_duration': 54039.00860953331, 'accumulated_submission_time': 51311.89664435387, 'accumulated_eval_time': 2719.4571118354797, 'accumulated_logging_time': 4.630898714065552}
I0915 11:56:19.190488 140329751648000 logging_writer.py:48] [127452] accumulated_eval_time=2719.457112, accumulated_logging_time=4.630899, accumulated_submission_time=51311.896644, global_step=127452, preemption_count=0, score=51311.896644, test/accuracy=0.650700, test/loss=1.508754, test/num_examples=10000, total_duration=54039.008610, train/accuracy=0.877363, train/loss=0.464861, validation/accuracy=0.770700, validation/loss=0.902043, validation/num_examples=50000
I0915 11:56:38.907156 140329760040704 logging_writer.py:48] [127500] global_step=127500, grad_norm=2.86072039604187, loss=1.6770985126495361
I0915 11:59:59.912917 140329751648000 logging_writer.py:48] [128000] global_step=128000, grad_norm=2.9118154048919678, loss=1.2449225187301636
I0915 12:03:19.198323 140537819772736 spec.py:320] Evaluating on the training split.
I0915 12:03:29.367293 140537819772736 spec.py:332] Evaluating on the validation split.
I0915 12:03:40.134918 140537819772736 spec.py:348] Evaluating on the test split.
I0915 12:03:41.770119 140537819772736 submission_runner.py:376] Time since start: 54481.64s, 	Step: 128498, 	{'train/accuracy': 0.87806636095047, 'train/loss': 0.453902930021286, 'validation/accuracy': 0.7717799544334412, 'validation/loss': 0.8938944339752197, 'validation/num_examples': 50000, 'test/accuracy': 0.6511000394821167, 'test/loss': 1.5032665729522705, 'test/num_examples': 10000, 'score': 51731.86476254463, 'total_duration': 54481.64192318916, 'accumulated_submission_time': 51731.86476254463, 'accumulated_eval_time': 2742.028912305832, 'accumulated_logging_time': 4.699326515197754}
I0915 12:03:41.805383 140329760040704 logging_writer.py:48] [128498] accumulated_eval_time=2742.028912, accumulated_logging_time=4.699327, accumulated_submission_time=51731.864763, global_step=128498, preemption_count=0, score=51731.864763, test/accuracy=0.651100, test/loss=1.503267, test/num_examples=10000, total_duration=54481.641923, train/accuracy=0.878066, train/loss=0.453903, validation/accuracy=0.771780, validation/loss=0.893894, validation/num_examples=50000
I0915 12:03:43.015950 140329751648000 logging_writer.py:48] [128500] global_step=128500, grad_norm=2.7060546875, loss=1.5282883644104004
I0915 12:07:04.040802 140329760040704 logging_writer.py:48] [129000] global_step=129000, grad_norm=2.9849722385406494, loss=1.2304283380508423
I0915 12:10:24.915803 140329751648000 logging_writer.py:48] [129500] global_step=129500, grad_norm=2.981154680252075, loss=1.3179004192352295
I0915 12:10:41.876213 140537819772736 spec.py:320] Evaluating on the training split.
I0915 12:10:52.091227 140537819772736 spec.py:332] Evaluating on the validation split.
I0915 12:11:03.725913 140537819772736 spec.py:348] Evaluating on the test split.
I0915 12:11:05.355449 140537819772736 submission_runner.py:376] Time since start: 54925.23s, 	Step: 129544, 	{'train/accuracy': 0.8783398270606995, 'train/loss': 0.45605409145355225, 'validation/accuracy': 0.7703799605369568, 'validation/loss': 0.8932573199272156, 'validation/num_examples': 50000, 'test/accuracy': 0.6485000252723694, 'test/loss': 1.503004789352417, 'test/num_examples': 10000, 'score': 52151.900840997696, 'total_duration': 54925.22724056244, 'accumulated_submission_time': 52151.900840997696, 'accumulated_eval_time': 2765.508107662201, 'accumulated_logging_time': 4.7451441287994385}
I0915 12:11:05.384639 140329760040704 logging_writer.py:48] [129544] accumulated_eval_time=2765.508108, accumulated_logging_time=4.745144, accumulated_submission_time=52151.900841, global_step=129544, preemption_count=0, score=52151.900841, test/accuracy=0.648500, test/loss=1.503005, test/num_examples=10000, total_duration=54925.227241, train/accuracy=0.878340, train/loss=0.456054, validation/accuracy=0.770380, validation/loss=0.893257, validation/num_examples=50000
I0915 12:14:09.114151 140329751648000 logging_writer.py:48] [130000] global_step=130000, grad_norm=2.9010491371154785, loss=1.0868048667907715
I0915 12:17:30.006299 140329760040704 logging_writer.py:48] [130500] global_step=130500, grad_norm=2.9173967838287354, loss=1.282782793045044
I0915 12:18:05.473115 140537819772736 spec.py:320] Evaluating on the training split.
I0915 12:18:15.681903 140537819772736 spec.py:332] Evaluating on the validation split.
I0915 12:18:26.759645 140537819772736 spec.py:348] Evaluating on the test split.
I0915 12:18:28.394874 140537819772736 submission_runner.py:376] Time since start: 55368.27s, 	Step: 130590, 	{'train/accuracy': 0.8764843344688416, 'train/loss': 0.46228593587875366, 'validation/accuracy': 0.7726799845695496, 'validation/loss': 0.8918628096580505, 'validation/num_examples': 50000, 'test/accuracy': 0.6512000560760498, 'test/loss': 1.501344084739685, 'test/num_examples': 10000, 'score': 52571.95457935333, 'total_duration': 55368.266671180725, 'accumulated_submission_time': 52571.95457935333, 'accumulated_eval_time': 2788.4298362731934, 'accumulated_logging_time': 4.784155607223511}
I0915 12:18:28.423019 140329751648000 logging_writer.py:48] [130590] accumulated_eval_time=2788.429836, accumulated_logging_time=4.784156, accumulated_submission_time=52571.954579, global_step=130590, preemption_count=0, score=52571.954579, test/accuracy=0.651200, test/loss=1.501344, test/num_examples=10000, total_duration=55368.266671, train/accuracy=0.876484, train/loss=0.462286, validation/accuracy=0.772680, validation/loss=0.891863, validation/num_examples=50000
I0915 12:21:13.966995 140329760040704 logging_writer.py:48] [131000] global_step=131000, grad_norm=3.0270767211914062, loss=1.9314357042312622
I0915 12:24:35.263141 140329751648000 logging_writer.py:48] [131500] global_step=131500, grad_norm=2.8398497104644775, loss=1.3086891174316406
I0915 12:25:28.500751 140537819772736 spec.py:320] Evaluating on the training split.
I0915 12:25:38.808139 140537819772736 spec.py:332] Evaluating on the validation split.
I0915 12:25:50.516710 140537819772736 spec.py:348] Evaluating on the test split.
I0915 12:25:52.149613 140537819772736 submission_runner.py:376] Time since start: 55812.02s, 	Step: 131634, 	{'train/accuracy': 0.8810546398162842, 'train/loss': 0.4481064975261688, 'validation/accuracy': 0.772819995880127, 'validation/loss': 0.8874424695968628, 'validation/num_examples': 50000, 'test/accuracy': 0.6551000475883484, 'test/loss': 1.499834418296814, 'test/num_examples': 10000, 'score': 52991.996413469315, 'total_duration': 55812.02141904831, 'accumulated_submission_time': 52991.996413469315, 'accumulated_eval_time': 2812.0786912441254, 'accumulated_logging_time': 4.823890209197998}
I0915 12:25:52.179956 140329760040704 logging_writer.py:48] [131634] accumulated_eval_time=2812.078691, accumulated_logging_time=4.823890, accumulated_submission_time=52991.996413, global_step=131634, preemption_count=0, score=52991.996413, test/accuracy=0.655100, test/loss=1.499834, test/num_examples=10000, total_duration=55812.021419, train/accuracy=0.881055, train/loss=0.448106, validation/accuracy=0.772820, validation/loss=0.887442, validation/num_examples=50000
I0915 12:28:19.729964 140329751648000 logging_writer.py:48] [132000] global_step=132000, grad_norm=3.166135549545288, loss=3.0834572315216064
I0915 12:31:40.553952 140329760040704 logging_writer.py:48] [132500] global_step=132500, grad_norm=3.1754448413848877, loss=3.0844483375549316
I0915 12:32:52.537102 140537819772736 spec.py:320] Evaluating on the training split.
I0915 12:33:02.813943 140537819772736 spec.py:332] Evaluating on the validation split.
I0915 12:33:14.265330 140537819772736 spec.py:348] Evaluating on the test split.
I0915 12:33:15.899073 140537819772736 submission_runner.py:376] Time since start: 56255.77s, 	Step: 132681, 	{'train/accuracy': 0.8777539134025574, 'train/loss': 0.4599067270755768, 'validation/accuracy': 0.7736799716949463, 'validation/loss': 0.8873386383056641, 'validation/num_examples': 50000, 'test/accuracy': 0.6551000475883484, 'test/loss': 1.4969558715820312, 'test/num_examples': 10000, 'score': 53412.317210674286, 'total_duration': 56255.77086687088, 'accumulated_submission_time': 53412.317210674286, 'accumulated_eval_time': 2835.440642595291, 'accumulated_logging_time': 4.86470103263855}
I0915 12:33:15.930109 140329751648000 logging_writer.py:48] [132681] accumulated_eval_time=2835.440643, accumulated_logging_time=4.864701, accumulated_submission_time=53412.317211, global_step=132681, preemption_count=0, score=53412.317211, test/accuracy=0.655100, test/loss=1.496956, test/num_examples=10000, total_duration=56255.770867, train/accuracy=0.877754, train/loss=0.459907, validation/accuracy=0.773680, validation/loss=0.887339, validation/num_examples=50000
I0915 12:35:24.451599 140329760040704 logging_writer.py:48] [133000] global_step=133000, grad_norm=2.8837242126464844, loss=1.266739845275879
I0915 12:38:45.391591 140329751648000 logging_writer.py:48] [133500] global_step=133500, grad_norm=3.1965296268463135, loss=1.2936512231826782
I0915 12:40:16.244473 140537819772736 spec.py:320] Evaluating on the training split.
I0915 12:40:26.266890 140537819772736 spec.py:332] Evaluating on the validation split.
I0915 12:40:37.581296 140537819772736 spec.py:348] Evaluating on the test split.
I0915 12:40:39.215093 140537819772736 submission_runner.py:376] Time since start: 56699.09s, 	Step: 133728, 	{'train/accuracy': 0.8803515434265137, 'train/loss': 0.4515140950679779, 'validation/accuracy': 0.7734999656677246, 'validation/loss': 0.88714200258255, 'validation/num_examples': 50000, 'test/accuracy': 0.6547000408172607, 'test/loss': 1.4963185787200928, 'test/num_examples': 10000, 'score': 53832.59554314613, 'total_duration': 56699.08690428734, 'accumulated_submission_time': 53832.59554314613, 'accumulated_eval_time': 2858.4112660884857, 'accumulated_logging_time': 4.9065163135528564}
I0915 12:40:39.244314 140329760040704 logging_writer.py:48] [133728] accumulated_eval_time=2858.411266, accumulated_logging_time=4.906516, accumulated_submission_time=53832.595543, global_step=133728, preemption_count=0, score=53832.595543, test/accuracy=0.654700, test/loss=1.496319, test/num_examples=10000, total_duration=56699.086904, train/accuracy=0.880352, train/loss=0.451514, validation/accuracy=0.773500, validation/loss=0.887142, validation/num_examples=50000
I0915 12:42:29.081388 140329751648000 logging_writer.py:48] [134000] global_step=134000, grad_norm=3.0121524333953857, loss=1.1233952045440674
I0915 12:45:50.419520 140329760040704 logging_writer.py:48] [134500] global_step=134500, grad_norm=2.9004547595977783, loss=1.8098334074020386
I0915 12:47:39.534527 140537819772736 spec.py:320] Evaluating on the training split.
I0915 12:47:49.696119 140537819772736 spec.py:332] Evaluating on the validation split.
I0915 12:48:00.769418 140537819772736 spec.py:348] Evaluating on the test split.
I0915 12:48:02.397275 140537819772736 submission_runner.py:376] Time since start: 57142.27s, 	Step: 134773, 	{'train/accuracy': 0.8775976300239563, 'train/loss': 0.45085039734840393, 'validation/accuracy': 0.7738800048828125, 'validation/loss': 0.8861609101295471, 'validation/num_examples': 50000, 'test/accuracy': 0.65420001745224, 'test/loss': 1.4922659397125244, 'test/num_examples': 10000, 'score': 54252.85058236122, 'total_duration': 57142.26908612251, 'accumulated_submission_time': 54252.85058236122, 'accumulated_eval_time': 2881.274034023285, 'accumulated_logging_time': 4.946626663208008}
I0915 12:48:02.428231 140329751648000 logging_writer.py:48] [134773] accumulated_eval_time=2881.274034, accumulated_logging_time=4.946627, accumulated_submission_time=54252.850582, global_step=134773, preemption_count=0, score=54252.850582, test/accuracy=0.654200, test/loss=1.492266, test/num_examples=10000, total_duration=57142.269086, train/accuracy=0.877598, train/loss=0.450850, validation/accuracy=0.773880, validation/loss=0.886161, validation/num_examples=50000
I0915 12:49:34.183135 140329760040704 logging_writer.py:48] [135000] global_step=135000, grad_norm=2.98461651802063, loss=1.4198147058486938
I0915 12:52:55.544077 140329751648000 logging_writer.py:48] [135500] global_step=135500, grad_norm=3.107142925262451, loss=1.244013786315918
I0915 12:55:02.410100 140537819772736 spec.py:320] Evaluating on the training split.
I0915 12:55:12.561190 140537819772736 spec.py:332] Evaluating on the validation split.
I0915 12:55:23.948789 140537819772736 spec.py:348] Evaluating on the test split.
I0915 12:55:25.573003 140537819772736 submission_runner.py:376] Time since start: 57585.44s, 	Step: 135817, 	{'train/accuracy': 0.8817577958106995, 'train/loss': 0.4485340118408203, 'validation/accuracy': 0.7741599678993225, 'validation/loss': 0.8862265348434448, 'validation/num_examples': 50000, 'test/accuracy': 0.6541000604629517, 'test/loss': 1.4930837154388428, 'test/num_examples': 10000, 'score': 54672.79440379143, 'total_duration': 57585.444811820984, 'accumulated_submission_time': 54672.79440379143, 'accumulated_eval_time': 2904.436939716339, 'accumulated_logging_time': 4.991543531417847}
I0915 12:55:25.604465 140329760040704 logging_writer.py:48] [135817] accumulated_eval_time=2904.436940, accumulated_logging_time=4.991544, accumulated_submission_time=54672.794404, global_step=135817, preemption_count=0, score=54672.794404, test/accuracy=0.654100, test/loss=1.493084, test/num_examples=10000, total_duration=57585.444812, train/accuracy=0.881758, train/loss=0.448534, validation/accuracy=0.774160, validation/loss=0.886227, validation/num_examples=50000
I0915 12:56:39.538401 140329751648000 logging_writer.py:48] [136000] global_step=136000, grad_norm=3.0940005779266357, loss=2.919088125228882
I0915 13:00:00.412959 140329760040704 logging_writer.py:48] [136500] global_step=136500, grad_norm=3.219163656234741, loss=1.4355388879776
I0915 13:02:25.889165 140537819772736 spec.py:320] Evaluating on the training split.
I0915 13:02:36.075962 140537819772736 spec.py:332] Evaluating on the validation split.
I0915 13:02:47.733256 140537819772736 spec.py:348] Evaluating on the test split.
I0915 13:02:49.368902 140537819772736 submission_runner.py:376] Time since start: 58029.24s, 	Step: 136864, 	{'train/accuracy': 0.8799218535423279, 'train/loss': 0.44930076599121094, 'validation/accuracy': 0.7742999792098999, 'validation/loss': 0.8853731155395508, 'validation/num_examples': 50000, 'test/accuracy': 0.6544000506401062, 'test/loss': 1.4933710098266602, 'test/num_examples': 10000, 'score': 55093.04386639595, 'total_duration': 58029.240710020065, 'accumulated_submission_time': 55093.04386639595, 'accumulated_eval_time': 2927.9166820049286, 'accumulated_logging_time': 5.033738851547241}
I0915 13:02:49.403114 140329751648000 logging_writer.py:48] [136864] accumulated_eval_time=2927.916682, accumulated_logging_time=5.033739, accumulated_submission_time=55093.043866, global_step=136864, preemption_count=0, score=55093.043866, test/accuracy=0.654400, test/loss=1.493371, test/num_examples=10000, total_duration=58029.240710, train/accuracy=0.879922, train/loss=0.449301, validation/accuracy=0.774300, validation/loss=0.885373, validation/num_examples=50000
I0915 13:03:44.422178 140329760040704 logging_writer.py:48] [137000] global_step=137000, grad_norm=3.0080742835998535, loss=1.7363852262496948
I0915 13:07:05.393919 140329751648000 logging_writer.py:48] [137500] global_step=137500, grad_norm=3.059514045715332, loss=1.4035587310791016
I0915 13:09:49.754822 140537819772736 spec.py:320] Evaluating on the training split.
I0915 13:10:00.069005 140537819772736 spec.py:332] Evaluating on the validation split.
I0915 13:10:11.730963 140537819772736 spec.py:348] Evaluating on the test split.
I0915 13:10:13.359431 140537819772736 submission_runner.py:376] Time since start: 58473.23s, 	Step: 137911, 	{'train/accuracy': 0.8807616829872131, 'train/loss': 0.4524763822555542, 'validation/accuracy': 0.7742999792098999, 'validation/loss': 0.8846887350082397, 'validation/num_examples': 50000, 'test/accuracy': 0.6538000106811523, 'test/loss': 1.4922215938568115, 'test/num_examples': 10000, 'score': 55513.35981178284, 'total_duration': 58473.231236219406, 'accumulated_submission_time': 55513.35981178284, 'accumulated_eval_time': 2951.521292448044, 'accumulated_logging_time': 5.07880425453186}
I0915 13:10:13.393614 140329760040704 logging_writer.py:48] [137911] accumulated_eval_time=2951.521292, accumulated_logging_time=5.078804, accumulated_submission_time=55513.359812, global_step=137911, preemption_count=0, score=55513.359812, test/accuracy=0.653800, test/loss=1.492222, test/num_examples=10000, total_duration=58473.231236, train/accuracy=0.880762, train/loss=0.452476, validation/accuracy=0.774300, validation/loss=0.884689, validation/num_examples=50000
I0915 13:10:49.526430 140329751648000 logging_writer.py:48] [138000] global_step=138000, grad_norm=2.9622066020965576, loss=1.4223828315734863
I0915 13:14:10.562061 140329760040704 logging_writer.py:48] [138500] global_step=138500, grad_norm=3.2266547679901123, loss=1.899462342262268
I0915 13:17:13.402859 140537819772736 spec.py:320] Evaluating on the training split.
I0915 13:17:23.451334 140537819772736 spec.py:332] Evaluating on the validation split.
I0915 13:17:35.155383 140537819772736 spec.py:348] Evaluating on the test split.
I0915 13:17:36.785590 140537819772736 submission_runner.py:376] Time since start: 58916.66s, 	Step: 138957, 	{'train/accuracy': 0.8803125023841858, 'train/loss': 0.4506169557571411, 'validation/accuracy': 0.7745800018310547, 'validation/loss': 0.8848632574081421, 'validation/num_examples': 50000, 'test/accuracy': 0.6551000475883484, 'test/loss': 1.4922782182693481, 'test/num_examples': 10000, 'score': 55933.33145284653, 'total_duration': 58916.6573946476, 'accumulated_submission_time': 55933.33145284653, 'accumulated_eval_time': 2974.9040195941925, 'accumulated_logging_time': 5.125922203063965}
I0915 13:17:36.818648 140329751648000 logging_writer.py:48] [138957] accumulated_eval_time=2974.904020, accumulated_logging_time=5.125922, accumulated_submission_time=55933.331453, global_step=138957, preemption_count=0, score=55933.331453, test/accuracy=0.655100, test/loss=1.492278, test/num_examples=10000, total_duration=58916.657395, train/accuracy=0.880313, train/loss=0.450617, validation/accuracy=0.774580, validation/loss=0.884863, validation/num_examples=50000
I0915 13:17:54.513838 140329760040704 logging_writer.py:48] [139000] global_step=139000, grad_norm=3.1856532096862793, loss=1.82692551612854
I0915 13:21:15.351130 140329751648000 logging_writer.py:48] [139500] global_step=139500, grad_norm=3.105417013168335, loss=1.158381700515747
I0915 13:24:35.598095 140537819772736 spec.py:320] Evaluating on the training split.
I0915 13:24:45.795940 140537819772736 spec.py:332] Evaluating on the validation split.
I0915 13:24:56.945926 140537819772736 spec.py:348] Evaluating on the test split.
I0915 13:24:58.573831 140537819772736 submission_runner.py:376] Time since start: 59358.45s, 	Step: 140000, 	{'train/accuracy': 0.8816796541213989, 'train/loss': 0.45050865411758423, 'validation/accuracy': 0.7745599746704102, 'validation/loss': 0.8846639394760132, 'validation/num_examples': 50000, 'test/accuracy': 0.6549000144004822, 'test/loss': 1.4921404123306274, 'test/num_examples': 10000, 'score': 56352.07413482666, 'total_duration': 59358.44564127922, 'accumulated_submission_time': 56352.07413482666, 'accumulated_eval_time': 2997.8797721862793, 'accumulated_logging_time': 5.170516014099121}
I0915 13:24:58.603983 140329760040704 logging_writer.py:48] [140000] accumulated_eval_time=2997.879772, accumulated_logging_time=5.170516, accumulated_submission_time=56352.074135, global_step=140000, preemption_count=0, score=56352.074135, test/accuracy=0.654900, test/loss=1.492140, test/num_examples=10000, total_duration=59358.445641, train/accuracy=0.881680, train/loss=0.450509, validation/accuracy=0.774560, validation/loss=0.884664, validation/num_examples=50000
I0915 13:24:58.629655 140329751648000 logging_writer.py:48] [140000] global_step=140000, preemption_count=0, score=56352.074135
I0915 13:24:58.917203 140537819772736 checkpoints.py:490] Saving checkpoint at step: 140000
I0915 13:24:59.971957 140537819772736 checkpoints.py:422] Saved checkpoint at /experiment_runs/targets_check_jax/nadamw_run_0/imagenet_vit_jax/trial_1/checkpoint_140000
I0915 13:24:59.998513 140537819772736 checkpoint_utils.py:240] Saved checkpoint to /experiment_runs/targets_check_jax/nadamw_run_0/imagenet_vit_jax/trial_1/checkpoint_140000.
I0915 13:25:00.594181 140537819772736 submission_runner.py:540] Tuning trial 1/1
I0915 13:25:00.594419 140537819772736 submission_runner.py:541] Hyperparameters: Hyperparameters(learning_rate=0.0008445074561975979, beta1=0.8895758153482813, beta2=0.9978504782314613, warmup_steps=6999, weight_decay=0.08135402759553023)
