python3 submission_runner.py --framework=jax --workload=imagenet_vit --submission_path=baselines/sam/jax/submission.py --tuning_search_space=baselines/sam/tuning_search_space.json --data_dir=/data/imagenet/jax --num_tuning_trials=1 --experiment_dir=/experiment_runs --experiment_name=timing_fancy/timing_sam --overwrite=True --save_checkpoints=False --max_global_steps=28000 --imagenet_v2_data_dir=/data/imagenet/jax 2>&1 | tee -a /logs/imagenet_vit_jax_04-28-2023-10-45-05.log
I0428 10:45:28.014297 140139854550848 logger_utils.py:61] Removing existing experiment directory /experiment_runs/timing_fancy/timing_sam/imagenet_vit_jax because --overwrite was set.
I0428 10:45:28.017609 140139854550848 logger_utils.py:76] Creating experiment directory at /experiment_runs/timing_fancy/timing_sam/imagenet_vit_jax.
I0428 10:45:28.093271 140139854550848 xla_bridge.py:345] Unable to initialize backend 'tpu_driver': NOT_FOUND: Unable to find driver in registry given worker: 
I0428 10:45:28.973217 140139854550848 xla_bridge.py:345] Unable to initialize backend 'rocm': NOT_FOUND: Could not find registered platform with name: "rocm". Available platform names are: Interpreter Host CUDA
I0428 10:45:28.974282 140139854550848 xla_bridge.py:345] Unable to initialize backend 'tpu': module 'jaxlib.xla_extension' has no attribute 'get_tpu_client'
I0428 10:45:28.980381 140139854550848 submission_runner.py:538] Using RNG seed 184099742
I0428 10:45:31.846719 140139854550848 submission_runner.py:547] --- Tuning run 1/1 ---
I0428 10:45:31.846989 140139854550848 submission_runner.py:552] Creating tuning directory at /experiment_runs/timing_fancy/timing_sam/imagenet_vit_jax/trial_1.
I0428 10:45:31.847187 140139854550848 logger_utils.py:92] Saving hparams to /experiment_runs/timing_fancy/timing_sam/imagenet_vit_jax/trial_1/hparams.json.
I0428 10:45:31.981016 140139854550848 submission_runner.py:241] Initializing dataset.
I0428 10:45:31.997198 140139854550848 dataset_info.py:566] Load dataset info from /data/imagenet/jax/imagenet2012/5.1.0
I0428 10:45:32.006929 140139854550848 dataset_info.py:642] Field info.splits from disk and from code do not match. Keeping the one from code.
I0428 10:45:32.007049 140139854550848 dataset_info.py:642] Field info.supervised_keys from disk and from code do not match. Keeping the one from code.
I0428 10:45:32.291722 140139854550848 logging_logger.py:49] Constructing tf.data.Dataset imagenet2012 for split train, from /data/imagenet/jax/imagenet2012/5.1.0
I0428 10:45:40.630497 140139854550848 submission_runner.py:248] Initializing model.
I0428 10:45:52.653381 140139854550848 submission_runner.py:258] Initializing optimizer.
I0428 10:45:53.421777 140139854550848 submission_runner.py:265] Initializing metrics bundle.
I0428 10:45:53.422001 140139854550848 submission_runner.py:282] Initializing checkpoint and logger.
I0428 10:45:53.423061 140139854550848 checkpoints.py:466] Found no checkpoint files in /experiment_runs/timing_fancy/timing_sam/imagenet_vit_jax/trial_1 with prefix checkpoint_
I0428 10:45:54.325697 140139854550848 submission_runner.py:303] Saving meta data to /experiment_runs/timing_fancy/timing_sam/imagenet_vit_jax/trial_1/meta_data_0.json.
I0428 10:45:54.326649 140139854550848 submission_runner.py:306] Saving flags to /experiment_runs/timing_fancy/timing_sam/imagenet_vit_jax/trial_1/flags_0.json.
I0428 10:45:54.331997 140139854550848 submission_runner.py:318] Starting training loop.
I0428 10:47:02.937940 139963354052352 logging_writer.py:48] [0] global_step=0, grad_norm=0.3345949649810791, loss=6.907756805419922
I0428 10:47:02.958425 140139854550848 spec.py:298] Evaluating on the training split.
I0428 10:47:02.967066 140139854550848 dataset_info.py:566] Load dataset info from /data/imagenet/jax/imagenet2012/5.1.0
I0428 10:47:02.976246 140139854550848 dataset_info.py:642] Field info.splits from disk and from code do not match. Keeping the one from code.
I0428 10:47:02.976357 140139854550848 dataset_info.py:642] Field info.supervised_keys from disk and from code do not match. Keeping the one from code.
I0428 10:47:03.057987 140139854550848 logging_logger.py:49] Constructing tf.data.Dataset imagenet2012 for split train, from /data/imagenet/jax/imagenet2012/5.1.0
I0428 10:47:22.160783 140139854550848 spec.py:310] Evaluating on the validation split.
I0428 10:47:22.169274 140139854550848 dataset_info.py:566] Load dataset info from /data/imagenet/jax/imagenet2012/5.1.0
I0428 10:47:22.186984 140139854550848 dataset_info.py:642] Field info.splits from disk and from code do not match. Keeping the one from code.
I0428 10:47:22.187299 140139854550848 dataset_info.py:642] Field info.supervised_keys from disk and from code do not match. Keeping the one from code.
I0428 10:47:22.258334 140139854550848 logging_logger.py:49] Constructing tf.data.Dataset imagenet2012 for split validation, from /data/imagenet/jax/imagenet2012/5.1.0
I0428 10:47:41.369400 140139854550848 spec.py:326] Evaluating on the test split.
I0428 10:47:41.376531 140139854550848 dataset_info.py:566] Load dataset info from /data/imagenet/jax/imagenet_v2/matched-frequency/3.0.0
I0428 10:47:41.381666 140139854550848 dataset_builder.py:510] Reusing dataset imagenet_v2 (/data/imagenet/jax/imagenet_v2/matched-frequency/3.0.0)
I0428 10:47:41.418102 140139854550848 logging_logger.py:49] Constructing tf.data.Dataset imagenet_v2 for split test, from /data/imagenet/jax/imagenet_v2/matched-frequency/3.0.0
I0428 10:47:52.756661 140139854550848 submission_runner.py:415] Time since start: 118.42s, 	Step: 1, 	{'train/accuracy': 0.0008398437057621777, 'train/loss': 6.907756328582764, 'validation/accuracy': 0.0009999999310821295, 'validation/loss': 6.9077558517456055, 'validation/num_examples': 50000, 'test/accuracy': 0.0010000000474974513, 'test/loss': 6.907756805419922, 'test/num_examples': 10000, 'score': 68.62623286247253, 'total_duration': 118.4245970249176, 'accumulated_submission_time': 68.62623286247253, 'accumulated_eval_time': 49.79820489883423, 'accumulated_logging_time': 0}
I0428 10:47:52.773925 139903694255872 logging_writer.py:48] [1] accumulated_eval_time=49.798205, accumulated_logging_time=0, accumulated_submission_time=68.626233, global_step=1, preemption_count=0, score=68.626233, test/accuracy=0.001000, test/loss=6.907757, test/num_examples=10000, total_duration=118.424597, train/accuracy=0.000840, train/loss=6.907756, validation/accuracy=0.001000, validation/loss=6.907756, validation/num_examples=50000
I0428 10:49:43.591999 139958077564672 logging_writer.py:48] [100] global_step=100, grad_norm=0.09884815663099289, loss=6.907160758972168
I0428 10:51:02.479875 139958085957376 logging_writer.py:48] [200] global_step=200, grad_norm=0.47213637828826904, loss=6.859492301940918
I0428 10:52:21.318785 139958077564672 logging_writer.py:48] [300] global_step=300, grad_norm=0.5354392528533936, loss=6.79081392288208
I0428 10:53:40.187294 139958085957376 logging_writer.py:48] [400] global_step=400, grad_norm=0.5554028153419495, loss=6.72855281829834
I0428 10:54:53.246317 140139854550848 spec.py:298] Evaluating on the training split.
I0428 10:55:00.101943 140139854550848 spec.py:310] Evaluating on the validation split.
I0428 10:55:06.641342 140139854550848 spec.py:326] Evaluating on the test split.
I0428 10:55:08.445113 140139854550848 submission_runner.py:415] Time since start: 554.11s, 	Step: 494, 	{'train/accuracy': 0.010546875186264515, 'train/loss': 6.555016994476318, 'validation/accuracy': 0.010259999893605709, 'validation/loss': 6.565260410308838, 'validation/num_examples': 50000, 'test/accuracy': 0.008100000210106373, 'test/loss': 6.594497203826904, 'test/num_examples': 10000, 'score': 489.0834889411926, 'total_duration': 554.1130173206329, 'accumulated_submission_time': 489.0834889411926, 'accumulated_eval_time': 64.99695420265198, 'accumulated_logging_time': 0.025815963745117188}
I0428 10:55:08.457274 139903862044416 logging_writer.py:48] [494] accumulated_eval_time=64.996954, accumulated_logging_time=0.025816, accumulated_submission_time=489.083489, global_step=494, preemption_count=0, score=489.083489, test/accuracy=0.008100, test/loss=6.594497, test/num_examples=10000, total_duration=554.113017, train/accuracy=0.010547, train/loss=6.555017, validation/accuracy=0.010260, validation/loss=6.565260, validation/num_examples=50000
I0428 10:55:14.100761 139903945914112 logging_writer.py:48] [500] global_step=500, grad_norm=0.647854208946228, loss=6.669792652130127
I0428 10:56:32.967525 139903862044416 logging_writer.py:48] [600] global_step=600, grad_norm=0.7865727543830872, loss=6.6550822257995605
I0428 10:57:51.874404 139903945914112 logging_writer.py:48] [700] global_step=700, grad_norm=0.940254807472229, loss=6.556484222412109
I0428 10:59:10.725827 139903862044416 logging_writer.py:48] [800] global_step=800, grad_norm=0.7248642444610596, loss=6.5844011306762695
I0428 11:00:29.694300 139903945914112 logging_writer.py:48] [900] global_step=900, grad_norm=1.1366562843322754, loss=6.4793524742126465
I0428 11:01:48.591320 139903862044416 logging_writer.py:48] [1000] global_step=1000, grad_norm=0.7552624940872192, loss=6.441509246826172
I0428 11:02:08.871269 140139854550848 spec.py:298] Evaluating on the training split.
I0428 11:02:15.706521 140139854550848 spec.py:310] Evaluating on the validation split.
I0428 11:02:22.297468 140139854550848 spec.py:326] Evaluating on the test split.
I0428 11:02:24.040937 140139854550848 submission_runner.py:415] Time since start: 989.71s, 	Step: 1027, 	{'train/accuracy': 0.025214843451976776, 'train/loss': 6.11329984664917, 'validation/accuracy': 0.024639999493956566, 'validation/loss': 6.139117240905762, 'validation/num_examples': 50000, 'test/accuracy': 0.01720000058412552, 'test/loss': 6.217530727386475, 'test/num_examples': 10000, 'score': 909.4748973846436, 'total_duration': 989.70885181427, 'accumulated_submission_time': 909.4748973846436, 'accumulated_eval_time': 80.16657638549805, 'accumulated_logging_time': 0.05368757247924805}
I0428 11:02:24.052343 139903945914112 logging_writer.py:48] [1027] accumulated_eval_time=80.166576, accumulated_logging_time=0.053688, accumulated_submission_time=909.474897, global_step=1027, preemption_count=0, score=909.474897, test/accuracy=0.017200, test/loss=6.217531, test/num_examples=10000, total_duration=989.708852, train/accuracy=0.025215, train/loss=6.113300, validation/accuracy=0.024640, validation/loss=6.139117, validation/num_examples=50000
I0428 11:03:22.612753 139903862044416 logging_writer.py:48] [1100] global_step=1100, grad_norm=0.7783178091049194, loss=6.425295829772949
I0428 11:04:43.203218 139903945914112 logging_writer.py:48] [1200] global_step=1200, grad_norm=1.1797363758087158, loss=6.534176349639893
I0428 11:06:02.134213 139903862044416 logging_writer.py:48] [1300] global_step=1300, grad_norm=0.9570120573043823, loss=6.735349178314209
I0428 11:07:21.141590 139903945914112 logging_writer.py:48] [1400] global_step=1400, grad_norm=1.4944841861724854, loss=6.319943428039551
I0428 11:08:40.105386 139903862044416 logging_writer.py:48] [1500] global_step=1500, grad_norm=0.8951472640037537, loss=6.272520542144775
I0428 11:09:24.816270 140139854550848 spec.py:298] Evaluating on the training split.
I0428 11:09:31.664314 140139854550848 spec.py:310] Evaluating on the validation split.
I0428 11:09:38.240662 140139854550848 spec.py:326] Evaluating on the test split.
I0428 11:09:39.983909 140139854550848 submission_runner.py:415] Time since start: 1425.65s, 	Step: 1558, 	{'train/accuracy': 0.04140624776482582, 'train/loss': 5.8310465812683105, 'validation/accuracy': 0.03945999965071678, 'validation/loss': 5.869046211242676, 'validation/num_examples': 50000, 'test/accuracy': 0.029000001028180122, 'test/loss': 5.98787784576416, 'test/num_examples': 10000, 'score': 1330.2129111289978, 'total_duration': 1425.6517963409424, 'accumulated_submission_time': 1330.2129111289978, 'accumulated_eval_time': 95.33414936065674, 'accumulated_logging_time': 0.08363580703735352}
I0428 11:09:39.996639 139903945914112 logging_writer.py:48] [1558] accumulated_eval_time=95.334149, accumulated_logging_time=0.083636, accumulated_submission_time=1330.212911, global_step=1558, preemption_count=0, score=1330.212911, test/accuracy=0.029000, test/loss=5.987878, test/num_examples=10000, total_duration=1425.651796, train/accuracy=0.041406, train/loss=5.831047, validation/accuracy=0.039460, validation/loss=5.869046, validation/num_examples=50000
I0428 11:10:14.067376 139903862044416 logging_writer.py:48] [1600] global_step=1600, grad_norm=0.9564807415008545, loss=6.191291809082031
I0428 11:11:33.070330 139903945914112 logging_writer.py:48] [1700] global_step=1700, grad_norm=1.0504761934280396, loss=6.168713569641113
I0428 11:12:52.036078 139903862044416 logging_writer.py:48] [1800] global_step=1800, grad_norm=1.0091155767440796, loss=6.64047384262085
I0428 11:14:11.014593 139903945914112 logging_writer.py:48] [1900] global_step=1900, grad_norm=1.3449361324310303, loss=6.221996307373047
I0428 11:15:30.062143 139903862044416 logging_writer.py:48] [2000] global_step=2000, grad_norm=1.0740917921066284, loss=6.144247055053711
I0428 11:16:40.035681 140139854550848 spec.py:298] Evaluating on the training split.
I0428 11:16:46.891854 140139854550848 spec.py:310] Evaluating on the validation split.
I0428 11:16:53.477602 140139854550848 spec.py:326] Evaluating on the test split.
I0428 11:16:55.217062 140139854550848 submission_runner.py:415] Time since start: 1860.88s, 	Step: 2090, 	{'train/accuracy': 0.05296874791383743, 'train/loss': 5.600213527679443, 'validation/accuracy': 0.050680000334978104, 'validation/loss': 5.632956504821777, 'validation/num_examples': 50000, 'test/accuracy': 0.03700000047683716, 'test/loss': 5.799388408660889, 'test/num_examples': 10000, 'score': 1750.2307333946228, 'total_duration': 1860.8849341869354, 'accumulated_submission_time': 1750.2307333946228, 'accumulated_eval_time': 110.51544833183289, 'accumulated_logging_time': 0.11061310768127441}
I0428 11:16:55.234247 139903945914112 logging_writer.py:48] [2090] accumulated_eval_time=110.515448, accumulated_logging_time=0.110613, accumulated_submission_time=1750.230733, global_step=2090, preemption_count=0, score=1750.230733, test/accuracy=0.037000, test/loss=5.799388, test/num_examples=10000, total_duration=1860.884934, train/accuracy=0.052969, train/loss=5.600214, validation/accuracy=0.050680, validation/loss=5.632957, validation/num_examples=50000
I0428 11:17:04.240641 139903862044416 logging_writer.py:48] [2100] global_step=2100, grad_norm=1.530165195465088, loss=6.095825672149658
I0428 11:18:23.273611 139903945914112 logging_writer.py:48] [2200] global_step=2200, grad_norm=0.9125679731369019, loss=5.976705551147461
I0428 11:19:43.653310 139903862044416 logging_writer.py:48] [2300] global_step=2300, grad_norm=0.9408765435218811, loss=6.009236812591553
I0428 11:21:02.642734 139903945914112 logging_writer.py:48] [2400] global_step=2400, grad_norm=1.0389411449432373, loss=6.019408226013184
I0428 11:22:21.710839 139903862044416 logging_writer.py:48] [2500] global_step=2500, grad_norm=1.0803650617599487, loss=6.011588096618652
I0428 11:23:42.163066 139903945914112 logging_writer.py:48] [2600] global_step=2600, grad_norm=0.987256646156311, loss=5.94992733001709
I0428 11:23:55.314205 140139854550848 spec.py:298] Evaluating on the training split.
I0428 11:24:02.148683 140139854550848 spec.py:310] Evaluating on the validation split.
I0428 11:24:08.790247 140139854550848 spec.py:326] Evaluating on the test split.
I0428 11:24:10.530340 140139854550848 submission_runner.py:415] Time since start: 2296.20s, 	Step: 2618, 	{'train/accuracy': 0.07707031071186066, 'train/loss': 5.318606376647949, 'validation/accuracy': 0.07075999677181244, 'validation/loss': 5.357625484466553, 'validation/num_examples': 50000, 'test/accuracy': 0.055400002747774124, 'test/loss': 5.568378925323486, 'test/num_examples': 10000, 'score': 2170.288941383362, 'total_duration': 2296.1982436180115, 'accumulated_submission_time': 2170.288941383362, 'accumulated_eval_time': 125.7315263748169, 'accumulated_logging_time': 0.14241790771484375}
I0428 11:24:10.541515 139903862044416 logging_writer.py:48] [2618] accumulated_eval_time=125.731526, accumulated_logging_time=0.142418, accumulated_submission_time=2170.288941, global_step=2618, preemption_count=0, score=2170.288941, test/accuracy=0.055400, test/loss=5.568379, test/num_examples=10000, total_duration=2296.198244, train/accuracy=0.077070, train/loss=5.318606, validation/accuracy=0.070760, validation/loss=5.357625, validation/num_examples=50000
I0428 11:25:16.172465 139903945914112 logging_writer.py:48] [2700] global_step=2700, grad_norm=0.8368207812309265, loss=6.070100784301758
I0428 11:26:35.146576 139903862044416 logging_writer.py:48] [2800] global_step=2800, grad_norm=1.0328840017318726, loss=5.835100173950195
I0428 11:27:54.144747 139903945914112 logging_writer.py:48] [2900] global_step=2900, grad_norm=0.9269435405731201, loss=5.917613983154297
I0428 11:29:13.168021 139903862044416 logging_writer.py:48] [3000] global_step=3000, grad_norm=1.0015112161636353, loss=5.932499408721924
I0428 11:30:32.244488 139903945914112 logging_writer.py:48] [3100] global_step=3100, grad_norm=1.0185843706130981, loss=6.414054870605469
I0428 11:31:10.682677 140139854550848 spec.py:298] Evaluating on the training split.
I0428 11:31:17.544087 140139854550848 spec.py:310] Evaluating on the validation split.
I0428 11:31:24.124418 140139854550848 spec.py:326] Evaluating on the test split.
I0428 11:31:25.862762 140139854550848 submission_runner.py:415] Time since start: 2731.53s, 	Step: 3150, 	{'train/accuracy': 0.0927148386836052, 'train/loss': 5.099536418914795, 'validation/accuracy': 0.08735999464988708, 'validation/loss': 5.1613850593566895, 'validation/num_examples': 50000, 'test/accuracy': 0.06640000641345978, 'test/loss': 5.398782253265381, 'test/num_examples': 10000, 'score': 2590.4081902503967, 'total_duration': 2731.530677318573, 'accumulated_submission_time': 2590.4081902503967, 'accumulated_eval_time': 140.91156840324402, 'accumulated_logging_time': 0.1684880256652832}
I0428 11:31:25.874485 139903862044416 logging_writer.py:48] [3150] accumulated_eval_time=140.911568, accumulated_logging_time=0.168488, accumulated_submission_time=2590.408190, global_step=3150, preemption_count=0, score=2590.408190, test/accuracy=0.066400, test/loss=5.398782, test/num_examples=10000, total_duration=2731.530677, train/accuracy=0.092715, train/loss=5.099536, validation/accuracy=0.087360, validation/loss=5.161385, validation/num_examples=50000
I0428 11:32:06.235611 139903945914112 logging_writer.py:48] [3200] global_step=3200, grad_norm=0.931807816028595, loss=6.543259620666504
I0428 11:33:25.236285 139903862044416 logging_writer.py:48] [3300] global_step=3300, grad_norm=1.136077642440796, loss=5.739829063415527
I0428 11:34:46.207796 139903945914112 logging_writer.py:48] [3400] global_step=3400, grad_norm=0.8824682831764221, loss=5.725075721740723
I0428 11:36:05.284005 139903862044416 logging_writer.py:48] [3500] global_step=3500, grad_norm=1.1446714401245117, loss=5.728771209716797
I0428 11:37:24.344327 139903945914112 logging_writer.py:48] [3600] global_step=3600, grad_norm=0.8077407479286194, loss=6.595166206359863
I0428 11:38:26.207159 140139854550848 spec.py:298] Evaluating on the training split.
I0428 11:38:33.059482 140139854550848 spec.py:310] Evaluating on the validation split.
I0428 11:38:39.715936 140139854550848 spec.py:326] Evaluating on the test split.
I0428 11:38:41.452553 140139854550848 submission_runner.py:415] Time since start: 3167.12s, 	Step: 3677, 	{'train/accuracy': 0.1263085901737213, 'train/loss': 4.826124668121338, 'validation/accuracy': 0.11747999489307404, 'validation/loss': 4.887425899505615, 'validation/num_examples': 50000, 'test/accuracy': 0.09140000492334366, 'test/loss': 5.158858299255371, 'test/num_examples': 10000, 'score': 3010.720355272293, 'total_duration': 3167.1204624176025, 'accumulated_submission_time': 3010.720355272293, 'accumulated_eval_time': 156.1569242477417, 'accumulated_logging_time': 0.19378304481506348}
I0428 11:38:41.464905 139903862044416 logging_writer.py:48] [3677] accumulated_eval_time=156.156924, accumulated_logging_time=0.193783, accumulated_submission_time=3010.720355, global_step=3677, preemption_count=0, score=3010.720355, test/accuracy=0.091400, test/loss=5.158858, test/num_examples=10000, total_duration=3167.120462, train/accuracy=0.126309, train/loss=4.826125, validation/accuracy=0.117480, validation/loss=4.887426, validation/num_examples=50000
I0428 11:39:00.544969 139903945914112 logging_writer.py:48] [3700] global_step=3700, grad_norm=0.6840530633926392, loss=6.531352996826172
I0428 11:40:19.620490 139903862044416 logging_writer.py:48] [3800] global_step=3800, grad_norm=0.8615052700042725, loss=5.637318134307861
I0428 11:41:38.675757 139903945914112 logging_writer.py:48] [3900] global_step=3900, grad_norm=1.099710464477539, loss=5.643115043640137
I0428 11:42:57.692500 139903862044416 logging_writer.py:48] [4000] global_step=4000, grad_norm=0.9224964380264282, loss=6.0460615158081055
I0428 11:44:16.795476 139903945914112 logging_writer.py:48] [4100] global_step=4100, grad_norm=1.021772861480713, loss=5.568497657775879
I0428 11:45:35.874444 139903862044416 logging_writer.py:48] [4200] global_step=4200, grad_norm=1.0305958986282349, loss=5.4690446853637695
I0428 11:45:41.908063 140139854550848 spec.py:298] Evaluating on the training split.
I0428 11:45:48.765924 140139854550848 spec.py:310] Evaluating on the validation split.
I0428 11:45:55.323710 140139854550848 spec.py:326] Evaluating on the test split.
I0428 11:45:57.056476 140139854550848 submission_runner.py:415] Time since start: 3602.72s, 	Step: 4209, 	{'train/accuracy': 0.1545117199420929, 'train/loss': 4.596144199371338, 'validation/accuracy': 0.1357799917459488, 'validation/loss': 4.702473163604736, 'validation/num_examples': 50000, 'test/accuracy': 0.10190000385046005, 'test/loss': 5.005126953125, 'test/num_examples': 10000, 'score': 3431.1415600776672, 'total_duration': 3602.7243819236755, 'accumulated_submission_time': 3431.1415600776672, 'accumulated_eval_time': 171.30527925491333, 'accumulated_logging_time': 0.2211616039276123}
I0428 11:45:57.069393 139903945914112 logging_writer.py:48] [4209] accumulated_eval_time=171.305279, accumulated_logging_time=0.221162, accumulated_submission_time=3431.141560, global_step=4209, preemption_count=0, score=3431.141560, test/accuracy=0.101900, test/loss=5.005127, test/num_examples=10000, total_duration=3602.724382, train/accuracy=0.154512, train/loss=4.596144, validation/accuracy=0.135780, validation/loss=4.702473, validation/num_examples=50000
I0428 11:47:12.615214 139903862044416 logging_writer.py:48] [4300] global_step=4300, grad_norm=0.869602620601654, loss=5.618271827697754
I0428 11:48:31.640273 139903945914112 logging_writer.py:48] [4400] global_step=4400, grad_norm=1.0672240257263184, loss=5.547176837921143
I0428 11:49:50.672220 139903862044416 logging_writer.py:48] [4500] global_step=4500, grad_norm=0.9498512148857117, loss=5.453114986419678
I0428 11:51:09.715116 139903945914112 logging_writer.py:48] [4600] global_step=4600, grad_norm=0.7213477492332458, loss=6.2497148513793945
I0428 11:52:28.793923 139903862044416 logging_writer.py:48] [4700] global_step=4700, grad_norm=0.7433097958564758, loss=6.462216377258301
I0428 11:52:57.765664 140139854550848 spec.py:298] Evaluating on the training split.
I0428 11:53:04.627527 140139854550848 spec.py:310] Evaluating on the validation split.
I0428 11:53:11.266485 140139854550848 spec.py:326] Evaluating on the test split.
I0428 11:53:13.008710 140139854550848 submission_runner.py:415] Time since start: 4038.68s, 	Step: 4738, 	{'train/accuracy': 0.18035155534744263, 'train/loss': 4.386256694793701, 'validation/accuracy': 0.1657799929380417, 'validation/loss': 4.46188497543335, 'validation/num_examples': 50000, 'test/accuracy': 0.1274000108242035, 'test/loss': 4.790294647216797, 'test/num_examples': 10000, 'score': 3851.818570137024, 'total_duration': 4038.6766154766083, 'accumulated_submission_time': 3851.818570137024, 'accumulated_eval_time': 186.54827523231506, 'accumulated_logging_time': 0.246412992477417}
I0428 11:53:13.021518 139903945914112 logging_writer.py:48] [4738] accumulated_eval_time=186.548275, accumulated_logging_time=0.246413, accumulated_submission_time=3851.818570, global_step=4738, preemption_count=0, score=3851.818570, test/accuracy=0.127400, test/loss=4.790295, test/num_examples=10000, total_duration=4038.676615, train/accuracy=0.180352, train/loss=4.386257, validation/accuracy=0.165780, validation/loss=4.461885, validation/num_examples=50000
I0428 11:54:02.907235 139903862044416 logging_writer.py:48] [4800] global_step=4800, grad_norm=0.8146563172340393, loss=6.362415313720703
I0428 11:55:22.055086 139903945914112 logging_writer.py:48] [4900] global_step=4900, grad_norm=0.9015347361564636, loss=5.770191669464111
I0428 11:56:41.190081 139903862044416 logging_writer.py:48] [5000] global_step=5000, grad_norm=0.9529244899749756, loss=5.58803653717041
I0428 11:58:00.241769 139903945914112 logging_writer.py:48] [5100] global_step=5100, grad_norm=0.8763609528541565, loss=5.4226298332214355
I0428 11:59:19.296348 139903862044416 logging_writer.py:48] [5200] global_step=5200, grad_norm=1.1597245931625366, loss=5.320431709289551
I0428 12:00:13.556275 140139854550848 spec.py:298] Evaluating on the training split.
I0428 12:00:20.441042 140139854550848 spec.py:310] Evaluating on the validation split.
I0428 12:00:27.044917 140139854550848 spec.py:326] Evaluating on the test split.
I0428 12:00:28.794738 140139854550848 submission_runner.py:415] Time since start: 4474.46s, 	Step: 5270, 	{'train/accuracy': 0.1917382776737213, 'train/loss': 4.260013103485107, 'validation/accuracy': 0.17931999266147614, 'validation/loss': 4.344618797302246, 'validation/num_examples': 50000, 'test/accuracy': 0.13370001316070557, 'test/loss': 4.6894426345825195, 'test/num_examples': 10000, 'score': 4272.332301616669, 'total_duration': 4474.462612390518, 'accumulated_submission_time': 4272.332301616669, 'accumulated_eval_time': 201.78666234016418, 'accumulated_logging_time': 0.27331113815307617}
I0428 12:00:28.810457 139903945914112 logging_writer.py:48] [5270] accumulated_eval_time=201.786662, accumulated_logging_time=0.273311, accumulated_submission_time=4272.332302, global_step=5270, preemption_count=0, score=4272.332302, test/accuracy=0.133700, test/loss=4.689443, test/num_examples=10000, total_duration=4474.462612, train/accuracy=0.191738, train/loss=4.260013, validation/accuracy=0.179320, validation/loss=4.344619, validation/num_examples=50000
I0428 12:00:56.392019 139903862044416 logging_writer.py:48] [5300] global_step=5300, grad_norm=0.9632902145385742, loss=5.355140686035156
I0428 12:02:15.518362 139903945914112 logging_writer.py:48] [5400] global_step=5400, grad_norm=0.6605718731880188, loss=6.051990985870361
I0428 12:03:34.593559 139903862044416 logging_writer.py:48] [5500] global_step=5500, grad_norm=0.9214423894882202, loss=5.262107849121094
I0428 12:04:53.694269 139903945914112 logging_writer.py:48] [5600] global_step=5600, grad_norm=0.994556725025177, loss=5.059234619140625
I0428 12:06:12.808618 139903862044416 logging_writer.py:48] [5700] global_step=5700, grad_norm=0.7524349689483643, loss=6.025163173675537
I0428 12:07:29.255251 140139854550848 spec.py:298] Evaluating on the training split.
I0428 12:07:36.096443 140139854550848 spec.py:310] Evaluating on the validation split.
I0428 12:07:42.838362 140139854550848 spec.py:326] Evaluating on the test split.
I0428 12:07:44.581815 140139854550848 submission_runner.py:415] Time since start: 4910.25s, 	Step: 5798, 	{'train/accuracy': 0.23185546696186066, 'train/loss': 3.9212608337402344, 'validation/accuracy': 0.21381999552249908, 'validation/loss': 4.0400309562683105, 'validation/num_examples': 50000, 'test/accuracy': 0.15980000793933868, 'test/loss': 4.44034481048584, 'test/num_examples': 10000, 'score': 4692.7579889297485, 'total_duration': 4910.249724149704, 'accumulated_submission_time': 4692.7579889297485, 'accumulated_eval_time': 217.1131889820099, 'accumulated_logging_time': 0.3010697364807129}
I0428 12:07:44.594467 139903945914112 logging_writer.py:48] [5798] accumulated_eval_time=217.113189, accumulated_logging_time=0.301070, accumulated_submission_time=4692.757989, global_step=5798, preemption_count=0, score=4692.757989, test/accuracy=0.159800, test/loss=4.440345, test/num_examples=10000, total_duration=4910.249724, train/accuracy=0.231855, train/loss=3.921261, validation/accuracy=0.213820, validation/loss=4.040031, validation/num_examples=50000
I0428 12:07:47.639383 139903862044416 logging_writer.py:48] [5800] global_step=5800, grad_norm=0.8787105679512024, loss=5.459371089935303
I0428 12:09:07.407006 139903945914112 logging_writer.py:48] [5900] global_step=5900, grad_norm=0.8202006220817566, loss=4.999505519866943
I0428 12:10:26.494648 139903862044416 logging_writer.py:48] [6000] global_step=6000, grad_norm=0.7056155204772949, loss=6.429256439208984
I0428 12:11:45.544399 139903945914112 logging_writer.py:48] [6100] global_step=6100, grad_norm=0.8497123718261719, loss=5.583176136016846
I0428 12:13:04.580874 139903862044416 logging_writer.py:48] [6200] global_step=6200, grad_norm=0.8998796343803406, loss=5.223186016082764
I0428 12:14:23.628420 139903945914112 logging_writer.py:48] [6300] global_step=6300, grad_norm=0.8078016638755798, loss=5.209692478179932
I0428 12:14:44.676823 140139854550848 spec.py:298] Evaluating on the training split.
I0428 12:14:51.539760 140139854550848 spec.py:310] Evaluating on the validation split.
I0428 12:14:58.335350 140139854550848 spec.py:326] Evaluating on the test split.
I0428 12:15:00.067805 140139854550848 submission_runner.py:415] Time since start: 5345.74s, 	Step: 6328, 	{'train/accuracy': 0.25687500834465027, 'train/loss': 3.780136823654175, 'validation/accuracy': 0.23615999519824982, 'validation/loss': 3.8986923694610596, 'validation/num_examples': 50000, 'test/accuracy': 0.1819000095129013, 'test/loss': 4.325060844421387, 'test/num_examples': 10000, 'score': 5112.819319009781, 'total_duration': 5345.7357177734375, 'accumulated_submission_time': 5112.819319009781, 'accumulated_eval_time': 232.5041265487671, 'accumulated_logging_time': 0.3278629779815674}
I0428 12:15:00.082046 139903862044416 logging_writer.py:48] [6328] accumulated_eval_time=232.504127, accumulated_logging_time=0.327863, accumulated_submission_time=5112.819319, global_step=6328, preemption_count=0, score=5112.819319, test/accuracy=0.181900, test/loss=4.325061, test/num_examples=10000, total_duration=5345.735718, train/accuracy=0.256875, train/loss=3.780137, validation/accuracy=0.236160, validation/loss=3.898692, validation/num_examples=50000
I0428 12:15:58.410383 139903945914112 logging_writer.py:48] [6400] global_step=6400, grad_norm=0.8703824281692505, loss=4.956037998199463
I0428 12:17:17.441280 139903862044416 logging_writer.py:48] [6500] global_step=6500, grad_norm=0.6023485064506531, loss=6.302463531494141
I0428 12:18:36.498169 139903945914112 logging_writer.py:48] [6600] global_step=6600, grad_norm=0.8554379343986511, loss=5.145023822784424
I0428 12:19:55.503991 139903862044416 logging_writer.py:48] [6700] global_step=6700, grad_norm=0.8968065977096558, loss=5.466715335845947
I0428 12:21:14.642745 139903945914112 logging_writer.py:48] [6800] global_step=6800, grad_norm=0.6553545594215393, loss=5.642923355102539
I0428 12:22:00.168326 140139854550848 spec.py:298] Evaluating on the training split.
I0428 12:22:07.059530 140139854550848 spec.py:310] Evaluating on the validation split.
I0428 12:22:13.839496 140139854550848 spec.py:326] Evaluating on the test split.
I0428 12:22:15.564640 140139854550848 submission_runner.py:415] Time since start: 5781.23s, 	Step: 6859, 	{'train/accuracy': 0.2718749940395355, 'train/loss': 3.7162458896636963, 'validation/accuracy': 0.2526399791240692, 'validation/loss': 3.832369327545166, 'validation/num_examples': 50000, 'test/accuracy': 0.19470000267028809, 'test/loss': 4.258881092071533, 'test/num_examples': 10000, 'score': 5532.885047674179, 'total_duration': 5781.2325031757355, 'accumulated_submission_time': 5532.885047674179, 'accumulated_eval_time': 247.9003825187683, 'accumulated_logging_time': 0.3556487560272217}
I0428 12:22:15.582149 139903862044416 logging_writer.py:48] [6859] accumulated_eval_time=247.900383, accumulated_logging_time=0.355649, accumulated_submission_time=5532.885048, global_step=6859, preemption_count=0, score=5532.885048, test/accuracy=0.194700, test/loss=4.258881, test/num_examples=10000, total_duration=5781.232503, train/accuracy=0.271875, train/loss=3.716246, validation/accuracy=0.252640, validation/loss=3.832369, validation/num_examples=50000
I0428 12:22:48.927315 139903945914112 logging_writer.py:48] [6900] global_step=6900, grad_norm=0.8844313621520996, loss=5.128901958465576
I0428 12:24:08.006251 139903862044416 logging_writer.py:48] [7000] global_step=7000, grad_norm=1.2170442342758179, loss=4.880731582641602
I0428 12:25:27.086057 139903945914112 logging_writer.py:48] [7100] global_step=7100, grad_norm=0.9356507062911987, loss=4.793105125427246
I0428 12:26:46.171037 139903862044416 logging_writer.py:48] [7200] global_step=7200, grad_norm=0.6822567582130432, loss=5.237796783447266
I0428 12:28:05.170114 139903945914112 logging_writer.py:48] [7300] global_step=7300, grad_norm=0.8248090744018555, loss=4.772435188293457
I0428 12:29:15.983257 140139854550848 spec.py:298] Evaluating on the training split.
I0428 12:29:22.866722 140139854550848 spec.py:310] Evaluating on the validation split.
I0428 12:29:29.565140 140139854550848 spec.py:326] Evaluating on the test split.
I0428 12:29:31.312292 140139854550848 submission_runner.py:415] Time since start: 6216.98s, 	Step: 7391, 	{'train/accuracy': 0.29435545206069946, 'train/loss': 3.515049457550049, 'validation/accuracy': 0.2699599862098694, 'validation/loss': 3.643329381942749, 'validation/num_examples': 50000, 'test/accuracy': 0.20160001516342163, 'test/loss': 4.11616849899292, 'test/num_examples': 10000, 'score': 5953.2651352882385, 'total_duration': 6216.980197429657, 'accumulated_submission_time': 5953.2651352882385, 'accumulated_eval_time': 263.22939467430115, 'accumulated_logging_time': 0.38712024688720703}
I0428 12:29:31.329337 139903862044416 logging_writer.py:48] [7391] accumulated_eval_time=263.229395, accumulated_logging_time=0.387120, accumulated_submission_time=5953.265135, global_step=7391, preemption_count=0, score=5953.265135, test/accuracy=0.201600, test/loss=4.116168, test/num_examples=10000, total_duration=6216.980197, train/accuracy=0.294355, train/loss=3.515049, validation/accuracy=0.269960, validation/loss=3.643329, validation/num_examples=50000
I0428 12:29:42.134910 139903945914112 logging_writer.py:48] [7400] global_step=7400, grad_norm=0.6301780939102173, loss=5.839020252227783
I0428 12:31:01.139700 139903862044416 logging_writer.py:48] [7500] global_step=7500, grad_norm=0.9175655841827393, loss=4.892892360687256
I0428 12:32:20.179678 139903945914112 logging_writer.py:48] [7600] global_step=7600, grad_norm=0.6727931499481201, loss=6.0959792137146
I0428 12:33:39.208260 139903862044416 logging_writer.py:48] [7700] global_step=7700, grad_norm=0.7432932257652283, loss=5.468539237976074
I0428 12:34:58.335535 139903945914112 logging_writer.py:48] [7800] global_step=7800, grad_norm=0.5944316983222961, loss=6.18815279006958
I0428 12:36:17.401334 139903862044416 logging_writer.py:48] [7900] global_step=7900, grad_norm=0.6822085976600647, loss=5.514009952545166
I0428 12:36:32.128873 140139854550848 spec.py:298] Evaluating on the training split.
I0428 12:36:39.064430 140139854550848 spec.py:310] Evaluating on the validation split.
I0428 12:36:45.862362 140139854550848 spec.py:326] Evaluating on the test split.
I0428 12:36:47.590659 140139854550848 submission_runner.py:415] Time since start: 6653.26s, 	Step: 7920, 	{'train/accuracy': 0.3250390589237213, 'train/loss': 3.34314227104187, 'validation/accuracy': 0.3007799983024597, 'validation/loss': 3.472012758255005, 'validation/num_examples': 50000, 'test/accuracy': 0.23160001635551453, 'test/loss': 3.9504685401916504, 'test/num_examples': 10000, 'score': 6374.04229092598, 'total_duration': 6653.258536100388, 'accumulated_submission_time': 6374.04229092598, 'accumulated_eval_time': 278.6911153793335, 'accumulated_logging_time': 0.4194324016571045}
I0428 12:36:47.608171 139903945914112 logging_writer.py:48] [7920] accumulated_eval_time=278.691115, accumulated_logging_time=0.419432, accumulated_submission_time=6374.042291, global_step=7920, preemption_count=0, score=6374.042291, test/accuracy=0.231600, test/loss=3.950469, test/num_examples=10000, total_duration=6653.258536, train/accuracy=0.325039, train/loss=3.343142, validation/accuracy=0.300780, validation/loss=3.472013, validation/num_examples=50000
I0428 12:37:53.815032 139903862044416 logging_writer.py:48] [8000] global_step=8000, grad_norm=0.924498975276947, loss=4.655704021453857
I0428 12:39:12.877990 139903945914112 logging_writer.py:48] [8100] global_step=8100, grad_norm=0.7208709120750427, loss=5.092319488525391
I0428 12:40:31.937724 139903862044416 logging_writer.py:48] [8200] global_step=8200, grad_norm=0.7572299242019653, loss=4.709075927734375
I0428 12:41:50.977734 139903945914112 logging_writer.py:48] [8300] global_step=8300, grad_norm=0.8635203838348389, loss=4.529891490936279
I0428 12:43:10.065060 139903862044416 logging_writer.py:48] [8400] global_step=8400, grad_norm=0.8486396670341492, loss=4.666903495788574
I0428 12:43:47.701874 140139854550848 spec.py:298] Evaluating on the training split.
I0428 12:43:54.655156 140139854550848 spec.py:310] Evaluating on the validation split.
I0428 12:44:01.947102 140139854550848 spec.py:326] Evaluating on the test split.
I0428 12:44:03.681858 140139854550848 submission_runner.py:415] Time since start: 7089.35s, 	Step: 8449, 	{'train/accuracy': 0.3560546934604645, 'train/loss': 3.1021382808685303, 'validation/accuracy': 0.3172599971294403, 'validation/loss': 3.3010668754577637, 'validation/num_examples': 50000, 'test/accuracy': 0.24150000512599945, 'test/loss': 3.8180270195007324, 'test/num_examples': 10000, 'score': 6794.115318536758, 'total_duration': 7089.349767208099, 'accumulated_submission_time': 6794.115318536758, 'accumulated_eval_time': 294.67105293273926, 'accumulated_logging_time': 0.4504721164703369}
I0428 12:44:03.694825 139903945914112 logging_writer.py:48] [8449] accumulated_eval_time=294.671053, accumulated_logging_time=0.450472, accumulated_submission_time=6794.115319, global_step=8449, preemption_count=0, score=6794.115319, test/accuracy=0.241500, test/loss=3.818027, test/num_examples=10000, total_duration=7089.349767, train/accuracy=0.356055, train/loss=3.102138, validation/accuracy=0.317260, validation/loss=3.301067, validation/num_examples=50000
I0428 12:44:44.951218 139903862044416 logging_writer.py:48] [8500] global_step=8500, grad_norm=0.6597415208816528, loss=5.695535182952881
I0428 12:46:03.932260 139903945914112 logging_writer.py:48] [8600] global_step=8600, grad_norm=0.5535033345222473, loss=6.23028564453125
I0428 12:47:22.963576 139903862044416 logging_writer.py:48] [8700] global_step=8700, grad_norm=0.8277531862258911, loss=4.585055351257324
I0428 12:48:41.961123 139903945914112 logging_writer.py:48] [8800] global_step=8800, grad_norm=0.577483594417572, loss=6.200045108795166
I0428 12:50:00.934947 139903862044416 logging_writer.py:48] [8900] global_step=8900, grad_norm=0.6510366201400757, loss=5.6920952796936035
I0428 12:51:03.847622 140139854550848 spec.py:298] Evaluating on the training split.
I0428 12:51:10.840898 140139854550848 spec.py:310] Evaluating on the validation split.
I0428 12:51:18.657769 140139854550848 spec.py:326] Evaluating on the test split.
I0428 12:51:20.375217 140139854550848 submission_runner.py:415] Time since start: 7526.04s, 	Step: 8981, 	{'train/accuracy': 0.349433571100235, 'train/loss': 3.1157596111297607, 'validation/accuracy': 0.3248800039291382, 'validation/loss': 3.2564899921417236, 'validation/num_examples': 50000, 'test/accuracy': 0.24420000612735748, 'test/loss': 3.782517433166504, 'test/num_examples': 10000, 'score': 7214.247290611267, 'total_duration': 7526.043137311935, 'accumulated_submission_time': 7214.247290611267, 'accumulated_eval_time': 311.1986184120178, 'accumulated_logging_time': 0.47666311264038086}
I0428 12:51:20.388009 139903945914112 logging_writer.py:48] [8981] accumulated_eval_time=311.198618, accumulated_logging_time=0.476663, accumulated_submission_time=7214.247291, global_step=8981, preemption_count=0, score=7214.247291, test/accuracy=0.244200, test/loss=3.782517, test/num_examples=10000, total_duration=7526.043137, train/accuracy=0.349434, train/loss=3.115760, validation/accuracy=0.324880, validation/loss=3.256490, validation/num_examples=50000
I0428 12:51:36.295110 139903862044416 logging_writer.py:48] [9000] global_step=9000, grad_norm=0.5900624990463257, loss=5.6025261878967285
I0428 12:52:55.330170 139903945914112 logging_writer.py:48] [9100] global_step=9100, grad_norm=0.7545251250267029, loss=4.606634616851807
I0428 12:54:14.359462 139903862044416 logging_writer.py:48] [9200] global_step=9200, grad_norm=0.7815813422203064, loss=4.656162738800049
I0428 12:55:33.380642 139903945914112 logging_writer.py:48] [9300] global_step=9300, grad_norm=0.8352062702178955, loss=4.3876729011535645
I0428 12:56:52.398302 139903862044416 logging_writer.py:48] [9400] global_step=9400, grad_norm=0.7352144122123718, loss=4.657469749450684
I0428 12:58:11.463905 139903945914112 logging_writer.py:48] [9500] global_step=9500, grad_norm=0.6227561831474304, loss=5.500543117523193
I0428 12:58:20.651100 140139854550848 spec.py:298] Evaluating on the training split.
I0428 12:58:28.078750 140139854550848 spec.py:310] Evaluating on the validation split.
I0428 12:58:36.445462 140139854550848 spec.py:326] Evaluating on the test split.
I0428 12:58:38.176918 140139854550848 submission_runner.py:415] Time since start: 7963.84s, 	Step: 9513, 	{'train/accuracy': 0.3665820360183716, 'train/loss': 3.022933006286621, 'validation/accuracy': 0.34147998690605164, 'validation/loss': 3.1442012786865234, 'validation/num_examples': 50000, 'test/accuracy': 0.2647000253200531, 'test/loss': 3.6739513874053955, 'test/num_examples': 10000, 'score': 7634.493385314941, 'total_duration': 7963.844837188721, 'accumulated_submission_time': 7634.493385314941, 'accumulated_eval_time': 328.7243986129761, 'accumulated_logging_time': 0.49944138526916504}
I0428 12:58:38.190815 139903862044416 logging_writer.py:48] [9513] accumulated_eval_time=328.724399, accumulated_logging_time=0.499441, accumulated_submission_time=7634.493385, global_step=9513, preemption_count=0, score=7634.493385, test/accuracy=0.264700, test/loss=3.673951, test/num_examples=10000, total_duration=7963.844837, train/accuracy=0.366582, train/loss=3.022933, validation/accuracy=0.341480, validation/loss=3.144201, validation/num_examples=50000
I0428 12:59:47.821586 139903945914112 logging_writer.py:48] [9600] global_step=9600, grad_norm=0.7665290236473083, loss=4.418428421020508
I0428 13:01:06.866320 139903862044416 logging_writer.py:48] [9700] global_step=9700, grad_norm=0.6855709552764893, loss=4.290188312530518
I0428 13:02:25.901375 139903945914112 logging_writer.py:48] [9800] global_step=9800, grad_norm=0.5869098901748657, loss=5.3125176429748535
I0428 13:03:44.900073 139903862044416 logging_writer.py:48] [9900] global_step=9900, grad_norm=0.7958859205245972, loss=4.469958305358887
I0428 13:05:03.905153 139903945914112 logging_writer.py:48] [10000] global_step=10000, grad_norm=0.7714048027992249, loss=4.314134120941162
I0428 13:05:38.406306 140139854550848 spec.py:298] Evaluating on the training split.
I0428 13:05:46.153225 140139854550848 spec.py:310] Evaluating on the validation split.
I0428 13:05:55.240384 140139854550848 spec.py:326] Evaluating on the test split.
I0428 13:05:56.975856 140139854550848 submission_runner.py:415] Time since start: 8402.64s, 	Step: 10045, 	{'train/accuracy': 0.3947070240974426, 'train/loss': 2.9099371433258057, 'validation/accuracy': 0.3610199987888336, 'validation/loss': 3.0789377689361572, 'validation/num_examples': 50000, 'test/accuracy': 0.2766000032424927, 'test/loss': 3.6357946395874023, 'test/num_examples': 10000, 'score': 8054.689996957779, 'total_duration': 8402.643758535385, 'accumulated_submission_time': 8054.689996957779, 'accumulated_eval_time': 347.29389333724976, 'accumulated_logging_time': 0.5252082347869873}
I0428 13:05:56.988834 139903862044416 logging_writer.py:48] [10045] accumulated_eval_time=347.293893, accumulated_logging_time=0.525208, accumulated_submission_time=8054.689997, global_step=10045, preemption_count=0, score=8054.689997, test/accuracy=0.276600, test/loss=3.635795, test/num_examples=10000, total_duration=8402.643759, train/accuracy=0.394707, train/loss=2.909937, validation/accuracy=0.361020, validation/loss=3.078938, validation/num_examples=50000
I0428 13:06:41.324607 139903945914112 logging_writer.py:48] [10100] global_step=10100, grad_norm=0.7598172426223755, loss=4.225163459777832
I0428 13:08:00.370926 139903862044416 logging_writer.py:48] [10200] global_step=10200, grad_norm=0.7231917381286621, loss=4.369714736938477
I0428 13:09:19.425400 139903945914112 logging_writer.py:48] [10300] global_step=10300, grad_norm=0.642528235912323, loss=5.824397087097168
I0428 13:10:38.476084 139903862044416 logging_writer.py:48] [10400] global_step=10400, grad_norm=0.6226486563682556, loss=5.210792541503906
I0428 13:11:57.554423 139903945914112 logging_writer.py:48] [10500] global_step=10500, grad_norm=0.7615089416503906, loss=4.601657390594482
I0428 13:12:57.338857 140139854550848 spec.py:298] Evaluating on the training split.
I0428 13:13:05.478588 140139854550848 spec.py:310] Evaluating on the validation split.
I0428 13:13:14.255955 140139854550848 spec.py:326] Evaluating on the test split.
I0428 13:13:15.979022 140139854550848 submission_runner.py:415] Time since start: 8841.65s, 	Step: 10577, 	{'train/accuracy': 0.40474608540534973, 'train/loss': 2.79238224029541, 'validation/accuracy': 0.3785399794578552, 'validation/loss': 2.940905809402466, 'validation/num_examples': 50000, 'test/accuracy': 0.2896000146865845, 'test/loss': 3.5022192001342773, 'test/num_examples': 10000, 'score': 8475.020947217941, 'total_duration': 8841.646888494492, 'accumulated_submission_time': 8475.020947217941, 'accumulated_eval_time': 365.9339756965637, 'accumulated_logging_time': 0.5502102375030518}
I0428 13:13:15.996913 139903862044416 logging_writer.py:48] [10577] accumulated_eval_time=365.933976, accumulated_logging_time=0.550210, accumulated_submission_time=8475.020947, global_step=10577, preemption_count=0, score=8475.020947, test/accuracy=0.289600, test/loss=3.502219, test/num_examples=10000, total_duration=8841.646888, train/accuracy=0.404746, train/loss=2.792382, validation/accuracy=0.378540, validation/loss=2.940906, validation/num_examples=50000
I0428 13:13:35.048178 139903945914112 logging_writer.py:48] [10600] global_step=10600, grad_norm=0.7478089928627014, loss=4.254567623138428
I0428 13:14:54.099578 139903862044416 logging_writer.py:48] [10700] global_step=10700, grad_norm=0.5789763331413269, loss=5.847601890563965
I0428 13:16:13.111510 139903945914112 logging_writer.py:48] [10800] global_step=10800, grad_norm=0.5722125768661499, loss=6.02153205871582
I0428 13:17:32.187690 139903862044416 logging_writer.py:48] [10900] global_step=10900, grad_norm=0.7291260957717896, loss=4.457467555999756
I0428 13:18:51.271882 139903945914112 logging_writer.py:48] [11000] global_step=11000, grad_norm=0.7297141551971436, loss=4.345688819885254
I0428 13:20:10.331131 139903862044416 logging_writer.py:48] [11100] global_step=11100, grad_norm=0.8295730352401733, loss=4.2397332191467285
I0428 13:20:16.362224 140139854550848 spec.py:298] Evaluating on the training split.
I0428 13:20:24.604129 140139854550848 spec.py:310] Evaluating on the validation split.
I0428 13:20:33.524443 140139854550848 spec.py:326] Evaluating on the test split.
I0428 13:20:35.265069 140139854550848 submission_runner.py:415] Time since start: 9280.93s, 	Step: 11109, 	{'train/accuracy': 0.442695289850235, 'train/loss': 2.671494960784912, 'validation/accuracy': 0.3866399824619293, 'validation/loss': 2.9483296871185303, 'validation/num_examples': 50000, 'test/accuracy': 0.29750001430511475, 'test/loss': 3.4916672706604004, 'test/num_examples': 10000, 'score': 8895.366245031357, 'total_duration': 9280.932976484299, 'accumulated_submission_time': 8895.366245031357, 'accumulated_eval_time': 384.83676171302795, 'accumulated_logging_time': 0.580998420715332}
I0428 13:20:35.278664 139903945914112 logging_writer.py:48] [11109] accumulated_eval_time=384.836762, accumulated_logging_time=0.580998, accumulated_submission_time=8895.366245, global_step=11109, preemption_count=0, score=8895.366245, test/accuracy=0.297500, test/loss=3.491667, test/num_examples=10000, total_duration=9280.932976, train/accuracy=0.442695, train/loss=2.671495, validation/accuracy=0.386640, validation/loss=2.948330, validation/num_examples=50000
I0428 13:21:48.122397 139903862044416 logging_writer.py:48] [11200] global_step=11200, grad_norm=0.5581550002098083, loss=6.124242782592773
I0428 13:23:07.217127 139903945914112 logging_writer.py:48] [11300] global_step=11300, grad_norm=0.6182137131690979, loss=5.360969543457031
I0428 13:24:26.233872 139903862044416 logging_writer.py:48] [11400] global_step=11400, grad_norm=0.6480040550231934, loss=4.707091808319092
