I0418 11:27:17.611830 140594386749248 checkpoints.py:317] Saved checkpoint at /experiment_runs/timing_v3/timing_adamw/imagenet_vit_jax/trial_1/checkpoint_14376
I0418 11:27:17.636983 140594386749248 checkpoint_utils.py:240] Saved checkpoint to /experiment_runs/timing_v3/timing_adamw/imagenet_vit_jax/trial_1/checkpoint_14376.
I0418 11:27:27.474815 140415684564736 logging_writer.py:48] [14400] global_step=14400, grad_norm=0.6799523830413818, loss=3.8205971717834473
I0418 11:28:08.220292 140415676172032 logging_writer.py:48] [14500] global_step=14500, grad_norm=0.7668868899345398, loss=3.6988632678985596
I0418 11:28:49.890446 140415684564736 logging_writer.py:48] [14600] global_step=14600, grad_norm=0.7420541048049927, loss=3.873133659362793
I0418 11:29:31.651347 140415676172032 logging_writer.py:48] [14700] global_step=14700, grad_norm=0.7988373637199402, loss=4.273769855499268
I0418 11:30:13.465053 140415684564736 logging_writer.py:48] [14800] global_step=14800, grad_norm=0.7249255180358887, loss=4.7149763107299805
I0418 11:30:55.495383 140415676172032 logging_writer.py:48] [14900] global_step=14900, grad_norm=0.759160578250885, loss=3.7629261016845703
I0418 11:31:37.532723 140415684564736 logging_writer.py:48] [15000] global_step=15000, grad_norm=0.8808262944221497, loss=3.9336767196655273
I0418 11:32:19.063506 140415676172032 logging_writer.py:48] [15100] global_step=15100, grad_norm=0.7339217066764832, loss=5.642215728759766
I0418 11:33:00.838507 140415684564736 logging_writer.py:48] [15200] global_step=15200, grad_norm=0.5582462549209595, loss=5.578455448150635
I0418 11:33:42.913537 140415676172032 logging_writer.py:48] [15300] global_step=15300, grad_norm=0.6397860050201416, loss=5.438478946685791
I0418 11:34:17.953153 140594386749248 spec.py:298] Evaluating on the training split.
I0418 11:34:32.720193 140594386749248 spec.py:310] Evaluating on the validation split.
I0418 11:34:44.315379 140594386749248 spec.py:326] Evaluating on the test split.
I0418 11:34:45.982841 140594386749248 submission_runner.py:406] Time since start: 6806.36s, 	Step: 15385, 	{'train/accuracy': 0.515332043170929, 'train/loss': 2.1830995082855225, 'validation/accuracy': 0.47689998149871826, 'validation/loss': 2.3813555240631104, 'validation/num_examples': 50000, 'test/accuracy': 0.3725000321865082, 'test/loss': 3.0237486362457275, 'test/num_examples': 10000, 'score': 6354.821929931641, 'total_duration': 6806.355770349503, 'accumulated_submission_time': 6354.821929931641, 'accumulated_eval_time': 422.1128902435303, 'accumulated_logging_time': 29.076247930526733}
I0418 11:34:45.996087 140415684564736 logging_writer.py:48] [15385] accumulated_eval_time=422.112890, accumulated_logging_time=29.076248, accumulated_submission_time=6354.821930, global_step=15385, preemption_count=0, score=6354.821930, test/accuracy=0.372500, test/loss=3.023749, test/num_examples=10000, total_duration=6806.355770, train/accuracy=0.515332, train/loss=2.183100, validation/accuracy=0.476900, validation/loss=2.381356, validation/num_examples=50000
I0418 11:34:46.225986 140594386749248 checkpoints.py:356] Saving checkpoint at step: 15385
I0418 11:34:47.581380 140594386749248 checkpoints.py:317] Saved checkpoint at /experiment_runs/timing_v3/timing_adamw/imagenet_vit_jax/trial_1/checkpoint_15385
I0418 11:34:47.604074 140594386749248 checkpoint_utils.py:240] Saved checkpoint to /experiment_runs/timing_v3/timing_adamw/imagenet_vit_jax/trial_1/checkpoint_15385.
I0418 11:34:53.975381 140415676172032 logging_writer.py:48] [15400] global_step=15400, grad_norm=0.6895650029182434, loss=4.528477668762207
I0418 11:35:34.186939 140415667779328 logging_writer.py:48] [15500] global_step=15500, grad_norm=0.9160476922988892, loss=3.825139045715332
I0418 11:36:15.607367 140415676172032 logging_writer.py:48] [15600] global_step=15600, grad_norm=0.6878389120101929, loss=4.676087379455566
I0418 11:36:57.411103 140415667779328 logging_writer.py:48] [15700] global_step=15700, grad_norm=0.7164241075515747, loss=3.752324104309082
I0418 11:37:39.283143 140415676172032 logging_writer.py:48] [15800] global_step=15800, grad_norm=0.7248451709747314, loss=4.148309707641602
I0418 11:38:21.184422 140415667779328 logging_writer.py:48] [15900] global_step=15900, grad_norm=0.7253370881080627, loss=3.76108980178833
I0418 11:39:03.529360 140415676172032 logging_writer.py:48] [16000] global_step=16000, grad_norm=0.7253170013427734, loss=3.698211193084717
I0418 11:39:45.653321 140415667779328 logging_writer.py:48] [16100] global_step=16100, grad_norm=0.8462052345275879, loss=3.8678219318389893
I0418 11:40:27.697424 140415676172032 logging_writer.py:48] [16200] global_step=16200, grad_norm=0.6838630437850952, loss=5.39792537689209
I0418 11:41:09.813630 140415667779328 logging_writer.py:48] [16300] global_step=16300, grad_norm=0.6641739010810852, loss=5.436915397644043
I0418 11:41:47.631341 140594386749248 spec.py:298] Evaluating on the training split.
I0418 11:42:02.273569 140594386749248 spec.py:310] Evaluating on the validation split.
I0418 11:42:13.931608 140594386749248 spec.py:326] Evaluating on the test split.
I0418 11:42:15.593335 140594386749248 submission_runner.py:406] Time since start: 7255.97s, 	Step: 16392, 	{'train/accuracy': 0.5444530844688416, 'train/loss': 2.094566822052002, 'validation/accuracy': 0.5009799599647522, 'validation/loss': 2.3031516075134277, 'validation/num_examples': 50000, 'test/accuracy': 0.3856000304222107, 'test/loss': 2.942469596862793, 'test/num_examples': 10000, 'score': 6774.813853502274, 'total_duration': 7255.966229200363, 'accumulated_submission_time': 6774.813853502274, 'accumulated_eval_time': 450.0748815536499, 'accumulated_logging_time': 30.711421012878418}
I0418 11:42:15.611113 140415676172032 logging_writer.py:48] [16392] accumulated_eval_time=450.074882, accumulated_logging_time=30.711421, accumulated_submission_time=6774.813854, global_step=16392, preemption_count=0, score=6774.813854, test/accuracy=0.385600, test/loss=2.942470, test/num_examples=10000, total_duration=7255.966229, train/accuracy=0.544453, train/loss=2.094567, validation/accuracy=0.500980, validation/loss=2.303152, validation/num_examples=50000
I0418 11:42:15.861207 140594386749248 checkpoints.py:356] Saving checkpoint at step: 16392
I0418 11:42:17.247148 140594386749248 checkpoints.py:317] Saved checkpoint at /experiment_runs/timing_v3/timing_adamw/imagenet_vit_jax/trial_1/checkpoint_16392
I0418 11:42:17.273189 140594386749248 checkpoint_utils.py:240] Saved checkpoint to /experiment_runs/timing_v3/timing_adamw/imagenet_vit_jax/trial_1/checkpoint_16392.
I0418 11:42:20.894979 140415667779328 logging_writer.py:48] [16400] global_step=16400, grad_norm=0.7462964057922363, loss=3.5971426963806152
I0418 11:43:01.356634 140415659386624 logging_writer.py:48] [16500] global_step=16500, grad_norm=0.6202243566513062, loss=3.829643964767456
I0418 11:43:42.508817 140415667779328 logging_writer.py:48] [16600] global_step=16600, grad_norm=0.6961023211479187, loss=3.70025372505188
I0418 11:44:24.854291 140415659386624 logging_writer.py:48] [16700] global_step=16700, grad_norm=0.7040964961051941, loss=4.73097562789917
I0418 11:45:07.115814 140415667779328 logging_writer.py:48] [16800] global_step=16800, grad_norm=0.6747434735298157, loss=3.6010255813598633
I0418 11:45:48.615007 140415659386624 logging_writer.py:48] [16900] global_step=16900, grad_norm=0.7613457441329956, loss=3.727996826171875
I0418 11:46:30.631681 140415667779328 logging_writer.py:48] [17000] global_step=17000, grad_norm=0.6454277634620667, loss=3.6233575344085693
I0418 11:47:12.616970 140415659386624 logging_writer.py:48] [17100] global_step=17100, grad_norm=0.7786459922790527, loss=3.6736178398132324
I0418 11:47:54.077431 140415667779328 logging_writer.py:48] [17200] global_step=17200, grad_norm=0.8861302733421326, loss=3.907670497894287
I0418 11:48:36.098105 140415659386624 logging_writer.py:48] [17300] global_step=17300, grad_norm=0.7732353806495667, loss=4.435538291931152
I0418 11:49:17.478849 140594386749248 spec.py:298] Evaluating on the training split.
I0418 11:49:32.229228 140594386749248 spec.py:310] Evaluating on the validation split.
I0418 11:49:44.204463 140594386749248 spec.py:326] Evaluating on the test split.
I0418 11:49:45.858252 140594386749248 submission_runner.py:406] Time since start: 7706.23s, 	Step: 17400, 	{'train/accuracy': 0.5547851324081421, 'train/loss': 2.0698306560516357, 'validation/accuracy': 0.5034199953079224, 'validation/loss': 2.3168983459472656, 'validation/num_examples': 50000, 'test/accuracy': 0.39240002632141113, 'test/loss': 2.948770761489868, 'test/num_examples': 10000, 'score': 7194.995788812637, 'total_duration': 7706.231145620346, 'accumulated_submission_time': 7194.995788812637, 'accumulated_eval_time': 478.45423913002014, 'accumulated_logging_time': 32.393452882766724}
I0418 11:49:45.875887 140415667779328 logging_writer.py:48] [17400] accumulated_eval_time=478.454239, accumulated_logging_time=32.393453, accumulated_submission_time=7194.995789, global_step=17400, preemption_count=0, score=7194.995789, test/accuracy=0.392400, test/loss=2.948771, test/num_examples=10000, total_duration=7706.231146, train/accuracy=0.554785, train/loss=2.069831, validation/accuracy=0.503420, validation/loss=2.316898, validation/num_examples=50000
I0418 11:49:46.227014 140594386749248 checkpoints.py:356] Saving checkpoint at step: 17400
I0418 11:49:47.460439 140594386749248 checkpoints.py:317] Saved checkpoint at /experiment_runs/timing_v3/timing_adamw/imagenet_vit_jax/trial_1/checkpoint_17400
I0418 11:49:47.486129 140594386749248 checkpoint_utils.py:240] Saved checkpoint to /experiment_runs/timing_v3/timing_adamw/imagenet_vit_jax/trial_1/checkpoint_17400.
I0418 11:49:47.936379 140415659386624 logging_writer.py:48] [17400] global_step=17400, grad_norm=0.7504270672798157, loss=3.746273994445801
I0418 11:50:28.282310 140415650993920 logging_writer.py:48] [17500] global_step=17500, grad_norm=0.6516397595405579, loss=5.6253485679626465
I0418 11:51:10.671764 140415659386624 logging_writer.py:48] [17600] global_step=17600, grad_norm=0.6759956479072571, loss=5.7212395668029785
I0418 11:51:52.755047 140415650993920 logging_writer.py:48] [17700] global_step=17700, grad_norm=0.7183830142021179, loss=5.414825916290283
I0418 11:52:35.200271 140415659386624 logging_writer.py:48] [17800] global_step=17800, grad_norm=0.7112147808074951, loss=3.5380470752716064
I0418 11:53:17.444164 140415650993920 logging_writer.py:48] [17900] global_step=17900, grad_norm=0.6575517654418945, loss=4.183906555175781
I0418 11:53:59.624507 140415659386624 logging_writer.py:48] [18000] global_step=18000, grad_norm=0.7205820083618164, loss=3.6370160579681396
I0418 11:54:42.150597 140415650993920 logging_writer.py:48] [18100] global_step=18100, grad_norm=1.1530325412750244, loss=3.651909828186035
I0418 11:55:24.700152 140415659386624 logging_writer.py:48] [18200] global_step=18200, grad_norm=0.6970491409301758, loss=5.582296371459961
I0418 11:56:06.732530 140415650993920 logging_writer.py:48] [18300] global_step=18300, grad_norm=0.7153745293617249, loss=3.5205440521240234
I0418 11:56:48.137469 140415659386624 logging_writer.py:48] [18400] global_step=18400, grad_norm=0.7312636375427246, loss=3.590228319168091
I0418 11:56:48.154359 140594386749248 spec.py:298] Evaluating on the training split.
I0418 11:57:02.878897 140594386749248 spec.py:310] Evaluating on the validation split.
I0418 11:57:14.528593 140594386749248 spec.py:326] Evaluating on the test split.
I0418 11:57:16.189421 140594386749248 submission_runner.py:406] Time since start: 8156.56s, 	Step: 18401, 	{'train/accuracy': 0.570996105670929, 'train/loss': 1.9350695610046387, 'validation/accuracy': 0.5205000042915344, 'validation/loss': 2.1594789028167725, 'validation/num_examples': 50000, 'test/accuracy': 0.406000018119812, 'test/loss': 2.805384874343872, 'test/num_examples': 10000, 'score': 7615.640611171722, 'total_duration': 8156.562297105789, 'accumulated_submission_time': 7615.640611171722, 'accumulated_eval_time': 506.4892382621765, 'accumulated_logging_time': 34.02327847480774}
I0418 11:57:16.205519 140415650993920 logging_writer.py:48] [18401] accumulated_eval_time=506.489238, accumulated_logging_time=34.023278, accumulated_submission_time=7615.640611, global_step=18401, preemption_count=0, score=7615.640611, test/accuracy=0.406000, test/loss=2.805385, test/num_examples=10000, total_duration=8156.562297, train/accuracy=0.570996, train/loss=1.935070, validation/accuracy=0.520500, validation/loss=2.159479, validation/num_examples=50000
I0418 11:57:16.525203 140594386749248 checkpoints.py:356] Saving checkpoint at step: 18401
I0418 11:57:17.707159 140594386749248 checkpoints.py:317] Saved checkpoint at /experiment_runs/timing_v3/timing_adamw/imagenet_vit_jax/trial_1/checkpoint_18401
I0418 11:57:17.732208 140594386749248 checkpoint_utils.py:240] Saved checkpoint to /experiment_runs/timing_v3/timing_adamw/imagenet_vit_jax/trial_1/checkpoint_18401.
I0418 11:57:58.271286 140415659386624 logging_writer.py:48] [18500] global_step=18500, grad_norm=0.9123315215110779, loss=3.5421762466430664
I0418 11:58:40.374671 140415432914688 logging_writer.py:48] [18600] global_step=18600, grad_norm=0.8170792460441589, loss=3.5351974964141846
I0418 11:59:22.660255 140415659386624 logging_writer.py:48] [18700] global_step=18700, grad_norm=0.7492533326148987, loss=5.544139385223389
I0418 12:00:05.267841 140415432914688 logging_writer.py:48] [18800] global_step=18800, grad_norm=0.8072561025619507, loss=5.604240894317627
I0418 12:00:47.430165 140415659386624 logging_writer.py:48] [18900] global_step=18900, grad_norm=0.7392613291740417, loss=3.5912857055664062
I0418 12:01:29.477141 140415432914688 logging_writer.py:48] [19000] global_step=19000, grad_norm=0.7132847309112549, loss=4.233644962310791
I0418 12:02:11.745785 140415659386624 logging_writer.py:48] [19100] global_step=19100, grad_norm=0.735371470451355, loss=3.4996774196624756
I0418 12:02:53.830118 140415432914688 logging_writer.py:48] [19200] global_step=19200, grad_norm=0.7941368818283081, loss=3.882983922958374
I0418 12:03:35.580880 140415659386624 logging_writer.py:48] [19300] global_step=19300, grad_norm=0.7445778250694275, loss=5.285545349121094
I0418 12:04:17.545794 140415432914688 logging_writer.py:48] [19400] global_step=19400, grad_norm=0.8180149793624878, loss=5.268374443054199
I0418 12:04:18.162040 140594386749248 spec.py:298] Evaluating on the training split.
I0418 12:04:32.924476 140594386749248 spec.py:310] Evaluating on the validation split.
I0418 12:04:45.028584 140594386749248 spec.py:326] Evaluating on the test split.
I0418 12:04:46.675352 140594386749248 submission_runner.py:406] Time since start: 8607.05s, 	Step: 19403, 	{'train/accuracy': 0.579394519329071, 'train/loss': 1.8892959356307983, 'validation/accuracy': 0.5363999605178833, 'validation/loss': 2.0957555770874023, 'validation/num_examples': 50000, 'test/accuracy': 0.42190003395080566, 'test/loss': 2.741122245788574, 'test/num_examples': 10000, 'score': 8036.034633398056, 'total_duration': 8607.048247814178, 'accumulated_submission_time': 8036.034633398056, 'accumulated_eval_time': 535.0024814605713, 'accumulated_logging_time': 35.58020496368408}
I0418 12:04:46.688618 140415659386624 logging_writer.py:48] [19403] accumulated_eval_time=535.002481, accumulated_logging_time=35.580205, accumulated_submission_time=8036.034633, global_step=19403, preemption_count=0, score=8036.034633, test/accuracy=0.421900, test/loss=2.741122, test/num_examples=10000, total_duration=8607.048248, train/accuracy=0.579395, train/loss=1.889296, validation/accuracy=0.536400, validation/loss=2.095756, validation/num_examples=50000
I0418 12:04:46.979015 140594386749248 checkpoints.py:356] Saving checkpoint at step: 19403
I0418 12:04:48.338212 140594386749248 checkpoints.py:317] Saved checkpoint at /experiment_runs/timing_v3/timing_adamw/imagenet_vit_jax/trial_1/checkpoint_19403
I0418 12:04:48.360457 140594386749248 checkpoint_utils.py:240] Saved checkpoint to /experiment_runs/timing_v3/timing_adamw/imagenet_vit_jax/trial_1/checkpoint_19403.
I0418 12:05:27.976703 140415432914688 logging_writer.py:48] [19500] global_step=19500, grad_norm=0.7381958961486816, loss=4.247858047485352
I0418 12:06:09.653898 140415298696960 logging_writer.py:48] [19600] global_step=19600, grad_norm=0.7048362493515015, loss=5.119431018829346
I0418 12:06:51.385178 140415432914688 logging_writer.py:48] [19700] global_step=19700, grad_norm=0.8670447468757629, loss=5.618223190307617
I0418 12:07:33.124900 140415298696960 logging_writer.py:48] [19800] global_step=19800, grad_norm=0.8186945915222168, loss=3.5297701358795166
I0418 12:08:15.425964 140415432914688 logging_writer.py:48] [19900] global_step=19900, grad_norm=0.7189510464668274, loss=3.862180709838867
I0418 12:08:58.021742 140415298696960 logging_writer.py:48] [20000] global_step=20000, grad_norm=0.7322027087211609, loss=3.5104970932006836
I0418 12:09:40.889164 140415432914688 logging_writer.py:48] [20100] global_step=20100, grad_norm=0.6953067183494568, loss=4.5768914222717285
I0418 12:10:23.321008 140415298696960 logging_writer.py:48] [20200] global_step=20200, grad_norm=0.7837827205657959, loss=3.447388172149658
I0418 12:11:06.248899 140415432914688 logging_writer.py:48] [20300] global_step=20300, grad_norm=0.8811182379722595, loss=4.178904056549072
I0418 12:11:48.870771 140415298696960 logging_writer.py:48] [20400] global_step=20400, grad_norm=0.8849278092384338, loss=3.427457571029663
I0418 12:11:48.882460 140594386749248 spec.py:298] Evaluating on the training split.
I0418 12:12:04.627238 140594386749248 spec.py:310] Evaluating on the validation split.
I0418 12:12:15.831959 140594386749248 spec.py:326] Evaluating on the test split.
I0418 12:12:17.479645 140594386749248 submission_runner.py:406] Time since start: 9057.85s, 	Step: 20401, 	{'train/accuracy': 0.5851953029632568, 'train/loss': 1.8952921628952026, 'validation/accuracy': 0.5391600131988525, 'validation/loss': 2.1126699447631836, 'validation/num_examples': 50000, 'test/accuracy': 0.4239000082015991, 'test/loss': 2.756401538848877, 'test/num_examples': 10000, 'score': 8456.512947797775, 'total_duration': 9057.852578163147, 'accumulated_submission_time': 8456.512947797775, 'accumulated_eval_time': 563.599636554718, 'accumulated_logging_time': 37.28787803649902}
I0418 12:12:17.491450 140415432914688 logging_writer.py:48] [20401] accumulated_eval_time=563.599637, accumulated_logging_time=37.287878, accumulated_submission_time=8456.512948, global_step=20401, preemption_count=0, score=8456.512948, test/accuracy=0.423900, test/loss=2.756402, test/num_examples=10000, total_duration=9057.852578, train/accuracy=0.585195, train/loss=1.895292, validation/accuracy=0.539160, validation/loss=2.112670, validation/num_examples=50000
I0418 12:12:17.844128 140594386749248 checkpoints.py:356] Saving checkpoint at step: 20401
I0418 12:12:19.279981 140594386749248 checkpoints.py:317] Saved checkpoint at /experiment_runs/timing_v3/timing_adamw/imagenet_vit_jax/trial_1/checkpoint_20401
I0418 12:12:19.304696 140594386749248 checkpoint_utils.py:240] Saved checkpoint to /experiment_runs/timing_v3/timing_adamw/imagenet_vit_jax/trial_1/checkpoint_20401.
I0418 12:12:58.925780 140415298696960 logging_writer.py:48] [20500] global_step=20500, grad_norm=0.7198664546012878, loss=3.5104260444641113
I0418 12:13:39.937724 140415290304256 logging_writer.py:48] [20600] global_step=20600, grad_norm=0.6984850764274597, loss=3.7330551147460938
I0418 12:14:22.121813 140415298696960 logging_writer.py:48] [20700] global_step=20700, grad_norm=0.7508317232131958, loss=3.864095449447632
I0418 12:15:03.980864 140415290304256 logging_writer.py:48] [20800] global_step=20800, grad_norm=0.7977945804595947, loss=5.527156352996826
I0418 12:15:45.332528 140415298696960 logging_writer.py:48] [20900] global_step=20900, grad_norm=0.8041046261787415, loss=4.569491386413574
I0418 12:16:26.721926 140415290304256 logging_writer.py:48] [21000] global_step=21000, grad_norm=0.7271581888198853, loss=3.3647446632385254
I0418 12:17:08.188500 140415298696960 logging_writer.py:48] [21100] global_step=21100, grad_norm=0.7698672413825989, loss=3.8017661571502686
I0418 12:17:49.856726 140415290304256 logging_writer.py:48] [21200] global_step=21200, grad_norm=0.8487399220466614, loss=3.553617000579834
I0418 12:18:31.623715 140415298696960 logging_writer.py:48] [21300] global_step=21300, grad_norm=0.7124441862106323, loss=3.452834367752075
I0418 12:19:13.013430 140415290304256 logging_writer.py:48] [21400] global_step=21400, grad_norm=0.9431386590003967, loss=3.5295462608337402
I0418 12:19:19.671131 140594386749248 spec.py:298] Evaluating on the training split.
I0418 12:19:33.932512 140594386749248 spec.py:310] Evaluating on the validation split.
I0418 12:19:47.204286 140594386749248 spec.py:326] Evaluating on the test split.
I0418 12:19:48.861841 140594386749248 submission_runner.py:406] Time since start: 9509.23s, 	Step: 21418, 	{'train/accuracy': 0.6039062142372131, 'train/loss': 1.8064926862716675, 'validation/accuracy': 0.5517199635505676, 'validation/loss': 2.050670862197876, 'validation/num_examples': 50000, 'test/accuracy': 0.4300000071525574, 'test/loss': 2.685436487197876, 'test/num_examples': 10000, 'score': 8876.855148553848, 'total_duration': 9509.234711647034, 'accumulated_submission_time': 8876.855148553848, 'accumulated_eval_time': 592.7902672290802, 'accumulated_logging_time': 39.11472201347351}
I0418 12:19:48.873944 140415298696960 logging_writer.py:48] [21418] accumulated_eval_time=592.790267, accumulated_logging_time=39.114722, accumulated_submission_time=8876.855149, global_step=21418, preemption_count=0, score=8876.855149, test/accuracy=0.430000, test/loss=2.685436, test/num_examples=10000, total_duration=9509.234712, train/accuracy=0.603906, train/loss=1.806493, validation/accuracy=0.551720, validation/loss=2.050671, validation/num_examples=50000
I0418 12:19:49.198222 140594386749248 checkpoints.py:356] Saving checkpoint at step: 21418
I0418 12:19:50.459486 140594386749248 checkpoints.py:317] Saved checkpoint at /experiment_runs/timing_v3/timing_adamw/imagenet_vit_jax/trial_1/checkpoint_21418
I0418 12:19:50.484425 140594386749248 checkpoint_utils.py:240] Saved checkpoint to /experiment_runs/timing_v3/timing_adamw/imagenet_vit_jax/trial_1/checkpoint_21418.
I0418 12:20:24.053614 140415290304256 logging_writer.py:48] [21500] global_step=21500, grad_norm=0.7744508385658264, loss=5.373741149902344
I0418 12:21:06.179047 140415281911552 logging_writer.py:48] [21600] global_step=21600, grad_norm=0.7371376752853394, loss=3.828390598297119
I0418 12:21:48.937495 140415290304256 logging_writer.py:48] [21700] global_step=21700, grad_norm=0.8400676846504211, loss=3.4305596351623535
I0418 12:22:31.481520 140415281911552 logging_writer.py:48] [21800] global_step=21800, grad_norm=0.7747311592102051, loss=3.3621039390563965
I0418 12:23:14.357865 140415290304256 logging_writer.py:48] [21900] global_step=21900, grad_norm=0.8751242160797119, loss=3.4555904865264893
I0418 12:23:56.773755 140415281911552 logging_writer.py:48] [22000] global_step=22000, grad_norm=0.7233861684799194, loss=3.3707823753356934
I0418 12:24:39.920239 140415290304256 logging_writer.py:48] [22100] global_step=22100, grad_norm=0.8106979131698608, loss=3.9795243740081787
I0418 12:25:22.391138 140415281911552 logging_writer.py:48] [22200] global_step=22200, grad_norm=0.8769837617874146, loss=5.473164081573486
I0418 12:26:05.024027 140415290304256 logging_writer.py:48] [22300] global_step=22300, grad_norm=0.9685478806495667, loss=3.498202323913574
I0418 12:26:47.829027 140415281911552 logging_writer.py:48] [22400] global_step=22400, grad_norm=0.7135056853294373, loss=4.473172187805176
I0418 12:26:50.665303 140594386749248 spec.py:298] Evaluating on the training split.
I0418 12:27:05.031445 140594386749248 spec.py:310] Evaluating on the validation split.
I0418 12:27:17.901307 140594386749248 spec.py:326] Evaluating on the test split.
I0418 12:27:19.558934 140594386749248 submission_runner.py:406] Time since start: 9959.93s, 	Step: 22408, 	{'train/accuracy': 0.6345312595367432, 'train/loss': 1.6439292430877686, 'validation/accuracy': 0.5633599758148193, 'validation/loss': 1.9520474672317505, 'validation/num_examples': 50000, 'test/accuracy': 0.4455000162124634, 'test/loss': 2.6046109199523926, 'test/num_examples': 10000, 'score': 9296.99292564392, 'total_duration': 9959.93182516098, 'accumulated_submission_time': 9296.99292564392, 'accumulated_eval_time': 621.6838374137878, 'accumulated_logging_time': 40.75931668281555}
I0418 12:27:19.576259 140415290304256 logging_writer.py:48] [22408] accumulated_eval_time=621.683837, accumulated_logging_time=40.759317, accumulated_submission_time=9296.992926, global_step=22408, preemption_count=0, score=9296.992926, test/accuracy=0.445500, test/loss=2.604611, test/num_examples=10000, total_duration=9959.931825, train/accuracy=0.634531, train/loss=1.643929, validation/accuracy=0.563360, validation/loss=1.952047, validation/num_examples=50000
I0418 12:27:19.954711 140594386749248 checkpoints.py:356] Saving checkpoint at step: 22408
I0418 12:27:21.546457 140594386749248 checkpoints.py:317] Saved checkpoint at /experiment_runs/timing_v3/timing_adamw/imagenet_vit_jax/trial_1/checkpoint_22408
I0418 12:27:21.569009 140594386749248 checkpoint_utils.py:240] Saved checkpoint to /experiment_runs/timing_v3/timing_adamw/imagenet_vit_jax/trial_1/checkpoint_22408.
I0418 12:27:59.310853 140415281911552 logging_writer.py:48] [22500] global_step=22500, grad_norm=0.7763803601264954, loss=3.4247519969940186
I0418 12:28:42.482654 140415273518848 logging_writer.py:48] [22600] global_step=22600, grad_norm=0.6958773732185364, loss=4.674846649169922
I0418 12:29:25.074859 140415281911552 logging_writer.py:48] [22700] global_step=22700, grad_norm=0.7317416071891785, loss=4.3478264808654785
I0418 12:30:08.269627 140415273518848 logging_writer.py:48] [22800] global_step=22800, grad_norm=0.7515689134597778, loss=3.3720507621765137
I0418 12:30:51.450527 140415281911552 logging_writer.py:48] [22900] global_step=22900, grad_norm=0.8443134427070618, loss=3.5785903930664062
I0418 12:31:34.090626 140415273518848 logging_writer.py:48] [23000] global_step=23000, grad_norm=0.81429523229599, loss=3.3274238109588623
I0418 12:32:16.940518 140415281911552 logging_writer.py:48] [23100] global_step=23100, grad_norm=0.7292974591255188, loss=3.456580400466919
I0418 12:32:59.809561 140415273518848 logging_writer.py:48] [23200] global_step=23200, grad_norm=0.7852213382720947, loss=3.499847888946533
I0418 12:33:42.764089 140415281911552 logging_writer.py:48] [23300] global_step=23300, grad_norm=0.7913111448287964, loss=3.315643787384033
I0418 12:34:21.612346 140594386749248 spec.py:298] Evaluating on the training split.
I0418 12:34:36.598582 140594386749248 spec.py:310] Evaluating on the validation split.
I0418 12:34:47.953266 140594386749248 spec.py:326] Evaluating on the test split.
I0418 12:34:49.651123 140594386749248 submission_runner.py:406] Time since start: 10410.02s, 	Step: 23392, 	{'train/accuracy': 0.6178515553474426, 'train/loss': 1.674094319343567, 'validation/accuracy': 0.5678200125694275, 'validation/loss': 1.909401774406433, 'validation/num_examples': 50000, 'test/accuracy': 0.4447000324726105, 'test/loss': 2.5869715213775635, 'test/num_examples': 10000, 'score': 9717.012940645218, 'total_duration': 10410.020280122757, 'accumulated_submission_time': 9717.012940645218, 'accumulated_eval_time': 649.7188606262207, 'accumulated_logging_time': 42.77150774002075}
I0418 12:34:49.672143 140415273518848 logging_writer.py:48] [23392] accumulated_eval_time=649.718861, accumulated_logging_time=42.771508, accumulated_submission_time=9717.012941, global_step=23392, preemption_count=0, score=9717.012941, test/accuracy=0.444700, test/loss=2.586972, test/num_examples=10000, total_duration=10410.020280, train/accuracy=0.617852, train/loss=1.674094, validation/accuracy=0.567820, validation/loss=1.909402, validation/num_examples=50000
I0418 12:34:50.064855 140594386749248 checkpoints.py:356] Saving checkpoint at step: 23392
I0418 12:34:51.429668 140594386749248 checkpoints.py:317] Saved checkpoint at /experiment_runs/timing_v3/timing_adamw/imagenet_vit_jax/trial_1/checkpoint_23392
I0418 12:34:51.453669 140594386749248 checkpoint_utils.py:240] Saved checkpoint to /experiment_runs/timing_v3/timing_adamw/imagenet_vit_jax/trial_1/checkpoint_23392.
I0418 12:34:55.097650 140415281911552 logging_writer.py:48] [23400] global_step=23400, grad_norm=0.8340893983840942, loss=4.870519161224365
I0418 12:35:36.662981 140415265126144 logging_writer.py:48] [23500] global_step=23500, grad_norm=0.8270310163497925, loss=3.57798433303833
I0418 12:36:20.218134 140415281911552 logging_writer.py:48] [23600] global_step=23600, grad_norm=0.7518652081489563, loss=5.337136745452881
I0418 12:37:03.906157 140415265126144 logging_writer.py:48] [23700] global_step=23700, grad_norm=0.7172554731369019, loss=4.045327663421631
I0418 12:37:47.581641 140415281911552 logging_writer.py:48] [23800] global_step=23800, grad_norm=0.8829793930053711, loss=4.36852502822876
I0418 12:38:31.566550 140415265126144 logging_writer.py:48] [23900] global_step=23900, grad_norm=0.892056405544281, loss=3.269070863723755
I0418 12:39:15.468801 140415281911552 logging_writer.py:48] [24000] global_step=24000, grad_norm=0.8095925450325012, loss=3.578766107559204
I0418 12:39:59.529569 140415265126144 logging_writer.py:48] [24100] global_step=24100, grad_norm=0.8270552158355713, loss=4.580968379974365
I0418 12:40:43.649844 140415281911552 logging_writer.py:48] [24200] global_step=24200, grad_norm=0.8663280010223389, loss=5.349320888519287
I0418 12:41:28.158932 140415265126144 logging_writer.py:48] [24300] global_step=24300, grad_norm=0.7774737477302551, loss=3.4226481914520264
I0418 12:41:51.478749 140594386749248 spec.py:298] Evaluating on the training split.
I0418 12:42:02.916645 140594386749248 spec.py:310] Evaluating on the validation split.
I0418 12:42:14.967881 140594386749248 spec.py:326] Evaluating on the test split.
I0418 12:42:16.647027 140594386749248 submission_runner.py:406] Time since start: 10857.02s, 	Step: 24354, 	{'train/accuracy': 0.6248242259025574, 'train/loss': 1.6561514139175415, 'validation/accuracy': 0.5770399570465088, 'validation/loss': 1.8987233638763428, 'validation/num_examples': 50000, 'test/accuracy': 0.4490000307559967, 'test/loss': 2.5611367225646973, 'test/num_examples': 10000, 'score': 10136.996198654175, 'total_duration': 10857.018958568573, 'accumulated_submission_time': 10136.996198654175, 'accumulated_eval_time': 674.8861167430878, 'accumulated_logging_time': 44.59566330909729}
I0418 12:42:16.658786 140415281911552 logging_writer.py:48] [24354] accumulated_eval_time=674.886117, accumulated_logging_time=44.595663, accumulated_submission_time=10136.996199, global_step=24354, preemption_count=0, score=10136.996199, test/accuracy=0.449000, test/loss=2.561137, test/num_examples=10000, total_duration=10857.018959, train/accuracy=0.624824, train/loss=1.656151, validation/accuracy=0.577040, validation/loss=1.898723, validation/num_examples=50000
I0418 12:42:16.981871 140594386749248 checkpoints.py:356] Saving checkpoint at step: 24354
I0418 12:42:18.398702 140594386749248 checkpoints.py:317] Saved checkpoint at /experiment_runs/timing_v3/timing_adamw/imagenet_vit_jax/trial_1/checkpoint_24354
I0418 12:42:18.427535 140594386749248 checkpoint_utils.py:240] Saved checkpoint to /experiment_runs/timing_v3/timing_adamw/imagenet_vit_jax/trial_1/checkpoint_24354.
I0418 12:42:36.855064 140415265126144 logging_writer.py:48] [24400] global_step=24400, grad_norm=0.9375609755516052, loss=5.266891956329346
I0418 12:43:17.757594 140415256733440 logging_writer.py:48] [24500] global_step=24500, grad_norm=0.8495734930038452, loss=4.096830368041992
I0418 12:43:59.385751 140415265126144 logging_writer.py:48] [24600] global_step=24600, grad_norm=0.8656476736068726, loss=3.2661325931549072
I0418 12:44:41.508700 140415256733440 logging_writer.py:48] [24700] global_step=24700, grad_norm=0.8492909073829651, loss=3.6350362300872803
I0418 12:45:23.821255 140415265126144 logging_writer.py:48] [24800] global_step=24800, grad_norm=0.8142034411430359, loss=3.852299690246582
I0418 12:46:05.114340 140415256733440 logging_writer.py:48] [24900] global_step=24900, grad_norm=0.9110063314437866, loss=5.515395164489746
I0418 12:46:46.926046 140415265126144 logging_writer.py:48] [25000] global_step=25000, grad_norm=0.8305524587631226, loss=3.273648262023926
I0418 12:47:29.390279 140415256733440 logging_writer.py:48] [25100] global_step=25100, grad_norm=0.8154972791671753, loss=3.3654000759124756
I0418 12:48:11.229812 140415265126144 logging_writer.py:48] [25200] global_step=25200, grad_norm=0.8033117055892944, loss=4.264766216278076
I0418 12:48:53.272797 140415256733440 logging_writer.py:48] [25300] global_step=25300, grad_norm=0.8406002521514893, loss=5.268914699554443
I0418 12:49:18.495175 140594386749248 spec.py:298] Evaluating on the training split.
I0418 12:49:29.023823 140594386749248 spec.py:310] Evaluating on the validation split.
I0418 12:49:41.641706 140594386749248 spec.py:326] Evaluating on the test split.
I0418 12:49:43.298513 140594386749248 submission_runner.py:406] Time since start: 11303.67s, 	Step: 25362, 	{'train/accuracy': 0.6364843845367432, 'train/loss': 1.6743377447128296, 'validation/accuracy': 0.5799799561500549, 'validation/loss': 1.9440792798995972, 'validation/num_examples': 50000, 'test/accuracy': 0.4593000113964081, 'test/loss': 2.5710415840148926, 'test/num_examples': 10000, 'score': 10557.040154218674, 'total_duration': 11303.67039680481, 'accumulated_submission_time': 10557.040154218674, 'accumulated_eval_time': 699.6883912086487, 'accumulated_logging_time': 46.37833523750305}
I0418 12:49:43.316908 140415265126144 logging_writer.py:48] [25362] accumulated_eval_time=699.688391, accumulated_logging_time=46.378335, accumulated_submission_time=10557.040154, global_step=25362, preemption_count=0, score=10557.040154, test/accuracy=0.459300, test/loss=2.571042, test/num_examples=10000, total_duration=11303.670397, train/accuracy=0.636484, train/loss=1.674338, validation/accuracy=0.579980, validation/loss=1.944079, validation/num_examples=50000
I0418 12:49:43.661407 140594386749248 checkpoints.py:356] Saving checkpoint at step: 25362
I0418 12:49:44.981191 140594386749248 checkpoints.py:317] Saved checkpoint at /experiment_runs/timing_v3/timing_adamw/imagenet_vit_jax/trial_1/checkpoint_25362
I0418 12:49:45.009670 140594386749248 checkpoint_utils.py:240] Saved checkpoint to /experiment_runs/timing_v3/timing_adamw/imagenet_vit_jax/trial_1/checkpoint_25362.
I0418 12:50:00.360628 140415256733440 logging_writer.py:48] [25400] global_step=25400, grad_norm=0.8065295815467834, loss=5.375559329986572
I0418 12:50:41.530663 140415248340736 logging_writer.py:48] [25500] global_step=25500, grad_norm=0.8999052047729492, loss=3.2511537075042725
I0418 12:51:23.416275 140415256733440 logging_writer.py:48] [25600] global_step=25600, grad_norm=0.8621553182601929, loss=3.3557181358337402
I0418 12:52:05.412667 140415248340736 logging_writer.py:48] [25700] global_step=25700, grad_norm=0.8594373464584351, loss=3.234553337097168
I0418 12:52:47.284249 140415256733440 logging_writer.py:48] [25800] global_step=25800, grad_norm=0.7815058827400208, loss=3.3947699069976807
I0418 12:53:28.993391 140415248340736 logging_writer.py:48] [25900] global_step=25900, grad_norm=0.780931293964386, loss=3.2673919200897217
I0418 12:54:10.824174 140415256733440 logging_writer.py:48] [26000] global_step=26000, grad_norm=0.8410699963569641, loss=4.542697429656982
I0418 12:54:52.998708 140415248340736 logging_writer.py:48] [26100] global_step=26100, grad_norm=0.9820378422737122, loss=5.3886542320251465
I0418 12:55:35.679734 140415256733440 logging_writer.py:48] [26200] global_step=26200, grad_norm=0.8018196225166321, loss=3.2319700717926025
I0418 12:56:17.994140 140415248340736 logging_writer.py:48] [26300] global_step=26300, grad_norm=0.859155535697937, loss=3.2185418605804443
I0418 12:56:45.219613 140594386749248 spec.py:298] Evaluating on the training split.
I0418 12:56:55.897853 140594386749248 spec.py:310] Evaluating on the validation split.
I0418 12:57:08.402917 140594386749248 spec.py:326] Evaluating on the test split.
I0418 12:57:10.058655 140594386749248 submission_runner.py:406] Time since start: 11750.43s, 	Step: 26367, 	{'train/accuracy': 0.6668944954872131, 'train/loss': 1.481590747833252, 'validation/accuracy': 0.5948399901390076, 'validation/loss': 1.8130745887756348, 'validation/num_examples': 50000, 'test/accuracy': 0.4693000316619873, 'test/loss': 2.467430591583252, 'test/num_examples': 10000, 'score': 10977.226530790329, 'total_duration': 11750.430648803711, 'accumulated_submission_time': 10977.226530790329, 'accumulated_eval_time': 724.5264637470245, 'accumulated_logging_time': 48.09145903587341}
I0418 12:57:10.070855 140415256733440 logging_writer.py:48] [26367] accumulated_eval_time=724.526464, accumulated_logging_time=48.091459, accumulated_submission_time=10977.226531, global_step=26367, preemption_count=0, score=10977.226531, test/accuracy=0.469300, test/loss=2.467431, test/num_examples=10000, total_duration=11750.430649, train/accuracy=0.666894, train/loss=1.481591, validation/accuracy=0.594840, validation/loss=1.813075, validation/num_examples=50000
I0418 12:57:10.436108 140594386749248 checkpoints.py:356] Saving checkpoint at step: 26367
I0418 12:57:11.694172 140594386749248 checkpoints.py:317] Saved checkpoint at /experiment_runs/timing_v3/timing_adamw/imagenet_vit_jax/trial_1/checkpoint_26367
I0418 12:57:11.720094 140594386749248 checkpoint_utils.py:240] Saved checkpoint to /experiment_runs/timing_v3/timing_adamw/imagenet_vit_jax/trial_1/checkpoint_26367.
I0418 12:57:25.035409 140415248340736 logging_writer.py:48] [26400] global_step=26400, grad_norm=0.8466137051582336, loss=3.35366153717041
I0418 12:58:06.210099 140415164479232 logging_writer.py:48] [26500] global_step=26500, grad_norm=0.850753128528595, loss=3.9945430755615234
I0418 12:58:48.921607 140415248340736 logging_writer.py:48] [26600] global_step=26600, grad_norm=0.8771337866783142, loss=3.1825714111328125
I0418 12:59:31.208513 140415164479232 logging_writer.py:48] [26700] global_step=26700, grad_norm=0.9619717597961426, loss=5.235907554626465
I0418 13:00:13.847205 140415248340736 logging_writer.py:48] [26800] global_step=26800, grad_norm=0.8602923154830933, loss=3.2806577682495117
I0418 13:00:56.342294 140415164479232 logging_writer.py:48] [26900] global_step=26900, grad_norm=0.8962473273277283, loss=5.226428985595703
I0418 13:01:38.642091 140415248340736 logging_writer.py:48] [27000] global_step=27000, grad_norm=0.848701000213623, loss=3.2050068378448486
I0418 13:02:21.478806 140415164479232 logging_writer.py:48] [27100] global_step=27100, grad_norm=0.8222070932388306, loss=3.172935962677002
I0418 13:03:03.763571 140415248340736 logging_writer.py:48] [27200] global_step=27200, grad_norm=0.7697533369064331, loss=3.15366530418396
I0418 13:03:46.061680 140415164479232 logging_writer.py:48] [27300] global_step=27300, grad_norm=0.8411555886268616, loss=3.567974090576172
I0418 13:04:12.154534 140594386749248 spec.py:298] Evaluating on the training split.
I0418 13:04:22.564112 140594386749248 spec.py:310] Evaluating on the validation split.
I0418 13:04:35.194445 140594386749248 spec.py:326] Evaluating on the test split.
I0418 13:04:36.843088 140594386749248 submission_runner.py:406] Time since start: 12197.22s, 	Step: 27363, 	{'train/accuracy': 0.6419531106948853, 'train/loss': 1.6507896184921265, 'validation/accuracy': 0.591759979724884, 'validation/loss': 1.871789813041687, 'validation/num_examples': 50000, 'test/accuracy': 0.46890002489089966, 'test/loss': 2.5002119541168213, 'test/num_examples': 10000, 'score': 11397.638077497482, 'total_duration': 12197.215053796768, 'accumulated_submission_time': 11397.638077497482, 'accumulated_eval_time': 749.2140369415283, 'accumulated_logging_time': 49.75471472740173}
I0418 13:04:36.854971 140415248340736 logging_writer.py:48] [27363] accumulated_eval_time=749.214037, accumulated_logging_time=49.754715, accumulated_submission_time=11397.638077, global_step=27363, preemption_count=0, score=11397.638077, test/accuracy=0.468900, test/loss=2.500212, test/num_examples=10000, total_duration=12197.215054, train/accuracy=0.641953, train/loss=1.650790, validation/accuracy=0.591760, validation/loss=1.871790, validation/num_examples=50000
I0418 13:04:37.228476 140594386749248 checkpoints.py:356] Saving checkpoint at step: 27363
I0418 13:04:38.484248 140594386749248 checkpoints.py:317] Saved checkpoint at /experiment_runs/timing_v3/timing_adamw/imagenet_vit_jax/trial_1/checkpoint_27363
I0418 13:04:38.509392 140594386749248 checkpoint_utils.py:240] Saved checkpoint to /experiment_runs/timing_v3/timing_adamw/imagenet_vit_jax/trial_1/checkpoint_27363.
I0418 13:04:53.475894 140415164479232 logging_writer.py:48] [27400] global_step=27400, grad_norm=0.8637791872024536, loss=3.2543725967407227
I0418 13:05:34.752232 140415156086528 logging_writer.py:48] [27500] global_step=27500, grad_norm=0.8872905373573303, loss=5.120014667510986
I0418 13:06:16.481988 140415164479232 logging_writer.py:48] [27600] global_step=27600, grad_norm=0.8195021152496338, loss=4.02731466293335
I0418 13:06:58.839805 140415156086528 logging_writer.py:48] [27700] global_step=27700, grad_norm=0.7922551035881042, loss=2.98230242729187
I0418 13:07:41.385226 140415164479232 logging_writer.py:48] [27800] global_step=27800, grad_norm=0.8151395320892334, loss=3.245840311050415
I0418 13:08:23.395057 140415156086528 logging_writer.py:48] [27900] global_step=27900, grad_norm=0.8185480237007141, loss=3.1307101249694824
I0418 13:09:05.098556 140594386749248 spec.py:298] Evaluating on the training split.
I0418 13:09:15.755203 140594386749248 spec.py:310] Evaluating on the validation split.
I0418 13:09:28.399703 140594386749248 spec.py:326] Evaluating on the test split.
I0418 13:09:30.048634 140594386749248 submission_runner.py:406] Time since start: 12490.42s, 	Step: 28000, 	{'train/accuracy': 0.6635351181030273, 'train/loss': 1.4752415418624878, 'validation/accuracy': 0.6047599911689758, 'validation/loss': 1.746179461479187, 'validation/num_examples': 50000, 'test/accuracy': 0.48180001974105835, 'test/loss': 2.3862826824188232, 'test/num_examples': 10000, 'score': 11664.211855649948, 'total_duration': 12490.420605182648, 'accumulated_submission_time': 11664.211855649948, 'accumulated_eval_time': 774.163138628006, 'accumulated_logging_time': 51.422988414764404}
I0418 13:09:30.064246 140415164479232 logging_writer.py:48] [28000] accumulated_eval_time=774.163139, accumulated_logging_time=51.422988, accumulated_submission_time=11664.211856, global_step=28000, preemption_count=0, score=11664.211856, test/accuracy=0.481800, test/loss=2.386283, test/num_examples=10000, total_duration=12490.420605, train/accuracy=0.663535, train/loss=1.475242, validation/accuracy=0.604760, validation/loss=1.746179, validation/num_examples=50000
I0418 13:09:30.340711 140594386749248 checkpoints.py:356] Saving checkpoint at step: 28000
I0418 13:09:31.742765 140594386749248 checkpoints.py:317] Saved checkpoint at /experiment_runs/timing_v3/timing_adamw/imagenet_vit_jax/trial_1/checkpoint_28000
I0418 13:09:31.769839 140594386749248 checkpoint_utils.py:240] Saved checkpoint to /experiment_runs/timing_v3/timing_adamw/imagenet_vit_jax/trial_1/checkpoint_28000.
I0418 13:09:31.806461 140415156086528 logging_writer.py:48] [28000] global_step=28000, preemption_count=0, score=11664.211856
I0418 13:09:32.082093 140594386749248 checkpoints.py:356] Saving checkpoint at step: 28000
I0418 13:09:33.223664 140594386749248 checkpoints.py:317] Saved checkpoint at /experiment_runs/timing_v3/timing_adamw/imagenet_vit_jax/trial_1/checkpoint_28000
I0418 13:09:33.245045 140594386749248 checkpoint_utils.py:240] Saved checkpoint to /experiment_runs/timing_v3/timing_adamw/imagenet_vit_jax/trial_1/checkpoint_28000.
I0418 13:09:34.239732 140594386749248 submission_runner.py:567] Tuning trial 1/1
I0418 13:09:34.240000 140594386749248 submission_runner.py:568] Hyperparameters: Hyperparameters(learning_rate=0.0019814680146414726, one_minus_beta1=0.22838767981804783, beta2=0.999, warmup_factor=0.05, weight_decay=0.010340635370188849, label_smoothing=0.1, dropout_rate=0.0)
