I0418 11:27:48.299430 139939736233792 checkpoint_utils.py:240] Saved checkpoint to /experiment_runs/timing_v3/timing_nadamw/imagenet_vit_jax/trial_1/checkpoint_14293.
I0418 11:27:51.546430 139761163405056 logging_writer.py:48] [14300] global_step=14300, grad_norm=0.6993311047554016, loss=5.586566925048828
I0418 11:28:32.053440 139761155012352 logging_writer.py:48] [14400] global_step=14400, grad_norm=0.8450883626937866, loss=3.706723928451538
I0418 11:29:13.542044 139761163405056 logging_writer.py:48] [14500] global_step=14500, grad_norm=0.8200289607048035, loss=3.6088316440582275
I0418 11:29:54.595009 139761155012352 logging_writer.py:48] [14600] global_step=14600, grad_norm=0.7782822251319885, loss=3.831437587738037
I0418 11:30:36.467033 139761163405056 logging_writer.py:48] [14700] global_step=14700, grad_norm=0.7425752282142639, loss=5.147786617279053
I0418 11:31:17.980111 139761155012352 logging_writer.py:48] [14800] global_step=14800, grad_norm=0.8190667033195496, loss=3.5789222717285156
I0418 11:31:59.276116 139761163405056 logging_writer.py:48] [14900] global_step=14900, grad_norm=0.6593498587608337, loss=4.925310134887695
I0418 11:32:41.343895 139761155012352 logging_writer.py:48] [15000] global_step=15000, grad_norm=0.9252262115478516, loss=3.703545570373535
I0418 11:33:23.605615 139761155012352 logging_writer.py:48] [15100] global_step=15100, grad_norm=0.8126091361045837, loss=3.9614648818969727
I0418 11:34:05.860365 139761163405056 logging_writer.py:48] [15200] global_step=15200, grad_norm=0.8353127241134644, loss=5.616647720336914
I0418 11:34:47.250407 139761155012352 logging_writer.py:48] [15300] global_step=15300, grad_norm=0.6804972290992737, loss=4.454814910888672
I0418 11:34:48.727169 139939736233792 spec.py:298] Evaluating on the training split.
I0418 11:35:03.127566 139939736233792 spec.py:310] Evaluating on the validation split.
I0418 11:35:14.535734 139939736233792 spec.py:326] Evaluating on the test split.
I0418 11:35:16.202473 139939736233792 submission_runner.py:406] Time since start: 6795.46s, 	Step: 15305, 	{'train/accuracy': 0.5626562237739563, 'train/loss': 2.003962278366089, 'validation/accuracy': 0.5169999599456787, 'validation/loss': 2.209202289581299, 'validation/num_examples': 50000, 'test/accuracy': 0.406000018119812, 'test/loss': 2.8362109661102295, 'test/num_examples': 10000, 'score': 6353.042263746262, 'total_duration': 6795.4559025764465, 'accumulated_submission_time': 6353.042263746262, 'accumulated_eval_time': 413.41479110717773, 'accumulated_logging_time': 28.689209699630737}
I0418 11:35:16.217524 139761163405056 logging_writer.py:48] [15305] accumulated_eval_time=413.414791, accumulated_logging_time=28.689210, accumulated_submission_time=6353.042264, global_step=15305, preemption_count=0, score=6353.042264, test/accuracy=0.406000, test/loss=2.836211, test/num_examples=10000, total_duration=6795.455903, train/accuracy=0.562656, train/loss=2.003962, validation/accuracy=0.517000, validation/loss=2.209202, validation/num_examples=50000
I0418 11:35:16.466696 139939736233792 checkpoints.py:356] Saving checkpoint at step: 15305
I0418 11:35:17.745238 139939736233792 checkpoints.py:317] Saved checkpoint at /experiment_runs/timing_v3/timing_nadamw/imagenet_vit_jax/trial_1/checkpoint_15305
I0418 11:35:17.767941 139939736233792 checkpoint_utils.py:240] Saved checkpoint to /experiment_runs/timing_v3/timing_nadamw/imagenet_vit_jax/trial_1/checkpoint_15305.
I0418 11:35:57.364921 139761155012352 logging_writer.py:48] [15400] global_step=15400, grad_norm=0.598120927810669, loss=4.573535919189453
I0418 11:36:41.171746 139761146619648 logging_writer.py:48] [15500] global_step=15500, grad_norm=0.7310177087783813, loss=4.691821098327637
I0418 11:37:25.511658 139761155012352 logging_writer.py:48] [15600] global_step=15600, grad_norm=0.6401336193084717, loss=4.958783149719238
I0418 11:38:09.176054 139761146619648 logging_writer.py:48] [15700] global_step=15700, grad_norm=0.781365692615509, loss=3.724715232849121
I0418 11:38:52.127966 139761155012352 logging_writer.py:48] [15800] global_step=15800, grad_norm=0.9297654032707214, loss=3.6037111282348633
I0418 11:39:35.377459 139761146619648 logging_writer.py:48] [15900] global_step=15900, grad_norm=0.8107181191444397, loss=3.5010204315185547
I0418 11:40:18.514517 139761155012352 logging_writer.py:48] [16000] global_step=16000, grad_norm=0.6125083565711975, loss=5.425868511199951
I0418 11:41:00.662192 139761146619648 logging_writer.py:48] [16100] global_step=16100, grad_norm=0.7878431081771851, loss=3.5349786281585693
I0418 11:41:43.416747 139761155012352 logging_writer.py:48] [16200] global_step=16200, grad_norm=0.8230640292167664, loss=3.4685845375061035
I0418 11:42:17.817605 139939736233792 spec.py:298] Evaluating on the training split.
I0418 11:42:31.940530 139939736233792 spec.py:310] Evaluating on the validation split.
I0418 11:42:43.640637 139939736233792 spec.py:326] Evaluating on the test split.
I0418 11:42:45.316177 139939736233792 submission_runner.py:406] Time since start: 7244.57s, 	Step: 16283, 	{'train/accuracy': 0.5830468535423279, 'train/loss': 1.8617783784866333, 'validation/accuracy': 0.5351600050926208, 'validation/loss': 2.094477653503418, 'validation/num_examples': 50000, 'test/accuracy': 0.415800005197525, 'test/loss': 2.7396042346954346, 'test/num_examples': 10000, 'score': 6773.071553230286, 'total_duration': 7244.5696222782135, 'accumulated_submission_time': 6773.071553230286, 'accumulated_eval_time': 440.913277387619, 'accumulated_logging_time': 30.25677728652954}
I0418 11:42:45.326950 139761146619648 logging_writer.py:48] [16283] accumulated_eval_time=440.913277, accumulated_logging_time=30.256777, accumulated_submission_time=6773.071553, global_step=16283, preemption_count=0, score=6773.071553, test/accuracy=0.415800, test/loss=2.739604, test/num_examples=10000, total_duration=7244.569622, train/accuracy=0.583047, train/loss=1.861778, validation/accuracy=0.535160, validation/loss=2.094478, validation/num_examples=50000
I0418 11:42:45.590255 139939736233792 checkpoints.py:356] Saving checkpoint at step: 16283
I0418 11:42:47.125902 139939736233792 checkpoints.py:317] Saved checkpoint at /experiment_runs/timing_v3/timing_nadamw/imagenet_vit_jax/trial_1/checkpoint_16283
I0418 11:42:47.149693 139939736233792 checkpoint_utils.py:240] Saved checkpoint to /experiment_runs/timing_v3/timing_nadamw/imagenet_vit_jax/trial_1/checkpoint_16283.
I0418 11:42:54.383727 139761155012352 logging_writer.py:48] [16300] global_step=16300, grad_norm=0.7639588713645935, loss=3.5207321643829346
I0418 11:43:34.830217 139761138226944 logging_writer.py:48] [16400] global_step=16400, grad_norm=0.745731770992279, loss=4.166392803192139
I0418 11:44:17.146129 139761155012352 logging_writer.py:48] [16500] global_step=16500, grad_norm=0.7998102903366089, loss=3.863138198852539
I0418 11:44:59.261062 139761138226944 logging_writer.py:48] [16600] global_step=16600, grad_norm=0.678361713886261, loss=5.358531475067139
I0418 11:45:40.552077 139761155012352 logging_writer.py:48] [16700] global_step=16700, grad_norm=0.8485138416290283, loss=3.4967737197875977
I0418 11:46:22.884285 139761138226944 logging_writer.py:48] [16800] global_step=16800, grad_norm=0.7765108346939087, loss=3.509082794189453
I0418 11:47:05.044704 139761155012352 logging_writer.py:48] [16900] global_step=16900, grad_norm=0.8087990283966064, loss=3.4781711101531982
I0418 11:47:47.718167 139761138226944 logging_writer.py:48] [17000] global_step=17000, grad_norm=0.7716208100318909, loss=3.4282655715942383
I0418 11:48:30.014821 139761155012352 logging_writer.py:48] [17100] global_step=17100, grad_norm=0.6914288997650146, loss=5.466123104095459
I0418 11:49:12.642940 139761138226944 logging_writer.py:48] [17200] global_step=17200, grad_norm=0.7619255185127258, loss=3.806586265563965
I0418 11:49:47.519830 139939736233792 spec.py:298] Evaluating on the training split.
I0418 11:50:01.570756 139939736233792 spec.py:310] Evaluating on the validation split.
I0418 11:50:13.496716 139939736233792 spec.py:326] Evaluating on the test split.
I0418 11:50:15.178055 139939736233792 submission_runner.py:406] Time since start: 7694.43s, 	Step: 17285, 	{'train/accuracy': 0.6036523580551147, 'train/loss': 1.7766649723052979, 'validation/accuracy': 0.5485000014305115, 'validation/loss': 2.0465567111968994, 'validation/num_examples': 50000, 'test/accuracy': 0.429500013589859, 'test/loss': 2.661457061767578, 'test/num_examples': 10000, 'score': 7193.4205141067505, 'total_duration': 7694.431536436081, 'accumulated_submission_time': 7193.4205141067505, 'accumulated_eval_time': 468.57150506973267, 'accumulated_logging_time': 32.09254240989685}
I0418 11:50:15.193930 139761155012352 logging_writer.py:48] [17285] accumulated_eval_time=468.571505, accumulated_logging_time=32.092542, accumulated_submission_time=7193.420514, global_step=17285, preemption_count=0, score=7193.420514, test/accuracy=0.429500, test/loss=2.661457, test/num_examples=10000, total_duration=7694.431536, train/accuracy=0.603652, train/loss=1.776665, validation/accuracy=0.548500, validation/loss=2.046557, validation/num_examples=50000
I0418 11:50:15.497808 139939736233792 checkpoints.py:356] Saving checkpoint at step: 17285
I0418 11:50:16.606713 139939736233792 checkpoints.py:317] Saved checkpoint at /experiment_runs/timing_v3/timing_nadamw/imagenet_vit_jax/trial_1/checkpoint_17285
I0418 11:50:16.625496 139939736233792 checkpoint_utils.py:240] Saved checkpoint to /experiment_runs/timing_v3/timing_nadamw/imagenet_vit_jax/trial_1/checkpoint_17285.
I0418 11:50:23.007886 139761138226944 logging_writer.py:48] [17300] global_step=17300, grad_norm=0.8099720478057861, loss=4.530252933502197
I0418 11:51:03.778634 139760584619776 logging_writer.py:48] [17400] global_step=17400, grad_norm=0.7684228420257568, loss=3.4497482776641846
I0418 11:51:45.536319 139761138226944 logging_writer.py:48] [17500] global_step=17500, grad_norm=0.7624390721321106, loss=5.678830146789551
I0418 11:52:28.311161 139760584619776 logging_writer.py:48] [17600] global_step=17600, grad_norm=0.8260082006454468, loss=3.486589193344116
I0418 11:53:10.549620 139761138226944 logging_writer.py:48] [17700] global_step=17700, grad_norm=0.7448384761810303, loss=4.119171142578125
I0418 11:53:53.247973 139760584619776 logging_writer.py:48] [17800] global_step=17800, grad_norm=0.7952879071235657, loss=5.581585884094238
I0418 11:54:35.241520 139761138226944 logging_writer.py:48] [17900] global_step=17900, grad_norm=0.7617729902267456, loss=3.4126193523406982
I0418 11:55:17.043327 139760584619776 logging_writer.py:48] [18000] global_step=18000, grad_norm=0.7741613388061523, loss=3.5163533687591553
I0418 11:55:58.935474 139761138226944 logging_writer.py:48] [18100] global_step=18100, grad_norm=0.8750457763671875, loss=3.553483724594116
I0418 11:56:40.999151 139760584619776 logging_writer.py:48] [18200] global_step=18200, grad_norm=0.7547769546508789, loss=3.82574200630188
I0418 11:57:17.007485 139939736233792 spec.py:298] Evaluating on the training split.
I0418 11:57:31.422096 139939736233792 spec.py:310] Evaluating on the validation split.
I0418 11:57:43.132168 139939736233792 spec.py:326] Evaluating on the test split.
I0418 11:57:44.803796 139939736233792 submission_runner.py:406] Time since start: 8144.06s, 	Step: 18287, 	{'train/accuracy': 0.6024023294448853, 'train/loss': 1.788543701171875, 'validation/accuracy': 0.558459997177124, 'validation/loss': 1.9851806163787842, 'validation/num_examples': 50000, 'test/accuracy': 0.4443000257015228, 'test/loss': 2.622553586959839, 'test/num_examples': 10000, 'score': 7613.782323598862, 'total_duration': 8144.057251691818, 'accumulated_submission_time': 7613.782323598862, 'accumulated_eval_time': 496.3677477836609, 'accumulated_logging_time': 33.541542291641235}
I0418 11:57:44.820075 139761138226944 logging_writer.py:48] [18287] accumulated_eval_time=496.367748, accumulated_logging_time=33.541542, accumulated_submission_time=7613.782324, global_step=18287, preemption_count=0, score=7613.782324, test/accuracy=0.444300, test/loss=2.622554, test/num_examples=10000, total_duration=8144.057252, train/accuracy=0.602402, train/loss=1.788544, validation/accuracy=0.558460, validation/loss=1.985181, validation/num_examples=50000
I0418 11:57:45.087466 139939736233792 checkpoints.py:356] Saving checkpoint at step: 18287
I0418 11:57:46.241668 139939736233792 checkpoints.py:317] Saved checkpoint at /experiment_runs/timing_v3/timing_nadamw/imagenet_vit_jax/trial_1/checkpoint_18287
I0418 11:57:46.260610 139939736233792 checkpoint_utils.py:240] Saved checkpoint to /experiment_runs/timing_v3/timing_nadamw/imagenet_vit_jax/trial_1/checkpoint_18287.
I0418 11:57:51.998409 139760584619776 logging_writer.py:48] [18300] global_step=18300, grad_norm=0.8723897933959961, loss=3.3306241035461426
I0418 11:58:33.583289 139760576227072 logging_writer.py:48] [18400] global_step=18400, grad_norm=0.8976244926452637, loss=3.4242711067199707
I0418 11:59:16.859620 139760584619776 logging_writer.py:48] [18500] global_step=18500, grad_norm=0.811347484588623, loss=3.2278642654418945
I0418 11:59:59.579661 139760576227072 logging_writer.py:48] [18600] global_step=18600, grad_norm=0.8909255266189575, loss=5.546659469604492
I0418 12:00:42.308549 139760584619776 logging_writer.py:48] [18700] global_step=18700, grad_norm=0.7854166626930237, loss=3.279421091079712
I0418 12:01:25.981286 139760576227072 logging_writer.py:48] [18800] global_step=18800, grad_norm=0.7384276986122131, loss=3.4645793437957764
I0418 12:02:08.657964 139760584619776 logging_writer.py:48] [18900] global_step=18900, grad_norm=0.9143631458282471, loss=3.3331785202026367
I0418 12:02:52.080035 139760576227072 logging_writer.py:48] [19000] global_step=19000, grad_norm=0.8131177425384521, loss=3.5161008834838867
I0418 12:03:35.301991 139760584619776 logging_writer.py:48] [19100] global_step=19100, grad_norm=0.7301047444343567, loss=3.3571460247039795
I0418 12:04:18.607823 139760576227072 logging_writer.py:48] [19200] global_step=19200, grad_norm=0.9747143387794495, loss=5.5632123947143555
I0418 12:04:46.443119 139939736233792 spec.py:298] Evaluating on the training split.
I0418 12:05:00.603478 139939736233792 spec.py:310] Evaluating on the validation split.
I0418 12:05:12.694237 139939736233792 spec.py:326] Evaluating on the test split.
I0418 12:05:14.367100 139939736233792 submission_runner.py:406] Time since start: 8593.62s, 	Step: 19266, 	{'train/accuracy': 0.6140429377555847, 'train/loss': 1.740160584449768, 'validation/accuracy': 0.5695799589157104, 'validation/loss': 1.9441649913787842, 'validation/num_examples': 50000, 'test/accuracy': 0.4483000338077545, 'test/loss': 2.5798985958099365, 'test/num_examples': 10000, 'score': 8033.945492267609, 'total_duration': 8593.620598554611, 'accumulated_submission_time': 8033.945492267609, 'accumulated_eval_time': 524.2917003631592, 'accumulated_logging_time': 34.99981355667114}
I0418 12:05:14.381536 139760584619776 logging_writer.py:48] [19266] accumulated_eval_time=524.291700, accumulated_logging_time=34.999814, accumulated_submission_time=8033.945492, global_step=19266, preemption_count=0, score=8033.945492, test/accuracy=0.448300, test/loss=2.579899, test/num_examples=10000, total_duration=8593.620599, train/accuracy=0.614043, train/loss=1.740161, validation/accuracy=0.569580, validation/loss=1.944165, validation/num_examples=50000
I0418 12:05:14.689111 139939736233792 checkpoints.py:356] Saving checkpoint at step: 19266
I0418 12:05:16.077904 139939736233792 checkpoints.py:317] Saved checkpoint at /experiment_runs/timing_v3/timing_nadamw/imagenet_vit_jax/trial_1/checkpoint_19266
I0418 12:05:16.099790 139939736233792 checkpoint_utils.py:240] Saved checkpoint to /experiment_runs/timing_v3/timing_nadamw/imagenet_vit_jax/trial_1/checkpoint_19266.
I0418 12:05:30.068051 139760576227072 logging_writer.py:48] [19300] global_step=19300, grad_norm=0.8048025369644165, loss=3.35064959526062
I0418 12:06:11.505012 139760223880960 logging_writer.py:48] [19400] global_step=19400, grad_norm=0.8660451173782349, loss=5.307845115661621
I0418 12:06:53.474766 139760576227072 logging_writer.py:48] [19500] global_step=19500, grad_norm=0.7809029817581177, loss=4.177374839782715
I0418 12:07:35.019879 139760223880960 logging_writer.py:48] [19600] global_step=19600, grad_norm=0.7812094688415527, loss=5.444720268249512
I0418 12:08:17.225073 139760576227072 logging_writer.py:48] [19700] global_step=19700, grad_norm=0.7863314151763916, loss=3.319488048553467
I0418 12:08:59.666953 139760223880960 logging_writer.py:48] [19800] global_step=19800, grad_norm=0.7882909774780273, loss=3.763638734817505
I0418 12:09:41.743708 139760576227072 logging_writer.py:48] [19900] global_step=19900, grad_norm=0.8442457318305969, loss=3.3668131828308105
I0418 12:10:23.641731 139760223880960 logging_writer.py:48] [20000] global_step=20000, grad_norm=0.8311794400215149, loss=3.6795804500579834
I0418 12:11:05.803843 139760576227072 logging_writer.py:48] [20100] global_step=20100, grad_norm=0.7847453951835632, loss=3.383596420288086
I0418 12:11:48.248099 139760223880960 logging_writer.py:48] [20200] global_step=20200, grad_norm=0.7313625812530518, loss=3.9576478004455566
I0418 12:12:16.464126 139939736233792 spec.py:298] Evaluating on the training split.
I0418 12:12:30.594698 139939736233792 spec.py:310] Evaluating on the validation split.
I0418 12:12:42.800202 139939736233792 spec.py:326] Evaluating on the test split.
I0418 12:12:44.499384 139939736233792 submission_runner.py:406] Time since start: 9043.75s, 	Step: 20269, 	{'train/accuracy': 0.6289452910423279, 'train/loss': 1.6494953632354736, 'validation/accuracy': 0.5806800127029419, 'validation/loss': 1.8796662092208862, 'validation/num_examples': 50000, 'test/accuracy': 0.4617000222206116, 'test/loss': 2.516413688659668, 'test/num_examples': 10000, 'score': 8454.288666248322, 'total_duration': 9043.752842664719, 'accumulated_submission_time': 8454.288666248322, 'accumulated_eval_time': 552.3268949985504, 'accumulated_logging_time': 36.73433494567871}
I0418 12:12:44.512321 139760576227072 logging_writer.py:48] [20269] accumulated_eval_time=552.326895, accumulated_logging_time=36.734335, accumulated_submission_time=8454.288666, global_step=20269, preemption_count=0, score=8454.288666, test/accuracy=0.461700, test/loss=2.516414, test/num_examples=10000, total_duration=9043.752843, train/accuracy=0.628945, train/loss=1.649495, validation/accuracy=0.580680, validation/loss=1.879666, validation/num_examples=50000
I0418 12:12:44.786275 139939736233792 checkpoints.py:356] Saving checkpoint at step: 20269
I0418 12:12:46.060640 139939736233792 checkpoints.py:317] Saved checkpoint at /experiment_runs/timing_v3/timing_nadamw/imagenet_vit_jax/trial_1/checkpoint_20269
I0418 12:12:46.082314 139939736233792 checkpoint_utils.py:240] Saved checkpoint to /experiment_runs/timing_v3/timing_nadamw/imagenet_vit_jax/trial_1/checkpoint_20269.
I0418 12:12:58.858267 139760223880960 logging_writer.py:48] [20300] global_step=20300, grad_norm=0.7573755383491516, loss=3.1982102394104004
I0418 12:13:40.071523 139760215488256 logging_writer.py:48] [20400] global_step=20400, grad_norm=0.789730966091156, loss=3.5078861713409424
I0418 12:14:22.251716 139760223880960 logging_writer.py:48] [20500] global_step=20500, grad_norm=0.8087102770805359, loss=3.3871960639953613
I0418 12:15:05.243309 139760215488256 logging_writer.py:48] [20600] global_step=20600, grad_norm=0.7700287699699402, loss=4.4190239906311035
I0418 12:15:47.311252 139760223880960 logging_writer.py:48] [20700] global_step=20700, grad_norm=0.7400434017181396, loss=5.4519524574279785
I0418 12:16:29.432890 139760215488256 logging_writer.py:48] [20800] global_step=20800, grad_norm=0.7784456610679626, loss=4.237170219421387
I0418 12:17:11.223955 139760223880960 logging_writer.py:48] [20900] global_step=20900, grad_norm=0.7719853520393372, loss=5.046926975250244
I0418 12:17:53.691415 139760215488256 logging_writer.py:48] [21000] global_step=21000, grad_norm=0.8186051845550537, loss=3.2287421226501465
I0418 12:18:36.310314 139760223880960 logging_writer.py:48] [21100] global_step=21100, grad_norm=0.8133592009544373, loss=3.589731216430664
I0418 12:19:18.970520 139760215488256 logging_writer.py:48] [21200] global_step=21200, grad_norm=0.828995406627655, loss=3.7043044567108154
I0418 12:19:46.364976 139939736233792 spec.py:298] Evaluating on the training split.
I0418 12:20:01.375288 139939736233792 spec.py:310] Evaluating on the validation split.
I0418 12:20:13.429273 139939736233792 spec.py:326] Evaluating on the test split.
I0418 12:20:15.096187 139939736233792 submission_runner.py:406] Time since start: 9494.35s, 	Step: 21266, 	{'train/accuracy': 0.6465234160423279, 'train/loss': 1.5763294696807861, 'validation/accuracy': 0.5854200124740601, 'validation/loss': 1.866695761680603, 'validation/num_examples': 50000, 'test/accuracy': 0.4629000127315521, 'test/loss': 2.5001611709594727, 'test/num_examples': 10000, 'score': 8874.550342559814, 'total_duration': 9494.349689006805, 'accumulated_submission_time': 8874.550342559814, 'accumulated_eval_time': 581.058084487915, 'accumulated_logging_time': 38.319214820861816}
I0418 12:20:15.107459 139760223880960 logging_writer.py:48] [21266] accumulated_eval_time=581.058084, accumulated_logging_time=38.319215, accumulated_submission_time=8874.550343, global_step=21266, preemption_count=0, score=8874.550343, test/accuracy=0.462900, test/loss=2.500161, test/num_examples=10000, total_duration=9494.349689, train/accuracy=0.646523, train/loss=1.576329, validation/accuracy=0.585420, validation/loss=1.866696, validation/num_examples=50000
I0418 12:20:15.428213 139939736233792 checkpoints.py:356] Saving checkpoint at step: 21266
I0418 12:20:16.865817 139939736233792 checkpoints.py:317] Saved checkpoint at /experiment_runs/timing_v3/timing_nadamw/imagenet_vit_jax/trial_1/checkpoint_21266
I0418 12:20:16.892592 139939736233792 checkpoint_utils.py:240] Saved checkpoint to /experiment_runs/timing_v3/timing_nadamw/imagenet_vit_jax/trial_1/checkpoint_21266.
I0418 12:20:30.808810 139760215488256 logging_writer.py:48] [21300] global_step=21300, grad_norm=0.8710311055183411, loss=3.6530964374542236
I0418 12:21:11.134711 139760207095552 logging_writer.py:48] [21400] global_step=21400, grad_norm=0.8143882155418396, loss=3.6136248111724854
I0418 12:21:52.784078 139760215488256 logging_writer.py:48] [21500] global_step=21500, grad_norm=0.8460517525672913, loss=3.3301165103912354
I0418 12:22:34.961037 139760207095552 logging_writer.py:48] [21600] global_step=21600, grad_norm=0.8428391814231873, loss=4.049044609069824
I0418 12:23:16.754383 139760215488256 logging_writer.py:48] [21700] global_step=21700, grad_norm=0.8336238265037537, loss=3.581268310546875
I0418 12:23:59.273029 139760207095552 logging_writer.py:48] [21800] global_step=21800, grad_norm=0.942585289478302, loss=3.242361545562744
I0418 12:24:40.817873 139760215488256 logging_writer.py:48] [21900] global_step=21900, grad_norm=0.846311628818512, loss=3.2894885540008545
I0418 12:25:22.616201 139760207095552 logging_writer.py:48] [22000] global_step=22000, grad_norm=0.7910085916519165, loss=5.005746841430664
I0418 12:26:04.022479 139760215488256 logging_writer.py:48] [22100] global_step=22100, grad_norm=0.921306848526001, loss=3.2309179306030273
I0418 12:26:46.023211 139760207095552 logging_writer.py:48] [22200] global_step=22200, grad_norm=0.833881139755249, loss=4.2110819816589355
I0418 12:27:17.076871 139939736233792 spec.py:298] Evaluating on the training split.
I0418 12:27:31.779256 139939736233792 spec.py:310] Evaluating on the validation split.
I0418 12:27:43.896826 139939736233792 spec.py:326] Evaluating on the test split.
I0418 12:27:45.577619 139939736233792 submission_runner.py:406] Time since start: 9944.83s, 	Step: 22277, 	{'train/accuracy': 0.6388476490974426, 'train/loss': 1.597163200378418, 'validation/accuracy': 0.5904399752616882, 'validation/loss': 1.8202325105667114, 'validation/num_examples': 50000, 'test/accuracy': 0.4734000265598297, 'test/loss': 2.453092336654663, 'test/num_examples': 10000, 'score': 9294.713446855545, 'total_duration': 9944.831125497818, 'accumulated_submission_time': 9294.713446855545, 'accumulated_eval_time': 609.5588173866272, 'accumulated_logging_time': 40.11748290061951}
I0418 12:27:45.592895 139760215488256 logging_writer.py:48] [22277] accumulated_eval_time=609.558817, accumulated_logging_time=40.117483, accumulated_submission_time=9294.713447, global_step=22277, preemption_count=0, score=9294.713447, test/accuracy=0.473400, test/loss=2.453092, test/num_examples=10000, total_duration=9944.831125, train/accuracy=0.638848, train/loss=1.597163, validation/accuracy=0.590440, validation/loss=1.820233, validation/num_examples=50000
I0418 12:27:45.963641 139939736233792 checkpoints.py:356] Saving checkpoint at step: 22277
I0418 12:27:47.307025 139939736233792 checkpoints.py:317] Saved checkpoint at /experiment_runs/timing_v3/timing_nadamw/imagenet_vit_jax/trial_1/checkpoint_22277
I0418 12:27:47.328521 139939736233792 checkpoint_utils.py:240] Saved checkpoint to /experiment_runs/timing_v3/timing_nadamw/imagenet_vit_jax/trial_1/checkpoint_22277.
I0418 12:27:56.942049 139760207095552 logging_writer.py:48] [22300] global_step=22300, grad_norm=0.8319227695465088, loss=3.481731414794922
I0418 12:28:37.818390 139760198702848 logging_writer.py:48] [22400] global_step=22400, grad_norm=0.7524304986000061, loss=3.8330812454223633
I0418 12:29:19.467145 139760207095552 logging_writer.py:48] [22500] global_step=22500, grad_norm=0.7509788870811462, loss=3.706389904022217
I0418 12:30:01.047411 139760198702848 logging_writer.py:48] [22600] global_step=22600, grad_norm=0.8807157874107361, loss=3.2482290267944336
I0418 12:30:43.619468 139760207095552 logging_writer.py:48] [22700] global_step=22700, grad_norm=0.9042173027992249, loss=3.242377996444702
I0418 12:31:25.552732 139760198702848 logging_writer.py:48] [22800] global_step=22800, grad_norm=0.8874035477638245, loss=3.6653664112091064
I0418 12:32:08.024003 139760207095552 logging_writer.py:48] [22900] global_step=22900, grad_norm=0.8570641875267029, loss=3.2393248081207275
I0418 12:32:50.238444 139760198702848 logging_writer.py:48] [23000] global_step=23000, grad_norm=0.8256906867027283, loss=3.257904052734375
I0418 12:33:32.919420 139760207095552 logging_writer.py:48] [23100] global_step=23100, grad_norm=0.9669715166091919, loss=3.139263391494751
I0418 12:34:15.439253 139760198702848 logging_writer.py:48] [23200] global_step=23200, grad_norm=0.8286013603210449, loss=4.679633617401123
I0418 12:34:47.699261 139939736233792 spec.py:298] Evaluating on the training split.
I0418 12:35:02.185148 139939736233792 spec.py:310] Evaluating on the validation split.
I0418 12:35:13.795304 139939736233792 spec.py:326] Evaluating on the test split.
I0418 12:35:15.489572 139939736233792 submission_runner.py:406] Time since start: 10394.74s, 	Step: 23278, 	{'train/accuracy': 0.6475781202316284, 'train/loss': 1.611580729484558, 'validation/accuracy': 0.5999599695205688, 'validation/loss': 1.8268135786056519, 'validation/num_examples': 50000, 'test/accuracy': 0.483100026845932, 'test/loss': 2.456960678100586, 'test/num_examples': 10000, 'score': 9715.06336259842, 'total_duration': 10394.742853879929, 'accumulated_submission_time': 9715.06336259842, 'accumulated_eval_time': 637.3488862514496, 'accumulated_logging_time': 41.87013506889343}
I0418 12:35:15.510593 139760207095552 logging_writer.py:48] [23278] accumulated_eval_time=637.348886, accumulated_logging_time=41.870135, accumulated_submission_time=9715.063363, global_step=23278, preemption_count=0, score=9715.063363, test/accuracy=0.483100, test/loss=2.456961, test/num_examples=10000, total_duration=10394.742854, train/accuracy=0.647578, train/loss=1.611581, validation/accuracy=0.599960, validation/loss=1.826814, validation/num_examples=50000
I0418 12:35:16.323024 139939736233792 checkpoints.py:356] Saving checkpoint at step: 23278
I0418 12:35:17.705317 139939736233792 checkpoints.py:317] Saved checkpoint at /experiment_runs/timing_v3/timing_nadamw/imagenet_vit_jax/trial_1/checkpoint_23278
I0418 12:35:17.732978 139939736233792 checkpoint_utils.py:240] Saved checkpoint to /experiment_runs/timing_v3/timing_nadamw/imagenet_vit_jax/trial_1/checkpoint_23278.
I0418 12:35:27.022052 139760198702848 logging_writer.py:48] [23300] global_step=23300, grad_norm=0.8958193063735962, loss=3.3392300605773926
I0418 12:36:08.766683 139760123234048 logging_writer.py:48] [23400] global_step=23400, grad_norm=0.8648491501808167, loss=4.804543495178223
I0418 12:36:52.016199 139760198702848 logging_writer.py:48] [23500] global_step=23500, grad_norm=0.8355498909950256, loss=3.5271501541137695
I0418 12:37:34.642225 139760123234048 logging_writer.py:48] [23600] global_step=23600, grad_norm=0.9165964722633362, loss=3.1963181495666504
I0418 12:38:17.267086 139760198702848 logging_writer.py:48] [23700] global_step=23700, grad_norm=0.9176251292228699, loss=4.736945629119873
I0418 12:39:00.043249 139760123234048 logging_writer.py:48] [23800] global_step=23800, grad_norm=0.9177352786064148, loss=5.071116924285889
I0418 12:39:43.073423 139760198702848 logging_writer.py:48] [23900] global_step=23900, grad_norm=0.8431814312934875, loss=5.208054542541504
I0418 12:40:25.997940 139760123234048 logging_writer.py:48] [24000] global_step=24000, grad_norm=0.8853915333747864, loss=3.8180410861968994
I0418 12:41:08.778392 139760198702848 logging_writer.py:48] [24100] global_step=24100, grad_norm=0.8726516962051392, loss=3.2205452919006348
I0418 12:41:51.056853 139760123234048 logging_writer.py:48] [24200] global_step=24200, grad_norm=0.8966596126556396, loss=3.044220447540283
I0418 12:42:17.843118 139939736233792 spec.py:298] Evaluating on the training split.
I0418 12:42:28.770063 139939736233792 spec.py:310] Evaluating on the validation split.
I0418 12:42:40.823816 139939736233792 spec.py:326] Evaluating on the test split.
I0418 12:42:42.519111 139939736233792 submission_runner.py:406] Time since start: 10841.77s, 	Step: 24263, 	{'train/accuracy': 0.6537694931030273, 'train/loss': 1.5519863367080688, 'validation/accuracy': 0.601419985294342, 'validation/loss': 1.7925915718078613, 'validation/num_examples': 50000, 'test/accuracy': 0.48680001497268677, 'test/loss': 2.4177072048187256, 'test/num_examples': 10000, 'score': 10135.152450561523, 'total_duration': 10841.772545814514, 'accumulated_submission_time': 10135.152450561523, 'accumulated_eval_time': 662.0248160362244, 'accumulated_logging_time': 44.11581039428711}
I0418 12:42:42.535928 139760198702848 logging_writer.py:48] [24263] accumulated_eval_time=662.024816, accumulated_logging_time=44.115810, accumulated_submission_time=10135.152451, global_step=24263, preemption_count=0, score=10135.152451, test/accuracy=0.486800, test/loss=2.417707, test/num_examples=10000, total_duration=10841.772546, train/accuracy=0.653769, train/loss=1.551986, validation/accuracy=0.601420, validation/loss=1.792592, validation/num_examples=50000
I0418 12:42:42.945159 139939736233792 checkpoints.py:356] Saving checkpoint at step: 24263
I0418 12:42:44.041891 139939736233792 checkpoints.py:317] Saved checkpoint at /experiment_runs/timing_v3/timing_nadamw/imagenet_vit_jax/trial_1/checkpoint_24263
I0418 12:42:44.062262 139939736233792 checkpoint_utils.py:240] Saved checkpoint to /experiment_runs/timing_v3/timing_nadamw/imagenet_vit_jax/trial_1/checkpoint_24263.
I0418 12:42:59.164338 139760123234048 logging_writer.py:48] [24300] global_step=24300, grad_norm=0.7302207350730896, loss=4.023916721343994
I0418 12:43:40.539103 139760114841344 logging_writer.py:48] [24400] global_step=24400, grad_norm=0.8503257632255554, loss=3.53873610496521
I0418 12:44:22.699238 139760123234048 logging_writer.py:48] [24500] global_step=24500, grad_norm=0.8885725736618042, loss=3.486342191696167
I0418 12:45:04.900964 139760114841344 logging_writer.py:48] [24600] global_step=24600, grad_norm=0.8404449224472046, loss=3.7487404346466064
I0418 12:45:47.192216 139760123234048 logging_writer.py:48] [24700] global_step=24700, grad_norm=1.0291352272033691, loss=5.3590474128723145
I0418 12:46:29.200975 139760114841344 logging_writer.py:48] [24800] global_step=24800, grad_norm=0.7624767422676086, loss=4.4830732345581055
I0418 12:47:11.125507 139760123234048 logging_writer.py:48] [24900] global_step=24900, grad_norm=0.8927966356277466, loss=4.345181465148926
I0418 12:47:53.613035 139760114841344 logging_writer.py:48] [25000] global_step=25000, grad_norm=0.8037749528884888, loss=4.065502643585205
I0418 12:48:35.794223 139760123234048 logging_writer.py:48] [25100] global_step=25100, grad_norm=0.864126980304718, loss=3.1134352684020996
I0418 12:49:18.185482 139760114841344 logging_writer.py:48] [25200] global_step=25200, grad_norm=0.7622838020324707, loss=3.6673240661621094
I0418 12:49:44.074922 139939736233792 spec.py:298] Evaluating on the training split.
I0418 12:49:54.151608 139939736233792 spec.py:310] Evaluating on the validation split.
I0418 12:50:06.803497 139939736233792 spec.py:326] Evaluating on the test split.
I0418 12:50:08.489164 139939736233792 submission_runner.py:406] Time since start: 11287.74s, 	Step: 25262, 	{'train/accuracy': 0.6682031154632568, 'train/loss': 1.4845765829086304, 'validation/accuracy': 0.6108399629592896, 'validation/loss': 1.7569043636322021, 'validation/num_examples': 50000, 'test/accuracy': 0.4886000156402588, 'test/loss': 2.395411968231201, 'test/num_examples': 10000, 'score': 10555.144511938095, 'total_duration': 11287.74263548851, 'accumulated_submission_time': 10555.144511938095, 'accumulated_eval_time': 686.4390137195587, 'accumulated_logging_time': 45.66046953201294}
I0418 12:50:08.508011 139760123234048 logging_writer.py:48] [25262] accumulated_eval_time=686.439014, accumulated_logging_time=45.660470, accumulated_submission_time=10555.144512, global_step=25262, preemption_count=0, score=10555.144512, test/accuracy=0.488600, test/loss=2.395412, test/num_examples=10000, total_duration=11287.742635, train/accuracy=0.668203, train/loss=1.484577, validation/accuracy=0.610840, validation/loss=1.756904, validation/num_examples=50000
I0418 12:50:08.856881 139939736233792 checkpoints.py:356] Saving checkpoint at step: 25262
I0418 12:50:10.320838 139939736233792 checkpoints.py:317] Saved checkpoint at /experiment_runs/timing_v3/timing_nadamw/imagenet_vit_jax/trial_1/checkpoint_25262
I0418 12:50:10.346671 139939736233792 checkpoint_utils.py:240] Saved checkpoint to /experiment_runs/timing_v3/timing_nadamw/imagenet_vit_jax/trial_1/checkpoint_25262.
I0418 12:50:25.858435 139760114841344 logging_writer.py:48] [25300] global_step=25300, grad_norm=0.9151820540428162, loss=5.24698543548584
I0418 12:51:07.047841 139760106448640 logging_writer.py:48] [25400] global_step=25400, grad_norm=0.8017695546150208, loss=3.505692958831787
I0418 12:51:48.877388 139760114841344 logging_writer.py:48] [25500] global_step=25500, grad_norm=0.8911375403404236, loss=3.1382997035980225
I0418 12:52:30.231396 139760106448640 logging_writer.py:48] [25600] global_step=25600, grad_norm=0.8418539762496948, loss=3.390775203704834
I0418 12:53:11.908164 139760114841344 logging_writer.py:48] [25700] global_step=25700, grad_norm=0.8489135503768921, loss=3.6695940494537354
I0418 12:53:54.163254 139760106448640 logging_writer.py:48] [25800] global_step=25800, grad_norm=0.9110076427459717, loss=3.1092450618743896
I0418 12:54:36.036083 139760114841344 logging_writer.py:48] [25900] global_step=25900, grad_norm=0.9407515525817871, loss=4.8397216796875
I0418 12:55:18.001208 139760106448640 logging_writer.py:48] [26000] global_step=26000, grad_norm=0.8433735966682434, loss=4.655699253082275
I0418 12:55:59.854628 139760114841344 logging_writer.py:48] [26100] global_step=26100, grad_norm=0.9266448616981506, loss=3.1755669116973877
I0418 12:56:41.670467 139760106448640 logging_writer.py:48] [26200] global_step=26200, grad_norm=0.8401196599006653, loss=3.060030221939087
I0418 12:57:10.483435 139939736233792 spec.py:298] Evaluating on the training split.
I0418 12:57:20.467013 139939736233792 spec.py:310] Evaluating on the validation split.
I0418 12:57:32.920687 139939736233792 spec.py:326] Evaluating on the test split.
I0418 12:57:34.577422 139939736233792 submission_runner.py:406] Time since start: 11733.83s, 	Step: 26269, 	{'train/accuracy': 0.666210949420929, 'train/loss': 1.4780532121658325, 'validation/accuracy': 0.6159799695014954, 'validation/loss': 1.7089484930038452, 'validation/num_examples': 50000, 'test/accuracy': 0.4910000264644623, 'test/loss': 2.3577775955200195, 'test/num_examples': 10000, 'score': 10975.259412527084, 'total_duration': 11733.830866098404, 'accumulated_submission_time': 10975.259412527084, 'accumulated_eval_time': 710.5329375267029, 'accumulated_logging_time': 47.519981145858765}
I0418 12:57:34.594855 139760114841344 logging_writer.py:48] [26269] accumulated_eval_time=710.532938, accumulated_logging_time=47.519981, accumulated_submission_time=10975.259413, global_step=26269, preemption_count=0, score=10975.259413, test/accuracy=0.491000, test/loss=2.357778, test/num_examples=10000, total_duration=11733.830866, train/accuracy=0.666211, train/loss=1.478053, validation/accuracy=0.615980, validation/loss=1.708948, validation/num_examples=50000
I0418 12:57:34.949975 139939736233792 checkpoints.py:356] Saving checkpoint at step: 26269
I0418 12:57:36.118317 139939736233792 checkpoints.py:317] Saved checkpoint at /experiment_runs/timing_v3/timing_nadamw/imagenet_vit_jax/trial_1/checkpoint_26269
I0418 12:57:36.140395 139939736233792 checkpoint_utils.py:240] Saved checkpoint to /experiment_runs/timing_v3/timing_nadamw/imagenet_vit_jax/trial_1/checkpoint_26269.
I0418 12:57:48.893738 139760106448640 logging_writer.py:48] [26300] global_step=26300, grad_norm=0.8143228888511658, loss=3.3611183166503906
I0418 12:58:30.047814 139760098055936 logging_writer.py:48] [26400] global_step=26400, grad_norm=0.8685708045959473, loss=3.1690309047698975
I0418 12:59:11.742912 139760106448640 logging_writer.py:48] [26500] global_step=26500, grad_norm=0.8866472840309143, loss=3.093371868133545
I0418 12:59:53.120161 139760098055936 logging_writer.py:48] [26600] global_step=26600, grad_norm=0.8224397301673889, loss=3.109247922897339
I0418 13:00:34.934561 139760106448640 logging_writer.py:48] [26700] global_step=26700, grad_norm=0.8671470284461975, loss=3.880896806716919
I0418 13:01:16.889553 139760098055936 logging_writer.py:48] [26800] global_step=26800, grad_norm=0.814613401889801, loss=3.366870164871216
I0418 13:01:58.031049 139760106448640 logging_writer.py:48] [26900] global_step=26900, grad_norm=0.8708595037460327, loss=3.020249366760254
I0418 13:02:40.449917 139760098055936 logging_writer.py:48] [27000] global_step=27000, grad_norm=0.8467466235160828, loss=3.1337411403656006
I0418 13:03:22.228468 139760106448640 logging_writer.py:48] [27100] global_step=27100, grad_norm=1.1454333066940308, loss=5.154891490936279
I0418 13:04:04.332272 139760098055936 logging_writer.py:48] [27200] global_step=27200, grad_norm=0.8810250759124756, loss=3.2525432109832764
I0418 13:04:36.412421 139939736233792 spec.py:298] Evaluating on the training split.
I0418 13:04:46.222743 139939736233792 spec.py:310] Evaluating on the validation split.
I0418 13:04:59.097700 139939736233792 spec.py:326] Evaluating on the test split.
I0418 13:05:00.757481 139939736233792 submission_runner.py:406] Time since start: 12180.01s, 	Step: 27280, 	{'train/accuracy': 0.6732812523841858, 'train/loss': 1.4883195161819458, 'validation/accuracy': 0.6201599836349487, 'validation/loss': 1.719746708869934, 'validation/num_examples': 50000, 'test/accuracy': 0.4951000213623047, 'test/loss': 2.358444929122925, 'test/num_examples': 10000, 'score': 11395.510884284973, 'total_duration': 12180.010907173157, 'accumulated_submission_time': 11395.510884284973, 'accumulated_eval_time': 734.8779029846191, 'accumulated_logging_time': 49.084484577178955}
I0418 13:05:00.775812 139760106448640 logging_writer.py:48] [27280] accumulated_eval_time=734.877903, accumulated_logging_time=49.084485, accumulated_submission_time=11395.510884, global_step=27280, preemption_count=0, score=11395.510884, test/accuracy=0.495100, test/loss=2.358445, test/num_examples=10000, total_duration=12180.010907, train/accuracy=0.673281, train/loss=1.488320, validation/accuracy=0.620160, validation/loss=1.719747, validation/num_examples=50000
I0418 13:05:01.073669 139939736233792 checkpoints.py:356] Saving checkpoint at step: 27280
I0418 13:05:02.419239 139939736233792 checkpoints.py:317] Saved checkpoint at /experiment_runs/timing_v3/timing_nadamw/imagenet_vit_jax/trial_1/checkpoint_27280
I0418 13:05:02.442031 139939736233792 checkpoint_utils.py:240] Saved checkpoint to /experiment_runs/timing_v3/timing_nadamw/imagenet_vit_jax/trial_1/checkpoint_27280.
I0418 13:05:10.851389 139760098055936 logging_writer.py:48] [27300] global_step=27300, grad_norm=0.8009335994720459, loss=4.241722583770752
I0418 13:05:51.562091 139760089663232 logging_writer.py:48] [27400] global_step=27400, grad_norm=0.9263121485710144, loss=5.06575870513916
I0418 13:06:33.633071 139760098055936 logging_writer.py:48] [27500] global_step=27500, grad_norm=0.9179725050926208, loss=3.1040260791778564
I0418 13:07:16.257000 139760089663232 logging_writer.py:48] [27600] global_step=27600, grad_norm=0.8348729014396667, loss=4.210877418518066
I0418 13:07:58.557794 139760098055936 logging_writer.py:48] [27700] global_step=27700, grad_norm=0.8309767842292786, loss=3.0460364818573
I0418 13:08:40.157838 139760089663232 logging_writer.py:48] [27800] global_step=27800, grad_norm=0.8742193579673767, loss=3.142801523208618
I0418 13:09:22.742555 139760098055936 logging_writer.py:48] [27900] global_step=27900, grad_norm=0.8782138824462891, loss=3.1201112270355225
I0418 13:10:04.332513 139939736233792 spec.py:298] Evaluating on the training split.
I0418 13:10:14.081124 139939736233792 spec.py:310] Evaluating on the validation split.
I0418 13:10:26.604549 139939736233792 spec.py:326] Evaluating on the test split.
I0418 13:10:28.291952 139939736233792 submission_runner.py:406] Time since start: 12507.55s, 	Step: 28000, 	{'train/accuracy': 0.6813085675239563, 'train/loss': 1.4235388040542603, 'validation/accuracy': 0.6242200136184692, 'validation/loss': 1.6835814714431763, 'validation/num_examples': 50000, 'test/accuracy': 0.5039000511169434, 'test/loss': 2.322793483734131, 'test/num_examples': 10000, 'score': 11697.385766983032, 'total_duration': 12507.545429468155, 'accumulated_submission_time': 11697.385766983032, 'accumulated_eval_time': 758.8373136520386, 'accumulated_logging_time': 50.77108645439148}
I0418 13:10:28.310201 139760089663232 logging_writer.py:48] [28000] accumulated_eval_time=758.837314, accumulated_logging_time=50.771086, accumulated_submission_time=11697.385767, global_step=28000, preemption_count=0, score=11697.385767, test/accuracy=0.503900, test/loss=2.322793, test/num_examples=10000, total_duration=12507.545429, train/accuracy=0.681309, train/loss=1.423539, validation/accuracy=0.624220, validation/loss=1.683581, validation/num_examples=50000
I0418 13:10:28.605674 139939736233792 checkpoints.py:356] Saving checkpoint at step: 28000
I0418 13:10:29.766400 139939736233792 checkpoints.py:317] Saved checkpoint at /experiment_runs/timing_v3/timing_nadamw/imagenet_vit_jax/trial_1/checkpoint_28000
I0418 13:10:29.787555 139939736233792 checkpoint_utils.py:240] Saved checkpoint to /experiment_runs/timing_v3/timing_nadamw/imagenet_vit_jax/trial_1/checkpoint_28000.
I0418 13:10:29.799283 139760098055936 logging_writer.py:48] [28000] global_step=28000, preemption_count=0, score=11697.385767
I0418 13:10:29.921208 139939736233792 checkpoints.py:356] Saving checkpoint at step: 28000
I0418 13:10:31.152016 139939736233792 checkpoints.py:317] Saved checkpoint at /experiment_runs/timing_v3/timing_nadamw/imagenet_vit_jax/trial_1/checkpoint_28000
I0418 13:10:31.168712 139939736233792 checkpoint_utils.py:240] Saved checkpoint to /experiment_runs/timing_v3/timing_nadamw/imagenet_vit_jax/trial_1/checkpoint_28000.
I0418 13:10:32.055994 139939736233792 submission_runner.py:567] Tuning trial 1/1
I0418 13:10:32.056965 139939736233792 submission_runner.py:568] Hyperparameters: Hyperparameters(learning_rate=0.0019814680146414726, one_minus_beta1=0.045677535963609565, beta2=0.999, warmup_factor=0.05, weight_decay=0.010340635370188849, label_smoothing=0.1, dropout_rate=0.0)
