I0418 09:41:38.163805 139939736233792 logger_utils.py:67] Creating experiment directory at /experiment_runs/timing_v3/timing_nadamw/imagenet_vit_jax.
I0418 09:41:38.226238 139939736233792 xla_bridge.py:345] Unable to initialize backend 'tpu_driver': NOT_FOUND: Unable to find driver in registry given worker: 
I0418 09:41:39.010282 139939736233792 xla_bridge.py:345] Unable to initialize backend 'rocm': NOT_FOUND: Could not find registered platform with name: "rocm". Available platform names are: CUDA Host Interpreter
I0418 09:41:39.011282 139939736233792 xla_bridge.py:345] Unable to initialize backend 'tpu': module 'jaxlib.xla_extension' has no attribute 'get_tpu_client'
I0418 09:41:39.015106 139939736233792 submission_runner.py:528] Using RNG seed 300819920
I0418 09:41:41.734540 139939736233792 submission_runner.py:537] --- Tuning run 1/1 ---
I0418 09:41:41.734735 139939736233792 submission_runner.py:542] Creating tuning directory at /experiment_runs/timing_v3/timing_nadamw/imagenet_vit_jax/trial_1.
I0418 09:41:41.734934 139939736233792 logger_utils.py:83] Saving hparams to /experiment_runs/timing_v3/timing_nadamw/imagenet_vit_jax/trial_1/hparams.json.
I0418 09:41:41.854926 139939736233792 submission_runner.py:232] Initializing dataset.
I0418 09:41:41.867414 139939736233792 dataset_info.py:566] Load dataset info from /data/imagenet/jax/imagenet2012/5.1.0
I0418 09:41:41.874575 139939736233792 dataset_info.py:642] Field info.splits from disk and from code do not match. Keeping the one from code.
I0418 09:41:41.874687 139939736233792 dataset_info.py:642] Field info.supervised_keys from disk and from code do not match. Keeping the one from code.
I0418 09:41:42.133436 139939736233792 logging_logger.py:49] Constructing tf.data.Dataset imagenet2012 for split train, from /data/imagenet/jax/imagenet2012/5.1.0
I0418 09:41:48.712033 139939736233792 submission_runner.py:239] Initializing model.
I0418 09:41:59.408758 139939736233792 submission_runner.py:249] Initializing optimizer.
I0418 09:42:00.037770 139939736233792 submission_runner.py:256] Initializing metrics bundle.
I0418 09:42:00.037953 139939736233792 submission_runner.py:273] Initializing checkpoint and logger.
I0418 09:42:00.038851 139939736233792 checkpoints.py:466] Found no checkpoint files in /experiment_runs/timing_v3/timing_nadamw/imagenet_vit_jax/trial_1 with prefix checkpoint_
I0418 09:42:00.740536 139939736233792 submission_runner.py:294] Saving meta data to /experiment_runs/timing_v3/timing_nadamw/imagenet_vit_jax/trial_1/meta_data_0.json.
I0418 09:42:00.741579 139939736233792 submission_runner.py:297] Saving flags to /experiment_runs/timing_v3/timing_nadamw/imagenet_vit_jax/trial_1/flags_0.json.
I0418 09:42:00.746419 139939736233792 submission_runner.py:309] Starting training loop.
I0418 09:42:50.901850 139761779992320 logging_writer.py:48] [0] global_step=0, grad_norm=0.34194815158843994, loss=6.907756805419922
I0418 09:42:50.916488 139939736233792 spec.py:298] Evaluating on the training split.
I0418 09:42:50.922485 139939736233792 dataset_info.py:566] Load dataset info from /data/imagenet/jax/imagenet2012/5.1.0
I0418 09:42:50.928550 139939736233792 dataset_info.py:642] Field info.splits from disk and from code do not match. Keeping the one from code.
I0418 09:42:50.928693 139939736233792 dataset_info.py:642] Field info.supervised_keys from disk and from code do not match. Keeping the one from code.
I0418 09:42:50.987889 139939736233792 logging_logger.py:49] Constructing tf.data.Dataset imagenet2012 for split train, from /data/imagenet/jax/imagenet2012/5.1.0
I0418 09:43:10.591877 139939736233792 spec.py:310] Evaluating on the validation split.
I0418 09:43:10.598950 139939736233792 dataset_info.py:566] Load dataset info from /data/imagenet/jax/imagenet2012/5.1.0
I0418 09:43:10.611200 139939736233792 dataset_info.py:642] Field info.splits from disk and from code do not match. Keeping the one from code.
I0418 09:43:10.611544 139939736233792 dataset_info.py:642] Field info.supervised_keys from disk and from code do not match. Keeping the one from code.
I0418 09:43:10.677585 139939736233792 logging_logger.py:49] Constructing tf.data.Dataset imagenet2012 for split validation, from /data/imagenet/jax/imagenet2012/5.1.0
I0418 09:43:28.630609 139939736233792 spec.py:326] Evaluating on the test split.
I0418 09:43:28.637779 139939736233792 dataset_info.py:566] Load dataset info from /data/imagenet/jax/imagenet_v2/matched-frequency/3.0.0
I0418 09:43:28.642959 139939736233792 dataset_builder.py:510] Reusing dataset imagenet_v2 (/data/imagenet/jax/imagenet_v2/matched-frequency/3.0.0)
I0418 09:43:28.673455 139939736233792 logging_logger.py:49] Constructing tf.data.Dataset imagenet_v2 for split test, from /data/imagenet/jax/imagenet_v2/matched-frequency/3.0.0
I0418 09:43:39.605833 139939736233792 submission_runner.py:406] Time since start: 98.86s, 	Step: 1, 	{'train/accuracy': 0.0009179687476716936, 'train/loss': 6.907756328582764, 'validation/accuracy': 0.0009999999310821295, 'validation/loss': 6.9077558517456055, 'validation/num_examples': 50000, 'test/accuracy': 0.0010000000474974513, 'test/loss': 6.907756805419922, 'test/num_examples': 10000, 'score': 50.1699116230011, 'total_duration': 98.85930919647217, 'accumulated_submission_time': 50.1699116230011, 'accumulated_eval_time': 48.689247846603394, 'accumulated_logging_time': 0}
I0418 09:43:39.623898 139699238725376 logging_writer.py:48] [1] accumulated_eval_time=48.689248, accumulated_logging_time=0, accumulated_submission_time=50.169912, global_step=1, preemption_count=0, score=50.169912, test/accuracy=0.001000, test/loss=6.907757, test/num_examples=10000, total_duration=98.859309, train/accuracy=0.000918, train/loss=6.907756, validation/accuracy=0.001000, validation/loss=6.907756, validation/num_examples=50000
I0418 09:43:39.819300 139939736233792 checkpoints.py:356] Saving checkpoint at step: 1
I0418 09:43:40.334659 139939736233792 checkpoints.py:317] Saved checkpoint at /experiment_runs/timing_v3/timing_nadamw/imagenet_vit_jax/trial_1/checkpoint_1
I0418 09:43:40.335541 139939736233792 checkpoint_utils.py:240] Saved checkpoint to /experiment_runs/timing_v3/timing_nadamw/imagenet_vit_jax/trial_1/checkpoint_1.
I0418 09:44:37.911000 139757698873088 logging_writer.py:48] [100] global_step=100, grad_norm=0.40348708629608154, loss=6.902105331420898
I0418 09:45:17.859457 139757707265792 logging_writer.py:48] [200] global_step=200, grad_norm=0.420651376247406, loss=6.872698783874512
I0418 09:45:57.656016 139757698873088 logging_writer.py:48] [300] global_step=300, grad_norm=0.572531521320343, loss=6.836602687835693
I0418 09:46:38.061452 139757707265792 logging_writer.py:48] [400] global_step=400, grad_norm=0.7024019360542297, loss=6.714064121246338
I0418 09:47:18.973376 139757698873088 logging_writer.py:48] [500] global_step=500, grad_norm=0.8019906282424927, loss=6.600722312927246
I0418 09:48:00.002113 139757707265792 logging_writer.py:48] [600] global_step=600, grad_norm=1.1613211631774902, loss=6.542773723602295
I0418 09:48:40.872792 139757698873088 logging_writer.py:48] [700] global_step=700, grad_norm=1.045143961906433, loss=6.502346038818359
I0418 09:49:22.191739 139757707265792 logging_writer.py:48] [800] global_step=800, grad_norm=1.135338306427002, loss=6.423098564147949
I0418 09:50:03.222984 139757698873088 logging_writer.py:48] [900] global_step=900, grad_norm=1.1176977157592773, loss=6.690334320068359
I0418 09:50:40.602441 139939736233792 spec.py:298] Evaluating on the training split.
I0418 09:50:51.564520 139939736233792 spec.py:310] Evaluating on the validation split.
I0418 09:50:58.060004 139939736233792 spec.py:326] Evaluating on the test split.
I0418 09:51:00.021806 139939736233792 submission_runner.py:406] Time since start: 539.28s, 	Step: 992, 	{'train/accuracy': 0.03228515386581421, 'train/loss': 5.959888935089111, 'validation/accuracy': 0.031099999323487282, 'validation/loss': 5.980340957641602, 'validation/num_examples': 50000, 'test/accuracy': 0.024000000208616257, 'test/loss': 6.07896614074707, 'test/num_examples': 10000, 'score': 470.41340684890747, 'total_duration': 539.2752826213837, 'accumulated_submission_time': 470.41340684890747, 'accumulated_eval_time': 68.10858678817749, 'accumulated_logging_time': 0.7311644554138184}
I0418 09:51:00.038409 139700723513088 logging_writer.py:48] [992] accumulated_eval_time=68.108587, accumulated_logging_time=0.731164, accumulated_submission_time=470.413407, global_step=992, preemption_count=0, score=470.413407, test/accuracy=0.024000, test/loss=6.078966, test/num_examples=10000, total_duration=539.275283, train/accuracy=0.032285, train/loss=5.959889, validation/accuracy=0.031100, validation/loss=5.980341, validation/num_examples=50000
I0418 09:51:01.735706 139939736233792 checkpoints.py:356] Saving checkpoint at step: 992
I0418 09:51:03.016545 139939736233792 checkpoints.py:317] Saved checkpoint at /experiment_runs/timing_v3/timing_nadamw/imagenet_vit_jax/trial_1/checkpoint_992
I0418 09:51:03.017451 139939736233792 checkpoint_utils.py:240] Saved checkpoint to /experiment_runs/timing_v3/timing_nadamw/imagenet_vit_jax/trial_1/checkpoint_992.
I0418 09:51:06.671926 139700807374592 logging_writer.py:48] [1000] global_step=1000, grad_norm=1.5213764905929565, loss=6.42365837097168
I0418 09:51:46.486161 139762111338240 logging_writer.py:48] [1100] global_step=1100, grad_norm=1.0714573860168457, loss=6.188401699066162
I0418 09:52:26.360174 139700807374592 logging_writer.py:48] [1200] global_step=1200, grad_norm=1.2295550107955933, loss=6.2952165603637695
I0418 09:53:06.711939 139762111338240 logging_writer.py:48] [1300] global_step=1300, grad_norm=1.431471347808838, loss=6.191961288452148
I0418 09:53:47.795892 139700807374592 logging_writer.py:48] [1400] global_step=1400, grad_norm=1.417299747467041, loss=6.1962199211120605
I0418 09:54:28.871516 139762111338240 logging_writer.py:48] [1500] global_step=1500, grad_norm=1.252758502960205, loss=6.112125873565674
I0418 09:55:09.970148 139700807374592 logging_writer.py:48] [1600] global_step=1600, grad_norm=1.1601641178131104, loss=6.021641731262207
I0418 09:55:50.876497 139762111338240 logging_writer.py:48] [1700] global_step=1700, grad_norm=1.0029776096343994, loss=6.692498683929443
I0418 09:56:32.157185 139700807374592 logging_writer.py:48] [1800] global_step=1800, grad_norm=1.3036258220672607, loss=5.933523654937744
I0418 09:57:12.806457 139762111338240 logging_writer.py:48] [1900] global_step=1900, grad_norm=1.1958645582199097, loss=6.598999977111816
I0418 09:57:53.984068 139700807374592 logging_writer.py:48] [2000] global_step=2000, grad_norm=1.233702301979065, loss=5.967318534851074
I0418 09:58:03.199946 139939736233792 spec.py:298] Evaluating on the training split.
I0418 09:58:14.111844 139939736233792 spec.py:310] Evaluating on the validation split.
I0418 09:58:20.627634 139939736233792 spec.py:326] Evaluating on the test split.
I0418 09:58:22.339426 139939736233792 submission_runner.py:406] Time since start: 981.59s, 	Step: 2024, 	{'train/accuracy': 0.07947265356779099, 'train/loss': 5.2394328117370605, 'validation/accuracy': 0.07485999912023544, 'validation/loss': 5.27151346206665, 'validation/num_examples': 50000, 'test/accuracy': 0.05640000104904175, 'test/loss': 5.4720001220703125, 'test/num_examples': 10000, 'score': 890.5732078552246, 'total_duration': 981.5929033756256, 'accumulated_submission_time': 890.5732078552246, 'accumulated_eval_time': 87.24804615974426, 'accumulated_logging_time': 3.728252649307251}
I0418 09:58:22.355472 139762111338240 logging_writer.py:48] [2024] accumulated_eval_time=87.248046, accumulated_logging_time=3.728253, accumulated_submission_time=890.573208, global_step=2024, preemption_count=0, score=890.573208, test/accuracy=0.056400, test/loss=5.472000, test/num_examples=10000, total_duration=981.592903, train/accuracy=0.079473, train/loss=5.239433, validation/accuracy=0.074860, validation/loss=5.271513, validation/num_examples=50000
I0418 09:58:22.523653 139939736233792 checkpoints.py:356] Saving checkpoint at step: 2024
I0418 09:58:25.697057 139939736233792 checkpoints.py:317] Saved checkpoint at /experiment_runs/timing_v3/timing_nadamw/imagenet_vit_jax/trial_1/checkpoint_2024
I0418 09:58:25.708541 139939736233792 checkpoint_utils.py:240] Saved checkpoint to /experiment_runs/timing_v3/timing_nadamw/imagenet_vit_jax/trial_1/checkpoint_2024.
I0418 09:58:56.409214 139700807374592 logging_writer.py:48] [2100] global_step=2100, grad_norm=1.3034312725067139, loss=5.909101486206055
I0418 09:59:36.387742 139762077767424 logging_writer.py:48] [2200] global_step=2200, grad_norm=1.269347906112671, loss=6.169252872467041
I0418 10:00:16.421334 139700807374592 logging_writer.py:48] [2300] global_step=2300, grad_norm=1.0407863855361938, loss=5.963090896606445
I0418 10:00:57.523659 139762077767424 logging_writer.py:48] [2400] global_step=2400, grad_norm=0.8014179468154907, loss=6.621716499328613
I0418 10:01:38.634186 139700807374592 logging_writer.py:48] [2500] global_step=2500, grad_norm=1.017586588859558, loss=6.442791938781738
I0418 10:02:19.628835 139762077767424 logging_writer.py:48] [2600] global_step=2600, grad_norm=0.8297394514083862, loss=6.205404281616211
I0418 10:03:00.602358 139700807374592 logging_writer.py:48] [2700] global_step=2700, grad_norm=1.2554349899291992, loss=5.780580997467041
I0418 10:03:41.818574 139762077767424 logging_writer.py:48] [2800] global_step=2800, grad_norm=0.9454641342163086, loss=6.520309925079346
I0418 10:04:22.623355 139700807374592 logging_writer.py:48] [2900] global_step=2900, grad_norm=0.9101558923721313, loss=6.5299391746521
I0418 10:05:03.711509 139762077767424 logging_writer.py:48] [3000] global_step=3000, grad_norm=1.2117432355880737, loss=5.57460880279541
I0418 10:05:25.799738 139939736233792 spec.py:298] Evaluating on the training split.
I0418 10:05:37.065967 139939736233792 spec.py:310] Evaluating on the validation split.
I0418 10:05:43.861006 139939736233792 spec.py:326] Evaluating on the test split.
I0418 10:05:45.589060 139939736233792 submission_runner.py:406] Time since start: 1424.84s, 	Step: 3055, 	{'train/accuracy': 0.14162109792232513, 'train/loss': 4.651334285736084, 'validation/accuracy': 0.13210000097751617, 'validation/loss': 4.712193012237549, 'validation/num_examples': 50000, 'test/accuracy': 0.10280000418424606, 'test/loss': 5.005489349365234, 'test/num_examples': 10000, 'score': 1310.6416590213776, 'total_duration': 1424.8425040245056, 'accumulated_submission_time': 1310.6416590213776, 'accumulated_eval_time': 107.03730773925781, 'accumulated_logging_time': 7.098662853240967}
I0418 10:05:45.601290 139700807374592 logging_writer.py:48] [3055] accumulated_eval_time=107.037308, accumulated_logging_time=7.098663, accumulated_submission_time=1310.641659, global_step=3055, preemption_count=0, score=1310.641659, test/accuracy=0.102800, test/loss=5.005489, test/num_examples=10000, total_duration=1424.842504, train/accuracy=0.141621, train/loss=4.651334, validation/accuracy=0.132100, validation/loss=4.712193, validation/num_examples=50000
I0418 10:05:45.766378 139939736233792 checkpoints.py:356] Saving checkpoint at step: 3055
I0418 10:05:48.934098 139939736233792 checkpoints.py:317] Saved checkpoint at /experiment_runs/timing_v3/timing_nadamw/imagenet_vit_jax/trial_1/checkpoint_3055
I0418 10:05:48.947606 139939736233792 checkpoint_utils.py:240] Saved checkpoint to /experiment_runs/timing_v3/timing_nadamw/imagenet_vit_jax/trial_1/checkpoint_3055.
I0418 10:06:07.379144 139762077767424 logging_writer.py:48] [3100] global_step=3100, grad_norm=1.0193705558776855, loss=5.635794639587402
I0418 10:06:47.394761 139761792579328 logging_writer.py:48] [3200] global_step=3200, grad_norm=1.1548701524734497, loss=5.559860706329346
I0418 10:07:27.615493 139762077767424 logging_writer.py:48] [3300] global_step=3300, grad_norm=1.0464892387390137, loss=5.555476665496826
I0418 10:08:07.956594 139761792579328 logging_writer.py:48] [3400] global_step=3400, grad_norm=1.0561864376068115, loss=5.607497215270996
I0418 10:08:48.717333 139762077767424 logging_writer.py:48] [3500] global_step=3500, grad_norm=1.2076210975646973, loss=5.495143890380859
I0418 10:09:29.894057 139761792579328 logging_writer.py:48] [3600] global_step=3600, grad_norm=0.9335439801216125, loss=5.9990553855896
I0418 10:10:11.091893 139762077767424 logging_writer.py:48] [3700] global_step=3700, grad_norm=1.4200414419174194, loss=5.3108649253845215
I0418 10:10:51.986961 139761792579328 logging_writer.py:48] [3800] global_step=3800, grad_norm=0.9745455980300903, loss=5.858805179595947
I0418 10:11:33.143440 139762077767424 logging_writer.py:48] [3900] global_step=3900, grad_norm=1.2541152238845825, loss=5.1783270835876465
I0418 10:12:14.172565 139761792579328 logging_writer.py:48] [4000] global_step=4000, grad_norm=1.0341664552688599, loss=5.199894905090332
I0418 10:12:49.203799 139939736233792 spec.py:298] Evaluating on the training split.
I0418 10:13:00.489413 139939736233792 spec.py:310] Evaluating on the validation split.
I0418 10:13:07.816462 139939736233792 spec.py:326] Evaluating on the test split.
I0418 10:13:09.491119 139939736233792 submission_runner.py:406] Time since start: 1868.74s, 	Step: 4087, 	{'train/accuracy': 0.20749999582767487, 'train/loss': 4.1564435958862305, 'validation/accuracy': 0.1842999905347824, 'validation/loss': 4.2814459800720215, 'validation/num_examples': 50000, 'test/accuracy': 0.14420001208782196, 'test/loss': 4.637369155883789, 'test/num_examples': 10000, 'score': 1730.875303030014, 'total_duration': 1868.7446064949036, 'accumulated_submission_time': 1730.875303030014, 'accumulated_eval_time': 127.3246021270752, 'accumulated_logging_time': 10.458579540252686}
I0418 10:13:09.502920 139762077767424 logging_writer.py:48] [4087] accumulated_eval_time=127.324602, accumulated_logging_time=10.458580, accumulated_submission_time=1730.875303, global_step=4087, preemption_count=0, score=1730.875303, test/accuracy=0.144200, test/loss=4.637369, test/num_examples=10000, total_duration=1868.744606, train/accuracy=0.207500, train/loss=4.156444, validation/accuracy=0.184300, validation/loss=4.281446, validation/num_examples=50000
I0418 10:13:09.612254 139939736233792 checkpoints.py:356] Saving checkpoint at step: 4087
I0418 10:13:12.069128 139939736233792 checkpoints.py:317] Saved checkpoint at /experiment_runs/timing_v3/timing_nadamw/imagenet_vit_jax/trial_1/checkpoint_4087
I0418 10:13:12.086138 139939736233792 checkpoint_utils.py:240] Saved checkpoint to /experiment_runs/timing_v3/timing_nadamw/imagenet_vit_jax/trial_1/checkpoint_4087.
I0418 10:13:17.798992 139761792579328 logging_writer.py:48] [4100] global_step=4100, grad_norm=0.9317908883094788, loss=6.339341640472412
I0418 10:13:57.968109 139761721243392 logging_writer.py:48] [4200] global_step=4200, grad_norm=0.8918027877807617, loss=6.2408037185668945
I0418 10:14:37.930252 139761792579328 logging_writer.py:48] [4300] global_step=4300, grad_norm=1.1801255941390991, loss=5.215424537658691
I0418 10:15:18.466316 139761721243392 logging_writer.py:48] [4400] global_step=4400, grad_norm=1.147659182548523, loss=5.154090881347656
I0418 10:15:59.703890 139761792579328 logging_writer.py:48] [4500] global_step=4500, grad_norm=1.336077094078064, loss=5.1393022537231445
I0418 10:16:41.152654 139761721243392 logging_writer.py:48] [4600] global_step=4600, grad_norm=1.195634365081787, loss=5.086480140686035
I0418 10:17:22.134072 139761792579328 logging_writer.py:48] [4700] global_step=4700, grad_norm=1.108378291130066, loss=5.099367618560791
I0418 10:18:02.879549 139761721243392 logging_writer.py:48] [4800] global_step=4800, grad_norm=1.074122428894043, loss=5.067266464233398
I0418 10:18:43.904040 139761792579328 logging_writer.py:48] [4900] global_step=4900, grad_norm=0.9959460496902466, loss=5.037815093994141
I0418 10:19:25.254576 139761721243392 logging_writer.py:48] [5000] global_step=5000, grad_norm=0.9525856375694275, loss=5.201032638549805
I0418 10:20:06.367733 139761792579328 logging_writer.py:48] [5100] global_step=5100, grad_norm=0.7996659278869629, loss=6.235978126525879
I0418 10:20:12.112749 139939736233792 spec.py:298] Evaluating on the training split.
I0418 10:20:23.452038 139939736233792 spec.py:310] Evaluating on the validation split.
I0418 10:20:31.854771 139939736233792 spec.py:326] Evaluating on the test split.
I0418 10:20:33.534132 139939736233792 submission_runner.py:406] Time since start: 2312.79s, 	Step: 5116, 	{'train/accuracy': 0.25458982586860657, 'train/loss': 3.759672164916992, 'validation/accuracy': 0.23841999471187592, 'validation/loss': 3.8421905040740967, 'validation/num_examples': 50000, 'test/accuracy': 0.17910000681877136, 'test/loss': 4.268174648284912, 'test/num_examples': 10000, 'score': 2150.878241300583, 'total_duration': 2312.7876489162445, 'accumulated_submission_time': 2150.878241300583, 'accumulated_eval_time': 148.74596571922302, 'accumulated_logging_time': 13.05631709098816}
I0418 10:20:33.544933 139761721243392 logging_writer.py:48] [5116] accumulated_eval_time=148.745966, accumulated_logging_time=13.056317, accumulated_submission_time=2150.878241, global_step=5116, preemption_count=0, score=2150.878241, test/accuracy=0.179100, test/loss=4.268175, test/num_examples=10000, total_duration=2312.787649, train/accuracy=0.254590, train/loss=3.759672, validation/accuracy=0.238420, validation/loss=3.842191, validation/num_examples=50000
I0418 10:20:33.748681 139939736233792 checkpoints.py:356] Saving checkpoint at step: 5116
I0418 10:20:35.320317 139939736233792 checkpoints.py:317] Saved checkpoint at /experiment_runs/timing_v3/timing_nadamw/imagenet_vit_jax/trial_1/checkpoint_5116
I0418 10:20:35.337668 139939736233792 checkpoint_utils.py:240] Saved checkpoint to /experiment_runs/timing_v3/timing_nadamw/imagenet_vit_jax/trial_1/checkpoint_5116.
I0418 10:21:09.409120 139761792579328 logging_writer.py:48] [5200] global_step=5200, grad_norm=1.0687683820724487, loss=4.8747239112854
I0418 10:21:49.442718 139761712850688 logging_writer.py:48] [5300] global_step=5300, grad_norm=1.104086995124817, loss=4.933435440063477
I0418 10:22:29.894255 139761792579328 logging_writer.py:48] [5400] global_step=5400, grad_norm=1.1719166040420532, loss=4.781060695648193
I0418 10:23:10.937608 139761712850688 logging_writer.py:48] [5500] global_step=5500, grad_norm=1.0465245246887207, loss=5.647247314453125
I0418 10:23:52.225898 139761792579328 logging_writer.py:48] [5600] global_step=5600, grad_norm=1.0459314584732056, loss=4.809384822845459
I0418 10:24:33.415295 139761712850688 logging_writer.py:48] [5700] global_step=5700, grad_norm=1.234316110610962, loss=4.823205471038818
I0418 10:25:14.564502 139761792579328 logging_writer.py:48] [5800] global_step=5800, grad_norm=0.84858238697052, loss=5.734404563903809
I0418 10:25:55.824875 139761712850688 logging_writer.py:48] [5900] global_step=5900, grad_norm=0.8892634510993958, loss=4.8762664794921875
I0418 10:26:37.160789 139761792579328 logging_writer.py:48] [6000] global_step=6000, grad_norm=0.9276447296142578, loss=4.763225555419922
I0418 10:27:18.502302 139761712850688 logging_writer.py:48] [6100] global_step=6100, grad_norm=0.9300627112388611, loss=4.779986381530762
I0418 10:27:35.390640 139939736233792 spec.py:298] Evaluating on the training split.
I0418 10:27:47.819293 139939736233792 spec.py:310] Evaluating on the validation split.
I0418 10:27:56.868615 139939736233792 spec.py:326] Evaluating on the test split.
I0418 10:27:58.552464 139939736233792 submission_runner.py:406] Time since start: 2757.81s, 	Step: 6143, 	{'train/accuracy': 0.3039843738079071, 'train/loss': 3.473700761795044, 'validation/accuracy': 0.28139999508857727, 'validation/loss': 3.598806142807007, 'validation/num_examples': 50000, 'test/accuracy': 0.21300001442432404, 'test/loss': 4.075122833251953, 'test/num_examples': 10000, 'score': 2570.9080505371094, 'total_duration': 2757.805949449539, 'accumulated_submission_time': 2570.9080505371094, 'accumulated_eval_time': 171.90778875350952, 'accumulated_logging_time': 14.861746549606323}
I0418 10:27:58.565509 139761792579328 logging_writer.py:48] [6143] accumulated_eval_time=171.907789, accumulated_logging_time=14.861747, accumulated_submission_time=2570.908051, global_step=6143, preemption_count=0, score=2570.908051, test/accuracy=0.213000, test/loss=4.075123, test/num_examples=10000, total_duration=2757.805949, train/accuracy=0.303984, train/loss=3.473701, validation/accuracy=0.281400, validation/loss=3.598806, validation/num_examples=50000
I0418 10:27:58.719292 139939736233792 checkpoints.py:356] Saving checkpoint at step: 6143
I0418 10:27:59.773231 139939736233792 checkpoints.py:317] Saved checkpoint at /experiment_runs/timing_v3/timing_nadamw/imagenet_vit_jax/trial_1/checkpoint_6143
I0418 10:27:59.786761 139939736233792 checkpoint_utils.py:240] Saved checkpoint to /experiment_runs/timing_v3/timing_nadamw/imagenet_vit_jax/trial_1/checkpoint_6143.
I0418 10:28:23.294728 139761712850688 logging_writer.py:48] [6200] global_step=6200, grad_norm=1.1074813604354858, loss=4.766345500946045
I0418 10:29:03.412722 139761704457984 logging_writer.py:48] [6300] global_step=6300, grad_norm=0.9700332880020142, loss=4.735682487487793
I0418 10:29:44.419364 139761712850688 logging_writer.py:48] [6400] global_step=6400, grad_norm=1.1064273118972778, loss=4.707819938659668
I0418 10:30:25.697850 139761704457984 logging_writer.py:48] [6500] global_step=6500, grad_norm=0.8410677313804626, loss=5.803167343139648
I0418 10:31:06.892789 139761712850688 logging_writer.py:48] [6600] global_step=6600, grad_norm=1.1414241790771484, loss=4.6100993156433105
I0418 10:31:48.178649 139761704457984 logging_writer.py:48] [6700] global_step=6700, grad_norm=0.7726535201072693, loss=6.224875450134277
I0418 10:32:29.568903 139761712850688 logging_writer.py:48] [6800] global_step=6800, grad_norm=0.9754453301429749, loss=4.764825344085693
I0418 10:33:10.729095 139761704457984 logging_writer.py:48] [6900] global_step=6900, grad_norm=1.1645599603652954, loss=4.6566572189331055
I0418 10:33:52.577422 139761712850688 logging_writer.py:48] [7000] global_step=7000, grad_norm=1.0352792739868164, loss=4.505605220794678
I0418 10:34:33.736162 139761704457984 logging_writer.py:48] [7100] global_step=7100, grad_norm=0.8991338610649109, loss=4.482723712921143
I0418 10:35:00.033110 139939736233792 spec.py:298] Evaluating on the training split.
I0418 10:35:13.870658 139939736233792 spec.py:310] Evaluating on the validation split.
I0418 10:35:23.356583 139939736233792 spec.py:326] Evaluating on the test split.
I0418 10:35:25.021011 139939736233792 submission_runner.py:406] Time since start: 3204.27s, 	Step: 7165, 	{'train/accuracy': 0.35169920325279236, 'train/loss': 3.118074893951416, 'validation/accuracy': 0.3258799910545349, 'validation/loss': 3.255978584289551, 'validation/num_examples': 50000, 'test/accuracy': 0.2515999972820282, 'test/loss': 3.7957961559295654, 'test/num_examples': 10000, 'score': 2991.131687402725, 'total_duration': 3204.274514436722, 'accumulated_submission_time': 2991.131687402725, 'accumulated_eval_time': 196.8956606388092, 'accumulated_logging_time': 16.09781575202942}
I0418 10:35:25.031221 139761712850688 logging_writer.py:48] [7165] accumulated_eval_time=196.895661, accumulated_logging_time=16.097816, accumulated_submission_time=2991.131687, global_step=7165, preemption_count=0, score=2991.131687, test/accuracy=0.251600, test/loss=3.795796, test/num_examples=10000, total_duration=3204.274514, train/accuracy=0.351699, train/loss=3.118075, validation/accuracy=0.325880, validation/loss=3.255979, validation/num_examples=50000
I0418 10:35:25.166267 139939736233792 checkpoints.py:356] Saving checkpoint at step: 7165
I0418 10:35:26.210006 139939736233792 checkpoints.py:317] Saved checkpoint at /experiment_runs/timing_v3/timing_nadamw/imagenet_vit_jax/trial_1/checkpoint_7165
I0418 10:35:26.226314 139939736233792 checkpoint_utils.py:240] Saved checkpoint to /experiment_runs/timing_v3/timing_nadamw/imagenet_vit_jax/trial_1/checkpoint_7165.
I0418 10:35:40.670698 139761704457984 logging_writer.py:48] [7200] global_step=7200, grad_norm=0.7998853325843811, loss=5.185803413391113
I0418 10:36:20.793321 139761306015488 logging_writer.py:48] [7300] global_step=7300, grad_norm=0.9603450298309326, loss=4.694335460662842
I0418 10:37:01.889484 139761704457984 logging_writer.py:48] [7400] global_step=7400, grad_norm=0.9793463349342346, loss=4.4209489822387695
I0418 10:37:43.082242 139761306015488 logging_writer.py:48] [7500] global_step=7500, grad_norm=0.8964536786079407, loss=4.518150329589844
I0418 10:38:24.406262 139761704457984 logging_writer.py:48] [7600] global_step=7600, grad_norm=0.8786640763282776, loss=4.451322555541992
I0418 10:39:05.602979 139761306015488 logging_writer.py:48] [7700] global_step=7700, grad_norm=0.9043814539909363, loss=4.378113269805908
I0418 10:39:46.907580 139761704457984 logging_writer.py:48] [7800] global_step=7800, grad_norm=0.9312047362327576, loss=4.363430500030518
I0418 10:40:28.207272 139761306015488 logging_writer.py:48] [7900] global_step=7900, grad_norm=0.9457928538322449, loss=4.342697620391846
I0418 10:41:09.535497 139761704457984 logging_writer.py:48] [8000] global_step=8000, grad_norm=0.7743666768074036, loss=5.147769927978516
I0418 10:41:50.897392 139761306015488 logging_writer.py:48] [8100] global_step=8100, grad_norm=0.9982644319534302, loss=4.378013610839844
I0418 10:42:26.583790 139939736233792 spec.py:298] Evaluating on the training split.
I0418 10:42:40.823119 139939736233792 spec.py:310] Evaluating on the validation split.
I0418 10:42:50.808599 139939736233792 spec.py:326] Evaluating on the test split.
I0418 10:42:52.469142 139939736233792 submission_runner.py:406] Time since start: 3651.72s, 	Step: 8188, 	{'train/accuracy': 0.394843727350235, 'train/loss': 2.910557270050049, 'validation/accuracy': 0.35933998227119446, 'validation/loss': 3.087632179260254, 'validation/num_examples': 50000, 'test/accuracy': 0.27390000224113464, 'test/loss': 3.6293017864227295, 'test/num_examples': 10000, 'score': 3411.466136932373, 'total_duration': 3651.7226235866547, 'accumulated_submission_time': 3411.466136932373, 'accumulated_eval_time': 222.7809739112854, 'accumulated_logging_time': 17.305179119110107}
I0418 10:42:52.482999 139761704457984 logging_writer.py:48] [8188] accumulated_eval_time=222.780974, accumulated_logging_time=17.305179, accumulated_submission_time=3411.466137, global_step=8188, preemption_count=0, score=3411.466137, test/accuracy=0.273900, test/loss=3.629302, test/num_examples=10000, total_duration=3651.722624, train/accuracy=0.394844, train/loss=2.910557, validation/accuracy=0.359340, validation/loss=3.087632, validation/num_examples=50000
I0418 10:42:52.635656 139939736233792 checkpoints.py:356] Saving checkpoint at step: 8188
I0418 10:42:53.862268 139939736233792 checkpoints.py:317] Saved checkpoint at /experiment_runs/timing_v3/timing_nadamw/imagenet_vit_jax/trial_1/checkpoint_8188
I0418 10:42:53.877753 139939736233792 checkpoint_utils.py:240] Saved checkpoint to /experiment_runs/timing_v3/timing_nadamw/imagenet_vit_jax/trial_1/checkpoint_8188.
I0418 10:42:59.139011 139761306015488 logging_writer.py:48] [8200] global_step=8200, grad_norm=0.9061927795410156, loss=4.411223411560059
I0418 10:43:39.130024 139761297622784 logging_writer.py:48] [8300] global_step=8300, grad_norm=0.7567408084869385, loss=5.7124223709106445
I0418 10:44:20.347995 139761306015488 logging_writer.py:48] [8400] global_step=8400, grad_norm=1.0419059991836548, loss=4.388040065765381
I0418 10:45:01.643783 139761297622784 logging_writer.py:48] [8500] global_step=8500, grad_norm=0.7901560068130493, loss=4.684500217437744
I0418 10:45:42.582407 139761306015488 logging_writer.py:48] [8600] global_step=8600, grad_norm=0.6638122200965881, loss=6.007311820983887
I0418 10:46:23.871754 139761297622784 logging_writer.py:48] [8700] global_step=8700, grad_norm=0.7658754587173462, loss=4.872997760772705
I0418 10:47:05.229176 139761306015488 logging_writer.py:48] [8800] global_step=8800, grad_norm=0.7835400700569153, loss=4.934076309204102
I0418 10:47:46.493229 139761297622784 logging_writer.py:48] [8900] global_step=8900, grad_norm=0.789350152015686, loss=4.474079132080078
I0418 10:48:27.711034 139761306015488 logging_writer.py:48] [9000] global_step=9000, grad_norm=0.7798032760620117, loss=4.136978626251221
I0418 10:49:09.123649 139761297622784 logging_writer.py:48] [9100] global_step=9100, grad_norm=0.715356707572937, loss=6.031008720397949
I0418 10:49:50.466732 139761306015488 logging_writer.py:48] [9200] global_step=9200, grad_norm=0.7196120619773865, loss=4.939817905426025
I0418 10:49:54.220552 139939736233792 spec.py:298] Evaluating on the training split.
I0418 10:50:08.683123 139939736233792 spec.py:310] Evaluating on the validation split.
I0418 10:50:19.292976 139939736233792 spec.py:326] Evaluating on the test split.
I0418 10:50:20.963878 139939736233792 submission_runner.py:406] Time since start: 4100.22s, 	Step: 9211, 	{'train/accuracy': 0.4273437261581421, 'train/loss': 2.6984026432037354, 'validation/accuracy': 0.3906799852848053, 'validation/loss': 2.868025779724121, 'validation/num_examples': 50000, 'test/accuracy': 0.3052000105381012, 'test/loss': 3.430504083633423, 'test/num_examples': 10000, 'score': 3831.785843372345, 'total_duration': 4100.217361688614, 'accumulated_submission_time': 3831.785843372345, 'accumulated_eval_time': 249.52425932884216, 'accumulated_logging_time': 18.71648383140564}
I0418 10:50:20.978279 139761297622784 logging_writer.py:48] [9211] accumulated_eval_time=249.524259, accumulated_logging_time=18.716484, accumulated_submission_time=3831.785843, global_step=9211, preemption_count=0, score=3831.785843, test/accuracy=0.305200, test/loss=3.430504, test/num_examples=10000, total_duration=4100.217362, train/accuracy=0.427344, train/loss=2.698403, validation/accuracy=0.390680, validation/loss=2.868026, validation/num_examples=50000
I0418 10:50:21.133579 139939736233792 checkpoints.py:356] Saving checkpoint at step: 9211
I0418 10:50:22.376380 139939736233792 checkpoints.py:317] Saved checkpoint at /experiment_runs/timing_v3/timing_nadamw/imagenet_vit_jax/trial_1/checkpoint_9211
I0418 10:50:22.392105 139939736233792 checkpoint_utils.py:240] Saved checkpoint to /experiment_runs/timing_v3/timing_nadamw/imagenet_vit_jax/trial_1/checkpoint_9211.
I0418 10:50:58.465031 139761306015488 logging_writer.py:48] [9300] global_step=9300, grad_norm=0.5913994312286377, loss=6.006312847137451
I0418 10:51:39.764442 139761289230080 logging_writer.py:48] [9400] global_step=9400, grad_norm=0.8666815161705017, loss=4.213438510894775
I0418 10:52:20.961403 139761306015488 logging_writer.py:48] [9500] global_step=9500, grad_norm=0.6353830695152283, loss=5.385428428649902
I0418 10:53:02.012125 139761289230080 logging_writer.py:48] [9600] global_step=9600, grad_norm=0.8685216903686523, loss=4.147194862365723
I0418 10:53:43.300580 139761306015488 logging_writer.py:48] [9700] global_step=9700, grad_norm=0.6101782917976379, loss=5.635451316833496
I0418 10:54:24.494748 139761289230080 logging_writer.py:48] [9800] global_step=9800, grad_norm=0.7367953062057495, loss=4.121912002563477
I0418 10:55:05.687036 139761306015488 logging_writer.py:48] [9900] global_step=9900, grad_norm=0.8167957067489624, loss=4.103977680206299
I0418 10:55:46.809047 139761289230080 logging_writer.py:48] [10000] global_step=10000, grad_norm=0.6922627091407776, loss=5.231612205505371
I0418 10:56:28.292998 139761306015488 logging_writer.py:48] [10100] global_step=10100, grad_norm=0.8971726894378662, loss=4.006392478942871
I0418 10:57:09.778296 139761289230080 logging_writer.py:48] [10200] global_step=10200, grad_norm=1.1024152040481567, loss=4.100130081176758
I0418 10:57:22.457210 139939736233792 spec.py:298] Evaluating on the training split.
I0418 10:57:35.981014 139939736233792 spec.py:310] Evaluating on the validation split.
I0418 10:57:48.206979 139939736233792 spec.py:326] Evaluating on the test split.
I0418 10:57:49.878261 139939736233792 submission_runner.py:406] Time since start: 4549.13s, 	Step: 10232, 	{'train/accuracy': 0.44794920086860657, 'train/loss': 2.5984833240509033, 'validation/accuracy': 0.4193199872970581, 'validation/loss': 2.744295597076416, 'validation/num_examples': 50000, 'test/accuracy': 0.3257000148296356, 'test/loss': 3.327915668487549, 'test/num_examples': 10000, 'score': 4251.828115701675, 'total_duration': 4549.131719589233, 'accumulated_submission_time': 4251.828115701675, 'accumulated_eval_time': 276.9452495574951, 'accumulated_logging_time': 20.14720606803894}
I0418 10:57:49.892394 139761306015488 logging_writer.py:48] [10232] accumulated_eval_time=276.945250, accumulated_logging_time=20.147206, accumulated_submission_time=4251.828116, global_step=10232, preemption_count=0, score=4251.828116, test/accuracy=0.325700, test/loss=3.327916, test/num_examples=10000, total_duration=4549.131720, train/accuracy=0.447949, train/loss=2.598483, validation/accuracy=0.419320, validation/loss=2.744296, validation/num_examples=50000
I0418 10:57:50.083702 139939736233792 checkpoints.py:356] Saving checkpoint at step: 10232
I0418 10:57:51.338355 139939736233792 checkpoints.py:317] Saved checkpoint at /experiment_runs/timing_v3/timing_nadamw/imagenet_vit_jax/trial_1/checkpoint_10232
I0418 10:57:51.353836 139939736233792 checkpoint_utils.py:240] Saved checkpoint to /experiment_runs/timing_v3/timing_nadamw/imagenet_vit_jax/trial_1/checkpoint_10232.
I0418 10:58:18.850327 139761289230080 logging_writer.py:48] [10300] global_step=10300, grad_norm=0.7958202362060547, loss=4.589853286743164
I0418 10:58:59.465761 139761280837376 logging_writer.py:48] [10400] global_step=10400, grad_norm=0.6655927300453186, loss=5.210404396057129
I0418 10:59:40.968815 139761289230080 logging_writer.py:48] [10500] global_step=10500, grad_norm=0.9362601041793823, loss=3.993980884552002
I0418 11:00:22.414048 139761280837376 logging_writer.py:48] [10600] global_step=10600, grad_norm=0.8678368926048279, loss=4.081681251525879
I0418 11:01:03.553674 139761289230080 logging_writer.py:48] [10700] global_step=10700, grad_norm=0.7869507670402527, loss=4.1770453453063965
I0418 11:01:44.651161 139761280837376 logging_writer.py:48] [10800] global_step=10800, grad_norm=0.764473557472229, loss=3.943326234817505
I0418 11:02:25.633826 139761289230080 logging_writer.py:48] [10900] global_step=10900, grad_norm=0.8755505084991455, loss=3.873202323913574
I0418 11:03:06.733645 139761280837376 logging_writer.py:48] [11000] global_step=11000, grad_norm=1.0974581241607666, loss=4.3372416496276855
I0418 11:03:48.428795 139761289230080 logging_writer.py:48] [11100] global_step=11100, grad_norm=0.7090870141983032, loss=4.16316556930542
I0418 11:04:30.586468 139761280837376 logging_writer.py:48] [11200] global_step=11200, grad_norm=0.6515079140663147, loss=5.907753944396973
I0418 11:04:51.395297 139939736233792 spec.py:298] Evaluating on the training split.
I0418 11:05:05.618930 139939736233792 spec.py:310] Evaluating on the validation split.
I0418 11:05:17.107403 139939736233792 spec.py:326] Evaluating on the test split.
I0418 11:05:18.791801 139939736233792 submission_runner.py:406] Time since start: 4998.05s, 	Step: 11252, 	{'train/accuracy': 0.48451170325279236, 'train/loss': 2.374006986618042, 'validation/accuracy': 0.4479599893093109, 'validation/loss': 2.544445514678955, 'validation/num_examples': 50000, 'test/accuracy': 0.3549000024795532, 'test/loss': 3.1430864334106445, 'test/num_examples': 10000, 'score': 4671.847253084183, 'total_duration': 4998.045312643051, 'accumulated_submission_time': 4671.847253084183, 'accumulated_eval_time': 304.3417296409607, 'accumulated_logging_time': 21.624865293502808}
I0418 11:05:18.802066 139761289230080 logging_writer.py:48] [11252] accumulated_eval_time=304.341730, accumulated_logging_time=21.624865, accumulated_submission_time=4671.847253, global_step=11252, preemption_count=0, score=4671.847253, test/accuracy=0.354900, test/loss=3.143086, test/num_examples=10000, total_duration=4998.045313, train/accuracy=0.484512, train/loss=2.374007, validation/accuracy=0.447960, validation/loss=2.544446, validation/num_examples=50000
I0418 11:05:18.966932 139939736233792 checkpoints.py:356] Saving checkpoint at step: 11252
I0418 11:05:20.042023 139939736233792 checkpoints.py:317] Saved checkpoint at /experiment_runs/timing_v3/timing_nadamw/imagenet_vit_jax/trial_1/checkpoint_11252
I0418 11:05:20.056982 139939736233792 checkpoint_utils.py:240] Saved checkpoint to /experiment_runs/timing_v3/timing_nadamw/imagenet_vit_jax/trial_1/checkpoint_11252.
I0418 11:05:39.658142 139761280837376 logging_writer.py:48] [11300] global_step=11300, grad_norm=0.733816921710968, loss=4.086369514465332
I0418 11:06:20.877115 139761272444672 logging_writer.py:48] [11400] global_step=11400, grad_norm=0.7810791730880737, loss=3.87034273147583
I0418 11:07:03.603254 139761280837376 logging_writer.py:48] [11500] global_step=11500, grad_norm=0.7486172914505005, loss=3.9316012859344482
I0418 11:07:46.086306 139761272444672 logging_writer.py:48] [11600] global_step=11600, grad_norm=0.7333616018295288, loss=3.858680009841919
I0418 11:08:27.819748 139761280837376 logging_writer.py:48] [11700] global_step=11700, grad_norm=0.8830009698867798, loss=5.510706424713135
I0418 11:09:09.006074 139761272444672 logging_writer.py:48] [11800] global_step=11800, grad_norm=0.8078416585922241, loss=3.9789950847625732
I0418 11:09:50.549535 139761280837376 logging_writer.py:48] [11900] global_step=11900, grad_norm=0.6699433922767639, loss=5.216264724731445
I0418 11:10:32.072048 139761272444672 logging_writer.py:48] [12000] global_step=12000, grad_norm=0.9078353643417358, loss=3.937847137451172
I0418 11:11:13.658220 139761280837376 logging_writer.py:48] [12100] global_step=12100, grad_norm=0.7650839686393738, loss=5.119787216186523
I0418 11:11:55.252488 139761272444672 logging_writer.py:48] [12200] global_step=12200, grad_norm=0.8231514692306519, loss=3.878559112548828
I0418 11:12:20.456537 139939736233792 spec.py:298] Evaluating on the training split.
I0418 11:12:34.805655 139939736233792 spec.py:310] Evaluating on the validation split.
I0418 11:12:45.751039 139939736233792 spec.py:326] Evaluating on the test split.
I0418 11:12:47.405299 139939736233792 submission_runner.py:406] Time since start: 5446.66s, 	Step: 12262, 	{'train/accuracy': 0.5203320384025574, 'train/loss': 2.2236344814300537, 'validation/accuracy': 0.472460001707077, 'validation/loss': 2.440772294998169, 'validation/num_examples': 50000, 'test/accuracy': 0.3751000165939331, 'test/loss': 3.0486156940460205, 'test/num_examples': 10000, 'score': 5092.225755214691, 'total_duration': 5446.6587908267975, 'accumulated_submission_time': 5092.225755214691, 'accumulated_eval_time': 331.29045939445496, 'accumulated_logging_time': 22.891602277755737}
I0418 11:12:47.419476 139761280837376 logging_writer.py:48] [12262] accumulated_eval_time=331.290459, accumulated_logging_time=22.891602, accumulated_submission_time=5092.225755, global_step=12262, preemption_count=0, score=5092.225755, test/accuracy=0.375100, test/loss=3.048616, test/num_examples=10000, total_duration=5446.658791, train/accuracy=0.520332, train/loss=2.223634, validation/accuracy=0.472460, validation/loss=2.440772, validation/num_examples=50000
I0418 11:12:47.621518 139939736233792 checkpoints.py:356] Saving checkpoint at step: 12262
I0418 11:12:48.931097 139939736233792 checkpoints.py:317] Saved checkpoint at /experiment_runs/timing_v3/timing_nadamw/imagenet_vit_jax/trial_1/checkpoint_12262
I0418 11:12:48.948025 139939736233792 checkpoint_utils.py:240] Saved checkpoint to /experiment_runs/timing_v3/timing_nadamw/imagenet_vit_jax/trial_1/checkpoint_12262.
I0418 11:13:04.595826 139761272444672 logging_writer.py:48] [12300] global_step=12300, grad_norm=0.86993008852005, loss=3.842108726501465
I0418 11:13:45.623028 139761171797760 logging_writer.py:48] [12400] global_step=12400, grad_norm=0.7383366823196411, loss=5.48502254486084
I0418 11:14:27.553779 139761272444672 logging_writer.py:48] [12500] global_step=12500, grad_norm=0.8734225034713745, loss=3.7918591499328613
I0418 11:15:09.305466 139761171797760 logging_writer.py:48] [12600] global_step=12600, grad_norm=0.6448615789413452, loss=5.847612380981445
I0418 11:15:51.061155 139761272444672 logging_writer.py:48] [12700] global_step=12700, grad_norm=0.752702534198761, loss=5.794495582580566
I0418 11:16:32.360579 139761171797760 logging_writer.py:48] [12800] global_step=12800, grad_norm=0.890900194644928, loss=3.902052879333496
I0418 11:17:13.778211 139761272444672 logging_writer.py:48] [12900] global_step=12900, grad_norm=0.7308939695358276, loss=4.112673759460449
I0418 11:17:55.138942 139761171797760 logging_writer.py:48] [13000] global_step=13000, grad_norm=0.783119797706604, loss=4.210006237030029
I0418 11:18:36.395869 139761272444672 logging_writer.py:48] [13100] global_step=13100, grad_norm=0.7938215136528015, loss=3.8971707820892334
I0418 11:19:18.055937 139761171797760 logging_writer.py:48] [13200] global_step=13200, grad_norm=0.894909143447876, loss=3.8744797706604004
I0418 11:19:49.135027 139939736233792 spec.py:298] Evaluating on the training split.
I0418 11:20:03.031871 139939736233792 spec.py:310] Evaluating on the validation split.
I0418 11:20:14.381408 139939736233792 spec.py:326] Evaluating on the test split.
I0418 11:20:16.061157 139939736233792 submission_runner.py:406] Time since start: 5895.31s, 	Step: 13275, 	{'train/accuracy': 0.5576171875, 'train/loss': 1.9679107666015625, 'validation/accuracy': 0.4920399785041809, 'validation/loss': 2.2809665203094482, 'validation/num_examples': 50000, 'test/accuracy': 0.3841000199317932, 'test/loss': 2.9072213172912598, 'test/num_examples': 10000, 'score': 5512.3914222717285, 'total_duration': 5895.314643859863, 'accumulated_submission_time': 5512.3914222717285, 'accumulated_eval_time': 358.2165570259094, 'accumulated_logging_time': 24.436192274093628}
I0418 11:20:16.075524 139761272444672 logging_writer.py:48] [13275] accumulated_eval_time=358.216557, accumulated_logging_time=24.436192, accumulated_submission_time=5512.391422, global_step=13275, preemption_count=0, score=5512.391422, test/accuracy=0.384100, test/loss=2.907221, test/num_examples=10000, total_duration=5895.314644, train/accuracy=0.557617, train/loss=1.967911, validation/accuracy=0.492040, validation/loss=2.280967, validation/num_examples=50000
I0418 11:20:16.335867 139939736233792 checkpoints.py:356] Saving checkpoint at step: 13275
I0418 11:20:18.694244 139939736233792 checkpoints.py:317] Saved checkpoint at /experiment_runs/timing_v3/timing_nadamw/imagenet_vit_jax/trial_1/checkpoint_13275
I0418 11:20:18.712095 139939736233792 checkpoint_utils.py:240] Saved checkpoint to /experiment_runs/timing_v3/timing_nadamw/imagenet_vit_jax/trial_1/checkpoint_13275.
I0418 11:20:29.111711 139761171797760 logging_writer.py:48] [13300] global_step=13300, grad_norm=0.7568890452384949, loss=3.840818405151367
I0418 11:21:09.380988 139761163405056 logging_writer.py:48] [13400] global_step=13400, grad_norm=0.8131795525550842, loss=3.6986260414123535
I0418 11:21:50.626233 139761171797760 logging_writer.py:48] [13500] global_step=13500, grad_norm=0.628603994846344, loss=4.930230140686035
I0418 11:22:31.858527 139761163405056 logging_writer.py:48] [13600] global_step=13600, grad_norm=0.8329058289527893, loss=3.680054187774658
I0418 11:23:13.040236 139761171797760 logging_writer.py:48] [13700] global_step=13700, grad_norm=0.7455096244812012, loss=3.6284728050231934
I0418 11:23:54.485224 139761163405056 logging_writer.py:48] [13800] global_step=13800, grad_norm=0.7132967114448547, loss=3.6863961219787598
I0418 11:24:35.637389 139761171797760 logging_writer.py:48] [13900] global_step=13900, grad_norm=0.7348840832710266, loss=3.8109543323516846
I0418 11:25:16.826188 139761163405056 logging_writer.py:48] [14000] global_step=14000, grad_norm=0.8437886834144592, loss=3.624128818511963
I0418 11:25:58.531910 139761171797760 logging_writer.py:48] [14100] global_step=14100, grad_norm=0.9174870848655701, loss=3.702784299850464
I0418 11:26:40.099415 139761163405056 logging_writer.py:48] [14200] global_step=14200, grad_norm=0.7227010130882263, loss=3.6407670974731445
I0418 11:27:18.977843 139939736233792 spec.py:298] Evaluating on the training split.
I0418 11:27:32.918884 139939736233792 spec.py:310] Evaluating on the validation split.
I0418 11:27:45.034674 139939736233792 spec.py:326] Evaluating on the test split.
I0418 11:27:46.700883 139939736233792 submission_runner.py:406] Time since start: 6345.95s, 	Step: 14293, 	{'train/accuracy': 0.5441210865974426, 'train/loss': 2.074860095977783, 'validation/accuracy': 0.508080005645752, 'validation/loss': 2.2444303035736084, 'validation/num_examples': 50000, 'test/accuracy': 0.39430001378059387, 'test/loss': 2.8699193000793457, 'test/num_examples': 10000, 'score': 5932.636206865311, 'total_duration': 6345.95436835289, 'accumulated_submission_time': 5932.636206865311, 'accumulated_eval_time': 385.9395899772644, 'accumulated_logging_time': 27.088396072387695}
I0418 11:27:46.716087 139761171797760 logging_writer.py:48] [14293] accumulated_eval_time=385.939590, accumulated_logging_time=27.088396, accumulated_submission_time=5932.636207, global_step=14293, preemption_count=0, score=5932.636207, test/accuracy=0.394300, test/loss=2.869919, test/num_examples=10000, total_duration=6345.954368, train/accuracy=0.544121, train/loss=2.074860, validation/accuracy=0.508080, validation/loss=2.244430, validation/num_examples=50000
I0418 11:27:46.991032 139939736233792 checkpoints.py:356] Saving checkpoint at step: 14293
I0418 11:27:48.283015 139939736233792 checkpoints.py:317] Saved checkpoint at /experiment_runs/timing_v3/timing_nadamw/imagenet_vit_jax/trial_1/checkpoint_14293
