I0428 10:50:04.593538 139774329104192 spec.py:298] Evaluating on the training split.
I0428 10:50:12.913680 139774329104192 spec.py:310] Evaluating on the validation split.
I0428 10:50:20.862356 139774329104192 spec.py:326] Evaluating on the test split.
I0428 10:50:22.535339 139774329104192 submission_runner.py:415] Time since start: 8010.66s, 	Step: 15303, 	{'train/accuracy': 0.48326170444488525, 'train/loss': 2.4012749195098877, 'validation/accuracy': 0.4479999840259552, 'validation/loss': 2.587911605834961, 'validation/num_examples': 50000, 'test/accuracy': 0.3424000144004822, 'test/loss': 3.195845365524292, 'test/num_examples': 10000, 'score': 7670.888507127762, 'total_duration': 8010.659863710403, 'accumulated_submission_time': 7670.888507127762, 'accumulated_eval_time': 339.03777527809143, 'accumulated_logging_time': 0.476729154586792}
I0428 10:50:22.550620 139545660073728 logging_writer.py:48] [15303] accumulated_eval_time=339.037775, accumulated_logging_time=0.476729, accumulated_submission_time=7670.888507, global_step=15303, preemption_count=0, score=7670.888507, test/accuracy=0.342400, test/loss=3.195845, test/num_examples=10000, total_duration=8010.659864, train/accuracy=0.483262, train/loss=2.401275, validation/accuracy=0.448000, validation/loss=2.587912, validation/num_examples=50000
I0428 10:51:13.040390 139545651681024 logging_writer.py:48] [15400] global_step=15400, grad_norm=1.8516353368759155, loss=6.0114946365356445
I0428 10:52:04.333970 139545660073728 logging_writer.py:48] [15500] global_step=15500, grad_norm=1.100818157196045, loss=4.051000118255615
I0428 10:52:55.789372 139545651681024 logging_writer.py:48] [15600] global_step=15600, grad_norm=1.148125410079956, loss=4.902257442474365
I0428 10:53:46.719742 139545660073728 logging_writer.py:48] [15700] global_step=15700, grad_norm=1.2226048707962036, loss=3.9124691486358643
I0428 10:54:37.781416 139545651681024 logging_writer.py:48] [15800] global_step=15800, grad_norm=1.156944751739502, loss=5.4964094161987305
I0428 10:55:28.419513 139545660073728 logging_writer.py:48] [15900] global_step=15900, grad_norm=1.0499935150146484, loss=3.8072006702423096
I0428 10:56:19.705937 139545651681024 logging_writer.py:48] [16000] global_step=16000, grad_norm=1.2285876274108887, loss=4.037299156188965
I0428 10:57:10.636060 139545660073728 logging_writer.py:48] [16100] global_step=16100, grad_norm=1.3085105419158936, loss=5.339527130126953
I0428 10:57:22.739894 139774329104192 spec.py:298] Evaluating on the training split.
I0428 10:57:31.479317 139774329104192 spec.py:310] Evaluating on the validation split.
I0428 10:57:40.165743 139774329104192 spec.py:326] Evaluating on the test split.
I0428 10:57:41.859055 139774329104192 submission_runner.py:415] Time since start: 8449.98s, 	Step: 16125, 	{'train/accuracy': 0.5134179592132568, 'train/loss': 2.260342597961426, 'validation/accuracy': 0.458979994058609, 'validation/loss': 2.5162487030029297, 'validation/num_examples': 50000, 'test/accuracy': 0.3547000288963318, 'test/loss': 3.153627395629883, 'test/num_examples': 10000, 'score': 8091.034668922424, 'total_duration': 8449.979655742645, 'accumulated_submission_time': 8091.034668922424, 'accumulated_eval_time': 358.15297269821167, 'accumulated_logging_time': 0.5192561149597168}
I0428 10:57:41.879850 139545651681024 logging_writer.py:48] [16125] accumulated_eval_time=358.152973, accumulated_logging_time=0.519256, accumulated_submission_time=8091.034669, global_step=16125, preemption_count=0, score=8091.034669, test/accuracy=0.354700, test/loss=3.153627, test/num_examples=10000, total_duration=8449.979656, train/accuracy=0.513418, train/loss=2.260343, validation/accuracy=0.458980, validation/loss=2.516249, validation/num_examples=50000
I0428 10:58:20.889686 139545660073728 logging_writer.py:48] [16200] global_step=16200, grad_norm=1.385926604270935, loss=5.783195495605469
I0428 10:59:11.625402 139545651681024 logging_writer.py:48] [16300] global_step=16300, grad_norm=1.0427714586257935, loss=5.0874223709106445
I0428 11:00:02.742801 139545660073728 logging_writer.py:48] [16400] global_step=16400, grad_norm=1.228112816810608, loss=5.497725486755371
I0428 11:00:53.485349 139545651681024 logging_writer.py:48] [16500] global_step=16500, grad_norm=1.2031511068344116, loss=5.779523849487305
I0428 11:01:44.885720 139545660073728 logging_writer.py:48] [16600] global_step=16600, grad_norm=1.0989949703216553, loss=4.343420505523682
I0428 11:02:35.937112 139545651681024 logging_writer.py:48] [16700] global_step=16700, grad_norm=1.1795189380645752, loss=3.6910109519958496
I0428 11:03:27.191970 139545660073728 logging_writer.py:48] [16800] global_step=16800, grad_norm=1.2202304601669312, loss=3.9684031009674072
I0428 11:04:18.142590 139545651681024 logging_writer.py:48] [16900] global_step=16900, grad_norm=1.1012368202209473, loss=3.8923938274383545
I0428 11:04:41.951425 139774329104192 spec.py:298] Evaluating on the training split.
I0428 11:04:49.851370 139774329104192 spec.py:310] Evaluating on the validation split.
I0428 11:04:58.152637 139774329104192 spec.py:326] Evaluating on the test split.
I0428 11:04:59.829660 139774329104192 submission_runner.py:415] Time since start: 8887.95s, 	Step: 16947, 	{'train/accuracy': 0.5101367235183716, 'train/loss': 2.281947374343872, 'validation/accuracy': 0.4706399738788605, 'validation/loss': 2.471693754196167, 'validation/num_examples': 50000, 'test/accuracy': 0.3629000186920166, 'test/loss': 3.107588529586792, 'test/num_examples': 10000, 'score': 8511.057977437973, 'total_duration': 8887.954178333282, 'accumulated_submission_time': 8511.057977437973, 'accumulated_eval_time': 376.03114795684814, 'accumulated_logging_time': 0.5724232196807861}
I0428 11:04:59.842965 139545660073728 logging_writer.py:48] [16947] accumulated_eval_time=376.031148, accumulated_logging_time=0.572423, accumulated_submission_time=8511.057977, global_step=16947, preemption_count=0, score=8511.057977, test/accuracy=0.362900, test/loss=3.107589, test/num_examples=10000, total_duration=8887.954178, train/accuracy=0.510137, train/loss=2.281947, validation/accuracy=0.470640, validation/loss=2.471694, validation/num_examples=50000
I0428 11:05:27.772686 139545651681024 logging_writer.py:48] [17000] global_step=17000, grad_norm=1.1389347314834595, loss=3.9495394229888916
I0428 11:06:18.881252 139545660073728 logging_writer.py:48] [17100] global_step=17100, grad_norm=1.1253700256347656, loss=3.9199681282043457
I0428 11:07:10.483496 139545651681024 logging_writer.py:48] [17200] global_step=17200, grad_norm=1.086271047592163, loss=4.0241169929504395
I0428 11:08:01.129712 139545660073728 logging_writer.py:48] [17300] global_step=17300, grad_norm=1.1380163431167603, loss=3.882244348526001
I0428 11:08:52.766079 139545651681024 logging_writer.py:48] [17400] global_step=17400, grad_norm=1.3295005559921265, loss=3.8744964599609375
I0428 11:09:43.600950 139545660073728 logging_writer.py:48] [17500] global_step=17500, grad_norm=1.054935336112976, loss=3.8845579624176025
I0428 11:10:34.543126 139545651681024 logging_writer.py:48] [17600] global_step=17600, grad_norm=0.9841583371162415, loss=3.789735794067383
I0428 11:11:25.308703 139545660073728 logging_writer.py:48] [17700] global_step=17700, grad_norm=1.064788818359375, loss=5.3474297523498535
I0428 11:11:59.936217 139774329104192 spec.py:298] Evaluating on the training split.
I0428 11:12:09.722666 139774329104192 spec.py:310] Evaluating on the validation split.
I0428 11:12:19.189783 139774329104192 spec.py:326] Evaluating on the test split.
I0428 11:12:20.860476 139774329104192 submission_runner.py:415] Time since start: 9328.99s, 	Step: 17769, 	{'train/accuracy': 0.5201367139816284, 'train/loss': 2.285395383834839, 'validation/accuracy': 0.47849997878074646, 'validation/loss': 2.486689329147339, 'validation/num_examples': 50000, 'test/accuracy': 0.3694000244140625, 'test/loss': 3.098381280899048, 'test/num_examples': 10000, 'score': 8931.12339758873, 'total_duration': 9328.985008001328, 'accumulated_submission_time': 8931.12339758873, 'accumulated_eval_time': 396.95538997650146, 'accumulated_logging_time': 0.5976047515869141}
I0428 11:12:20.875279 139545651681024 logging_writer.py:48] [17769] accumulated_eval_time=396.955390, accumulated_logging_time=0.597605, accumulated_submission_time=8931.123398, global_step=17769, preemption_count=0, score=8931.123398, test/accuracy=0.369400, test/loss=3.098381, test/num_examples=10000, total_duration=9328.985008, train/accuracy=0.520137, train/loss=2.285395, validation/accuracy=0.478500, validation/loss=2.486689, validation/num_examples=50000
I0428 11:12:37.569835 139545660073728 logging_writer.py:48] [17800] global_step=17800, grad_norm=1.2403866052627563, loss=3.904782772064209
I0428 11:13:28.416353 139545651681024 logging_writer.py:48] [17900] global_step=17900, grad_norm=1.306505560874939, loss=4.076934814453125
I0428 11:14:19.531880 139545660073728 logging_writer.py:48] [18000] global_step=18000, grad_norm=1.3293532133102417, loss=4.055851936340332
I0428 11:15:10.506998 139545651681024 logging_writer.py:48] [18100] global_step=18100, grad_norm=1.1088494062423706, loss=4.015280723571777
I0428 11:16:01.555140 139545660073728 logging_writer.py:48] [18200] global_step=18200, grad_norm=1.3244948387145996, loss=3.8472495079040527
I0428 11:16:52.228339 139545651681024 logging_writer.py:48] [18300] global_step=18300, grad_norm=1.1151336431503296, loss=3.621248722076416
I0428 11:17:43.518467 139545660073728 logging_writer.py:48] [18400] global_step=18400, grad_norm=1.1836836338043213, loss=3.7973971366882324
I0428 11:18:34.100662 139545651681024 logging_writer.py:48] [18500] global_step=18500, grad_norm=1.0612019300460815, loss=3.772338628768921
I0428 11:19:21.281107 139774329104192 spec.py:298] Evaluating on the training split.
I0428 11:19:29.143851 139774329104192 spec.py:310] Evaluating on the validation split.
I0428 11:19:37.804025 139774329104192 spec.py:326] Evaluating on the test split.
I0428 11:19:39.469241 139774329104192 submission_runner.py:415] Time since start: 9767.59s, 	Step: 18593, 	{'train/accuracy': 0.530468761920929, 'train/loss': 2.1735544204711914, 'validation/accuracy': 0.4897799789905548, 'validation/loss': 2.3675601482391357, 'validation/num_examples': 50000, 'test/accuracy': 0.379800021648407, 'test/loss': 3.0141055583953857, 'test/num_examples': 10000, 'score': 9351.499804496765, 'total_duration': 9767.593749523163, 'accumulated_submission_time': 9351.499804496765, 'accumulated_eval_time': 415.14348006248474, 'accumulated_logging_time': 0.6258835792541504}
I0428 11:19:39.490223 139545660073728 logging_writer.py:48] [18593] accumulated_eval_time=415.143480, accumulated_logging_time=0.625884, accumulated_submission_time=9351.499804, global_step=18593, preemption_count=0, score=9351.499804, test/accuracy=0.379800, test/loss=3.014106, test/num_examples=10000, total_duration=9767.593750, train/accuracy=0.530469, train/loss=2.173554, validation/accuracy=0.489780, validation/loss=2.367560, validation/num_examples=50000
I0428 11:19:43.577129 139545651681024 logging_writer.py:48] [18600] global_step=18600, grad_norm=1.1115529537200928, loss=4.1895551681518555
I0428 11:20:34.889804 139545660073728 logging_writer.py:48] [18700] global_step=18700, grad_norm=2.012176036834717, loss=5.677890777587891
I0428 11:21:26.242919 139545651681024 logging_writer.py:48] [18800] global_step=18800, grad_norm=1.2319846153259277, loss=5.034992694854736
I0428 11:22:16.841564 139545660073728 logging_writer.py:48] [18900] global_step=18900, grad_norm=1.2710742950439453, loss=4.847657680511475
I0428 11:23:07.655679 139545651681024 logging_writer.py:48] [19000] global_step=19000, grad_norm=1.1824707984924316, loss=3.718506097793579
I0428 11:23:58.290187 139545660073728 logging_writer.py:48] [19100] global_step=19100, grad_norm=1.1684447526931763, loss=3.817969799041748
I0428 11:24:48.959856 139545651681024 logging_writer.py:48] [19200] global_step=19200, grad_norm=1.2118767499923706, loss=3.6958465576171875
I0428 11:25:39.809066 139545660073728 logging_writer.py:48] [19300] global_step=19300, grad_norm=1.2279117107391357, loss=4.120633602142334
I0428 11:26:30.742713 139545651681024 logging_writer.py:48] [19400] global_step=19400, grad_norm=1.1990872621536255, loss=3.793560743331909
I0428 11:26:39.755361 139774329104192 spec.py:298] Evaluating on the training split.
I0428 11:26:50.274563 139774329104192 spec.py:310] Evaluating on the validation split.
I0428 11:26:59.270180 139774329104192 spec.py:326] Evaluating on the test split.
I0428 11:27:00.956972 139774329104192 submission_runner.py:415] Time since start: 10209.08s, 	Step: 19419, 	{'train/accuracy': 0.5395898222923279, 'train/loss': 2.1370255947113037, 'validation/accuracy': 0.4953799843788147, 'validation/loss': 2.344198703765869, 'validation/num_examples': 50000, 'test/accuracy': 0.38700002431869507, 'test/loss': 2.976212739944458, 'test/num_examples': 10000, 'score': 9771.736384153366, 'total_duration': 10209.07812833786, 'accumulated_submission_time': 9771.736384153366, 'accumulated_eval_time': 436.341703414917, 'accumulated_logging_time': 0.6590654850006104}
I0428 11:27:00.973535 139545660073728 logging_writer.py:48] [19419] accumulated_eval_time=436.341703, accumulated_logging_time=0.659065, accumulated_submission_time=9771.736384, global_step=19419, preemption_count=0, score=9771.736384, test/accuracy=0.387000, test/loss=2.976213, test/num_examples=10000, total_duration=10209.078128, train/accuracy=0.539590, train/loss=2.137026, validation/accuracy=0.495380, validation/loss=2.344199, validation/num_examples=50000
I0428 11:27:42.705568 139545651681024 logging_writer.py:48] [19500] global_step=19500, grad_norm=1.141883134841919, loss=3.634308099746704
I0428 11:28:33.884354 139545660073728 logging_writer.py:48] [19600] global_step=19600, grad_norm=1.1195991039276123, loss=3.561424732208252
I0428 11:29:25.075231 139545651681024 logging_writer.py:48] [19700] global_step=19700, grad_norm=1.2020883560180664, loss=4.072350978851318
I0428 11:30:15.942842 139545660073728 logging_writer.py:48] [19800] global_step=19800, grad_norm=1.1847453117370605, loss=3.7534406185150146
I0428 11:31:07.052749 139545651681024 logging_writer.py:48] [19900] global_step=19900, grad_norm=1.2172479629516602, loss=3.7649612426757812
I0428 11:31:57.817301 139545660073728 logging_writer.py:48] [20000] global_step=20000, grad_norm=1.5228761434555054, loss=4.730113506317139
I0428 11:32:49.195996 139545651681024 logging_writer.py:48] [20100] global_step=20100, grad_norm=1.4212168455123901, loss=5.772177219390869
I0428 11:33:40.356014 139545660073728 logging_writer.py:48] [20200] global_step=20200, grad_norm=1.4155018329620361, loss=4.624506950378418
I0428 11:34:01.394761 139774329104192 spec.py:298] Evaluating on the training split.
I0428 11:34:09.361854 139774329104192 spec.py:310] Evaluating on the validation split.
I0428 11:34:19.147727 139774329104192 spec.py:326] Evaluating on the test split.
I0428 11:34:20.819663 139774329104192 submission_runner.py:415] Time since start: 10648.94s, 	Step: 20242, 	{'train/accuracy': 0.555957019329071, 'train/loss': 2.0108635425567627, 'validation/accuracy': 0.5078399777412415, 'validation/loss': 2.25386381149292, 'validation/num_examples': 50000, 'test/accuracy': 0.39170002937316895, 'test/loss': 2.9173407554626465, 'test/num_examples': 10000, 'score': 10192.12415933609, 'total_duration': 10648.942932844162, 'accumulated_submission_time': 10192.12415933609, 'accumulated_eval_time': 455.7653133869171, 'accumulated_logging_time': 0.6931803226470947}
I0428 11:34:20.837889 139545651681024 logging_writer.py:48] [20242] accumulated_eval_time=455.765313, accumulated_logging_time=0.693180, accumulated_submission_time=10192.124159, global_step=20242, preemption_count=0, score=10192.124159, test/accuracy=0.391700, test/loss=2.917341, test/num_examples=10000, total_duration=10648.942933, train/accuracy=0.555957, train/loss=2.010864, validation/accuracy=0.507840, validation/loss=2.253864, validation/num_examples=50000
I0428 11:34:51.269898 139545660073728 logging_writer.py:48] [20300] global_step=20300, grad_norm=1.1700128316879272, loss=3.5384955406188965
I0428 11:35:42.586126 139545651681024 logging_writer.py:48] [20400] global_step=20400, grad_norm=1.2383712530136108, loss=3.8499765396118164
I0428 11:36:33.994018 139545660073728 logging_writer.py:48] [20500] global_step=20500, grad_norm=1.243491768836975, loss=3.7916338443756104
I0428 11:37:24.853758 139545651681024 logging_writer.py:48] [20600] global_step=20600, grad_norm=1.1565351486206055, loss=3.5697522163391113
I0428 11:38:16.075302 139545660073728 logging_writer.py:48] [20700] global_step=20700, grad_norm=1.5033906698226929, loss=4.986987590789795
I0428 11:39:07.010107 139545651681024 logging_writer.py:48] [20800] global_step=20800, grad_norm=1.2703531980514526, loss=3.557706117630005
I0428 11:39:57.808496 139545660073728 logging_writer.py:48] [20900] global_step=20900, grad_norm=1.3189237117767334, loss=4.156451225280762
I0428 11:40:48.956780 139545651681024 logging_writer.py:48] [21000] global_step=21000, grad_norm=1.4215009212493896, loss=3.612389087677002
I0428 11:41:20.937311 139774329104192 spec.py:298] Evaluating on the training split.
I0428 11:41:28.762440 139774329104192 spec.py:310] Evaluating on the validation split.
I0428 11:41:38.522726 139774329104192 spec.py:326] Evaluating on the test split.
I0428 11:41:40.199087 139774329104192 submission_runner.py:415] Time since start: 11088.32s, 	Step: 21064, 	{'train/accuracy': 0.5453320145606995, 'train/loss': 2.0933563709259033, 'validation/accuracy': 0.4995400011539459, 'validation/loss': 2.299429178237915, 'validation/num_examples': 50000, 'test/accuracy': 0.3874000310897827, 'test/loss': 2.9426355361938477, 'test/num_examples': 10000, 'score': 10612.193915843964, 'total_duration': 11088.322331666946, 'accumulated_submission_time': 10612.193915843964, 'accumulated_eval_time': 475.025776386261, 'accumulated_logging_time': 0.725426197052002}
I0428 11:41:40.217004 139545660073728 logging_writer.py:48] [21064] accumulated_eval_time=475.025776, accumulated_logging_time=0.725426, accumulated_submission_time=10612.193916, global_step=21064, preemption_count=0, score=10612.193916, test/accuracy=0.387400, test/loss=2.942636, test/num_examples=10000, total_duration=11088.322332, train/accuracy=0.545332, train/loss=2.093356, validation/accuracy=0.499540, validation/loss=2.299429, validation/num_examples=50000
I0428 11:41:59.496732 139545651681024 logging_writer.py:48] [21100] global_step=21100, grad_norm=1.361101508140564, loss=4.394731521606445
I0428 11:42:50.652002 139545660073728 logging_writer.py:48] [21200] global_step=21200, grad_norm=1.263263463973999, loss=5.704693794250488
I0428 11:43:41.723167 139545651681024 logging_writer.py:48] [21300] global_step=21300, grad_norm=1.218949556350708, loss=4.025398254394531
I0428 11:44:32.637933 139545660073728 logging_writer.py:48] [21400] global_step=21400, grad_norm=1.4047935009002686, loss=3.625044107437134
I0428 11:45:24.164329 139545651681024 logging_writer.py:48] [21500] global_step=21500, grad_norm=1.2112475633621216, loss=3.8597676753997803
I0428 11:46:15.599062 139545660073728 logging_writer.py:48] [21600] global_step=21600, grad_norm=1.1580711603164673, loss=3.5557429790496826
I0428 11:47:07.202966 139545651681024 logging_writer.py:48] [21700] global_step=21700, grad_norm=1.3109757900238037, loss=3.5635058879852295
I0428 11:47:57.918509 139545660073728 logging_writer.py:48] [21800] global_step=21800, grad_norm=1.635398507118225, loss=5.26647424697876
I0428 11:48:40.319162 139774329104192 spec.py:298] Evaluating on the training split.
I0428 11:48:48.485319 139774329104192 spec.py:310] Evaluating on the validation split.
I0428 11:48:56.868850 139774329104192 spec.py:326] Evaluating on the test split.
I0428 11:48:58.539634 139774329104192 submission_runner.py:415] Time since start: 11526.66s, 	Step: 21884, 	{'train/accuracy': 0.5594531297683716, 'train/loss': 2.003148078918457, 'validation/accuracy': 0.5139200091362, 'validation/loss': 2.233449697494507, 'validation/num_examples': 50000, 'test/accuracy': 0.4043000340461731, 'test/loss': 2.8800857067108154, 'test/num_examples': 10000, 'score': 11032.267510652542, 'total_duration': 11526.662681102753, 'accumulated_submission_time': 11032.267510652542, 'accumulated_eval_time': 493.24475049972534, 'accumulated_logging_time': 0.7560896873474121}
I0428 11:48:58.557304 139545651681024 logging_writer.py:48] [21884] accumulated_eval_time=493.244750, accumulated_logging_time=0.756090, accumulated_submission_time=11032.267511, global_step=21884, preemption_count=0, score=11032.267511, test/accuracy=0.404300, test/loss=2.880086, test/num_examples=10000, total_duration=11526.662681, train/accuracy=0.559453, train/loss=2.003148, validation/accuracy=0.513920, validation/loss=2.233450, validation/num_examples=50000
I0428 11:49:07.419225 139545660073728 logging_writer.py:48] [21900] global_step=21900, grad_norm=1.3403072357177734, loss=3.5856685638427734
I0428 11:49:58.251153 139545651681024 logging_writer.py:48] [22000] global_step=22000, grad_norm=1.2379684448242188, loss=4.210004806518555
I0428 11:50:49.343366 139545660073728 logging_writer.py:48] [22100] global_step=22100, grad_norm=1.3617470264434814, loss=5.391181945800781
I0428 11:51:40.415897 139545651681024 logging_writer.py:48] [22200] global_step=22200, grad_norm=1.4653877019882202, loss=5.553215026855469
I0428 11:52:31.606287 139545660073728 logging_writer.py:48] [22300] global_step=22300, grad_norm=1.3671696186065674, loss=3.878953695297241
I0428 11:53:22.505854 139545651681024 logging_writer.py:48] [22400] global_step=22400, grad_norm=1.343604564666748, loss=4.456859111785889
I0428 11:54:13.954288 139545660073728 logging_writer.py:48] [22500] global_step=22500, grad_norm=1.24848210811615, loss=3.5843663215637207
I0428 11:55:05.112769 139545651681024 logging_writer.py:48] [22600] global_step=22600, grad_norm=1.2334529161453247, loss=3.5953757762908936
I0428 11:55:56.409375 139545660073728 logging_writer.py:48] [22700] global_step=22700, grad_norm=1.411392331123352, loss=3.668992280960083
I0428 11:55:58.969303 139774329104192 spec.py:298] Evaluating on the training split.
I0428 11:56:07.096670 139774329104192 spec.py:310] Evaluating on the validation split.
I0428 11:56:16.298919 139774329104192 spec.py:326] Evaluating on the test split.
I0428 11:56:17.975660 139774329104192 submission_runner.py:415] Time since start: 11966.10s, 	Step: 22706, 	{'train/accuracy': 0.5866601467132568, 'train/loss': 1.9081224203109741, 'validation/accuracy': 0.5212799906730652, 'validation/loss': 2.2187764644622803, 'validation/num_examples': 50000, 'test/accuracy': 0.4049000144004822, 'test/loss': 2.851747512817383, 'test/num_examples': 10000, 'score': 11452.649909973145, 'total_duration': 11966.098942518234, 'accumulated_submission_time': 11452.649909973145, 'accumulated_eval_time': 512.2498142719269, 'accumulated_logging_time': 0.7877943515777588}
I0428 11:56:17.987729 139545651681024 logging_writer.py:48] [22706] accumulated_eval_time=512.249814, accumulated_logging_time=0.787794, accumulated_submission_time=11452.649910, global_step=22706, preemption_count=0, score=11452.649910, test/accuracy=0.404900, test/loss=2.851748, test/num_examples=10000, total_duration=11966.098943, train/accuracy=0.586660, train/loss=1.908122, validation/accuracy=0.521280, validation/loss=2.218776, validation/num_examples=50000
I0428 11:57:06.715529 139545660073728 logging_writer.py:48] [22800] global_step=22800, grad_norm=1.370059847831726, loss=3.4809889793395996
I0428 11:57:58.425768 139545651681024 logging_writer.py:48] [22900] global_step=22900, grad_norm=1.2178616523742676, loss=4.826263904571533
I0428 11:58:49.401581 139545660073728 logging_writer.py:48] [23000] global_step=23000, grad_norm=1.105982780456543, loss=3.7698638439178467
I0428 11:59:40.862200 139545651681024 logging_writer.py:48] [23100] global_step=23100, grad_norm=1.3906337022781372, loss=3.6150593757629395
I0428 12:00:31.796354 139545660073728 logging_writer.py:48] [23200] global_step=23200, grad_norm=1.3641014099121094, loss=3.738079071044922
I0428 12:01:23.062518 139545651681024 logging_writer.py:48] [23300] global_step=23300, grad_norm=1.5113043785095215, loss=3.5514585971832275
I0428 12:02:13.971261 139545660073728 logging_writer.py:48] [23400] global_step=23400, grad_norm=1.211658000946045, loss=3.498312473297119
I0428 12:03:05.260527 139545651681024 logging_writer.py:48] [23500] global_step=23500, grad_norm=1.1558022499084473, loss=3.4914703369140625
I0428 12:03:18.016492 139774329104192 spec.py:298] Evaluating on the training split.
I0428 12:03:25.652956 139774329104192 spec.py:310] Evaluating on the validation split.
I0428 12:03:35.256247 139774329104192 spec.py:326] Evaluating on the test split.
I0428 12:03:36.938154 139774329104192 submission_runner.py:415] Time since start: 12405.06s, 	Step: 23526, 	{'train/accuracy': 0.5736913681030273, 'train/loss': 1.9353002309799194, 'validation/accuracy': 0.5300799608230591, 'validation/loss': 2.1478803157806396, 'validation/num_examples': 50000, 'test/accuracy': 0.40960001945495605, 'test/loss': 2.804401397705078, 'test/num_examples': 10000, 'score': 11872.646726846695, 'total_duration': 12405.061233520508, 'accumulated_submission_time': 11872.646726846695, 'accumulated_eval_time': 531.1700053215027, 'accumulated_logging_time': 0.8161451816558838}
I0428 12:03:36.956412 139545660073728 logging_writer.py:48] [23526] accumulated_eval_time=531.170005, accumulated_logging_time=0.816145, accumulated_submission_time=11872.646727, global_step=23526, preemption_count=0, score=11872.646727, test/accuracy=0.409600, test/loss=2.804401, test/num_examples=10000, total_duration=12405.061234, train/accuracy=0.573691, train/loss=1.935300, validation/accuracy=0.530080, validation/loss=2.147880, validation/num_examples=50000
I0428 12:04:15.653019 139545651681024 logging_writer.py:48] [23600] global_step=23600, grad_norm=1.3424586057662964, loss=3.536562204360962
I0428 12:05:07.245225 139545660073728 logging_writer.py:48] [23700] global_step=23700, grad_norm=1.2266372442245483, loss=3.5704245567321777
I0428 12:05:58.264578 139545651681024 logging_writer.py:48] [23800] global_step=23800, grad_norm=1.3444138765335083, loss=3.50689697265625
I0428 12:06:49.772483 139545660073728 logging_writer.py:48] [23900] global_step=23900, grad_norm=1.7190673351287842, loss=5.617807388305664
I0428 12:07:41.050284 139545651681024 logging_writer.py:48] [24000] global_step=24000, grad_norm=1.2900633811950684, loss=3.586989641189575
I0428 12:08:32.462092 139545660073728 logging_writer.py:48] [24100] global_step=24100, grad_norm=1.3213120698928833, loss=3.5520358085632324
I0428 12:09:23.415852 139545651681024 logging_writer.py:48] [24200] global_step=24200, grad_norm=1.33805513381958, loss=3.381195306777954
I0428 12:10:14.575367 139545660073728 logging_writer.py:48] [24300] global_step=24300, grad_norm=1.5431803464889526, loss=4.762673377990723
I0428 12:10:37.239020 139774329104192 spec.py:298] Evaluating on the training split.
I0428 12:10:45.061687 139774329104192 spec.py:310] Evaluating on the validation split.
I0428 12:10:55.109645 139774329104192 spec.py:326] Evaluating on the test split.
I0428 12:10:56.774474 139774329104192 submission_runner.py:415] Time since start: 12844.90s, 	Step: 24346, 	{'train/accuracy': 0.5817577838897705, 'train/loss': 1.9220412969589233, 'validation/accuracy': 0.5311200022697449, 'validation/loss': 2.164311170578003, 'validation/num_examples': 50000, 'test/accuracy': 0.4117000102996826, 'test/loss': 2.8107802867889404, 'test/num_examples': 10000, 'score': 12292.899994373322, 'total_duration': 12844.897749900818, 'accumulated_submission_time': 12292.899994373322, 'accumulated_eval_time': 550.7041776180267, 'accumulated_logging_time': 0.8477580547332764}
I0428 12:10:56.792246 139545651681024 logging_writer.py:48] [24346] accumulated_eval_time=550.704178, accumulated_logging_time=0.847758, accumulated_submission_time=12292.899994, global_step=24346, preemption_count=0, score=12292.899994, test/accuracy=0.411700, test/loss=2.810780, test/num_examples=10000, total_duration=12844.897750, train/accuracy=0.581758, train/loss=1.922041, validation/accuracy=0.531120, validation/loss=2.164311, validation/num_examples=50000
I0428 12:11:24.932190 139545660073728 logging_writer.py:48] [24400] global_step=24400, grad_norm=1.1425764560699463, loss=3.633732795715332
I0428 12:12:16.389578 139545651681024 logging_writer.py:48] [24500] global_step=24500, grad_norm=1.4761438369750977, loss=5.075201034545898
I0428 12:13:07.259107 139545660073728 logging_writer.py:48] [24600] global_step=24600, grad_norm=1.173535704612732, loss=4.0468058586120605
I0428 12:13:58.571089 139545651681024 logging_writer.py:48] [24700] global_step=24700, grad_norm=1.518519401550293, loss=5.388510227203369
I0428 12:14:49.502996 139545660073728 logging_writer.py:48] [24800] global_step=24800, grad_norm=1.3016952276229858, loss=3.9934699535369873
I0428 12:15:40.687824 139545651681024 logging_writer.py:48] [24900] global_step=24900, grad_norm=1.3065567016601562, loss=3.4806644916534424
I0428 12:16:31.501528 139545660073728 logging_writer.py:48] [25000] global_step=25000, grad_norm=1.2510977983474731, loss=3.7534167766571045
I0428 12:17:22.910814 139545651681024 logging_writer.py:48] [25100] global_step=25100, grad_norm=1.2288954257965088, loss=3.9979665279388428
I0428 12:17:57.213336 139774329104192 spec.py:298] Evaluating on the training split.
I0428 12:18:05.128021 139774329104192 spec.py:310] Evaluating on the validation split.
I0428 12:18:14.235568 139774329104192 spec.py:326] Evaluating on the test split.
I0428 12:18:15.899219 139774329104192 submission_runner.py:415] Time since start: 13284.02s, 	Step: 25168, 	{'train/accuracy': 0.57763671875, 'train/loss': 1.938732385635376, 'validation/accuracy': 0.5371400117874146, 'validation/loss': 2.1236259937286377, 'validation/num_examples': 50000, 'test/accuracy': 0.41750001907348633, 'test/loss': 2.7961947917938232, 'test/num_examples': 10000, 'score': 12713.29128408432, 'total_duration': 13284.022624015808, 'accumulated_submission_time': 12713.29128408432, 'accumulated_eval_time': 569.3889224529266, 'accumulated_logging_time': 0.8795332908630371}
I0428 12:18:15.918174 139545660073728 logging_writer.py:48] [25168] accumulated_eval_time=569.388922, accumulated_logging_time=0.879533, accumulated_submission_time=12713.291284, global_step=25168, preemption_count=0, score=12713.291284, test/accuracy=0.417500, test/loss=2.796195, test/num_examples=10000, total_duration=13284.022624, train/accuracy=0.577637, train/loss=1.938732, validation/accuracy=0.537140, validation/loss=2.123626, validation/num_examples=50000
I0428 12:18:33.005360 139545651681024 logging_writer.py:48] [25200] global_step=25200, grad_norm=1.2789382934570312, loss=3.5825083255767822
I0428 12:19:24.254580 139545660073728 logging_writer.py:48] [25300] global_step=25300, grad_norm=1.261813998222351, loss=4.562079429626465
I0428 12:20:15.437119 139545651681024 logging_writer.py:48] [25400] global_step=25400, grad_norm=1.4181030988693237, loss=3.497211217880249
I0428 12:21:06.829666 139545660073728 logging_writer.py:48] [25500] global_step=25500, grad_norm=1.3859094381332397, loss=3.4301891326904297
I0428 12:21:57.596172 139545651681024 logging_writer.py:48] [25600] global_step=25600, grad_norm=1.3338117599487305, loss=3.375257730484009
I0428 12:22:48.818855 139545660073728 logging_writer.py:48] [25700] global_step=25700, grad_norm=1.3501074314117432, loss=3.4641947746276855
I0428 12:23:39.740755 139545651681024 logging_writer.py:48] [25800] global_step=25800, grad_norm=1.4078724384307861, loss=3.5504837036132812
I0428 12:24:31.375117 139545660073728 logging_writer.py:48] [25900] global_step=25900, grad_norm=1.2068933248519897, loss=3.505453586578369
I0428 12:25:16.043361 139774329104192 spec.py:298] Evaluating on the training split.
I0428 12:25:24.081638 139774329104192 spec.py:310] Evaluating on the validation split.
I0428 12:25:33.741842 139774329104192 spec.py:326] Evaluating on the test split.
I0428 12:25:35.405927 139774329104192 submission_runner.py:415] Time since start: 13723.53s, 	Step: 25989, 	{'train/accuracy': 0.5998437404632568, 'train/loss': 1.7852566242218018, 'validation/accuracy': 0.5520399808883667, 'validation/loss': 2.0235848426818848, 'validation/num_examples': 50000, 'test/accuracy': 0.4301000237464905, 'test/loss': 2.6935596466064453, 'test/num_examples': 10000, 'score': 13133.387439727783, 'total_duration': 13723.529441833496, 'accumulated_submission_time': 13133.387439727783, 'accumulated_eval_time': 588.7504587173462, 'accumulated_logging_time': 0.9117598533630371}
I0428 12:25:35.418494 139545651681024 logging_writer.py:48] [25989] accumulated_eval_time=588.750459, accumulated_logging_time=0.911760, accumulated_submission_time=13133.387440, global_step=25989, preemption_count=0, score=13133.387440, test/accuracy=0.430100, test/loss=2.693560, test/num_examples=10000, total_duration=13723.529442, train/accuracy=0.599844, train/loss=1.785257, validation/accuracy=0.552040, validation/loss=2.023585, validation/num_examples=50000
I0428 12:25:41.711529 139545660073728 logging_writer.py:48] [26000] global_step=26000, grad_norm=1.3805991411209106, loss=3.3742501735687256
I0428 12:26:33.360718 139545651681024 logging_writer.py:48] [26100] global_step=26100, grad_norm=1.401336431503296, loss=5.251582622528076
I0428 12:27:24.369419 139545660073728 logging_writer.py:48] [26200] global_step=26200, grad_norm=1.4157501459121704, loss=4.275760173797607
I0428 12:28:15.887804 139545651681024 logging_writer.py:48] [26300] global_step=26300, grad_norm=1.3412396907806396, loss=3.576305627822876
I0428 12:29:07.179172 139545660073728 logging_writer.py:48] [26400] global_step=26400, grad_norm=1.3601553440093994, loss=3.6164872646331787
I0428 12:29:58.490688 139545651681024 logging_writer.py:48] [26500] global_step=26500, grad_norm=1.2806004285812378, loss=3.7256569862365723
I0428 12:30:49.947014 139545660073728 logging_writer.py:48] [26600] global_step=26600, grad_norm=1.404886245727539, loss=3.5773961544036865
I0428 12:31:41.662724 139545651681024 logging_writer.py:48] [26700] global_step=26700, grad_norm=1.6693766117095947, loss=5.080784320831299
I0428 12:32:33.082509 139545660073728 logging_writer.py:48] [26800] global_step=26800, grad_norm=1.3141214847564697, loss=3.7701733112335205
I0428 12:32:35.589778 139774329104192 spec.py:298] Evaluating on the training split.
I0428 12:32:43.475720 139774329104192 spec.py:310] Evaluating on the validation split.
I0428 12:32:52.673104 139774329104192 spec.py:326] Evaluating on the test split.
I0428 12:32:54.330433 139774329104192 submission_runner.py:415] Time since start: 14162.45s, 	Step: 26806, 	{'train/accuracy': 0.613964855670929, 'train/loss': 1.7197158336639404, 'validation/accuracy': 0.5508800148963928, 'validation/loss': 2.0125911235809326, 'validation/num_examples': 50000, 'test/accuracy': 0.43310001492500305, 'test/loss': 2.679903745651245, 'test/num_examples': 10000, 'score': 13553.529470920563, 'total_duration': 14162.453840255737, 'accumulated_submission_time': 13553.529470920563, 'accumulated_eval_time': 607.4899682998657, 'accumulated_logging_time': 0.9383840560913086}
I0428 12:32:54.348887 139545651681024 logging_writer.py:48] [26806] accumulated_eval_time=607.489968, accumulated_logging_time=0.938384, accumulated_submission_time=13553.529471, global_step=26806, preemption_count=0, score=13553.529471, test/accuracy=0.433100, test/loss=2.679904, test/num_examples=10000, total_duration=14162.453840, train/accuracy=0.613965, train/loss=1.719716, validation/accuracy=0.550880, validation/loss=2.012591, validation/num_examples=50000
I0428 12:33:43.449349 139545660073728 logging_writer.py:48] [26900] global_step=26900, grad_norm=1.34760320186615, loss=4.2117767333984375
I0428 12:34:34.428486 139545651681024 logging_writer.py:48] [27000] global_step=27000, grad_norm=1.325273871421814, loss=3.7717394828796387
I0428 12:35:25.893080 139545660073728 logging_writer.py:48] [27100] global_step=27100, grad_norm=1.3402531147003174, loss=3.3823933601379395
I0428 12:36:16.962988 139545651681024 logging_writer.py:48] [27200] global_step=27200, grad_norm=1.2955491542816162, loss=3.4179861545562744
I0428 12:37:08.434000 139545660073728 logging_writer.py:48] [27300] global_step=27300, grad_norm=1.2172452211380005, loss=3.512531042098999
I0428 12:37:59.605498 139545651681024 logging_writer.py:48] [27400] global_step=27400, grad_norm=1.7293647527694702, loss=5.632262229919434
I0428 12:38:51.300846 139545660073728 logging_writer.py:48] [27500] global_step=27500, grad_norm=1.279985785484314, loss=3.4031238555908203
I0428 12:39:42.309680 139545651681024 logging_writer.py:48] [27600] global_step=27600, grad_norm=1.5218937397003174, loss=5.315555095672607
I0428 12:39:54.521043 139774329104192 spec.py:298] Evaluating on the training split.
I0428 12:40:02.322941 139774329104192 spec.py:310] Evaluating on the validation split.
I0428 12:40:12.056558 139774329104192 spec.py:326] Evaluating on the test split.
I0428 12:40:13.735201 139774329104192 submission_runner.py:415] Time since start: 14601.86s, 	Step: 27625, 	{'train/accuracy': 0.6016796827316284, 'train/loss': 1.7657504081726074, 'validation/accuracy': 0.5518199801445007, 'validation/loss': 1.9917868375778198, 'validation/num_examples': 50000, 'test/accuracy': 0.43460002541542053, 'test/loss': 2.667407512664795, 'test/num_examples': 10000, 'score': 13973.672849178314, 'total_duration': 14601.858078718185, 'accumulated_submission_time': 13973.672849178314, 'accumulated_eval_time': 626.7024238109589, 'accumulated_logging_time': 0.9704618453979492}
I0428 12:40:13.747760 139545660073728 logging_writer.py:48] [27625] accumulated_eval_time=626.702424, accumulated_logging_time=0.970462, accumulated_submission_time=13973.672849, global_step=27625, preemption_count=0, score=13973.672849, test/accuracy=0.434600, test/loss=2.667408, test/num_examples=10000, total_duration=14601.858079, train/accuracy=0.601680, train/loss=1.765750, validation/accuracy=0.551820, validation/loss=1.991787, validation/num_examples=50000
I0428 12:40:52.947235 139545651681024 logging_writer.py:48] [27700] global_step=27700, grad_norm=1.4115642309188843, loss=4.880832195281982
I0428 12:41:43.939875 139545660073728 logging_writer.py:48] [27800] global_step=27800, grad_norm=1.4392589330673218, loss=4.600341320037842
I0428 12:42:35.293185 139545651681024 logging_writer.py:48] [27900] global_step=27900, grad_norm=1.4025468826293945, loss=3.3406643867492676
I0428 12:43:25.964933 139774329104192 spec.py:298] Evaluating on the training split.
I0428 12:43:33.813035 139774329104192 spec.py:310] Evaluating on the validation split.
I0428 12:43:42.809899 139774329104192 spec.py:326] Evaluating on the test split.
I0428 12:43:44.478960 139774329104192 submission_runner.py:415] Time since start: 14812.60s, 	Step: 28000, 	{'train/accuracy': 0.6074413657188416, 'train/loss': 1.8074811697006226, 'validation/accuracy': 0.5539399981498718, 'validation/loss': 2.0755293369293213, 'validation/num_examples': 50000, 'test/accuracy': 0.4349000155925751, 'test/loss': 2.7250735759735107, 'test/num_examples': 10000, 'score': 14165.870100736618, 'total_duration': 14812.60220694542, 'accumulated_submission_time': 14165.870100736618, 'accumulated_eval_time': 645.2151508331299, 'accumulated_logging_time': 0.9958095550537109}
I0428 12:43:44.498565 139545660073728 logging_writer.py:48] [28000] accumulated_eval_time=645.215151, accumulated_logging_time=0.995810, accumulated_submission_time=14165.870101, global_step=28000, preemption_count=0, score=14165.870101, test/accuracy=0.434900, test/loss=2.725074, test/num_examples=10000, total_duration=14812.602207, train/accuracy=0.607441, train/loss=1.807481, validation/accuracy=0.553940, validation/loss=2.075529, validation/num_examples=50000
I0428 12:43:44.529706 139545651681024 logging_writer.py:48] [28000] global_step=28000, preemption_count=0, score=14165.870101
I0428 12:43:44.719638 139774329104192 checkpoints.py:356] Saving checkpoint at step: 28000
I0428 12:43:45.391491 139774329104192 checkpoints.py:317] Saved checkpoint at /experiment_runs/timing_fancy/timing_adafactor/imagenet_vit_jax/trial_1/checkpoint_28000
I0428 12:43:45.403912 139774329104192 checkpoint_utils.py:240] Saved checkpoint to /experiment_runs/timing_fancy/timing_adafactor/imagenet_vit_jax/trial_1/checkpoint_28000.
I0428 12:43:46.381250 139774329104192 submission_runner.py:578] Tuning trial 1/1
I0428 12:43:46.381561 139774329104192 submission_runner.py:579] Hyperparameters: Hyperparameters(learning_rate=0.0032594519610942875, one_minus_beta1=0.03999478140191344, warmup_factor=0.05, weight_decay=0.002578922011395245, label_smoothing=0.1, dropout_rate=0.0)
