python3 submission_runner.py --framework=jax --workload=imagenet_vit --submission_path=baselines/nesterov/jax/submission.py --tuning_search_space=baselines/nesterov/tuning_search_space.json --data_dir=/data/imagenet/jax --num_tuning_trials=1 --experiment_dir=/experiment_runs --experiment_name=timing_fancy/timing_nesterov --overwrite=True --save_checkpoints=False --max_global_steps=28000 --imagenet_v2_data_dir=/data/imagenet/jax 2>&1 | tee -a /logs/imagenet_vit_jax_04-28-2023-08-27-04.log
I0428 08:27:26.677598 140468099872576 logger_utils.py:76] Creating experiment directory at /experiment_runs/timing_fancy/timing_nesterov/imagenet_vit_jax.
I0428 08:27:26.750495 140468099872576 xla_bridge.py:345] Unable to initialize backend 'tpu_driver': NOT_FOUND: Unable to find driver in registry given worker: 
I0428 08:27:27.612458 140468099872576 xla_bridge.py:345] Unable to initialize backend 'rocm': NOT_FOUND: Could not find registered platform with name: "rocm". Available platform names are: Host CUDA Interpreter
I0428 08:27:27.613239 140468099872576 xla_bridge.py:345] Unable to initialize backend 'tpu': module 'jaxlib.xla_extension' has no attribute 'get_tpu_client'
I0428 08:27:27.617733 140468099872576 submission_runner.py:538] Using RNG seed 1406711482
I0428 08:27:30.555527 140468099872576 submission_runner.py:547] --- Tuning run 1/1 ---
I0428 08:27:30.555724 140468099872576 submission_runner.py:552] Creating tuning directory at /experiment_runs/timing_fancy/timing_nesterov/imagenet_vit_jax/trial_1.
I0428 08:27:30.555919 140468099872576 logger_utils.py:92] Saving hparams to /experiment_runs/timing_fancy/timing_nesterov/imagenet_vit_jax/trial_1/hparams.json.
I0428 08:27:30.678024 140468099872576 submission_runner.py:241] Initializing dataset.
I0428 08:27:30.691050 140468099872576 dataset_info.py:566] Load dataset info from /data/imagenet/jax/imagenet2012/5.1.0
I0428 08:27:30.698873 140468099872576 dataset_info.py:642] Field info.splits from disk and from code do not match. Keeping the one from code.
I0428 08:27:30.699025 140468099872576 dataset_info.py:642] Field info.supervised_keys from disk and from code do not match. Keeping the one from code.
I0428 08:27:30.965832 140468099872576 logging_logger.py:49] Constructing tf.data.Dataset imagenet2012 for split train, from /data/imagenet/jax/imagenet2012/5.1.0
I0428 08:27:37.676168 140468099872576 submission_runner.py:248] Initializing model.
I0428 08:27:48.776661 140468099872576 submission_runner.py:258] Initializing optimizer.
I0428 08:27:49.276916 140468099872576 submission_runner.py:265] Initializing metrics bundle.
I0428 08:27:49.277109 140468099872576 submission_runner.py:282] Initializing checkpoint and logger.
I0428 08:27:49.278074 140468099872576 checkpoints.py:466] Found no checkpoint files in /experiment_runs/timing_fancy/timing_nesterov/imagenet_vit_jax/trial_1 with prefix checkpoint_
I0428 08:27:50.221765 140468099872576 submission_runner.py:303] Saving meta data to /experiment_runs/timing_fancy/timing_nesterov/imagenet_vit_jax/trial_1/meta_data_0.json.
I0428 08:27:50.222919 140468099872576 submission_runner.py:306] Saving flags to /experiment_runs/timing_fancy/timing_nesterov/imagenet_vit_jax/trial_1/flags_0.json.
I0428 08:27:50.227852 140468099872576 submission_runner.py:318] Starting training loop.
I0428 08:28:38.090442 140285724022528 logging_writer.py:48] [0] global_step=0, grad_norm=0.2849441468715668, loss=6.907753944396973
I0428 08:28:38.104427 140468099872576 spec.py:298] Evaluating on the training split.
I0428 08:28:38.110517 140468099872576 dataset_info.py:566] Load dataset info from /data/imagenet/jax/imagenet2012/5.1.0
I0428 08:28:38.116329 140468099872576 dataset_info.py:642] Field info.splits from disk and from code do not match. Keeping the one from code.
I0428 08:28:38.116444 140468099872576 dataset_info.py:642] Field info.supervised_keys from disk and from code do not match. Keeping the one from code.
I0428 08:28:38.176126 140468099872576 logging_logger.py:49] Constructing tf.data.Dataset imagenet2012 for split train, from /data/imagenet/jax/imagenet2012/5.1.0
I0428 08:28:58.784874 140468099872576 spec.py:310] Evaluating on the validation split.
I0428 08:28:58.792518 140468099872576 dataset_info.py:566] Load dataset info from /data/imagenet/jax/imagenet2012/5.1.0
I0428 08:28:58.804580 140468099872576 dataset_info.py:642] Field info.splits from disk and from code do not match. Keeping the one from code.
I0428 08:28:58.804890 140468099872576 dataset_info.py:642] Field info.supervised_keys from disk and from code do not match. Keeping the one from code.
I0428 08:28:58.862680 140468099872576 logging_logger.py:49] Constructing tf.data.Dataset imagenet2012 for split validation, from /data/imagenet/jax/imagenet2012/5.1.0
I0428 08:29:17.748723 140468099872576 spec.py:326] Evaluating on the test split.
I0428 08:29:17.756414 140468099872576 dataset_info.py:566] Load dataset info from /data/imagenet/jax/imagenet_v2/matched-frequency/3.0.0
I0428 08:29:17.763207 140468099872576 dataset_builder.py:510] Reusing dataset imagenet_v2 (/data/imagenet/jax/imagenet_v2/matched-frequency/3.0.0)
I0428 08:29:17.794492 140468099872576 logging_logger.py:49] Constructing tf.data.Dataset imagenet_v2 for split test, from /data/imagenet/jax/imagenet_v2/matched-frequency/3.0.0
I0428 08:29:28.706932 140468099872576 submission_runner.py:415] Time since start: 98.48s, 	Step: 1, 	{'train/accuracy': 0.0008203124743886292, 'train/loss': 6.907756328582764, 'validation/accuracy': 0.0009999999310821295, 'validation/loss': 6.9077558517456055, 'validation/num_examples': 50000, 'test/accuracy': 0.0010000000474974513, 'test/loss': 6.907756805419922, 'test/num_examples': 10000, 'score': 47.87640738487244, 'total_duration': 98.47901773452759, 'accumulated_submission_time': 47.87640738487244, 'accumulated_eval_time': 50.602452516555786, 'accumulated_logging_time': 0}
I0428 08:29:28.723746 140227796530944 logging_writer.py:48] [1] accumulated_eval_time=50.602453, accumulated_logging_time=0, accumulated_submission_time=47.876407, global_step=1, preemption_count=0, score=47.876407, test/accuracy=0.001000, test/loss=6.907757, test/num_examples=10000, total_duration=98.479018, train/accuracy=0.000820, train/loss=6.907756, validation/accuracy=0.001000, validation/loss=6.907756, validation/num_examples=50000
I0428 08:30:22.557122 140286890014464 logging_writer.py:48] [100] global_step=100, grad_norm=0.2868240177631378, loss=6.9050493240356445
I0428 08:31:02.951723 140286898407168 logging_writer.py:48] [200] global_step=200, grad_norm=0.2876937985420227, loss=6.898165225982666
I0428 08:31:43.415292 140286890014464 logging_writer.py:48] [300] global_step=300, grad_norm=0.30240634083747864, loss=6.886466979980469
I0428 08:32:23.784690 140286898407168 logging_writer.py:48] [400] global_step=400, grad_norm=0.47786635160446167, loss=6.8297882080078125
I0428 08:33:04.200354 140286890014464 logging_writer.py:48] [500] global_step=500, grad_norm=1.1890822649002075, loss=6.7384185791015625
I0428 08:33:45.056658 140286898407168 logging_writer.py:48] [600] global_step=600, grad_norm=0.6923202872276306, loss=6.718652725219727
I0428 08:34:25.581197 140286890014464 logging_writer.py:48] [700] global_step=700, grad_norm=1.2121927738189697, loss=6.627074241638184
I0428 08:35:06.321008 140286898407168 logging_writer.py:48] [800] global_step=800, grad_norm=0.9221752882003784, loss=6.684360504150391
I0428 08:35:46.849750 140286890014464 logging_writer.py:48] [900] global_step=900, grad_norm=0.8905715942382812, loss=6.539871692657471
I0428 08:36:27.489036 140286898407168 logging_writer.py:48] [1000] global_step=1000, grad_norm=1.143614649772644, loss=6.599734306335449
I0428 08:36:28.820183 140468099872576 spec.py:298] Evaluating on the training split.
I0428 08:36:39.902274 140468099872576 spec.py:310] Evaluating on the validation split.
I0428 08:36:46.385762 140468099872576 spec.py:326] Evaluating on the test split.
I0428 08:36:48.467829 140468099872576 submission_runner.py:415] Time since start: 538.24s, 	Step: 1005, 	{'train/accuracy': 0.0373242162168026, 'train/loss': 6.043600559234619, 'validation/accuracy': 0.036240000277757645, 'validation/loss': 6.072470664978027, 'validation/num_examples': 50000, 'test/accuracy': 0.026500001549720764, 'test/loss': 6.168850421905518, 'test/num_examples': 10000, 'score': 467.94335865974426, 'total_duration': 538.2398612499237, 'accumulated_submission_time': 467.94335865974426, 'accumulated_eval_time': 70.25005269050598, 'accumulated_logging_time': 0.024674415588378906}
I0428 08:36:48.492874 140228106897152 logging_writer.py:48] [1005] accumulated_eval_time=70.250053, accumulated_logging_time=0.024674, accumulated_submission_time=467.943359, global_step=1005, preemption_count=0, score=467.943359, test/accuracy=0.026500, test/loss=6.168850, test/num_examples=10000, total_duration=538.239861, train/accuracy=0.037324, train/loss=6.043601, validation/accuracy=0.036240, validation/loss=6.072471, validation/num_examples=50000
I0428 08:37:27.340995 140228115289856 logging_writer.py:48] [1100] global_step=1100, grad_norm=0.7082377672195435, loss=6.536848068237305
I0428 08:38:07.651980 140228106897152 logging_writer.py:48] [1200] global_step=1200, grad_norm=1.062682867050171, loss=6.431800842285156
I0428 08:38:47.940709 140228115289856 logging_writer.py:48] [1300] global_step=1300, grad_norm=1.0440146923065186, loss=6.79405403137207
I0428 08:39:28.574388 140228106897152 logging_writer.py:48] [1400] global_step=1400, grad_norm=0.8344587683677673, loss=6.538260459899902
I0428 08:40:09.078744 140228115289856 logging_writer.py:48] [1500] global_step=1500, grad_norm=1.3515098094940186, loss=6.384342193603516
I0428 08:40:49.783766 140228106897152 logging_writer.py:48] [1600] global_step=1600, grad_norm=1.031794786453247, loss=6.33623743057251
I0428 08:41:30.474554 140228115289856 logging_writer.py:48] [1700] global_step=1700, grad_norm=1.193469762802124, loss=6.369488716125488
I0428 08:42:11.172510 140228106897152 logging_writer.py:48] [1800] global_step=1800, grad_norm=1.055382251739502, loss=6.304661273956299
I0428 08:42:51.882555 140228115289856 logging_writer.py:48] [1900] global_step=1900, grad_norm=0.8293037414550781, loss=6.273446559906006
I0428 08:43:32.572237 140228106897152 logging_writer.py:48] [2000] global_step=2000, grad_norm=0.6363503336906433, loss=6.641701698303223
I0428 08:43:48.873536 140468099872576 spec.py:298] Evaluating on the training split.
I0428 08:44:00.112755 140468099872576 spec.py:310] Evaluating on the validation split.
I0428 08:44:06.694249 140468099872576 spec.py:326] Evaluating on the test split.
I0428 08:44:08.441493 140468099872576 submission_runner.py:415] Time since start: 978.21s, 	Step: 2042, 	{'train/accuracy': 0.07175780832767487, 'train/loss': 5.516951084136963, 'validation/accuracy': 0.0663599967956543, 'validation/loss': 5.558749675750732, 'validation/num_examples': 50000, 'test/accuracy': 0.04580000042915344, 'test/loss': 5.734161853790283, 'test/num_examples': 10000, 'score': 888.2692646980286, 'total_duration': 978.2135407924652, 'accumulated_submission_time': 888.2692646980286, 'accumulated_eval_time': 89.81798124313354, 'accumulated_logging_time': 0.0823972225189209}
I0428 08:44:08.455670 140228115289856 logging_writer.py:48] [2042] accumulated_eval_time=89.817981, accumulated_logging_time=0.082397, accumulated_submission_time=888.269265, global_step=2042, preemption_count=0, score=888.269265, test/accuracy=0.045800, test/loss=5.734162, test/num_examples=10000, total_duration=978.213541, train/accuracy=0.071758, train/loss=5.516951, validation/accuracy=0.066360, validation/loss=5.558750, validation/num_examples=50000
I0428 08:44:32.398542 140228106897152 logging_writer.py:48] [2100] global_step=2100, grad_norm=1.0320714712142944, loss=6.5100860595703125
I0428 08:45:12.592333 140228115289856 logging_writer.py:48] [2200] global_step=2200, grad_norm=0.8313387036323547, loss=6.234835624694824
I0428 08:45:53.031711 140228106897152 logging_writer.py:48] [2300] global_step=2300, grad_norm=0.7450371384620667, loss=6.33955717086792
I0428 08:46:33.815494 140228115289856 logging_writer.py:48] [2400] global_step=2400, grad_norm=0.7353945374488831, loss=6.231282711029053
I0428 08:47:14.415492 140228106897152 logging_writer.py:48] [2500] global_step=2500, grad_norm=0.7671747803688049, loss=6.256464004516602
I0428 08:47:54.870112 140228115289856 logging_writer.py:48] [2600] global_step=2600, grad_norm=0.6736871004104614, loss=6.703645706176758
I0428 08:48:35.623988 140228106897152 logging_writer.py:48] [2700] global_step=2700, grad_norm=0.7236543297767639, loss=6.681340217590332
I0428 08:49:16.388552 140228115289856 logging_writer.py:48] [2800] global_step=2800, grad_norm=0.717272937297821, loss=6.17537260055542
I0428 08:49:57.152995 140228106897152 logging_writer.py:48] [2900] global_step=2900, grad_norm=0.6895082592964172, loss=6.707160472869873
I0428 08:50:37.615313 140228115289856 logging_writer.py:48] [3000] global_step=3000, grad_norm=0.7240861058235168, loss=6.572968482971191
I0428 08:51:08.736298 140468099872576 spec.py:298] Evaluating on the training split.
I0428 08:51:19.814546 140468099872576 spec.py:310] Evaluating on the validation split.
I0428 08:51:26.519082 140468099872576 spec.py:326] Evaluating on the test split.
I0428 08:51:28.238035 140468099872576 submission_runner.py:415] Time since start: 1418.01s, 	Step: 3078, 	{'train/accuracy': 0.09431640058755875, 'train/loss': 5.234086036682129, 'validation/accuracy': 0.08912000060081482, 'validation/loss': 5.284057140350342, 'validation/num_examples': 50000, 'test/accuracy': 0.06710000336170197, 'test/loss': 5.516386985778809, 'test/num_examples': 10000, 'score': 1308.5137221813202, 'total_duration': 1418.0100915431976, 'accumulated_submission_time': 1308.5137221813202, 'accumulated_eval_time': 109.3197009563446, 'accumulated_logging_time': 0.11086511611938477}
I0428 08:51:28.255518 140228106897152 logging_writer.py:48] [3078] accumulated_eval_time=109.319701, accumulated_logging_time=0.110865, accumulated_submission_time=1308.513722, global_step=3078, preemption_count=0, score=1308.513722, test/accuracy=0.067100, test/loss=5.516387, test/num_examples=10000, total_duration=1418.010092, train/accuracy=0.094316, train/loss=5.234086, validation/accuracy=0.089120, validation/loss=5.284057, validation/num_examples=50000
I0428 08:51:37.653127 140228115289856 logging_writer.py:48] [3100] global_step=3100, grad_norm=0.8902481198310852, loss=6.270670413970947
I0428 08:52:18.354202 140228106897152 logging_writer.py:48] [3200] global_step=3200, grad_norm=1.009275197982788, loss=6.0420308113098145
I0428 08:52:59.041979 140228115289856 logging_writer.py:48] [3300] global_step=3300, grad_norm=0.7257439494132996, loss=6.112186431884766
I0428 08:53:39.715270 140228106897152 logging_writer.py:48] [3400] global_step=3400, grad_norm=0.799048125743866, loss=6.033148288726807
I0428 08:54:20.503360 140228115289856 logging_writer.py:48] [3500] global_step=3500, grad_norm=0.7887474894523621, loss=6.10896635055542
I0428 08:55:01.095063 140228106897152 logging_writer.py:48] [3600] global_step=3600, grad_norm=0.7549098134040833, loss=6.136207580566406
I0428 08:55:41.621106 140228115289856 logging_writer.py:48] [3700] global_step=3700, grad_norm=0.7100561857223511, loss=5.933290004730225
I0428 08:56:22.416664 140228106897152 logging_writer.py:48] [3800] global_step=3800, grad_norm=0.5451954007148743, loss=6.628335475921631
I0428 08:57:03.046948 140228115289856 logging_writer.py:48] [3900] global_step=3900, grad_norm=0.5547434091567993, loss=6.308719635009766
I0428 08:57:43.723784 140228106897152 logging_writer.py:48] [4000] global_step=4000, grad_norm=0.7625338435173035, loss=6.67487096786499
I0428 08:58:24.537890 140228115289856 logging_writer.py:48] [4100] global_step=4100, grad_norm=0.8010880947113037, loss=5.895030975341797
I0428 08:58:28.330595 140468099872576 spec.py:298] Evaluating on the training split.
I0428 08:58:39.687739 140468099872576 spec.py:310] Evaluating on the validation split.
I0428 08:58:46.528442 140468099872576 spec.py:326] Evaluating on the test split.
I0428 08:58:48.236885 140468099872576 submission_runner.py:415] Time since start: 1858.01s, 	Step: 4111, 	{'train/accuracy': 0.1280859410762787, 'train/loss': 4.956143379211426, 'validation/accuracy': 0.11177999526262283, 'validation/loss': 5.053415775299072, 'validation/num_examples': 50000, 'test/accuracy': 0.08640000224113464, 'test/loss': 5.311581611633301, 'test/num_examples': 10000, 'score': 1728.5482530593872, 'total_duration': 1858.0089581012726, 'accumulated_submission_time': 1728.5482530593872, 'accumulated_eval_time': 129.22598838806152, 'accumulated_logging_time': 0.14727282524108887}
I0428 08:58:48.248514 140228106897152 logging_writer.py:48] [4111] accumulated_eval_time=129.225988, accumulated_logging_time=0.147273, accumulated_submission_time=1728.548253, global_step=4111, preemption_count=0, score=1728.548253, test/accuracy=0.086400, test/loss=5.311582, test/num_examples=10000, total_duration=1858.008958, train/accuracy=0.128086, train/loss=4.956143, validation/accuracy=0.111780, validation/loss=5.053416, validation/num_examples=50000
I0428 08:59:24.772614 140228115289856 logging_writer.py:48] [4200] global_step=4200, grad_norm=0.7856694459915161, loss=5.873292922973633
I0428 09:00:05.218936 140228106897152 logging_writer.py:48] [4300] global_step=4300, grad_norm=0.7215954661369324, loss=5.875996112823486
I0428 09:00:45.750170 140228115289856 logging_writer.py:48] [4400] global_step=4400, grad_norm=0.6959641575813293, loss=6.569815635681152
I0428 09:01:26.553066 140228106897152 logging_writer.py:48] [4500] global_step=4500, grad_norm=0.7834970951080322, loss=5.912351608276367
I0428 09:02:07.178369 140228115289856 logging_writer.py:48] [4600] global_step=4600, grad_norm=0.5570785403251648, loss=6.402292728424072
I0428 09:02:47.909177 140228106897152 logging_writer.py:48] [4700] global_step=4700, grad_norm=0.740408718585968, loss=6.599083423614502
I0428 09:03:28.677778 140228115289856 logging_writer.py:48] [4800] global_step=4800, grad_norm=0.8841177821159363, loss=5.95302152633667
I0428 09:04:09.517047 140228106897152 logging_writer.py:48] [4900] global_step=4900, grad_norm=0.5751074552536011, loss=5.844747066497803
I0428 09:04:50.300171 140228115289856 logging_writer.py:48] [5000] global_step=5000, grad_norm=0.687403678894043, loss=5.831976890563965
I0428 09:05:30.913576 140228106897152 logging_writer.py:48] [5100] global_step=5100, grad_norm=0.4677870273590088, loss=6.616180896759033
I0428 09:05:48.565050 140468099872576 spec.py:298] Evaluating on the training split.
I0428 09:05:59.716436 140468099872576 spec.py:310] Evaluating on the validation split.
I0428 09:06:06.606333 140468099872576 spec.py:326] Evaluating on the test split.
I0428 09:06:08.315115 140468099872576 submission_runner.py:415] Time since start: 2298.09s, 	Step: 5145, 	{'train/accuracy': 0.15761718153953552, 'train/loss': 4.644299030303955, 'validation/accuracy': 0.14627999067306519, 'validation/loss': 4.7104902267456055, 'validation/num_examples': 50000, 'test/accuracy': 0.11050000786781311, 'test/loss': 5.040230751037598, 'test/num_examples': 10000, 'score': 2148.808512687683, 'total_duration': 2298.0871205329895, 'accumulated_submission_time': 2148.808512687683, 'accumulated_eval_time': 148.97597360610962, 'accumulated_logging_time': 0.19334650039672852}
I0428 09:06:08.329632 140228115289856 logging_writer.py:48] [5145] accumulated_eval_time=148.975974, accumulated_logging_time=0.193347, accumulated_submission_time=2148.808513, global_step=5145, preemption_count=0, score=2148.808513, test/accuracy=0.110500, test/loss=5.040231, test/num_examples=10000, total_duration=2298.087121, train/accuracy=0.157617, train/loss=4.644299, validation/accuracy=0.146280, validation/loss=4.710490, validation/num_examples=50000
I0428 09:06:31.076297 140228106897152 logging_writer.py:48] [5200] global_step=5200, grad_norm=0.5783355832099915, loss=6.175654411315918
I0428 09:07:11.451407 140228115289856 logging_writer.py:48] [5300] global_step=5300, grad_norm=0.7277013063430786, loss=5.785987854003906
I0428 09:07:52.078176 140228106897152 logging_writer.py:48] [5400] global_step=5400, grad_norm=0.7239163517951965, loss=5.813162803649902
I0428 09:08:32.958927 140228115289856 logging_writer.py:48] [5500] global_step=5500, grad_norm=0.8203545808792114, loss=5.795345306396484
I0428 09:09:13.790080 140228106897152 logging_writer.py:48] [5600] global_step=5600, grad_norm=0.6146856546401978, loss=6.418093681335449
I0428 09:09:54.667367 140228115289856 logging_writer.py:48] [5700] global_step=5700, grad_norm=0.8554328083992004, loss=5.649468898773193
I0428 09:10:35.383821 140228106897152 logging_writer.py:48] [5800] global_step=5800, grad_norm=0.5442804098129272, loss=6.282063961029053
I0428 09:11:16.123967 140228115289856 logging_writer.py:48] [5900] global_step=5900, grad_norm=0.665314793586731, loss=5.78350305557251
I0428 09:11:57.165906 140228106897152 logging_writer.py:48] [6000] global_step=6000, grad_norm=0.5350095629692078, loss=5.8811235427856445
I0428 09:12:37.690336 140228115289856 logging_writer.py:48] [6100] global_step=6100, grad_norm=0.6597740054130554, loss=5.576456546783447
I0428 09:13:08.388923 140468099872576 spec.py:298] Evaluating on the training split.
I0428 09:13:19.696152 140468099872576 spec.py:310] Evaluating on the validation split.
I0428 09:13:26.705625 140468099872576 spec.py:326] Evaluating on the test split.
I0428 09:13:28.410331 140468099872576 submission_runner.py:415] Time since start: 2738.18s, 	Step: 6177, 	{'train/accuracy': 0.19738280773162842, 'train/loss': 4.310327053070068, 'validation/accuracy': 0.18094000220298767, 'validation/loss': 4.416280746459961, 'validation/num_examples': 50000, 'test/accuracy': 0.13930000364780426, 'test/loss': 4.79020357131958, 'test/num_examples': 10000, 'score': 2568.8283026218414, 'total_duration': 2738.1823987960815, 'accumulated_submission_time': 2568.8283026218414, 'accumulated_eval_time': 168.9973759651184, 'accumulated_logging_time': 0.22543811798095703}
I0428 09:13:28.425468 140228106897152 logging_writer.py:48] [6177] accumulated_eval_time=168.997376, accumulated_logging_time=0.225438, accumulated_submission_time=2568.828303, global_step=6177, preemption_count=0, score=2568.828303, test/accuracy=0.139300, test/loss=4.790204, test/num_examples=10000, total_duration=2738.182399, train/accuracy=0.197383, train/loss=4.310327, validation/accuracy=0.180940, validation/loss=4.416281, validation/num_examples=50000
I0428 09:13:38.205659 140228115289856 logging_writer.py:48] [6200] global_step=6200, grad_norm=0.7303836345672607, loss=5.6410231590271
I0428 09:14:18.584241 140228106897152 logging_writer.py:48] [6300] global_step=6300, grad_norm=0.7364642024040222, loss=5.632164001464844
I0428 09:14:59.209078 140228115289856 logging_writer.py:48] [6400] global_step=6400, grad_norm=0.4714387357234955, loss=6.521387100219727
I0428 09:15:39.935263 140228106897152 logging_writer.py:48] [6500] global_step=6500, grad_norm=0.8707320094108582, loss=5.603236675262451
I0428 09:16:20.778120 140228115289856 logging_writer.py:48] [6600] global_step=6600, grad_norm=0.5863633751869202, loss=5.878839492797852
I0428 09:17:01.573317 140228106897152 logging_writer.py:48] [6700] global_step=6700, grad_norm=0.4772718846797943, loss=6.531117916107178
I0428 09:17:42.423169 140228115289856 logging_writer.py:48] [6800] global_step=6800, grad_norm=1.1059751510620117, loss=5.58555269241333
I0428 09:18:23.442209 140228106897152 logging_writer.py:48] [6900] global_step=6900, grad_norm=0.612833559513092, loss=5.703742504119873
I0428 09:19:04.263582 140228115289856 logging_writer.py:48] [7000] global_step=7000, grad_norm=0.6462938785552979, loss=5.477114200592041
I0428 09:19:45.303964 140228106897152 logging_writer.py:48] [7100] global_step=7100, grad_norm=0.5776693820953369, loss=6.55343770980835
I0428 09:20:26.203663 140228115289856 logging_writer.py:48] [7200] global_step=7200, grad_norm=0.435452938079834, loss=6.447314262390137
I0428 09:20:28.830655 140468099872576 spec.py:298] Evaluating on the training split.
I0428 09:20:40.429412 140468099872576 spec.py:310] Evaluating on the validation split.
I0428 09:20:47.785207 140468099872576 spec.py:326] Evaluating on the test split.
I0428 09:20:49.493485 140468099872576 submission_runner.py:415] Time since start: 3179.27s, 	Step: 7208, 	{'train/accuracy': 0.23017577826976776, 'train/loss': 4.0920844078063965, 'validation/accuracy': 0.2101600021123886, 'validation/loss': 4.196775436401367, 'validation/num_examples': 50000, 'test/accuracy': 0.164000004529953, 'test/loss': 4.5667500495910645, 'test/num_examples': 10000, 'score': 2989.196631193161, 'total_duration': 3179.2655251026154, 'accumulated_submission_time': 2989.196631193161, 'accumulated_eval_time': 189.6601767539978, 'accumulated_logging_time': 0.2559056282043457}
I0428 09:20:49.509167 140228106897152 logging_writer.py:48] [7208] accumulated_eval_time=189.660177, accumulated_logging_time=0.255906, accumulated_submission_time=2989.196631, global_step=7208, preemption_count=0, score=2989.196631, test/accuracy=0.164000, test/loss=4.566750, test/num_examples=10000, total_duration=3179.265525, train/accuracy=0.230176, train/loss=4.092084, validation/accuracy=0.210160, validation/loss=4.196775, validation/num_examples=50000
I0428 09:21:27.354442 140228115289856 logging_writer.py:48] [7300] global_step=7300, grad_norm=0.7285942435264587, loss=5.4566874504089355
I0428 09:22:07.905420 140228106897152 logging_writer.py:48] [7400] global_step=7400, grad_norm=0.6834053993225098, loss=5.486830711364746
I0428 09:22:49.178060 140228115289856 logging_writer.py:48] [7500] global_step=7500, grad_norm=0.6721076965332031, loss=5.365970611572266
I0428 09:23:29.997991 140228106897152 logging_writer.py:48] [7600] global_step=7600, grad_norm=0.5261594653129578, loss=6.062512397766113
I0428 09:24:10.959904 140228115289856 logging_writer.py:48] [7700] global_step=7700, grad_norm=0.6047369837760925, loss=5.432008266448975
I0428 09:24:52.037888 140228106897152 logging_writer.py:48] [7800] global_step=7800, grad_norm=0.6865951418876648, loss=5.300708293914795
I0428 09:25:32.829588 140228115289856 logging_writer.py:48] [7900] global_step=7900, grad_norm=0.6145620942115784, loss=5.3393144607543945
I0428 09:26:13.483395 140228106897152 logging_writer.py:48] [8000] global_step=8000, grad_norm=0.6889062523841858, loss=5.3670196533203125
I0428 09:26:54.521762 140228115289856 logging_writer.py:48] [8100] global_step=8100, grad_norm=0.7644529342651367, loss=5.381030082702637
I0428 09:27:36.386346 140228106897152 logging_writer.py:48] [8200] global_step=8200, grad_norm=0.7323225736618042, loss=5.397785186767578
I0428 09:27:49.732610 140468099872576 spec.py:298] Evaluating on the training split.
I0428 09:28:02.220617 140468099872576 spec.py:310] Evaluating on the validation split.
I0428 09:28:09.903155 140468099872576 spec.py:326] Evaluating on the test split.
I0428 09:28:11.601970 140468099872576 submission_runner.py:415] Time since start: 3621.37s, 	Step: 8234, 	{'train/accuracy': 0.27037107944488525, 'train/loss': 3.848663806915283, 'validation/accuracy': 0.24577999114990234, 'validation/loss': 3.971712350845337, 'validation/num_examples': 50000, 'test/accuracy': 0.18860000371932983, 'test/loss': 4.398263454437256, 'test/num_examples': 10000, 'score': 3409.3865525722504, 'total_duration': 3621.3740136623383, 'accumulated_submission_time': 3409.3865525722504, 'accumulated_eval_time': 211.52949571609497, 'accumulated_logging_time': 0.283541202545166}
I0428 09:28:11.614097 140228115289856 logging_writer.py:48] [8234] accumulated_eval_time=211.529496, accumulated_logging_time=0.283541, accumulated_submission_time=3409.386553, global_step=8234, preemption_count=0, score=3409.386553, test/accuracy=0.188600, test/loss=4.398263, test/num_examples=10000, total_duration=3621.374014, train/accuracy=0.270371, train/loss=3.848664, validation/accuracy=0.245780, validation/loss=3.971712, validation/num_examples=50000
I0428 09:28:38.696964 140228106897152 logging_writer.py:48] [8300] global_step=8300, grad_norm=0.49517354369163513, loss=5.855824947357178
I0428 09:29:19.120345 140228115289856 logging_writer.py:48] [8400] global_step=8400, grad_norm=0.6908559203147888, loss=5.250202178955078
I0428 09:30:00.087546 140228106897152 logging_writer.py:48] [8500] global_step=8500, grad_norm=0.40953922271728516, loss=6.344113349914551
I0428 09:30:43.193181 140228115289856 logging_writer.py:48] [8600] global_step=8600, grad_norm=0.5583155155181885, loss=5.303342819213867
I0428 09:31:24.079789 140228106897152 logging_writer.py:48] [8700] global_step=8700, grad_norm=0.7401326298713684, loss=5.607262134552002
I0428 09:32:05.097382 140228115289856 logging_writer.py:48] [8800] global_step=8800, grad_norm=0.5954212546348572, loss=5.457907676696777
I0428 09:32:45.670295 140228106897152 logging_writer.py:48] [8900] global_step=8900, grad_norm=0.5426655411720276, loss=5.513710021972656
I0428 09:33:26.665986 140228115289856 logging_writer.py:48] [9000] global_step=9000, grad_norm=0.6512401700019836, loss=5.172857284545898
I0428 09:34:07.763265 140228106897152 logging_writer.py:48] [9100] global_step=9100, grad_norm=0.6903342604637146, loss=5.215285778045654
I0428 09:34:48.570123 140228115289856 logging_writer.py:48] [9200] global_step=9200, grad_norm=0.4732823073863983, loss=6.441581726074219
I0428 09:35:11.765543 140468099872576 spec.py:298] Evaluating on the training split.
I0428 09:35:26.558320 140468099872576 spec.py:310] Evaluating on the validation split.
I0428 09:35:35.027528 140468099872576 spec.py:326] Evaluating on the test split.
I0428 09:35:36.728672 140468099872576 submission_runner.py:415] Time since start: 4066.50s, 	Step: 9258, 	{'train/accuracy': 0.3178125023841858, 'train/loss': 3.564225435256958, 'validation/accuracy': 0.27493998408317566, 'validation/loss': 3.775895595550537, 'validation/num_examples': 50000, 'test/accuracy': 0.20820000767707825, 'test/loss': 4.234241008758545, 'test/num_examples': 10000, 'score': 3829.5026593208313, 'total_duration': 4066.500720024109, 'accumulated_submission_time': 3829.5026593208313, 'accumulated_eval_time': 236.4925787448883, 'accumulated_logging_time': 0.3088507652282715}
I0428 09:35:36.738718 140228106897152 logging_writer.py:48] [9258] accumulated_eval_time=236.492579, accumulated_logging_time=0.308851, accumulated_submission_time=3829.502659, global_step=9258, preemption_count=0, score=3829.502659, test/accuracy=0.208200, test/loss=4.234241, test/num_examples=10000, total_duration=4066.500720, train/accuracy=0.317813, train/loss=3.564225, validation/accuracy=0.274940, validation/loss=3.775896, validation/num_examples=50000
I0428 09:35:54.261784 140228115289856 logging_writer.py:48] [9300] global_step=9300, grad_norm=0.6111798882484436, loss=5.449893951416016
I0428 09:36:34.704703 140228106897152 logging_writer.py:48] [9400] global_step=9400, grad_norm=0.5819723606109619, loss=5.284807205200195
I0428 09:37:15.396195 140228115289856 logging_writer.py:48] [9500] global_step=9500, grad_norm=0.4269416630268097, loss=6.300914764404297
I0428 09:37:56.181273 140228106897152 logging_writer.py:48] [9600] global_step=9600, grad_norm=0.6040366291999817, loss=5.220287322998047
I0428 09:38:37.403483 140228115289856 logging_writer.py:48] [9700] global_step=9700, grad_norm=0.514968991279602, loss=5.306092262268066
I0428 09:39:18.736593 140228106897152 logging_writer.py:48] [9800] global_step=9800, grad_norm=0.5909935235977173, loss=6.337971210479736
I0428 09:39:59.766285 140228115289856 logging_writer.py:48] [9900] global_step=9900, grad_norm=0.638002336025238, loss=5.107320785522461
I0428 09:40:40.885280 140228106897152 logging_writer.py:48] [10000] global_step=10000, grad_norm=0.6444078087806702, loss=5.074446201324463
I0428 09:41:21.934490 140228115289856 logging_writer.py:48] [10100] global_step=10100, grad_norm=0.542204737663269, loss=5.307058334350586
I0428 09:42:02.789203 140228106897152 logging_writer.py:48] [10200] global_step=10200, grad_norm=0.6486852169036865, loss=5.130373477935791
I0428 09:42:36.872853 140468099872576 spec.py:298] Evaluating on the training split.
I0428 09:42:50.576874 140468099872576 spec.py:310] Evaluating on the validation split.
I0428 09:42:59.220751 140468099872576 spec.py:326] Evaluating on the test split.
I0428 09:43:00.929371 140468099872576 submission_runner.py:415] Time since start: 4510.70s, 	Step: 10283, 	{'train/accuracy': 0.3371874988079071, 'train/loss': 3.3881728649139404, 'validation/accuracy': 0.31092000007629395, 'validation/loss': 3.5186643600463867, 'validation/num_examples': 50000, 'test/accuracy': 0.23910000920295715, 'test/loss': 4.009396553039551, 'test/num_examples': 10000, 'score': 4249.602550029755, 'total_duration': 4510.701415300369, 'accumulated_submission_time': 4249.602550029755, 'accumulated_eval_time': 260.54908990859985, 'accumulated_logging_time': 0.3316512107849121}
I0428 09:43:00.945804 140228115289856 logging_writer.py:48] [10283] accumulated_eval_time=260.549090, accumulated_logging_time=0.331651, accumulated_submission_time=4249.602550, global_step=10283, preemption_count=0, score=4249.602550, test/accuracy=0.239100, test/loss=4.009397, test/num_examples=10000, total_duration=4510.701415, train/accuracy=0.337187, train/loss=3.388173, validation/accuracy=0.310920, validation/loss=3.518664, validation/num_examples=50000
I0428 09:43:08.336148 140228106897152 logging_writer.py:48] [10300] global_step=10300, grad_norm=0.5512913465499878, loss=5.395778656005859
I0428 09:43:49.092721 140228115289856 logging_writer.py:48] [10400] global_step=10400, grad_norm=0.5946789383888245, loss=5.040870666503906
I0428 09:44:30.042855 140228106897152 logging_writer.py:48] [10500] global_step=10500, grad_norm=0.6855751276016235, loss=4.947349548339844
I0428 09:45:10.664315 140228115289856 logging_writer.py:48] [10600] global_step=10600, grad_norm=0.7144003510475159, loss=5.139742851257324
I0428 09:45:51.278513 140228106897152 logging_writer.py:48] [10700] global_step=10700, grad_norm=0.5316574573516846, loss=6.2798004150390625
I0428 09:46:32.004013 140228115289856 logging_writer.py:48] [10800] global_step=10800, grad_norm=0.6428194046020508, loss=4.972304344177246
I0428 09:47:12.983528 140228106897152 logging_writer.py:48] [10900] global_step=10900, grad_norm=0.7003745436668396, loss=4.993861198425293
I0428 09:47:53.840166 140228115289856 logging_writer.py:48] [11000] global_step=11000, grad_norm=0.4707737863063812, loss=6.325936794281006
I0428 09:48:34.672843 140228106897152 logging_writer.py:48] [11100] global_step=11100, grad_norm=0.5415420532226562, loss=6.319750785827637
I0428 09:49:16.009257 140228115289856 logging_writer.py:48] [11200] global_step=11200, grad_norm=0.5688300132751465, loss=5.213338375091553
I0428 09:49:57.156944 140228106897152 logging_writer.py:48] [11300] global_step=11300, grad_norm=0.6468413472175598, loss=4.968324661254883
I0428 09:50:00.997199 140468099872576 spec.py:298] Evaluating on the training split.
I0428 09:50:14.882703 140468099872576 spec.py:310] Evaluating on the validation split.
I0428 09:50:23.747211 140468099872576 spec.py:326] Evaluating on the test split.
I0428 09:50:25.448687 140468099872576 submission_runner.py:415] Time since start: 4955.22s, 	Step: 11311, 	{'train/accuracy': 0.3551953136920929, 'train/loss': 3.2805843353271484, 'validation/accuracy': 0.3273399770259857, 'validation/loss': 3.422231435775757, 'validation/num_examples': 50000, 'test/accuracy': 0.24910001456737518, 'test/loss': 3.9348411560058594, 'test/num_examples': 10000, 'score': 4669.61865401268, 'total_duration': 4955.220681428909, 'accumulated_submission_time': 4669.61865401268, 'accumulated_eval_time': 285.0004780292511, 'accumulated_logging_time': 0.36130452156066895}
I0428 09:50:25.465242 140228115289856 logging_writer.py:48] [11311] accumulated_eval_time=285.000478, accumulated_logging_time=0.361305, accumulated_submission_time=4669.618654, global_step=11311, preemption_count=0, score=4669.618654, test/accuracy=0.249100, test/loss=3.934841, test/num_examples=10000, total_duration=4955.220681, train/accuracy=0.355195, train/loss=3.280584, validation/accuracy=0.327340, validation/loss=3.422231, validation/num_examples=50000
I0428 09:51:01.962799 140228106897152 logging_writer.py:48] [11400] global_step=11400, grad_norm=0.5838810801506042, loss=5.475792407989502
I0428 09:51:42.703308 140228115289856 logging_writer.py:48] [11500] global_step=11500, grad_norm=0.5286929607391357, loss=5.297787666320801
I0428 09:52:23.489800 140228106897152 logging_writer.py:48] [11600] global_step=11600, grad_norm=0.48930197954177856, loss=5.808340072631836
I0428 09:53:04.271697 140228115289856 logging_writer.py:48] [11700] global_step=11700, grad_norm=0.7024090886116028, loss=4.826014518737793
I0428 09:53:45.141406 140228106897152 logging_writer.py:48] [11800] global_step=11800, grad_norm=0.4074820578098297, loss=6.095191955566406
I0428 09:54:25.986326 140228115289856 logging_writer.py:48] [11900] global_step=11900, grad_norm=0.43002888560295105, loss=6.290585041046143
I0428 09:55:06.735124 140228106897152 logging_writer.py:48] [12000] global_step=12000, grad_norm=0.4951072931289673, loss=5.276059627532959
I0428 09:55:47.797100 140228115289856 logging_writer.py:48] [12100] global_step=12100, grad_norm=0.5757842659950256, loss=4.851781845092773
I0428 09:56:29.042303 140228106897152 logging_writer.py:48] [12200] global_step=12200, grad_norm=0.8012079000473022, loss=4.86215877532959
I0428 09:57:10.641983 140228115289856 logging_writer.py:48] [12300] global_step=12300, grad_norm=0.5007169842720032, loss=6.201958179473877
I0428 09:57:25.540984 140468099872576 spec.py:298] Evaluating on the training split.
I0428 09:57:39.664147 140468099872576 spec.py:310] Evaluating on the validation split.
I0428 09:57:48.408771 140468099872576 spec.py:326] Evaluating on the test split.
I0428 09:57:50.105093 140468099872576 submission_runner.py:415] Time since start: 5399.88s, 	Step: 12338, 	{'train/accuracy': 0.39113280177116394, 'train/loss': 2.9794740676879883, 'validation/accuracy': 0.3610999882221222, 'validation/loss': 3.1409809589385986, 'validation/num_examples': 50000, 'test/accuracy': 0.27890002727508545, 'test/loss': 3.6962387561798096, 'test/num_examples': 10000, 'score': 5089.6630136966705, 'total_duration': 5399.877131700516, 'accumulated_submission_time': 5089.6630136966705, 'accumulated_eval_time': 309.56455731391907, 'accumulated_logging_time': 0.3876206874847412}
I0428 09:57:50.119677 140228106897152 logging_writer.py:48] [12338] accumulated_eval_time=309.564557, accumulated_logging_time=0.387621, accumulated_submission_time=5089.663014, global_step=12338, preemption_count=0, score=5089.663014, test/accuracy=0.278900, test/loss=3.696239, test/num_examples=10000, total_duration=5399.877132, train/accuracy=0.391133, train/loss=2.979474, validation/accuracy=0.361100, validation/loss=3.140981, validation/num_examples=50000
I0428 09:58:15.775142 140228115289856 logging_writer.py:48] [12400] global_step=12400, grad_norm=0.4642884433269501, loss=6.273860931396484
I0428 09:58:56.911998 140228106897152 logging_writer.py:48] [12500] global_step=12500, grad_norm=0.5874898433685303, loss=5.040278434753418
I0428 09:59:37.724286 140228115289856 logging_writer.py:48] [12600] global_step=12600, grad_norm=0.5334276556968689, loss=5.578867435455322
I0428 10:00:18.980330 140228106897152 logging_writer.py:48] [12700] global_step=12700, grad_norm=0.6236830353736877, loss=4.826674461364746
I0428 10:01:00.278982 140228115289856 logging_writer.py:48] [12800] global_step=12800, grad_norm=0.5943673849105835, loss=4.904483318328857
I0428 10:01:41.191468 140228106897152 logging_writer.py:48] [12900] global_step=12900, grad_norm=0.44028767943382263, loss=6.240849018096924
I0428 10:02:22.747728 140228115289856 logging_writer.py:48] [13000] global_step=13000, grad_norm=0.5750939249992371, loss=5.267599105834961
I0428 10:03:04.504506 140228106897152 logging_writer.py:48] [13100] global_step=13100, grad_norm=0.5550714135169983, loss=6.241358757019043
I0428 10:03:45.785508 140228115289856 logging_writer.py:48] [13200] global_step=13200, grad_norm=0.6733863353729248, loss=4.920727252960205
I0428 10:04:26.740710 140228106897152 logging_writer.py:48] [13300] global_step=13300, grad_norm=0.4626915454864502, loss=5.987506866455078
I0428 10:04:50.142842 140468099872576 spec.py:298] Evaluating on the training split.
I0428 10:05:04.371294 140468099872576 spec.py:310] Evaluating on the validation split.
I0428 10:05:13.212209 140468099872576 spec.py:326] Evaluating on the test split.
I0428 10:05:14.909625 140468099872576 submission_runner.py:415] Time since start: 5844.68s, 	Step: 13359, 	{'train/accuracy': 0.41843748092651367, 'train/loss': 2.9201531410217285, 'validation/accuracy': 0.371319979429245, 'validation/loss': 3.1370153427124023, 'validation/num_examples': 50000, 'test/accuracy': 0.28440001606941223, 'test/loss': 3.6904637813568115, 'test/num_examples': 10000, 'score': 5509.6521809101105, 'total_duration': 5844.681668281555, 'accumulated_submission_time': 5509.6521809101105, 'accumulated_eval_time': 334.3312931060791, 'accumulated_logging_time': 0.41480255126953125}
I0428 10:05:14.925212 140228115289856 logging_writer.py:48] [13359] accumulated_eval_time=334.331293, accumulated_logging_time=0.414803, accumulated_submission_time=5509.652181, global_step=13359, preemption_count=0, score=5509.652181, test/accuracy=0.284400, test/loss=3.690464, test/num_examples=10000, total_duration=5844.681668, train/accuracy=0.418437, train/loss=2.920153, validation/accuracy=0.371320, validation/loss=3.137015, validation/num_examples=50000
I0428 10:05:32.069063 140228106897152 logging_writer.py:48] [13400] global_step=13400, grad_norm=0.5834873914718628, loss=4.643638610839844
I0428 10:06:12.894092 140228115289856 logging_writer.py:48] [13500] global_step=13500, grad_norm=0.551609992980957, loss=5.393270492553711
I0428 10:06:54.300730 140228106897152 logging_writer.py:48] [13600] global_step=13600, grad_norm=0.6329072117805481, loss=5.384166240692139
I0428 10:07:35.536471 140228115289856 logging_writer.py:48] [13700] global_step=13700, grad_norm=0.696001410484314, loss=4.818761825561523
I0428 10:08:17.363883 140228106897152 logging_writer.py:48] [13800] global_step=13800, grad_norm=0.6521565318107605, loss=4.62687873840332
I0428 10:08:58.485287 140228115289856 logging_writer.py:48] [13900] global_step=13900, grad_norm=0.4853675067424774, loss=5.987504005432129
I0428 10:09:39.901784 140228106897152 logging_writer.py:48] [14000] global_step=14000, grad_norm=0.48457401990890503, loss=6.0926289558410645
I0428 10:10:21.402918 140228115289856 logging_writer.py:48] [14100] global_step=14100, grad_norm=0.46494945883750916, loss=6.256737232208252
I0428 10:11:02.812471 140228106897152 logging_writer.py:48] [14200] global_step=14200, grad_norm=0.5712367296218872, loss=6.251495838165283
I0428 10:11:44.567961 140228115289856 logging_writer.py:48] [14300] global_step=14300, grad_norm=0.5720739960670471, loss=4.963076591491699
I0428 10:12:15.097911 140468099872576 spec.py:298] Evaluating on the training split.
I0428 10:12:29.147539 140468099872576 spec.py:310] Evaluating on the validation split.
I0428 10:12:38.216042 140468099872576 spec.py:326] Evaluating on the test split.
I0428 10:12:39.923763 140468099872576 submission_runner.py:415] Time since start: 6289.70s, 	Step: 14375, 	{'train/accuracy': 0.4328710734844208, 'train/loss': 2.8061885833740234, 'validation/accuracy': 0.3980199992656708, 'validation/loss': 2.9603617191314697, 'validation/num_examples': 50000, 'test/accuracy': 0.3019000291824341, 'test/loss': 3.5383048057556152, 'test/num_examples': 10000, 'score': 5929.791624307632, 'total_duration': 6289.695822477341, 'accumulated_submission_time': 5929.791624307632, 'accumulated_eval_time': 359.15713381767273, 'accumulated_logging_time': 0.44176411628723145}
I0428 10:12:39.937591 140228106897152 logging_writer.py:48] [14375] accumulated_eval_time=359.157134, accumulated_logging_time=0.441764, accumulated_submission_time=5929.791624, global_step=14375, preemption_count=0, score=5929.791624, test/accuracy=0.301900, test/loss=3.538305, test/num_examples=10000, total_duration=6289.695822, train/accuracy=0.432871, train/loss=2.806189, validation/accuracy=0.398020, validation/loss=2.960362, validation/num_examples=50000
I0428 10:12:50.564448 140228115289856 logging_writer.py:48] [14400] global_step=14400, grad_norm=0.5408843755722046, loss=5.334579944610596
I0428 10:13:31.568368 140228106897152 logging_writer.py:48] [14500] global_step=14500, grad_norm=0.6431211233139038, loss=4.864581108093262
I0428 10:14:13.209007 140228115289856 logging_writer.py:48] [14600] global_step=14600, grad_norm=0.6234776973724365, loss=4.835857391357422
I0428 10:14:55.025511 140228106897152 logging_writer.py:48] [14700] global_step=14700, grad_norm=0.5769559144973755, loss=5.041891098022461
I0428 10:15:36.572353 140228115289856 logging_writer.py:48] [14800] global_step=14800, grad_norm=0.5888745188713074, loss=5.006681442260742
I0428 10:16:17.768942 140228106897152 logging_writer.py:48] [14900] global_step=14900, grad_norm=0.4923430383205414, loss=5.5980000495910645
I0428 10:16:59.698760 140228115289856 logging_writer.py:48] [15000] global_step=15000, grad_norm=0.5076749324798584, loss=5.888178825378418
I0428 10:17:41.579123 140228106897152 logging_writer.py:48] [15100] global_step=15100, grad_norm=0.5319318771362305, loss=5.446612358093262
I0428 10:18:23.208206 140228115289856 logging_writer.py:48] [15200] global_step=15200, grad_norm=0.5639534592628479, loss=4.873885631561279
I0428 10:19:05.209565 140228106897152 logging_writer.py:48] [15300] global_step=15300, grad_norm=0.6976956129074097, loss=4.7538371086120605
I0428 10:19:40.267952 140468099872576 spec.py:298] Evaluating on the training split.
I0428 10:19:54.548898 140468099872576 spec.py:310] Evaluating on the validation split.
I0428 10:20:03.842389 140468099872576 spec.py:326] Evaluating on the test split.
I0428 10:20:05.551778 140468099872576 submission_runner.py:415] Time since start: 6735.32s, 	Step: 15386, 	{'train/accuracy': 0.4485156238079071, 'train/loss': 2.7377374172210693, 'validation/accuracy': 0.411219984292984, 'validation/loss': 2.9108266830444336, 'validation/num_examples': 50000, 'test/accuracy': 0.31940001249313354, 'test/loss': 3.4816079139709473, 'test/num_examples': 10000, 'score': 6350.0647003650665, 'total_duration': 6735.316172361374, 'accumulated_submission_time': 6350.0647003650665, 'accumulated_eval_time': 384.43329763412476, 'accumulated_logging_time': 0.49236249923706055}
I0428 10:20:05.568618 140228115289856 logging_writer.py:48] [15386] accumulated_eval_time=384.433298, accumulated_logging_time=0.492362, accumulated_submission_time=6350.064700, global_step=15386, preemption_count=0, score=6350.064700, test/accuracy=0.319400, test/loss=3.481608, test/num_examples=10000, total_duration=6735.316172, train/accuracy=0.448516, train/loss=2.737737, validation/accuracy=0.411220, validation/loss=2.910827, validation/num_examples=50000
I0428 10:20:11.676565 140228106897152 logging_writer.py:48] [15400] global_step=15400, grad_norm=0.5030621290206909, loss=6.194275856018066
I0428 10:20:53.065742 140228115289856 logging_writer.py:48] [15500] global_step=15500, grad_norm=0.6508732438087463, loss=4.531126022338867
I0428 10:21:35.281976 140228106897152 logging_writer.py:48] [15600] global_step=15600, grad_norm=0.6564246416091919, loss=4.604032516479492
I0428 10:22:16.921708 140228115289856 logging_writer.py:48] [15700] global_step=15700, grad_norm=0.6958595514297485, loss=4.596890926361084
I0428 10:22:58.790092 140228106897152 logging_writer.py:48] [15800] global_step=15800, grad_norm=0.5414285063743591, loss=4.731337547302246
I0428 10:23:40.659170 140228115289856 logging_writer.py:48] [15900] global_step=15900, grad_norm=0.688657820224762, loss=4.494146823883057
I0428 10:24:22.620643 140228106897152 logging_writer.py:48] [16000] global_step=16000, grad_norm=0.6927562355995178, loss=4.569662570953369
I0428 10:25:05.057333 140228115289856 logging_writer.py:48] [16100] global_step=16100, grad_norm=0.6819195747375488, loss=4.467034816741943
I0428 10:25:47.131271 140228106897152 logging_writer.py:48] [16200] global_step=16200, grad_norm=0.4839172959327698, loss=6.099409580230713
I0428 10:26:29.571306 140228115289856 logging_writer.py:48] [16300] global_step=16300, grad_norm=0.6389093995094299, loss=4.4356369972229
I0428 10:27:05.713917 140468099872576 spec.py:298] Evaluating on the training split.
I0428 10:27:19.969146 140468099872576 spec.py:310] Evaluating on the validation split.
I0428 10:27:29.612031 140468099872576 spec.py:326] Evaluating on the test split.
I0428 10:27:31.310096 140468099872576 submission_runner.py:415] Time since start: 7181.08s, 	Step: 16387, 	{'train/accuracy': 0.471503883600235, 'train/loss': 2.5745327472686768, 'validation/accuracy': 0.43303999304771423, 'validation/loss': 2.767664670944214, 'validation/num_examples': 50000, 'test/accuracy': 0.3247000277042389, 'test/loss': 3.367074728012085, 'test/num_examples': 10000, 'score': 6770.164845705032, 'total_duration': 7181.077699184418, 'accumulated_submission_time': 6770.164845705032, 'accumulated_eval_time': 410.0249855518341, 'accumulated_logging_time': 0.5338056087493896}
