I0428 18:27:35.436524 139671363368704 logging_writer.py:48] [19501] accumulated_eval_time=893.531106, accumulated_logging_time=1.428233, accumulated_submission_time=21001.729452, global_step=19501, preemption_count=0, score=21001.729452, test/accuracy=0.499400, test/loss=2.354428, test/num_examples=10000, total_duration=21896.950418, train/accuracy=0.667852, train/loss=1.487407, validation/accuracy=0.620420, validation/loss=1.719892, validation/num_examples=50000
I0428 18:29:21.716619 139671371761408 logging_writer.py:48] [19600] global_step=19600, grad_norm=0.8212812542915344, loss=4.955065727233887
I0428 18:31:08.742305 139671363368704 logging_writer.py:48] [19700] global_step=19700, grad_norm=0.8696262836456299, loss=5.096660137176514
I0428 18:32:54.632140 139671371761408 logging_writer.py:48] [19800] global_step=19800, grad_norm=0.7799323201179504, loss=3.0597920417785645
I0428 18:34:41.691867 139671363368704 logging_writer.py:48] [19900] global_step=19900, grad_norm=1.001471996307373, loss=4.968826770782471
I0428 18:34:41.754784 139903503492928 spec.py:298] Evaluating on the training split.
I0428 18:34:49.697764 139903503492928 spec.py:310] Evaluating on the validation split.
I0428 18:34:58.360136 139903503492928 spec.py:326] Evaluating on the test split.
I0428 18:35:00.074066 139903503492928 submission_runner.py:415] Time since start: 22341.61s, 	Step: 19901, 	{'train/accuracy': 0.6683788895606995, 'train/loss': 1.4888917207717896, 'validation/accuracy': 0.6207399964332581, 'validation/loss': 1.6988160610198975, 'validation/num_examples': 50000, 'test/accuracy': 0.4978000223636627, 'test/loss': 2.343045473098755, 'test/num_examples': 10000, 'score': 21428.028529644012, 'total_duration': 22341.61098265648, 'accumulated_submission_time': 21428.028529644012, 'accumulated_eval_time': 911.8503241539001, 'accumulated_logging_time': 1.4646968841552734}
I0428 18:35:00.090785 139671371761408 logging_writer.py:48] [19901] accumulated_eval_time=911.850324, accumulated_logging_time=1.464697, accumulated_submission_time=21428.028530, global_step=19901, preemption_count=0, score=21428.028530, test/accuracy=0.497800, test/loss=2.343045, test/num_examples=10000, total_duration=22341.610983, train/accuracy=0.668379, train/loss=1.488892, validation/accuracy=0.620740, validation/loss=1.698816, validation/num_examples=50000
I0428 18:36:45.851522 139671363368704 logging_writer.py:48] [20000] global_step=20000, grad_norm=0.7322905659675598, loss=3.04016375541687
I0428 18:38:32.254086 139671371761408 logging_writer.py:48] [20100] global_step=20100, grad_norm=0.9170728325843811, loss=3.0411887168884277
I0428 18:40:17.861219 139671363368704 logging_writer.py:48] [20200] global_step=20200, grad_norm=0.831940233707428, loss=3.172391891479492
I0428 18:42:04.290099 139671371761408 logging_writer.py:48] [20300] global_step=20300, grad_norm=0.8105425834655762, loss=3.0529897212982178
I0428 18:42:04.341341 139903503492928 spec.py:298] Evaluating on the training split.
I0428 18:42:12.256386 139903503492928 spec.py:310] Evaluating on the validation split.
I0428 18:42:20.942345 139903503492928 spec.py:326] Evaluating on the test split.
I0428 18:42:22.667233 139903503492928 submission_runner.py:415] Time since start: 22784.20s, 	Step: 20301, 	{'train/accuracy': 0.6885741949081421, 'train/loss': 1.3539657592773438, 'validation/accuracy': 0.6247199773788452, 'validation/loss': 1.6561819314956665, 'validation/num_examples': 50000, 'test/accuracy': 0.49790000915527344, 'test/loss': 2.3099851608276367, 'test/num_examples': 10000, 'score': 21852.260316848755, 'total_duration': 22784.20414686203, 'accumulated_submission_time': 21852.260316848755, 'accumulated_eval_time': 930.1761314868927, 'accumulated_logging_time': 1.4947741031646729}
I0428 18:42:22.683191 139671363368704 logging_writer.py:48] [20301] accumulated_eval_time=930.176131, accumulated_logging_time=1.494774, accumulated_submission_time=21852.260317, global_step=20301, preemption_count=0, score=21852.260317, test/accuracy=0.497900, test/loss=2.309985, test/num_examples=10000, total_duration=22784.204147, train/accuracy=0.688574, train/loss=1.353966, validation/accuracy=0.624720, validation/loss=1.656182, validation/num_examples=50000
I0428 18:44:08.664903 139671371761408 logging_writer.py:48] [20400] global_step=20400, grad_norm=0.7548677921295166, loss=4.332453727722168
I0428 18:45:55.343543 139671363368704 logging_writer.py:48] [20500] global_step=20500, grad_norm=0.9407146573066711, loss=5.093383312225342
I0428 18:47:41.522597 139671371761408 logging_writer.py:48] [20600] global_step=20600, grad_norm=0.8420459628105164, loss=3.0981132984161377
I0428 18:49:27.678843 139671363368704 logging_writer.py:48] [20700] global_step=20700, grad_norm=0.9135956764221191, loss=4.576245307922363
I0428 18:49:27.729179 139903503492928 spec.py:298] Evaluating on the training split.
I0428 18:49:35.656594 139903503492928 spec.py:310] Evaluating on the validation split.
I0428 18:49:44.220010 139903503492928 spec.py:326] Evaluating on the test split.
I0428 18:49:45.934293 139903503492928 submission_runner.py:415] Time since start: 23227.47s, 	Step: 20701, 	{'train/accuracy': 0.6799218654632568, 'train/loss': 1.4225764274597168, 'validation/accuracy': 0.6275599598884583, 'validation/loss': 1.6653140783309937, 'validation/num_examples': 50000, 'test/accuracy': 0.5002000331878662, 'test/loss': 2.31603741645813, 'test/num_examples': 10000, 'score': 22277.28802895546, 'total_duration': 23227.47119450569, 'accumulated_submission_time': 22277.28802895546, 'accumulated_eval_time': 948.3811473846436, 'accumulated_logging_time': 1.5235581398010254}
I0428 18:49:45.953779 139671371761408 logging_writer.py:48] [20701] accumulated_eval_time=948.381147, accumulated_logging_time=1.523558, accumulated_submission_time=22277.288029, global_step=20701, preemption_count=0, score=22277.288029, test/accuracy=0.500200, test/loss=2.316037, test/num_examples=10000, total_duration=23227.471195, train/accuracy=0.679922, train/loss=1.422576, validation/accuracy=0.627560, validation/loss=1.665314, validation/num_examples=50000
I0428 18:51:33.230427 139671363368704 logging_writer.py:48] [20800] global_step=20800, grad_norm=1.1580030918121338, loss=3.0701160430908203
I0428 18:53:20.147993 139671371761408 logging_writer.py:48] [20900] global_step=20900, grad_norm=0.7401449084281921, loss=3.1557295322418213
I0428 18:55:06.267154 139671363368704 logging_writer.py:48] [21000] global_step=21000, grad_norm=0.8839666247367859, loss=4.720150470733643
I0428 18:56:46.034095 139903503492928 spec.py:298] Evaluating on the training split.
I0428 18:56:54.038634 139903503492928 spec.py:310] Evaluating on the validation split.
I0428 18:57:02.597576 139903503492928 spec.py:326] Evaluating on the test split.
I0428 18:57:04.309927 139903503492928 submission_runner.py:415] Time since start: 23665.85s, 	Step: 21100, 	{'train/accuracy': 0.6833202838897705, 'train/loss': 1.410420298576355, 'validation/accuracy': 0.6351400017738342, 'validation/loss': 1.6420440673828125, 'validation/num_examples': 50000, 'test/accuracy': 0.508400022983551, 'test/loss': 2.2954564094543457, 'test/num_examples': 10000, 'score': 22697.34977579117, 'total_duration': 23665.846835136414, 'accumulated_submission_time': 22697.34977579117, 'accumulated_eval_time': 966.6569211483002, 'accumulated_logging_time': 1.55600905418396}
I0428 18:57:04.326996 139671371761408 logging_writer.py:48] [21100] accumulated_eval_time=966.656921, accumulated_logging_time=1.556009, accumulated_submission_time=22697.349776, global_step=21100, preemption_count=0, score=22697.349776, test/accuracy=0.508400, test/loss=2.295456, test/num_examples=10000, total_duration=23665.846835, train/accuracy=0.683320, train/loss=1.410420, validation/accuracy=0.635140, validation/loss=1.642044, validation/num_examples=50000
I0428 18:57:10.879911 139671363368704 logging_writer.py:48] [21100] global_step=21100, grad_norm=0.828504204750061, loss=3.1399619579315186
I0428 18:58:57.389555 139671371761408 logging_writer.py:48] [21200] global_step=21200, grad_norm=0.8173102140426636, loss=2.9726722240448
I0428 19:00:43.854946 139671363368704 logging_writer.py:48] [21300] global_step=21300, grad_norm=0.9214533567428589, loss=3.1269710063934326
I0428 19:02:30.128345 139671371761408 logging_writer.py:48] [21400] global_step=21400, grad_norm=0.7174928188323975, loss=3.7519121170043945
I0428 19:04:04.560750 139903503492928 spec.py:298] Evaluating on the training split.
I0428 19:04:12.512978 139903503492928 spec.py:310] Evaluating on the validation split.
I0428 19:04:21.180001 139903503492928 spec.py:326] Evaluating on the test split.
I0428 19:04:22.879463 139903503492928 submission_runner.py:415] Time since start: 24104.42s, 	Step: 21492, 	{'train/accuracy': 0.6937695145606995, 'train/loss': 1.4141901731491089, 'validation/accuracy': 0.6278199553489685, 'validation/loss': 1.7047410011291504, 'validation/num_examples': 50000, 'test/accuracy': 0.5034000277519226, 'test/loss': 2.3582873344421387, 'test/num_examples': 10000, 'score': 23117.5638256073, 'total_duration': 24104.41635107994, 'accumulated_submission_time': 23117.5638256073, 'accumulated_eval_time': 984.9755582809448, 'accumulated_logging_time': 1.5873923301696777}
I0428 19:04:22.903537 139671363368704 logging_writer.py:48] [21492] accumulated_eval_time=984.975558, accumulated_logging_time=1.587392, accumulated_submission_time=23117.563826, global_step=21492, preemption_count=0, score=23117.563826, test/accuracy=0.503400, test/loss=2.358287, test/num_examples=10000, total_duration=24104.416351, train/accuracy=0.693770, train/loss=1.414190, validation/accuracy=0.627820, validation/loss=1.704741, validation/num_examples=50000
I0428 19:04:35.433301 139671371761408 logging_writer.py:48] [21500] global_step=21500, grad_norm=0.8538249731063843, loss=3.146418809890747
I0428 19:06:21.502779 139671363368704 logging_writer.py:48] [21600] global_step=21600, grad_norm=0.889209508895874, loss=3.0924811363220215
I0428 19:08:07.923373 139671371761408 logging_writer.py:48] [21700] global_step=21700, grad_norm=0.8247232437133789, loss=3.0048584938049316
I0428 19:09:54.265599 139671363368704 logging_writer.py:48] [21800] global_step=21800, grad_norm=0.7089739441871643, loss=4.076672077178955
I0428 19:11:23.702287 139903503492928 spec.py:298] Evaluating on the training split.
I0428 19:11:31.638417 139903503492928 spec.py:310] Evaluating on the validation split.
I0428 19:11:40.456237 139903503492928 spec.py:326] Evaluating on the test split.
I0428 19:11:42.169420 139903503492928 submission_runner.py:415] Time since start: 24543.71s, 	Step: 21886, 	{'train/accuracy': 0.6940820217132568, 'train/loss': 1.3495880365371704, 'validation/accuracy': 0.6366400122642517, 'validation/loss': 1.6158816814422607, 'validation/num_examples': 50000, 'test/accuracy': 0.5078000426292419, 'test/loss': 2.2668209075927734, 'test/num_examples': 10000, 'score': 23538.34276175499, 'total_duration': 24543.706295967102, 'accumulated_submission_time': 23538.34276175499, 'accumulated_eval_time': 1003.4426016807556, 'accumulated_logging_time': 1.6258487701416016}
I0428 19:11:42.193778 139671371761408 logging_writer.py:48] [21886] accumulated_eval_time=1003.442602, accumulated_logging_time=1.625849, accumulated_submission_time=23538.342762, global_step=21886, preemption_count=0, score=23538.342762, test/accuracy=0.507800, test/loss=2.266821, test/num_examples=10000, total_duration=24543.706296, train/accuracy=0.694082, train/loss=1.349588, validation/accuracy=0.636640, validation/loss=1.615882, validation/num_examples=50000
I0428 19:11:59.246253 139671363368704 logging_writer.py:48] [21900] global_step=21900, grad_norm=0.838932454586029, loss=3.0994834899902344
I0428 19:13:45.374617 139671371761408 logging_writer.py:48] [22000] global_step=22000, grad_norm=0.8023133873939514, loss=3.1385161876678467
I0428 19:15:31.418529 139671363368704 logging_writer.py:48] [22100] global_step=22100, grad_norm=0.6826041340827942, loss=3.552701473236084
I0428 19:17:17.355932 139671371761408 logging_writer.py:48] [22200] global_step=22200, grad_norm=0.7710310816764832, loss=3.058624744415283
I0428 19:18:42.539116 139903503492928 spec.py:298] Evaluating on the training split.
I0428 19:18:50.481780 139903503492928 spec.py:310] Evaluating on the validation split.
I0428 19:18:59.173602 139903503492928 spec.py:326] Evaluating on the test split.
I0428 19:19:00.901520 139903503492928 submission_runner.py:415] Time since start: 24982.44s, 	Step: 22281, 	{'train/accuracy': 0.6926562190055847, 'train/loss': 1.3622392416000366, 'validation/accuracy': 0.6378600001335144, 'validation/loss': 1.6067862510681152, 'validation/num_examples': 50000, 'test/accuracy': 0.5163000226020813, 'test/loss': 2.250131130218506, 'test/num_examples': 10000, 'score': 23958.668736696243, 'total_duration': 24982.438442230225, 'accumulated_submission_time': 23958.668736696243, 'accumulated_eval_time': 1021.8049738407135, 'accumulated_logging_time': 1.6641297340393066}
I0428 19:19:00.919672 139671363368704 logging_writer.py:48] [22281] accumulated_eval_time=1021.804974, accumulated_logging_time=1.664130, accumulated_submission_time=23958.668737, global_step=22281, preemption_count=0, score=23958.668737, test/accuracy=0.516300, test/loss=2.250131, test/num_examples=10000, total_duration=24982.438442, train/accuracy=0.692656, train/loss=1.362239, validation/accuracy=0.637860, validation/loss=1.606786, validation/num_examples=50000
I0428 19:19:21.783830 139671371761408 logging_writer.py:48] [22300] global_step=22300, grad_norm=0.7697645425796509, loss=3.350883960723877
I0428 19:21:07.924833 139671363368704 logging_writer.py:48] [22400] global_step=22400, grad_norm=0.8106939196586609, loss=4.283692836761475
I0428 19:22:54.722049 139671371761408 logging_writer.py:48] [22500] global_step=22500, grad_norm=0.9721776247024536, loss=4.06719446182251
I0428 19:24:40.694563 139671363368704 logging_writer.py:48] [22600] global_step=22600, grad_norm=0.7215304970741272, loss=3.2569971084594727
I0428 19:26:06.969539 139903503492928 spec.py:298] Evaluating on the training split.
I0428 19:26:14.880081 139903503492928 spec.py:310] Evaluating on the validation split.
I0428 19:26:23.624850 139903503492928 spec.py:326] Evaluating on the test split.
I0428 19:26:25.347571 139903503492928 submission_runner.py:415] Time since start: 25426.88s, 	Step: 22681, 	{'train/accuracy': 0.6877734065055847, 'train/loss': 1.3627800941467285, 'validation/accuracy': 0.6381199955940247, 'validation/loss': 1.58297860622406, 'validation/num_examples': 50000, 'test/accuracy': 0.5169000029563904, 'test/loss': 2.2285635471343994, 'test/num_examples': 10000, 'score': 24384.69821548462, 'total_duration': 25426.884453058243, 'accumulated_submission_time': 24384.69821548462, 'accumulated_eval_time': 1040.1829235553741, 'accumulated_logging_time': 1.6971683502197266}
I0428 19:26:25.371625 139671371761408 logging_writer.py:48] [22681] accumulated_eval_time=1040.182924, accumulated_logging_time=1.697168, accumulated_submission_time=24384.698215, global_step=22681, preemption_count=0, score=24384.698215, test/accuracy=0.516900, test/loss=2.228564, test/num_examples=10000, total_duration=25426.884453, train/accuracy=0.687773, train/loss=1.362780, validation/accuracy=0.638120, validation/loss=1.582979, validation/num_examples=50000
I0428 19:26:47.199810 139671363368704 logging_writer.py:48] [22700] global_step=22700, grad_norm=0.743354856967926, loss=3.3684451580047607
I0428 19:28:33.911067 139671371761408 logging_writer.py:48] [22800] global_step=22800, grad_norm=0.7908640503883362, loss=3.65324330329895
I0428 19:30:21.204009 139671363368704 logging_writer.py:48] [22900] global_step=22900, grad_norm=0.7825826406478882, loss=3.0950071811676025
I0428 19:32:07.204476 139671371761408 logging_writer.py:48] [23000] global_step=23000, grad_norm=0.9335986375808716, loss=4.798128604888916
I0428 19:33:25.884363 139903503492928 spec.py:298] Evaluating on the training split.
I0428 19:33:33.847718 139903503492928 spec.py:310] Evaluating on the validation split.
I0428 19:33:42.592450 139903503492928 spec.py:326] Evaluating on the test split.
I0428 19:33:44.319493 139903503492928 submission_runner.py:415] Time since start: 25865.86s, 	Step: 23080, 	{'train/accuracy': 0.7146288752555847, 'train/loss': 1.2157279253005981, 'validation/accuracy': 0.6473999619483948, 'validation/loss': 1.5290677547454834, 'validation/num_examples': 50000, 'test/accuracy': 0.517300009727478, 'test/loss': 2.1935038566589355, 'test/num_examples': 10000, 'score': 24805.191913604736, 'total_duration': 25865.85638976097, 'accumulated_submission_time': 24805.191913604736, 'accumulated_eval_time': 1058.6179785728455, 'accumulated_logging_time': 1.7346899509429932}
I0428 19:33:44.344305 139671363368704 logging_writer.py:48] [23080] accumulated_eval_time=1058.617979, accumulated_logging_time=1.734690, accumulated_submission_time=24805.191914, global_step=23080, preemption_count=0, score=24805.191914, test/accuracy=0.517300, test/loss=2.193504, test/num_examples=10000, total_duration=25865.856390, train/accuracy=0.714629, train/loss=1.215728, validation/accuracy=0.647400, validation/loss=1.529068, validation/num_examples=50000
I0428 19:34:12.196836 139671371761408 logging_writer.py:48] [23100] global_step=23100, grad_norm=1.0969674587249756, loss=2.913825035095215
I0428 19:35:58.464560 139671363368704 logging_writer.py:48] [23200] global_step=23200, grad_norm=0.7922108769416809, loss=2.999419927597046
I0428 19:37:44.225752 139671371761408 logging_writer.py:48] [23300] global_step=23300, grad_norm=0.8250465989112854, loss=3.0553207397460938
I0428 19:39:30.604890 139671363368704 logging_writer.py:48] [23400] global_step=23400, grad_norm=1.7353047132492065, loss=4.865254878997803
I0428 19:40:44.506762 139903503492928 spec.py:298] Evaluating on the training split.
I0428 19:40:52.409952 139903503492928 spec.py:310] Evaluating on the validation split.
I0428 19:41:01.098808 139903503492928 spec.py:326] Evaluating on the test split.
I0428 19:41:02.811710 139903503492928 submission_runner.py:415] Time since start: 26304.35s, 	Step: 23474, 	{'train/accuracy': 0.7038476467132568, 'train/loss': 1.304925799369812, 'validation/accuracy': 0.6427199840545654, 'validation/loss': 1.5697730779647827, 'validation/num_examples': 50000, 'test/accuracy': 0.5149000287055969, 'test/loss': 2.2244274616241455, 'test/num_examples': 10000, 'score': 25225.334848165512, 'total_duration': 26304.34862613678, 'accumulated_submission_time': 25225.334848165512, 'accumulated_eval_time': 1076.9228863716125, 'accumulated_logging_time': 1.773622751235962}
I0428 19:41:02.829105 139671371761408 logging_writer.py:48] [23474] accumulated_eval_time=1076.922886, accumulated_logging_time=1.773623, accumulated_submission_time=25225.334848, global_step=23474, preemption_count=0, score=25225.334848, test/accuracy=0.514900, test/loss=2.224427, test/num_examples=10000, total_duration=26304.348626, train/accuracy=0.703848, train/loss=1.304926, validation/accuracy=0.642720, validation/loss=1.569773, validation/num_examples=50000
I0428 19:41:35.285280 139671363368704 logging_writer.py:48] [23500] global_step=23500, grad_norm=0.8226456046104431, loss=3.378774642944336
I0428 19:43:21.379162 139671371761408 logging_writer.py:48] [23600] global_step=23600, grad_norm=1.3700886964797974, loss=4.674553871154785
I0428 19:45:07.590522 139671363368704 logging_writer.py:48] [23700] global_step=23700, grad_norm=0.8015758395195007, loss=4.3153486251831055
I0428 19:46:54.027049 139671371761408 logging_writer.py:48] [23800] global_step=23800, grad_norm=0.8060791492462158, loss=4.3931121826171875
I0428 19:48:03.118281 139903503492928 spec.py:298] Evaluating on the training split.
I0428 19:48:11.055095 139903503492928 spec.py:310] Evaluating on the validation split.
I0428 19:48:19.713921 139903503492928 spec.py:326] Evaluating on the test split.
I0428 19:48:21.424559 139903503492928 submission_runner.py:415] Time since start: 26742.96s, 	Step: 23868, 	{'train/accuracy': 0.7015429735183716, 'train/loss': 1.3140352964401245, 'validation/accuracy': 0.6487199664115906, 'validation/loss': 1.5559242963790894, 'validation/num_examples': 50000, 'test/accuracy': 0.5182000398635864, 'test/loss': 2.1963918209075928, 'test/num_examples': 10000, 'score': 25645.605207443237, 'total_duration': 26742.961475610733, 'accumulated_submission_time': 25645.605207443237, 'accumulated_eval_time': 1095.229112625122, 'accumulated_logging_time': 1.8044366836547852}
I0428 19:48:21.443042 139671363368704 logging_writer.py:48] [23868] accumulated_eval_time=1095.229113, accumulated_logging_time=1.804437, accumulated_submission_time=25645.605207, global_step=23868, preemption_count=0, score=25645.605207, test/accuracy=0.518200, test/loss=2.196392, test/num_examples=10000, total_duration=26742.961476, train/accuracy=0.701543, train/loss=1.314035, validation/accuracy=0.648720, validation/loss=1.555924, validation/num_examples=50000
I0428 19:48:58.582238 139671371761408 logging_writer.py:48] [23900] global_step=23900, grad_norm=0.9249369502067566, loss=3.8832859992980957
I0428 19:50:45.156863 139671363368704 logging_writer.py:48] [24000] global_step=24000, grad_norm=1.434249997138977, loss=4.9633708000183105
I0428 19:52:31.167545 139671371761408 logging_writer.py:48] [24100] global_step=24100, grad_norm=0.8006643056869507, loss=3.0702028274536133
I0428 19:54:16.892738 139671363368704 logging_writer.py:48] [24200] global_step=24200, grad_norm=0.9467482566833496, loss=2.9348247051239014
I0428 19:55:21.788723 139903503492928 spec.py:298] Evaluating on the training split.
I0428 19:55:29.900444 139903503492928 spec.py:310] Evaluating on the validation split.
I0428 19:55:38.593860 139903503492928 spec.py:326] Evaluating on the test split.
I0428 19:55:40.301934 139903503492928 submission_runner.py:415] Time since start: 27181.84s, 	Step: 24263, 	{'train/accuracy': 0.7036523222923279, 'train/loss': 1.2732949256896973, 'validation/accuracy': 0.6514399647712708, 'validation/loss': 1.5141762495040894, 'validation/num_examples': 50000, 'test/accuracy': 0.5260000228881836, 'test/loss': 2.1605770587921143, 'test/num_examples': 10000, 'score': 26065.932987213135, 'total_duration': 27181.838849782944, 'accumulated_submission_time': 26065.932987213135, 'accumulated_eval_time': 1113.742267370224, 'accumulated_logging_time': 1.8355610370635986}
I0428 19:55:40.319002 139671371761408 logging_writer.py:48] [24263] accumulated_eval_time=1113.742267, accumulated_logging_time=1.835561, accumulated_submission_time=26065.932987, global_step=24263, preemption_count=0, score=26065.932987, test/accuracy=0.526000, test/loss=2.160577, test/num_examples=10000, total_duration=27181.838850, train/accuracy=0.703652, train/loss=1.273295, validation/accuracy=0.651440, validation/loss=1.514176, validation/num_examples=50000
I0428 19:56:21.812129 139671363368704 logging_writer.py:48] [24300] global_step=24300, grad_norm=0.8597485423088074, loss=3.0143609046936035
I0428 19:58:08.451020 139671371761408 logging_writer.py:48] [24400] global_step=24400, grad_norm=0.98287034034729, loss=2.8243002891540527
I0428 19:59:55.060382 139671363368704 logging_writer.py:48] [24500] global_step=24500, grad_norm=0.7468295693397522, loss=3.347858190536499
I0428 20:01:40.879266 139671371761408 logging_writer.py:48] [24600] global_step=24600, grad_norm=1.0599547624588013, loss=4.811304569244385
I0428 20:02:44.223415 139903503492928 spec.py:298] Evaluating on the training split.
I0428 20:02:52.108513 139903503492928 spec.py:310] Evaluating on the validation split.
I0428 20:03:00.726922 139903503492928 spec.py:326] Evaluating on the test split.
I0428 20:03:02.443895 139903503492928 submission_runner.py:415] Time since start: 27623.98s, 	Step: 24661, 	{'train/accuracy': 0.7214257717132568, 'train/loss': 1.2498676776885986, 'validation/accuracy': 0.6494799852371216, 'validation/loss': 1.550089955329895, 'validation/num_examples': 50000, 'test/accuracy': 0.52510005235672, 'test/loss': 2.1941280364990234, 'test/num_examples': 10000, 'score': 26489.82123684883, 'total_duration': 27623.980819940567, 'accumulated_submission_time': 26489.82123684883, 'accumulated_eval_time': 1131.9627180099487, 'accumulated_logging_time': 1.863340139389038}
I0428 20:03:02.462251 139671363368704 logging_writer.py:48] [24661] accumulated_eval_time=1131.962718, accumulated_logging_time=1.863340, accumulated_submission_time=26489.821237, global_step=24661, preemption_count=0, score=26489.821237, test/accuracy=0.525100, test/loss=2.194128, test/num_examples=10000, total_duration=27623.980820, train/accuracy=0.721426, train/loss=1.249868, validation/accuracy=0.649480, validation/loss=1.550090, validation/num_examples=50000
I0428 20:03:45.160496 139671371761408 logging_writer.py:48] [24700] global_step=24700, grad_norm=0.823817789554596, loss=3.3586010932922363
I0428 20:05:31.211756 139671363368704 logging_writer.py:48] [24800] global_step=24800, grad_norm=0.8531913161277771, loss=2.9125351905822754
I0428 20:07:17.356331 139671371761408 logging_writer.py:48] [24900] global_step=24900, grad_norm=0.8843926787376404, loss=2.929245948791504
I0428 20:09:03.402325 139671363368704 logging_writer.py:48] [25000] global_step=25000, grad_norm=0.8258327841758728, loss=3.3248162269592285
I0428 20:10:06.981476 139903503492928 spec.py:298] Evaluating on the training split.
I0428 20:10:14.888964 139903503492928 spec.py:310] Evaluating on the validation split.
I0428 20:10:23.446635 139903503492928 spec.py:326] Evaluating on the test split.
I0428 20:10:25.163732 139903503492928 submission_runner.py:415] Time since start: 28066.70s, 	Step: 25061, 	{'train/accuracy': 0.7122656106948853, 'train/loss': 1.2646727561950684, 'validation/accuracy': 0.6521399617195129, 'validation/loss': 1.5378425121307373, 'validation/num_examples': 50000, 'test/accuracy': 0.5270000100135803, 'test/loss': 2.1722800731658936, 'test/num_examples': 10000, 'score': 26914.321694612503, 'total_duration': 28066.700620174408, 'accumulated_submission_time': 26914.321694612503, 'accumulated_eval_time': 1150.1448888778687, 'accumulated_logging_time': 1.895167350769043}
I0428 20:10:25.187353 139671371761408 logging_writer.py:48] [25061] accumulated_eval_time=1150.144889, accumulated_logging_time=1.895167, accumulated_submission_time=26914.321695, global_step=25061, preemption_count=0, score=26914.321695, test/accuracy=0.527000, test/loss=2.172280, test/num_examples=10000, total_duration=28066.700620, train/accuracy=0.712266, train/loss=1.264673, validation/accuracy=0.652140, validation/loss=1.537843, validation/num_examples=50000
I0428 20:11:08.253999 139671363368704 logging_writer.py:48] [25100] global_step=25100, grad_norm=0.8582900166511536, loss=3.045748710632324
I0428 20:12:54.300194 139671371761408 logging_writer.py:48] [25200] global_step=25200, grad_norm=1.1611599922180176, loss=4.448347091674805
I0428 20:14:40.351773 139671363368704 logging_writer.py:48] [25300] global_step=25300, grad_norm=0.8487288951873779, loss=3.0893378257751465
I0428 20:16:26.942284 139671371761408 logging_writer.py:48] [25400] global_step=25400, grad_norm=0.8226915001869202, loss=2.980210781097412
I0428 20:17:30.593090 139903503492928 spec.py:298] Evaluating on the training split.
I0428 20:17:38.492739 139903503492928 spec.py:310] Evaluating on the validation split.
I0428 20:17:47.196102 139903503492928 spec.py:326] Evaluating on the test split.
I0428 20:17:48.909312 139903503492928 submission_runner.py:415] Time since start: 28510.45s, 	Step: 25461, 	{'train/accuracy': 0.7045507431030273, 'train/loss': 1.3274132013320923, 'validation/accuracy': 0.6525200009346008, 'validation/loss': 1.5565452575683594, 'validation/num_examples': 50000, 'test/accuracy': 0.5306000113487244, 'test/loss': 2.1865217685699463, 'test/num_examples': 10000, 'score': 27339.70870256424, 'total_duration': 28510.446217536926, 'accumulated_submission_time': 27339.70870256424, 'accumulated_eval_time': 1168.461064338684, 'accumulated_logging_time': 1.9319839477539062}
I0428 20:17:48.927687 139671363368704 logging_writer.py:48] [25461] accumulated_eval_time=1168.461064, accumulated_logging_time=1.931984, accumulated_submission_time=27339.708703, global_step=25461, preemption_count=0, score=27339.708703, test/accuracy=0.530600, test/loss=2.186522, test/num_examples=10000, total_duration=28510.446218, train/accuracy=0.704551, train/loss=1.327413, validation/accuracy=0.652520, validation/loss=1.556545, validation/num_examples=50000
I0428 20:18:31.729015 139671371761408 logging_writer.py:48] [25500] global_step=25500, grad_norm=0.8692672848701477, loss=2.947934150695801
I0428 20:20:19.069256 139671363368704 logging_writer.py:48] [25600] global_step=25600, grad_norm=1.172721266746521, loss=4.866302967071533
I0428 20:22:05.161661 139671371761408 logging_writer.py:48] [25700] global_step=25700, grad_norm=0.8810585141181946, loss=2.9253690242767334
I0428 20:23:51.849770 139671363368704 logging_writer.py:48] [25800] global_step=25800, grad_norm=0.9927457571029663, loss=3.036759853363037
I0428 20:24:49.166660 139903503492928 spec.py:298] Evaluating on the training split.
I0428 20:24:57.071961 139903503492928 spec.py:310] Evaluating on the validation split.
I0428 20:25:05.806292 139903503492928 spec.py:326] Evaluating on the test split.
I0428 20:25:07.530690 139903503492928 submission_runner.py:415] Time since start: 28949.07s, 	Step: 25860, 	{'train/accuracy': 0.7433788776397705, 'train/loss': 1.1645514965057373, 'validation/accuracy': 0.6562599539756775, 'validation/loss': 1.5322163105010986, 'validation/num_examples': 50000, 'test/accuracy': 0.5349000096321106, 'test/loss': 2.161813497543335, 'test/num_examples': 10000, 'score': 27759.928587198257, 'total_duration': 28949.06757235527, 'accumulated_submission_time': 27759.928587198257, 'accumulated_eval_time': 1186.8250255584717, 'accumulated_logging_time': 1.9638986587524414}
I0428 20:25:07.559826 139671371761408 logging_writer.py:48] [25860] accumulated_eval_time=1186.825026, accumulated_logging_time=1.963899, accumulated_submission_time=27759.928587, global_step=25860, preemption_count=0, score=27759.928587, test/accuracy=0.534900, test/loss=2.161813, test/num_examples=10000, total_duration=28949.067572, train/accuracy=0.743379, train/loss=1.164551, validation/accuracy=0.656260, validation/loss=1.532216, validation/num_examples=50000
I0428 20:25:56.486874 139671363368704 logging_writer.py:48] [25900] global_step=25900, grad_norm=0.8659995794296265, loss=3.967822551727295
I0428 20:27:42.427443 139671371761408 logging_writer.py:48] [26000] global_step=26000, grad_norm=0.9493883848190308, loss=4.575107097625732
I0428 20:29:29.700999 139671363368704 logging_writer.py:48] [26100] global_step=26100, grad_norm=0.8451031446456909, loss=3.074756383895874
I0428 20:31:15.625663 139671371761408 logging_writer.py:48] [26200] global_step=26200, grad_norm=0.885357141494751, loss=2.851949453353882
I0428 20:32:08.102116 139903503492928 spec.py:298] Evaluating on the training split.
I0428 20:32:15.991595 139903503492928 spec.py:310] Evaluating on the validation split.
I0428 20:32:24.727605 139903503492928 spec.py:326] Evaluating on the test split.
I0428 20:32:26.462209 139903503492928 submission_runner.py:415] Time since start: 29388.00s, 	Step: 26254, 	{'train/accuracy': 0.720703125, 'train/loss': 1.219651222229004, 'validation/accuracy': 0.6569600105285645, 'validation/loss': 1.4992725849151611, 'validation/num_examples': 50000, 'test/accuracy': 0.5332000255584717, 'test/loss': 2.134916305541992, 'test/num_examples': 10000, 'score': 28180.452605962753, 'total_duration': 29387.999109745026, 'accumulated_submission_time': 28180.452605962753, 'accumulated_eval_time': 1205.18505525589, 'accumulated_logging_time': 2.005889415740967}
I0428 20:32:26.487283 139671363368704 logging_writer.py:48] [26254] accumulated_eval_time=1205.185055, accumulated_logging_time=2.005889, accumulated_submission_time=28180.452606, global_step=26254, preemption_count=0, score=28180.452606, test/accuracy=0.533200, test/loss=2.134916, test/num_examples=10000, total_duration=29387.999110, train/accuracy=0.720703, train/loss=1.219651, validation/accuracy=0.656960, validation/loss=1.499273, validation/num_examples=50000
I0428 20:33:20.256857 139671371761408 logging_writer.py:48] [26300] global_step=26300, grad_norm=0.874553918838501, loss=2.895385503768921
I0428 20:35:06.993918 139671363368704 logging_writer.py:48] [26400] global_step=26400, grad_norm=0.9362649321556091, loss=2.800485372543335
I0428 20:36:53.632560 139671371761408 logging_writer.py:48] [26500] global_step=26500, grad_norm=0.820255696773529, loss=2.8539953231811523
I0428 20:38:40.041120 139671363368704 logging_writer.py:48] [26600] global_step=26600, grad_norm=0.8345704674720764, loss=3.103785514831543
I0428 20:39:27.103851 139903503492928 spec.py:298] Evaluating on the training split.
I0428 20:39:35.022665 139903503492928 spec.py:310] Evaluating on the validation split.
I0428 20:39:43.802278 139903503492928 spec.py:326] Evaluating on the test split.
I0428 20:39:45.526983 139903503492928 submission_runner.py:415] Time since start: 29827.06s, 	Step: 26647, 	{'train/accuracy': 0.713183581829071, 'train/loss': 1.2920280694961548, 'validation/accuracy': 0.6542800068855286, 'validation/loss': 1.5446299314498901, 'validation/num_examples': 50000, 'test/accuracy': 0.5312000513076782, 'test/loss': 2.1694157123565674, 'test/num_examples': 10000, 'score': 28601.04886651039, 'total_duration': 29827.06386232376, 'accumulated_submission_time': 28601.04886651039, 'accumulated_eval_time': 1223.608095407486, 'accumulated_logging_time': 2.0457589626312256}
I0428 20:39:45.553526 139671371761408 logging_writer.py:48] [26647] accumulated_eval_time=1223.608095, accumulated_logging_time=2.045759, accumulated_submission_time=28601.048867, global_step=26647, preemption_count=0, score=28601.048867, test/accuracy=0.531200, test/loss=2.169416, test/num_examples=10000, total_duration=29827.063862, train/accuracy=0.713184, train/loss=1.292028, validation/accuracy=0.654280, validation/loss=1.544630, validation/num_examples=50000
I0428 20:40:44.796950 139671363368704 logging_writer.py:48] [26700] global_step=26700, grad_norm=0.7855565547943115, loss=3.5848493576049805
I0428 20:42:31.423832 139671371761408 logging_writer.py:48] [26800] global_step=26800, grad_norm=0.8281151652336121, loss=2.871514081954956
I0428 20:44:17.312901 139671363368704 logging_writer.py:48] [26900] global_step=26900, grad_norm=1.1859993934631348, loss=4.886161804199219
I0428 20:46:03.033517 139671371761408 logging_writer.py:48] [27000] global_step=27000, grad_norm=0.8649049997329712, loss=2.853726387023926
I0428 20:46:45.691783 139903503492928 spec.py:298] Evaluating on the training split.
I0428 20:46:53.562819 139903503492928 spec.py:310] Evaluating on the validation split.
I0428 20:47:02.100338 139903503492928 spec.py:326] Evaluating on the test split.
I0428 20:47:03.813155 139903503492928 submission_runner.py:415] Time since start: 30265.35s, 	Step: 27041, 	{'train/accuracy': 0.7154101133346558, 'train/loss': 1.2688331604003906, 'validation/accuracy': 0.6618199944496155, 'validation/loss': 1.5109143257141113, 'validation/num_examples': 50000, 'test/accuracy': 0.5297999978065491, 'test/loss': 2.1646547317504883, 'test/num_examples': 10000, 'score': 29021.167956113815, 'total_duration': 30265.350011110306, 'accumulated_submission_time': 29021.167956113815, 'accumulated_eval_time': 1241.7293515205383, 'accumulated_logging_time': 2.0861716270446777}
I0428 20:47:03.832480 139671363368704 logging_writer.py:48] [27041] accumulated_eval_time=1241.729352, accumulated_logging_time=2.086172, accumulated_submission_time=29021.167956, global_step=27041, preemption_count=0, score=29021.167956, test/accuracy=0.529800, test/loss=2.164655, test/num_examples=10000, total_duration=30265.350011, train/accuracy=0.715410, train/loss=1.268833, validation/accuracy=0.661820, validation/loss=1.510914, validation/num_examples=50000
I0428 20:48:07.637040 139671371761408 logging_writer.py:48] [27100] global_step=27100, grad_norm=0.7546535134315491, loss=3.372939109802246
I0428 20:49:54.703251 139671363368704 logging_writer.py:48] [27200] global_step=27200, grad_norm=0.8197486400604248, loss=3.6787312030792236
I0428 20:51:41.253419 139671371761408 logging_writer.py:48] [27300] global_step=27300, grad_norm=0.9041001200675964, loss=4.465155601501465
I0428 20:53:28.628861 139671363368704 logging_writer.py:48] [27400] global_step=27400, grad_norm=0.9509662985801697, loss=3.3460817337036133
I0428 20:54:04.187076 139903503492928 spec.py:298] Evaluating on the training split.
I0428 20:54:12.233628 139903503492928 spec.py:310] Evaluating on the validation split.
I0428 20:54:20.865999 139903503492928 spec.py:326] Evaluating on the test split.
I0428 20:54:22.582077 139903503492928 submission_runner.py:415] Time since start: 30704.12s, 	Step: 27439, 	{'train/accuracy': 0.733691394329071, 'train/loss': 1.1567423343658447, 'validation/accuracy': 0.659060001373291, 'validation/loss': 1.487488031387329, 'validation/num_examples': 50000, 'test/accuracy': 0.5325000286102295, 'test/loss': 2.1341910362243652, 'test/num_examples': 10000, 'score': 29441.50515937805, 'total_duration': 30704.11900115013, 'accumulated_submission_time': 29441.50515937805, 'accumulated_eval_time': 1260.1243057250977, 'accumulated_logging_time': 2.1173675060272217}
I0428 20:54:22.601004 139671371761408 logging_writer.py:48] [27439] accumulated_eval_time=1260.124306, accumulated_logging_time=2.117368, accumulated_submission_time=29441.505159, global_step=27439, preemption_count=0, score=29441.505159, test/accuracy=0.532500, test/loss=2.134191, test/num_examples=10000, total_duration=30704.119001, train/accuracy=0.733691, train/loss=1.156742, validation/accuracy=0.659060, validation/loss=1.487488, validation/num_examples=50000
I0428 20:55:33.729960 139671363368704 logging_writer.py:48] [27500] global_step=27500, grad_norm=0.8279449343681335, loss=2.928732395172119
I0428 20:57:20.696039 139671371761408 logging_writer.py:48] [27600] global_step=27600, grad_norm=1.268685221672058, loss=4.613901615142822
I0428 20:59:07.318122 139671363368704 logging_writer.py:48] [27700] global_step=27700, grad_norm=0.8451134562492371, loss=3.3144524097442627
I0428 21:00:54.460117 139671371761408 logging_writer.py:48] [27800] global_step=27800, grad_norm=0.8594532012939453, loss=3.76088809967041
I0428 21:01:22.958668 139903503492928 spec.py:298] Evaluating on the training split.
I0428 21:01:30.913451 139903503492928 spec.py:310] Evaluating on the validation split.
I0428 21:01:39.598248 139903503492928 spec.py:326] Evaluating on the test split.
I0428 21:01:41.323008 139903503492928 submission_runner.py:415] Time since start: 31142.86s, 	Step: 27830, 	{'train/accuracy': 0.726757824420929, 'train/loss': 1.2136718034744263, 'validation/accuracy': 0.6632199883460999, 'validation/loss': 1.488201379776001, 'validation/num_examples': 50000, 'test/accuracy': 0.5342000126838684, 'test/loss': 2.1213691234588623, 'test/num_examples': 10000, 'score': 29861.84357905388, 'total_duration': 31142.85990834236, 'accumulated_submission_time': 29861.84357905388, 'accumulated_eval_time': 1278.488567829132, 'accumulated_logging_time': 2.1501893997192383}
I0428 21:01:41.348567 139671363368704 logging_writer.py:48] [27830] accumulated_eval_time=1278.488568, accumulated_logging_time=2.150189, accumulated_submission_time=29861.843579, global_step=27830, preemption_count=0, score=29861.843579, test/accuracy=0.534200, test/loss=2.121369, test/num_examples=10000, total_duration=31142.859908, train/accuracy=0.726758, train/loss=1.213672, validation/accuracy=0.663220, validation/loss=1.488201, validation/num_examples=50000
I0428 21:02:59.562122 139671371761408 logging_writer.py:48] [27900] global_step=27900, grad_norm=0.8339848518371582, loss=3.2759625911712646
I0428 21:04:39.468651 139903503492928 spec.py:298] Evaluating on the training split.
I0428 21:04:47.366070 139903503492928 spec.py:310] Evaluating on the validation split.
I0428 21:04:55.999801 139903503492928 spec.py:326] Evaluating on the test split.
I0428 21:04:57.725923 139903503492928 submission_runner.py:415] Time since start: 31339.26s, 	Step: 28000, 	{'train/accuracy': 0.7230077981948853, 'train/loss': 1.2427459955215454, 'validation/accuracy': 0.6633999943733215, 'validation/loss': 1.5126250982284546, 'validation/num_examples': 50000, 'test/accuracy': 0.5384000539779663, 'test/loss': 2.140953540802002, 'test/num_examples': 10000, 'score': 30039.94752430916, 'total_duration': 31339.262818336487, 'accumulated_submission_time': 30039.94752430916, 'accumulated_eval_time': 1296.7457683086395, 'accumulated_logging_time': 2.189225912094116}
I0428 21:04:57.753823 139671363368704 logging_writer.py:48] [28000] accumulated_eval_time=1296.745768, accumulated_logging_time=2.189226, accumulated_submission_time=30039.947524, global_step=28000, preemption_count=0, score=30039.947524, test/accuracy=0.538400, test/loss=2.140954, test/num_examples=10000, total_duration=31339.262818, train/accuracy=0.723008, train/loss=1.242746, validation/accuracy=0.663400, validation/loss=1.512625, validation/num_examples=50000
I0428 21:04:57.790016 139671371761408 logging_writer.py:48] [28000] global_step=28000, preemption_count=0, score=30039.947524
I0428 21:04:59.925563 139903503492928 checkpoints.py:356] Saving checkpoint at step: 28000
I0428 21:05:04.672343 139903503492928 checkpoints.py:317] Saved checkpoint at /experiment_runs/timing_fancy/timing_shampoo/imagenet_vit_jax/trial_1/checkpoint_28000
I0428 21:05:04.774563 139903503492928 checkpoint_utils.py:240] Saved checkpoint to /experiment_runs/timing_fancy/timing_shampoo/imagenet_vit_jax/trial_1/checkpoint_28000.
I0428 21:05:06.124923 139903503492928 submission_runner.py:578] Tuning trial 1/1
I0428 21:05:06.125159 139903503492928 submission_runner.py:579] Hyperparameters: Hyperparameters(learning_rate=0.0019814680146414726, one_minus_beta1=0.07758862577375368, beta2=0.999, warmup_factor=0.05, weight_decay=0.010340635370188849, label_smoothing=0.1, dropout_rate=0.0)
