python3 submission_runner.py --framework=jax --workload=imagenet_vit --submission_path=baselines/shampoo/jax/submission.py --tuning_search_space=baselines/shampoo/tuning_search_space.json --data_dir=/data/imagenet/jax --num_tuning_trials=1 --experiment_dir=/experiment_runs --experiment_name=timing_fancy/timing_shampoo --overwrite=True --save_checkpoints=False --max_global_steps=28000 --imagenet_v2_data_dir=/data/imagenet/jax 2>&1 | tee -a /logs/imagenet_vit_jax_04-28-2023-12-21-33.log
I0428 12:21:55.619123 139903503492928 logger_utils.py:76] Creating experiment directory at /experiment_runs/timing_fancy/timing_shampoo/imagenet_vit_jax.
I0428 12:21:55.723981 139903503492928 xla_bridge.py:345] Unable to initialize backend 'tpu_driver': NOT_FOUND: Unable to find driver in registry given worker: 
I0428 12:21:56.542186 139903503492928 xla_bridge.py:345] Unable to initialize backend 'rocm': NOT_FOUND: Could not find registered platform with name: "rocm". Available platform names are: Host Interpreter CUDA
I0428 12:21:56.542822 139903503492928 xla_bridge.py:345] Unable to initialize backend 'tpu': module 'jaxlib.xla_extension' has no attribute 'get_tpu_client'
I0428 12:21:56.548139 139903503492928 submission_runner.py:538] Using RNG seed 3022373433
I0428 12:21:59.143563 139903503492928 submission_runner.py:547] --- Tuning run 1/1 ---
I0428 12:21:59.143764 139903503492928 submission_runner.py:552] Creating tuning directory at /experiment_runs/timing_fancy/timing_shampoo/imagenet_vit_jax/trial_1.
I0428 12:21:59.143943 139903503492928 logger_utils.py:92] Saving hparams to /experiment_runs/timing_fancy/timing_shampoo/imagenet_vit_jax/trial_1/hparams.json.
I0428 12:21:59.277557 139903503492928 submission_runner.py:241] Initializing dataset.
I0428 12:21:59.294202 139903503492928 dataset_info.py:566] Load dataset info from /data/imagenet/jax/imagenet2012/5.1.0
I0428 12:21:59.303568 139903503492928 dataset_info.py:642] Field info.splits from disk and from code do not match. Keeping the one from code.
I0428 12:21:59.303683 139903503492928 dataset_info.py:642] Field info.supervised_keys from disk and from code do not match. Keeping the one from code.
I0428 12:21:59.607094 139903503492928 logging_logger.py:49] Constructing tf.data.Dataset imagenet2012 for split train, from /data/imagenet/jax/imagenet2012/5.1.0
I0428 12:22:08.681333 139903503492928 submission_runner.py:248] Initializing model.
I0428 12:22:21.490659 139903503492928 submission_runner.py:258] Initializing optimizer.
I0428 12:22:37.535865 139903503492928 submission_runner.py:265] Initializing metrics bundle.
I0428 12:22:37.536144 139903503492928 submission_runner.py:282] Initializing checkpoint and logger.
I0428 12:22:37.537333 139903503492928 checkpoints.py:466] Found no checkpoint files in /experiment_runs/timing_fancy/timing_shampoo/imagenet_vit_jax/trial_1 with prefix checkpoint_
I0428 12:22:38.457052 139903503492928 submission_runner.py:303] Saving meta data to /experiment_runs/timing_fancy/timing_shampoo/imagenet_vit_jax/trial_1/meta_data_0.json.
I0428 12:22:38.458149 139903503492928 submission_runner.py:306] Saving flags to /experiment_runs/timing_fancy/timing_shampoo/imagenet_vit_jax/trial_1/flags_0.json.
I0428 12:22:38.462997 139903503492928 submission_runner.py:318] Starting training loop.
/algorithmic-efficiency/baselines/shampoo/jax/distributed_shampoo.py:812: UserWarning: Explicitly requested dtype <class 'jax.numpy.float64'> requested in astype is not available, and will be truncated to dtype float32. To enable more dtypes, set the jax_enable_x64 configuration option or the JAX_ENABLE_X64 shell environment variable. See https://github.com/google/jax#current-gotchas for more.
  matrix = matrix.astype(_MAT_INV_PTH_ROOT_DTYPE)
/algorithmic-efficiency/baselines/shampoo/jax/distributed_shampoo.py:813: UserWarning: Explicitly requested dtype <class 'jax.numpy.float64'> requested in asarray is not available, and will be truncated to dtype float32. To enable more dtypes, set the jax_enable_x64 configuration option or the JAX_ENABLE_X64 shell environment variable. See https://github.com/google/jax#current-gotchas for more.
  alpha = jnp.asarray(-1.0 / p, _MAT_INV_PTH_ROOT_DTYPE)
/algorithmic-efficiency/baselines/shampoo/jax/distributed_shampoo.py:814: UserWarning: Explicitly requested dtype <class 'jax.numpy.float64'> requested in eye is not available, and will be truncated to dtype float32. To enable more dtypes, set the jax_enable_x64 configuration option or the JAX_ENABLE_X64 shell environment variable. See https://github.com/google/jax#current-gotchas for more.
  identity = jnp.eye(matrix_size, dtype=_MAT_INV_PTH_ROOT_DTYPE)
I0428 12:27:33.617762 139726661089024 logging_writer.py:48] [0] global_step=0, grad_norm=0.3355698585510254, loss=6.907756805419922
I0428 12:27:33.703121 139903503492928 spec.py:298] Evaluating on the training split.
I0428 12:27:33.723378 139903503492928 dataset_info.py:566] Load dataset info from /data/imagenet/jax/imagenet2012/5.1.0
I0428 12:27:33.731299 139903503492928 dataset_info.py:642] Field info.splits from disk and from code do not match. Keeping the one from code.
I0428 12:27:33.731457 139903503492928 dataset_info.py:642] Field info.supervised_keys from disk and from code do not match. Keeping the one from code.
I0428 12:27:33.807723 139903503492928 logging_logger.py:49] Constructing tf.data.Dataset imagenet2012 for split train, from /data/imagenet/jax/imagenet2012/5.1.0
I0428 12:27:54.056455 139903503492928 spec.py:310] Evaluating on the validation split.
I0428 12:27:54.065820 139903503492928 dataset_info.py:566] Load dataset info from /data/imagenet/jax/imagenet2012/5.1.0
I0428 12:27:54.085509 139903503492928 dataset_info.py:642] Field info.splits from disk and from code do not match. Keeping the one from code.
I0428 12:27:54.085793 139903503492928 dataset_info.py:642] Field info.supervised_keys from disk and from code do not match. Keeping the one from code.
I0428 12:27:54.147278 139903503492928 logging_logger.py:49] Constructing tf.data.Dataset imagenet2012 for split validation, from /data/imagenet/jax/imagenet2012/5.1.0
I0428 12:28:14.458541 139903503492928 spec.py:326] Evaluating on the test split.
I0428 12:28:14.465079 139903503492928 dataset_info.py:566] Load dataset info from /data/imagenet/jax/imagenet_v2/matched-frequency/3.0.0
I0428 12:28:14.470252 139903503492928 dataset_builder.py:510] Reusing dataset imagenet_v2 (/data/imagenet/jax/imagenet_v2/matched-frequency/3.0.0)
I0428 12:28:14.503932 139903503492928 logging_logger.py:49] Constructing tf.data.Dataset imagenet_v2 for split test, from /data/imagenet/jax/imagenet_v2/matched-frequency/3.0.0
I0428 12:28:25.925582 139903503492928 submission_runner.py:415] Time since start: 347.46s, 	Step: 1, 	{'train/accuracy': 0.0008984374580904841, 'train/loss': 6.907756328582764, 'validation/accuracy': 0.0009999999310821295, 'validation/loss': 6.9077558517456055, 'validation/num_examples': 50000, 'test/accuracy': 0.0010000000474974513, 'test/loss': 6.907756805419922, 'test/num_examples': 10000, 'score': 295.23993730545044, 'total_duration': 347.46252036094666, 'accumulated_submission_time': 295.23993730545044, 'accumulated_eval_time': 52.222418546676636, 'accumulated_logging_time': 0}
I0428 12:28:25.942738 139671120111360 logging_writer.py:48] [1] accumulated_eval_time=52.222419, accumulated_logging_time=0, accumulated_submission_time=295.239937, global_step=1, preemption_count=0, score=295.239937, test/accuracy=0.001000, test/loss=6.907757, test/num_examples=10000, total_duration=347.462520, train/accuracy=0.000898, train/loss=6.907756, validation/accuracy=0.001000, validation/loss=6.907756, validation/num_examples=50000
I0428 12:34:59.238744 139720402937600 logging_writer.py:48] [100] global_step=100, grad_norm=0.4963616728782654, loss=6.8542256355285645
I0428 12:35:26.229360 139903503492928 spec.py:298] Evaluating on the training split.
I0428 12:35:32.814685 139903503492928 spec.py:310] Evaluating on the validation split.
I0428 12:35:39.842854 139903503492928 spec.py:326] Evaluating on the test split.
I0428 12:35:41.627824 139903503492928 submission_runner.py:415] Time since start: 783.16s, 	Step: 131, 	{'train/accuracy': 0.004277343861758709, 'train/loss': 6.797806739807129, 'validation/accuracy': 0.003719999920576811, 'validation/loss': 6.8065948486328125, 'validation/num_examples': 50000, 'test/accuracy': 0.003900000127032399, 'test/loss': 6.817415714263916, 'test/num_examples': 10000, 'score': 715.516547203064, 'total_duration': 783.164742231369, 'accumulated_submission_time': 715.516547203064, 'accumulated_eval_time': 67.62083768844604, 'accumulated_logging_time': 0.025347471237182617}
I0428 12:35:41.640299 139671363368704 logging_writer.py:48] [131] accumulated_eval_time=67.620838, accumulated_logging_time=0.025347, accumulated_submission_time=715.516547, global_step=131, preemption_count=0, score=715.516547, test/accuracy=0.003900, test/loss=6.817416, test/num_examples=10000, total_duration=783.164742, train/accuracy=0.004277, train/loss=6.797807, validation/accuracy=0.003720, validation/loss=6.806595, validation/num_examples=50000
I0428 12:36:53.165181 139671371761408 logging_writer.py:48] [200] global_step=200, grad_norm=0.5362515449523926, loss=6.81400203704834
I0428 12:38:32.176461 139671363368704 logging_writer.py:48] [300] global_step=300, grad_norm=0.611965000629425, loss=6.716584205627441
I0428 12:40:11.526010 139671371761408 logging_writer.py:48] [400] global_step=400, grad_norm=0.8207951784133911, loss=6.632200241088867
I0428 12:41:51.175995 139671363368704 logging_writer.py:48] [500] global_step=500, grad_norm=0.8836461901664734, loss=6.521244525909424
I0428 12:42:41.820096 139903503492928 spec.py:298] Evaluating on the training split.
I0428 12:42:48.406666 139903503492928 spec.py:310] Evaluating on the validation split.
I0428 12:42:55.409854 139903503492928 spec.py:326] Evaluating on the test split.
I0428 12:42:57.130365 139903503492928 submission_runner.py:415] Time since start: 1218.67s, 	Step: 556, 	{'train/accuracy': 0.02597656100988388, 'train/loss': 6.262216567993164, 'validation/accuracy': 0.02393999882042408, 'validation/loss': 6.279642105102539, 'validation/num_examples': 50000, 'test/accuracy': 0.018200000748038292, 'test/loss': 6.336015701293945, 'test/num_examples': 10000, 'score': 1135.677639722824, 'total_duration': 1218.6672382354736, 'accumulated_submission_time': 1135.677639722824, 'accumulated_eval_time': 82.9310073852539, 'accumulated_logging_time': 0.05135703086853027}
I0428 12:42:57.145223 139671371761408 logging_writer.py:48] [556] accumulated_eval_time=82.931007, accumulated_logging_time=0.051357, accumulated_submission_time=1135.677640, global_step=556, preemption_count=0, score=1135.677640, test/accuracy=0.018200, test/loss=6.336016, test/num_examples=10000, total_duration=1218.667238, train/accuracy=0.025977, train/loss=6.262217, validation/accuracy=0.023940, validation/loss=6.279642, validation/num_examples=50000
I0428 12:43:47.016695 139671363368704 logging_writer.py:48] [600] global_step=600, grad_norm=1.2886992692947388, loss=6.474416732788086
I0428 12:45:28.098789 139671371761408 logging_writer.py:48] [700] global_step=700, grad_norm=1.5503085851669312, loss=6.686702728271484
I0428 12:47:08.210272 139671363368704 logging_writer.py:48] [800] global_step=800, grad_norm=1.3186843395233154, loss=6.307143211364746
I0428 12:48:48.943718 139671371761408 logging_writer.py:48] [900] global_step=900, grad_norm=0.8960217237472534, loss=6.62814998626709
I0428 12:49:57.479766 139903503492928 spec.py:298] Evaluating on the training split.
I0428 12:50:04.054236 139903503492928 spec.py:310] Evaluating on the validation split.
I0428 12:50:10.953205 139903503492928 spec.py:326] Evaluating on the test split.
I0428 12:50:12.666852 139903503492928 submission_runner.py:415] Time since start: 1654.20s, 	Step: 973, 	{'train/accuracy': 0.051738280802965164, 'train/loss': 5.752218723297119, 'validation/accuracy': 0.04989999905228615, 'validation/loss': 5.77405309677124, 'validation/num_examples': 50000, 'test/accuracy': 0.03880000114440918, 'test/loss': 5.903034210205078, 'test/num_examples': 10000, 'score': 1555.9941320419312, 'total_duration': 1654.2037448883057, 'accumulated_submission_time': 1555.9941320419312, 'accumulated_eval_time': 98.11801266670227, 'accumulated_logging_time': 0.07878470420837402}
I0428 12:50:12.681915 139671363368704 logging_writer.py:48] [973] accumulated_eval_time=98.118013, accumulated_logging_time=0.078785, accumulated_submission_time=1555.994132, global_step=973, preemption_count=0, score=1555.994132, test/accuracy=0.038800, test/loss=5.903034, test/num_examples=10000, total_duration=1654.203745, train/accuracy=0.051738, train/loss=5.752219, validation/accuracy=0.049900, validation/loss=5.774053, validation/num_examples=50000
I0428 12:50:44.539380 139671371761408 logging_writer.py:48] [1000] global_step=1000, grad_norm=1.4230494499206543, loss=6.150996208190918
I0428 12:52:25.376027 139671363368704 logging_writer.py:48] [1100] global_step=1100, grad_norm=1.3782696723937988, loss=6.505036354064941
I0428 12:54:06.099103 139671371761408 logging_writer.py:48] [1200] global_step=1200, grad_norm=1.133682131767273, loss=6.583815574645996
I0428 12:55:47.243943 139671363368704 logging_writer.py:48] [1300] global_step=1300, grad_norm=1.2386558055877686, loss=6.033881187438965
I0428 12:57:13.195286 139903503492928 spec.py:298] Evaluating on the training split.
I0428 12:57:19.771429 139903503492928 spec.py:310] Evaluating on the validation split.
I0428 12:57:26.619957 139903503492928 spec.py:326] Evaluating on the test split.
I0428 12:57:28.343795 139903503492928 submission_runner.py:415] Time since start: 2089.88s, 	Step: 1389, 	{'train/accuracy': 0.07619140297174454, 'train/loss': 5.402970314025879, 'validation/accuracy': 0.07109999656677246, 'validation/loss': 5.432634353637695, 'validation/num_examples': 50000, 'test/accuracy': 0.055400002747774124, 'test/loss': 5.610576629638672, 'test/num_examples': 10000, 'score': 1976.4876470565796, 'total_duration': 2089.880674600601, 'accumulated_submission_time': 1976.4876470565796, 'accumulated_eval_time': 113.26643872261047, 'accumulated_logging_time': 0.1085042953491211}
I0428 12:57:28.359393 139671371761408 logging_writer.py:48] [1389] accumulated_eval_time=113.266439, accumulated_logging_time=0.108504, accumulated_submission_time=1976.487647, global_step=1389, preemption_count=0, score=1976.487647, test/accuracy=0.055400, test/loss=5.610577, test/num_examples=10000, total_duration=2089.880675, train/accuracy=0.076191, train/loss=5.402970, validation/accuracy=0.071100, validation/loss=5.432634, validation/num_examples=50000
I0428 12:57:43.233675 139671363368704 logging_writer.py:48] [1400] global_step=1400, grad_norm=1.4933134317398071, loss=5.9033942222595215
I0428 12:59:24.018319 139671371761408 logging_writer.py:48] [1500] global_step=1500, grad_norm=1.4963030815124512, loss=5.89940881729126
I0428 13:01:05.603543 139671363368704 logging_writer.py:48] [1600] global_step=1600, grad_norm=1.6786248683929443, loss=5.915741443634033
I0428 13:02:47.330111 139671371761408 logging_writer.py:48] [1700] global_step=1700, grad_norm=1.3685299158096313, loss=6.403406143188477
I0428 13:04:28.914105 139671363368704 logging_writer.py:48] [1800] global_step=1800, grad_norm=1.1872305870056152, loss=6.591233253479004
I0428 13:04:28.965584 139903503492928 spec.py:298] Evaluating on the training split.
I0428 13:04:35.553873 139903503492928 spec.py:310] Evaluating on the validation split.
I0428 13:04:42.431607 139903503492928 spec.py:326] Evaluating on the test split.
I0428 13:04:44.166847 139903503492928 submission_runner.py:415] Time since start: 2525.70s, 	Step: 1801, 	{'train/accuracy': 0.10039062052965164, 'train/loss': 5.088702201843262, 'validation/accuracy': 0.09253999590873718, 'validation/loss': 5.141936302185059, 'validation/num_examples': 50000, 'test/accuracy': 0.07150000333786011, 'test/loss': 5.375046253204346, 'test/num_examples': 10000, 'score': 2397.075027704239, 'total_duration': 2525.7037451267242, 'accumulated_submission_time': 2397.075027704239, 'accumulated_eval_time': 128.46760249137878, 'accumulated_logging_time': 0.13761544227600098}
I0428 13:04:44.181568 139671371761408 logging_writer.py:48] [1801] accumulated_eval_time=128.467602, accumulated_logging_time=0.137615, accumulated_submission_time=2397.075028, global_step=1801, preemption_count=0, score=2397.075028, test/accuracy=0.071500, test/loss=5.375046, test/num_examples=10000, total_duration=2525.703745, train/accuracy=0.100391, train/loss=5.088702, validation/accuracy=0.092540, validation/loss=5.141936, validation/num_examples=50000
I0428 13:06:25.715455 139671363368704 logging_writer.py:48] [1900] global_step=1900, grad_norm=1.4793422222137451, loss=5.704178333282471
I0428 13:08:07.132882 139671371761408 logging_writer.py:48] [2000] global_step=2000, grad_norm=1.423863172531128, loss=5.639634132385254
I0428 13:09:48.388930 139671363368704 logging_writer.py:48] [2100] global_step=2100, grad_norm=1.6520767211914062, loss=5.571378231048584
I0428 13:11:29.746145 139671371761408 logging_writer.py:48] [2200] global_step=2200, grad_norm=1.4058247804641724, loss=5.568020343780518
I0428 13:11:50.256971 139903503492928 spec.py:298] Evaluating on the training split.
I0428 13:11:56.858676 139903503492928 spec.py:310] Evaluating on the validation split.
I0428 13:12:03.907116 139903503492928 spec.py:326] Evaluating on the test split.
I0428 13:12:05.643094 139903503492928 submission_runner.py:415] Time since start: 2967.18s, 	Step: 2221, 	{'train/accuracy': 0.13701172173023224, 'train/loss': 4.738317012786865, 'validation/accuracy': 0.12814000248908997, 'validation/loss': 4.799259185791016, 'validation/num_examples': 50000, 'test/accuracy': 0.09540000557899475, 'test/loss': 5.067623138427734, 'test/num_examples': 10000, 'score': 2823.1320683956146, 'total_duration': 2967.1799783706665, 'accumulated_submission_time': 2823.1320683956146, 'accumulated_eval_time': 143.85363674163818, 'accumulated_logging_time': 0.16557860374450684}
I0428 13:12:05.658833 139671363368704 logging_writer.py:48] [2221] accumulated_eval_time=143.853637, accumulated_logging_time=0.165579, accumulated_submission_time=2823.132068, global_step=2221, preemption_count=0, score=2823.132068, test/accuracy=0.095400, test/loss=5.067623, test/num_examples=10000, total_duration=2967.179978, train/accuracy=0.137012, train/loss=4.738317, validation/accuracy=0.128140, validation/loss=4.799259, validation/num_examples=50000
I0428 13:13:27.611515 139671371761408 logging_writer.py:48] [2300] global_step=2300, grad_norm=1.2439831495285034, loss=5.98820686340332
I0428 13:15:09.123517 139671363368704 logging_writer.py:48] [2400] global_step=2400, grad_norm=1.24325430393219, loss=5.463621139526367
I0428 13:16:50.725638 139671371761408 logging_writer.py:48] [2500] global_step=2500, grad_norm=1.09998619556427, loss=6.31632661819458
I0428 13:18:33.073193 139671363368704 logging_writer.py:48] [2600] global_step=2600, grad_norm=1.3119982481002808, loss=6.413102149963379
I0428 13:19:06.110146 139903503492928 spec.py:298] Evaluating on the training split.
I0428 13:19:12.687773 139903503492928 spec.py:310] Evaluating on the validation split.
I0428 13:19:19.651013 139903503492928 spec.py:326] Evaluating on the test split.
I0428 13:19:21.382356 139903503492928 submission_runner.py:415] Time since start: 3402.92s, 	Step: 2639, 	{'train/accuracy': 0.18544921278953552, 'train/loss': 4.404040336608887, 'validation/accuracy': 0.1682399958372116, 'validation/loss': 4.49139404296875, 'validation/num_examples': 50000, 'test/accuracy': 0.12270000576972961, 'test/loss': 4.81296443939209, 'test/num_examples': 10000, 'score': 3243.5654950141907, 'total_duration': 3402.9192757606506, 'accumulated_submission_time': 3243.5654950141907, 'accumulated_eval_time': 159.12579607963562, 'accumulated_logging_time': 0.19392704963684082}
I0428 13:19:21.394241 139671371761408 logging_writer.py:48] [2639] accumulated_eval_time=159.125796, accumulated_logging_time=0.193927, accumulated_submission_time=3243.565495, global_step=2639, preemption_count=0, score=3243.565495, test/accuracy=0.122700, test/loss=4.812964, test/num_examples=10000, total_duration=3402.919276, train/accuracy=0.185449, train/loss=4.404040, validation/accuracy=0.168240, validation/loss=4.491394, validation/num_examples=50000
I0428 13:20:30.633305 139671363368704 logging_writer.py:48] [2700] global_step=2700, grad_norm=1.3291388750076294, loss=5.5713701248168945
I0428 13:22:11.775635 139671371761408 logging_writer.py:48] [2800] global_step=2800, grad_norm=1.481428861618042, loss=5.216094493865967
I0428 13:23:52.892701 139671363368704 logging_writer.py:48] [2900] global_step=2900, grad_norm=1.1963694095611572, loss=5.14810848236084
I0428 13:25:33.399617 139671371761408 logging_writer.py:48] [3000] global_step=3000, grad_norm=1.308912754058838, loss=5.389413833618164
I0428 13:26:21.658817 139903503492928 spec.py:298] Evaluating on the training split.
I0428 13:26:28.244429 139903503492928 spec.py:310] Evaluating on the validation split.
I0428 13:26:35.173578 139903503492928 spec.py:326] Evaluating on the test split.
I0428 13:26:36.907007 139903503492928 submission_runner.py:415] Time since start: 3838.44s, 	Step: 3052, 	{'train/accuracy': 0.2240038961172104, 'train/loss': 4.072768211364746, 'validation/accuracy': 0.20075999200344086, 'validation/loss': 4.200099468231201, 'validation/num_examples': 50000, 'test/accuracy': 0.15600000321865082, 'test/loss': 4.574591636657715, 'test/num_examples': 10000, 'score': 3663.811623096466, 'total_duration': 3838.4438993930817, 'accumulated_submission_time': 3663.811623096466, 'accumulated_eval_time': 174.37390851974487, 'accumulated_logging_time': 0.21916627883911133}
I0428 13:26:36.919409 139671363368704 logging_writer.py:48] [3052] accumulated_eval_time=174.373909, accumulated_logging_time=0.219166, accumulated_submission_time=3663.811623, global_step=3052, preemption_count=0, score=3663.811623, test/accuracy=0.156000, test/loss=4.574592, test/num_examples=10000, total_duration=3838.443899, train/accuracy=0.224004, train/loss=4.072768, validation/accuracy=0.200760, validation/loss=4.200099, validation/num_examples=50000
I0428 13:27:30.017416 139671371761408 logging_writer.py:48] [3100] global_step=3100, grad_norm=1.2049967050552368, loss=6.236837387084961
I0428 13:29:11.311799 139671363368704 logging_writer.py:48] [3200] global_step=3200, grad_norm=1.5650789737701416, loss=5.437555313110352
I0428 13:30:51.836796 139671371761408 logging_writer.py:48] [3300] global_step=3300, grad_norm=1.526269793510437, loss=5.003056526184082
I0428 13:32:33.267858 139671363368704 logging_writer.py:48] [3400] global_step=3400, grad_norm=1.4591137170791626, loss=5.004070281982422
I0428 13:33:37.165691 139903503492928 spec.py:298] Evaluating on the training split.
I0428 13:33:43.790452 139903503492928 spec.py:310] Evaluating on the validation split.
I0428 13:33:50.699496 139903503492928 spec.py:326] Evaluating on the test split.
I0428 13:33:52.435225 139903503492928 submission_runner.py:415] Time since start: 4273.97s, 	Step: 3465, 	{'train/accuracy': 0.2492968738079071, 'train/loss': 3.8584694862365723, 'validation/accuracy': 0.2280000001192093, 'validation/loss': 3.9765539169311523, 'validation/num_examples': 50000, 'test/accuracy': 0.1712000072002411, 'test/loss': 4.402194499969482, 'test/num_examples': 10000, 'score': 4084.037281513214, 'total_duration': 4273.972116470337, 'accumulated_submission_time': 4084.037281513214, 'accumulated_eval_time': 189.64336466789246, 'accumulated_logging_time': 0.24701333045959473}
I0428 13:33:52.449755 139671371761408 logging_writer.py:48] [3465] accumulated_eval_time=189.643365, accumulated_logging_time=0.247013, accumulated_submission_time=4084.037282, global_step=3465, preemption_count=0, score=4084.037282, test/accuracy=0.171200, test/loss=4.402194, test/num_examples=10000, total_duration=4273.972116, train/accuracy=0.249297, train/loss=3.858469, validation/accuracy=0.228000, validation/loss=3.976554, validation/num_examples=50000
I0428 13:34:30.347981 139671363368704 logging_writer.py:48] [3500] global_step=3500, grad_norm=1.301965355873108, loss=5.3272905349731445
I0428 13:36:11.235751 139671371761408 logging_writer.py:48] [3600] global_step=3600, grad_norm=1.2920689582824707, loss=5.691490173339844
I0428 13:37:52.725333 139671363368704 logging_writer.py:48] [3700] global_step=3700, grad_norm=1.5113625526428223, loss=4.89200496673584
I0428 13:39:34.335775 139671371761408 logging_writer.py:48] [3800] global_step=3800, grad_norm=1.555503010749817, loss=4.870462417602539
I0428 13:40:54.718221 139903503492928 spec.py:298] Evaluating on the training split.
I0428 13:41:01.337129 139903503492928 spec.py:310] Evaluating on the validation split.
I0428 13:41:08.282711 139903503492928 spec.py:326] Evaluating on the test split.
I0428 13:41:09.997335 139903503492928 submission_runner.py:415] Time since start: 4711.53s, 	Step: 3881, 	{'train/accuracy': 0.27314451336860657, 'train/loss': 3.6525137424468994, 'validation/accuracy': 0.255840003490448, 'validation/loss': 3.7469425201416016, 'validation/num_examples': 50000, 'test/accuracy': 0.19100001454353333, 'test/loss': 4.195384502410889, 'test/num_examples': 10000, 'score': 4506.287321090698, 'total_duration': 4711.534224748611, 'accumulated_submission_time': 4506.287321090698, 'accumulated_eval_time': 204.92239952087402, 'accumulated_logging_time': 0.274822473526001}
I0428 13:41:10.012192 139671363368704 logging_writer.py:48] [3881] accumulated_eval_time=204.922400, accumulated_logging_time=0.274822, accumulated_submission_time=4506.287321, global_step=3881, preemption_count=0, score=4506.287321, test/accuracy=0.191000, test/loss=4.195385, test/num_examples=10000, total_duration=4711.534225, train/accuracy=0.273145, train/loss=3.652514, validation/accuracy=0.255840, validation/loss=3.746943, validation/num_examples=50000
I0428 13:41:31.103999 139671371761408 logging_writer.py:48] [3900] global_step=3900, grad_norm=1.088468074798584, loss=5.2855143547058105
I0428 13:43:13.295401 139671363368704 logging_writer.py:48] [4000] global_step=4000, grad_norm=1.489867091178894, loss=4.831549644470215
I0428 13:44:56.263065 139671371761408 logging_writer.py:48] [4100] global_step=4100, grad_norm=1.4517107009887695, loss=4.810408115386963
I0428 13:46:39.247666 139671363368704 logging_writer.py:48] [4200] global_step=4200, grad_norm=1.0911965370178223, loss=5.08430290222168
I0428 13:48:10.274235 139903503492928 spec.py:298] Evaluating on the training split.
I0428 13:48:16.880379 139903503492928 spec.py:310] Evaluating on the validation split.
I0428 13:48:24.229782 139903503492928 spec.py:326] Evaluating on the test split.
I0428 13:48:25.962853 139903503492928 submission_runner.py:415] Time since start: 5147.50s, 	Step: 4293, 	{'train/accuracy': 0.30818358063697815, 'train/loss': 3.4497087001800537, 'validation/accuracy': 0.28105998039245605, 'validation/loss': 3.572171449661255, 'validation/num_examples': 50000, 'test/accuracy': 0.21580001711845398, 'test/loss': 4.046998023986816, 'test/num_examples': 10000, 'score': 4926.530014514923, 'total_duration': 5147.499765634537, 'accumulated_submission_time': 4926.530014514923, 'accumulated_eval_time': 220.61096239089966, 'accumulated_logging_time': 0.3038480281829834}
I0428 13:48:25.976146 139671371761408 logging_writer.py:48] [4293] accumulated_eval_time=220.610962, accumulated_logging_time=0.303848, accumulated_submission_time=4926.530015, global_step=4293, preemption_count=0, score=4926.530015, test/accuracy=0.215800, test/loss=4.046998, test/num_examples=10000, total_duration=5147.499766, train/accuracy=0.308184, train/loss=3.449709, validation/accuracy=0.281060, validation/loss=3.572171, validation/num_examples=50000
I0428 13:48:38.111536 139671363368704 logging_writer.py:48] [4300] global_step=4300, grad_norm=1.0660457611083984, loss=5.5199408531188965
I0428 13:50:19.423390 139671371761408 logging_writer.py:48] [4400] global_step=4400, grad_norm=1.0564720630645752, loss=6.091580390930176
I0428 13:52:00.422862 139671363368704 logging_writer.py:48] [4500] global_step=4500, grad_norm=0.9746305346488953, loss=6.228945255279541
I0428 13:53:41.308555 139671371761408 logging_writer.py:48] [4600] global_step=4600, grad_norm=1.320404291152954, loss=4.729168891906738
I0428 13:55:22.685493 139671363368704 logging_writer.py:48] [4700] global_step=4700, grad_norm=0.8468393087387085, loss=6.216479778289795
I0428 13:55:26.932749 139903503492928 spec.py:298] Evaluating on the training split.
I0428 13:55:33.684657 139903503492928 spec.py:310] Evaluating on the validation split.
I0428 13:55:41.249993 139903503492928 spec.py:326] Evaluating on the test split.
I0428 13:55:42.962266 139903503492928 submission_runner.py:415] Time since start: 5584.50s, 	Step: 4706, 	{'train/accuracy': 0.33128905296325684, 'train/loss': 3.3321714401245117, 'validation/accuracy': 0.3010999858379364, 'validation/loss': 3.488948345184326, 'validation/num_examples': 50000, 'test/accuracy': 0.2290000170469284, 'test/loss': 3.9732789993286133, 'test/num_examples': 10000, 'score': 5347.467670679092, 'total_duration': 5584.49915599823, 'accumulated_submission_time': 5347.467670679092, 'accumulated_eval_time': 236.64039492607117, 'accumulated_logging_time': 0.33097171783447266}
I0428 13:55:42.978924 139671371761408 logging_writer.py:48] [4706] accumulated_eval_time=236.640395, accumulated_logging_time=0.330972, accumulated_submission_time=5347.467671, global_step=4706, preemption_count=0, score=5347.467671, test/accuracy=0.229000, test/loss=3.973279, test/num_examples=10000, total_duration=5584.499156, train/accuracy=0.331289, train/loss=3.332171, validation/accuracy=0.301100, validation/loss=3.488948, validation/num_examples=50000
I0428 13:57:21.956579 139671363368704 logging_writer.py:48] [4800] global_step=4800, grad_norm=1.0331922769546509, loss=5.592042922973633
I0428 13:59:04.949137 139671371761408 logging_writer.py:48] [4900] global_step=4900, grad_norm=1.0260308980941772, loss=5.944624423980713
I0428 14:00:47.820617 139671363368704 logging_writer.py:48] [5000] global_step=5000, grad_norm=0.9345815777778625, loss=5.246365547180176
I0428 14:02:30.313000 139671371761408 logging_writer.py:48] [5100] global_step=5100, grad_norm=1.149282693862915, loss=5.1943511962890625
I0428 14:02:43.582664 139903503492928 spec.py:298] Evaluating on the training split.
I0428 14:02:50.361632 139903503492928 spec.py:310] Evaluating on the validation split.
I0428 14:02:57.717458 139903503492928 spec.py:326] Evaluating on the test split.
I0428 14:02:59.433668 139903503492928 submission_runner.py:415] Time since start: 6020.97s, 	Step: 5119, 	{'train/accuracy': 0.35115233063697815, 'train/loss': 3.1426680088043213, 'validation/accuracy': 0.3225799798965454, 'validation/loss': 3.290813684463501, 'validation/num_examples': 50000, 'test/accuracy': 0.24890001118183136, 'test/loss': 3.8148205280303955, 'test/num_examples': 10000, 'score': 5768.052061319351, 'total_duration': 6020.970591783524, 'accumulated_submission_time': 5768.052061319351, 'accumulated_eval_time': 252.49135041236877, 'accumulated_logging_time': 0.36170458793640137}
I0428 14:02:59.446003 139671363368704 logging_writer.py:48] [5119] accumulated_eval_time=252.491350, accumulated_logging_time=0.361705, accumulated_submission_time=5768.052061, global_step=5119, preemption_count=0, score=5768.052061, test/accuracy=0.248900, test/loss=3.814821, test/num_examples=10000, total_duration=6020.970592, train/accuracy=0.351152, train/loss=3.142668, validation/accuracy=0.322580, validation/loss=3.290814, validation/num_examples=50000
I0428 14:04:28.649097 139671371761408 logging_writer.py:48] [5200] global_step=5200, grad_norm=0.8430331349372864, loss=6.092475891113281
I0428 14:06:11.294723 139671363368704 logging_writer.py:48] [5300] global_step=5300, grad_norm=1.0480718612670898, loss=4.622006893157959
I0428 14:07:54.726659 139671371761408 logging_writer.py:48] [5400] global_step=5400, grad_norm=1.3718818426132202, loss=4.626230716705322
I0428 14:09:38.051396 139671363368704 logging_writer.py:48] [5500] global_step=5500, grad_norm=1.0609859228134155, loss=4.562776565551758
I0428 14:09:59.551152 139903503492928 spec.py:298] Evaluating on the training split.
I0428 14:10:06.298323 139903503492928 spec.py:310] Evaluating on the validation split.
I0428 14:10:13.595806 139903503492928 spec.py:326] Evaluating on the test split.
I0428 14:10:15.318375 139903503492928 submission_runner.py:415] Time since start: 6456.86s, 	Step: 5522, 	{'train/accuracy': 0.37128904461860657, 'train/loss': 3.038233518600464, 'validation/accuracy': 0.34147998690605164, 'validation/loss': 3.1798148155212402, 'validation/num_examples': 50000, 'test/accuracy': 0.2648000121116638, 'test/loss': 3.71653151512146, 'test/num_examples': 10000, 'score': 6188.138451099396, 'total_duration': 6456.855275392532, 'accumulated_submission_time': 6188.138451099396, 'accumulated_eval_time': 268.2585060596466, 'accumulated_logging_time': 0.3876798152923584}
I0428 14:10:15.336499 139671371761408 logging_writer.py:48] [5522] accumulated_eval_time=268.258506, accumulated_logging_time=0.387680, accumulated_submission_time=6188.138451, global_step=5522, preemption_count=0, score=6188.138451, test/accuracy=0.264800, test/loss=3.716532, test/num_examples=10000, total_duration=6456.855275, train/accuracy=0.371289, train/loss=3.038234, validation/accuracy=0.341480, validation/loss=3.179815, validation/num_examples=50000
I0428 14:11:38.771349 139671363368704 logging_writer.py:48] [5600] global_step=5600, grad_norm=1.255982518196106, loss=4.372045993804932
I0428 14:13:22.481308 139671371761408 logging_writer.py:48] [5700] global_step=5700, grad_norm=1.1519194841384888, loss=4.387119770050049
I0428 14:15:05.822933 139671363368704 logging_writer.py:48] [5800] global_step=5800, grad_norm=1.147238850593567, loss=4.285371780395508
I0428 14:16:50.068392 139671371761408 logging_writer.py:48] [5900] global_step=5900, grad_norm=1.102363109588623, loss=4.3748087882995605
I0428 14:17:16.019467 139903503492928 spec.py:298] Evaluating on the training split.
I0428 14:17:22.747019 139903503492928 spec.py:310] Evaluating on the validation split.
I0428 14:17:29.996005 139903503492928 spec.py:326] Evaluating on the test split.
I0428 14:17:31.726191 139903503492928 submission_runner.py:415] Time since start: 6893.26s, 	Step: 5928, 	{'train/accuracy': 0.39765623211860657, 'train/loss': 2.918809413909912, 'validation/accuracy': 0.3563399910926819, 'validation/loss': 3.1231062412261963, 'validation/num_examples': 50000, 'test/accuracy': 0.2629000246524811, 'test/loss': 3.682025909423828, 'test/num_examples': 10000, 'score': 6608.802738666534, 'total_duration': 6893.263090372086, 'accumulated_submission_time': 6608.802738666534, 'accumulated_eval_time': 283.96515703201294, 'accumulated_logging_time': 0.4193258285522461}
I0428 14:17:31.743356 139671363368704 logging_writer.py:48] [5928] accumulated_eval_time=283.965157, accumulated_logging_time=0.419326, accumulated_submission_time=6608.802739, global_step=5928, preemption_count=0, score=6608.802739, test/accuracy=0.262900, test/loss=3.682026, test/num_examples=10000, total_duration=6893.263090, train/accuracy=0.397656, train/loss=2.918809, validation/accuracy=0.356340, validation/loss=3.123106, validation/num_examples=50000
I0428 14:18:49.853024 139671371761408 logging_writer.py:48] [6000] global_step=6000, grad_norm=1.1005853414535522, loss=4.3023834228515625
I0428 14:20:34.001290 139671363368704 logging_writer.py:48] [6100] global_step=6100, grad_norm=1.2830209732055664, loss=4.399405002593994
I0428 14:22:18.170098 139671371761408 logging_writer.py:48] [6200] global_step=6200, grad_norm=1.2584439516067505, loss=4.3199543952941895
I0428 14:24:03.599121 139671363368704 logging_writer.py:48] [6300] global_step=6300, grad_norm=0.9145102500915527, loss=5.043423175811768
I0428 14:24:32.110365 139903503492928 spec.py:298] Evaluating on the training split.
I0428 14:24:38.843062 139903503492928 spec.py:310] Evaluating on the validation split.
I0428 14:24:46.169544 139903503492928 spec.py:326] Evaluating on the test split.
I0428 14:24:47.886761 139903503492928 submission_runner.py:415] Time since start: 7329.42s, 	Step: 6331, 	{'train/accuracy': 0.39130857586860657, 'train/loss': 2.9234819412231445, 'validation/accuracy': 0.3583199977874756, 'validation/loss': 3.0890860557556152, 'validation/num_examples': 50000, 'test/accuracy': 0.2734000086784363, 'test/loss': 3.64874005317688, 'test/num_examples': 10000, 'score': 7029.150061845779, 'total_duration': 7329.423683166504, 'accumulated_submission_time': 7029.150061845779, 'accumulated_eval_time': 299.7415020465851, 'accumulated_logging_time': 0.45100998878479004}
I0428 14:24:47.899965 139671371761408 logging_writer.py:48] [6331] accumulated_eval_time=299.741502, accumulated_logging_time=0.451010, accumulated_submission_time=7029.150062, global_step=6331, preemption_count=0, score=7029.150062, test/accuracy=0.273400, test/loss=3.648740, test/num_examples=10000, total_duration=7329.423683, train/accuracy=0.391309, train/loss=2.923482, validation/accuracy=0.358320, validation/loss=3.089086, validation/num_examples=50000
I0428 14:26:04.636207 139671363368704 logging_writer.py:48] [6400] global_step=6400, grad_norm=1.1755905151367188, loss=4.2344584465026855
I0428 14:27:49.489551 139671371761408 logging_writer.py:48] [6500] global_step=6500, grad_norm=0.9747951030731201, loss=4.721179485321045
I0428 14:29:35.270698 139671363368704 logging_writer.py:48] [6600] global_step=6600, grad_norm=0.9353406429290771, loss=4.197937965393066
I0428 14:31:19.560010 139671371761408 logging_writer.py:48] [6700] global_step=6700, grad_norm=0.9966495633125305, loss=4.219407081604004
I0428 14:31:48.098953 139903503492928 spec.py:298] Evaluating on the training split.
I0428 14:31:54.830966 139903503492928 spec.py:310] Evaluating on the validation split.
I0428 14:32:02.131721 139903503492928 spec.py:326] Evaluating on the test split.
I0428 14:32:03.840105 139903503492928 submission_runner.py:415] Time since start: 7765.38s, 	Step: 6731, 	{'train/accuracy': 0.4015820324420929, 'train/loss': 2.8508877754211426, 'validation/accuracy': 0.37351998686790466, 'validation/loss': 2.9977729320526123, 'validation/num_examples': 50000, 'test/accuracy': 0.289000004529953, 'test/loss': 3.563725233078003, 'test/num_examples': 10000, 'score': 7449.329925060272, 'total_duration': 7765.377031326294, 'accumulated_submission_time': 7449.329925060272, 'accumulated_eval_time': 315.48260521888733, 'accumulated_logging_time': 0.47809457778930664}
I0428 14:32:03.853183 139671363368704 logging_writer.py:48] [6731] accumulated_eval_time=315.482605, accumulated_logging_time=0.478095, accumulated_submission_time=7449.329925, global_step=6731, preemption_count=0, score=7449.329925, test/accuracy=0.289000, test/loss=3.563725, test/num_examples=10000, total_duration=7765.377031, train/accuracy=0.401582, train/loss=2.850888, validation/accuracy=0.373520, validation/loss=2.997773, validation/num_examples=50000
I0428 14:33:20.261953 139671371761408 logging_writer.py:48] [6800] global_step=6800, grad_norm=1.0323923826217651, loss=4.269421577453613
I0428 14:35:04.242387 139671363368704 logging_writer.py:48] [6900] global_step=6900, grad_norm=0.776746928691864, loss=6.138034820556641
I0428 14:36:48.455606 139671371761408 logging_writer.py:48] [7000] global_step=7000, grad_norm=1.016340732574463, loss=4.742250442504883
I0428 14:38:32.087187 139671363368704 logging_writer.py:48] [7100] global_step=7100, grad_norm=0.8487926721572876, loss=5.758189678192139
I0428 14:39:04.269654 139903503492928 spec.py:298] Evaluating on the training split.
I0428 14:39:10.996867 139903503492928 spec.py:310] Evaluating on the validation split.
I0428 14:39:18.694694 139903503492928 spec.py:326] Evaluating on the test split.
I0428 14:39:20.415651 139903503492928 submission_runner.py:415] Time since start: 8201.95s, 	Step: 7136, 	{'train/accuracy': 0.4229491949081421, 'train/loss': 2.7149205207824707, 'validation/accuracy': 0.3876599967479706, 'validation/loss': 2.8770227432250977, 'validation/num_examples': 50000, 'test/accuracy': 0.29490000009536743, 'test/loss': 3.4742774963378906, 'test/num_examples': 10000, 'score': 7869.728478431702, 'total_duration': 8201.952518463135, 'accumulated_submission_time': 7869.728478431702, 'accumulated_eval_time': 331.62850546836853, 'accumulated_logging_time': 0.504000186920166}
I0428 14:39:20.437219 139671371761408 logging_writer.py:48] [7136] accumulated_eval_time=331.628505, accumulated_logging_time=0.504000, accumulated_submission_time=7869.728478, global_step=7136, preemption_count=0, score=7869.728478, test/accuracy=0.294900, test/loss=3.474277, test/num_examples=10000, total_duration=8201.952518, train/accuracy=0.422949, train/loss=2.714921, validation/accuracy=0.387660, validation/loss=2.877023, validation/num_examples=50000
I0428 14:40:34.641785 139671363368704 logging_writer.py:48] [7200] global_step=7200, grad_norm=0.9595997333526611, loss=4.3273701667785645
I0428 14:42:20.872305 139671371761408 logging_writer.py:48] [7300] global_step=7300, grad_norm=1.002224087715149, loss=4.20741605758667
I0428 14:44:06.521157 139671363368704 logging_writer.py:48] [7400] global_step=7400, grad_norm=1.0032148361206055, loss=4.211485385894775
I0428 14:45:51.440239 139671371761408 logging_writer.py:48] [7500] global_step=7500, grad_norm=0.7644320130348206, loss=4.9568939208984375
I0428 14:46:21.021520 139903503492928 spec.py:298] Evaluating on the training split.
I0428 14:46:28.115751 139903503492928 spec.py:310] Evaluating on the validation split.
I0428 14:46:36.154127 139903503492928 spec.py:326] Evaluating on the test split.
I0428 14:46:37.876992 139903503492928 submission_runner.py:415] Time since start: 8639.41s, 	Step: 7532, 	{'train/accuracy': 0.4313281178474426, 'train/loss': 2.7128753662109375, 'validation/accuracy': 0.39980000257492065, 'validation/loss': 2.8735580444335938, 'validation/num_examples': 50000, 'test/accuracy': 0.3076000213623047, 'test/loss': 3.450944423675537, 'test/num_examples': 10000, 'score': 8290.292822122574, 'total_duration': 8639.413896799088, 'accumulated_submission_time': 8290.292822122574, 'accumulated_eval_time': 348.48392057418823, 'accumulated_logging_time': 0.5402426719665527}
I0428 14:46:37.891144 139671363368704 logging_writer.py:48] [7532] accumulated_eval_time=348.483921, accumulated_logging_time=0.540243, accumulated_submission_time=8290.292822, global_step=7532, preemption_count=0, score=8290.292822, test/accuracy=0.307600, test/loss=3.450944, test/num_examples=10000, total_duration=8639.413897, train/accuracy=0.431328, train/loss=2.712875, validation/accuracy=0.399800, validation/loss=2.873558, validation/num_examples=50000
I0428 14:47:53.817557 139671371761408 logging_writer.py:48] [7600] global_step=7600, grad_norm=1.0365393161773682, loss=4.245931148529053
I0428 14:49:38.534498 139671363368704 logging_writer.py:48] [7700] global_step=7700, grad_norm=0.8777083158493042, loss=4.432924270629883
I0428 14:51:23.457376 139671371761408 logging_writer.py:48] [7800] global_step=7800, grad_norm=1.1059142351150513, loss=4.1382856369018555
I0428 14:53:08.783259 139671363368704 logging_writer.py:48] [7900] global_step=7900, grad_norm=0.7878351211547852, loss=5.792084693908691
I0428 14:53:37.928240 139903503492928 spec.py:298] Evaluating on the training split.
I0428 14:53:45.188759 139903503492928 spec.py:310] Evaluating on the validation split.
I0428 14:53:53.498352 139903503492928 spec.py:326] Evaluating on the test split.
I0428 14:53:55.220525 139903503492928 submission_runner.py:415] Time since start: 9076.76s, 	Step: 7932, 	{'train/accuracy': 0.43681639432907104, 'train/loss': 2.652195692062378, 'validation/accuracy': 0.4043799936771393, 'validation/loss': 2.825620651245117, 'validation/num_examples': 50000, 'test/accuracy': 0.3132000267505646, 'test/loss': 3.4030473232269287, 'test/num_examples': 10000, 'score': 8710.311620235443, 'total_duration': 9076.757446289062, 'accumulated_submission_time': 8710.311620235443, 'accumulated_eval_time': 365.7761573791504, 'accumulated_logging_time': 0.5674097537994385}
I0428 14:53:55.235333 139671371761408 logging_writer.py:48] [7932] accumulated_eval_time=365.776157, accumulated_logging_time=0.567410, accumulated_submission_time=8710.311620, global_step=7932, preemption_count=0, score=8710.311620, test/accuracy=0.313200, test/loss=3.403047, test/num_examples=10000, total_duration=9076.757446, train/accuracy=0.436816, train/loss=2.652196, validation/accuracy=0.404380, validation/loss=2.825621, validation/num_examples=50000
I0428 14:55:11.912005 139671363368704 logging_writer.py:48] [8000] global_step=8000, grad_norm=0.8387985825538635, loss=5.142940998077393
I0428 14:56:57.372618 139671371761408 logging_writer.py:48] [8100] global_step=8100, grad_norm=0.8209224343299866, loss=4.024104595184326
I0428 14:58:42.109777 139671363368704 logging_writer.py:48] [8200] global_step=8200, grad_norm=1.0262844562530518, loss=3.943007469177246
I0428 15:00:27.648493 139671371761408 logging_writer.py:48] [8300] global_step=8300, grad_norm=0.863073468208313, loss=6.087440013885498
I0428 15:00:55.637993 139903503492928 spec.py:298] Evaluating on the training split.
I0428 15:01:03.242039 139903503492928 spec.py:310] Evaluating on the validation split.
I0428 15:01:11.900273 139903503492928 spec.py:326] Evaluating on the test split.
I0428 15:01:13.617528 139903503492928 submission_runner.py:415] Time since start: 9515.15s, 	Step: 8330, 	{'train/accuracy': 0.4400585889816284, 'train/loss': 2.609130382537842, 'validation/accuracy': 0.4103599786758423, 'validation/loss': 2.7594637870788574, 'validation/num_examples': 50000, 'test/accuracy': 0.3111000061035156, 'test/loss': 3.361201047897339, 'test/num_examples': 10000, 'score': 9130.695872545242, 'total_duration': 9515.154428958893, 'accumulated_submission_time': 9130.695872545242, 'accumulated_eval_time': 383.7556371688843, 'accumulated_logging_time': 0.5953879356384277}
I0428 15:01:13.634061 139671363368704 logging_writer.py:48] [8330] accumulated_eval_time=383.755637, accumulated_logging_time=0.595388, accumulated_submission_time=9130.695873, global_step=8330, preemption_count=0, score=9130.695873, test/accuracy=0.311100, test/loss=3.361201, test/num_examples=10000, total_duration=9515.154429, train/accuracy=0.440059, train/loss=2.609130, validation/accuracy=0.410360, validation/loss=2.759464, validation/num_examples=50000
I0428 15:02:31.784631 139671371761408 logging_writer.py:48] [8400] global_step=8400, grad_norm=0.6060178279876709, loss=5.962524890899658
I0428 15:04:17.530623 139671363368704 logging_writer.py:48] [8500] global_step=8500, grad_norm=0.8763057589530945, loss=4.077902317047119
I0428 15:06:02.822099 139671371761408 logging_writer.py:48] [8600] global_step=8600, grad_norm=0.777157187461853, loss=4.430063247680664
I0428 15:07:48.711591 139671363368704 logging_writer.py:48] [8700] global_step=8700, grad_norm=0.8920162320137024, loss=4.026995658874512
I0428 15:08:14.234214 139903503492928 spec.py:298] Evaluating on the training split.
I0428 15:08:21.766840 139903503492928 spec.py:310] Evaluating on the validation split.
I0428 15:08:30.074792 139903503492928 spec.py:326] Evaluating on the test split.
I0428 15:08:31.790991 139903503492928 submission_runner.py:415] Time since start: 9953.33s, 	Step: 8727, 	{'train/accuracy': 0.4756835699081421, 'train/loss': 2.4381632804870605, 'validation/accuracy': 0.4244999885559082, 'validation/loss': 2.7078731060028076, 'validation/num_examples': 50000, 'test/accuracy': 0.3207000195980072, 'test/loss': 3.3253490924835205, 'test/num_examples': 10000, 'score': 9551.277529239655, 'total_duration': 9953.327883958817, 'accumulated_submission_time': 9551.277529239655, 'accumulated_eval_time': 401.3123371601105, 'accumulated_logging_time': 0.6252126693725586}
I0428 15:08:31.810215 139671371761408 logging_writer.py:48] [8727] accumulated_eval_time=401.312337, accumulated_logging_time=0.625213, accumulated_submission_time=9551.277529, global_step=8727, preemption_count=0, score=9551.277529, test/accuracy=0.320700, test/loss=3.325349, test/num_examples=10000, total_duration=9953.327884, train/accuracy=0.475684, train/loss=2.438163, validation/accuracy=0.424500, validation/loss=2.707873, validation/num_examples=50000
I0428 15:09:53.079996 139671363368704 logging_writer.py:48] [8800] global_step=8800, grad_norm=0.9380971193313599, loss=4.139391899108887
I0428 15:11:38.547296 139671371761408 logging_writer.py:48] [8900] global_step=8900, grad_norm=0.6834480166435242, loss=5.684485912322998
I0428 15:13:24.899539 139671363368704 logging_writer.py:48] [9000] global_step=9000, grad_norm=0.9006478190422058, loss=3.9696035385131836
I0428 15:15:10.584327 139671371761408 logging_writer.py:48] [9100] global_step=9100, grad_norm=0.8575927019119263, loss=4.0438432693481445
I0428 15:15:31.931328 139903503492928 spec.py:298] Evaluating on the training split.
I0428 15:15:39.611131 139903503492928 spec.py:310] Evaluating on the validation split.
I0428 15:15:47.779367 139903503492928 spec.py:326] Evaluating on the test split.
