python3 submission_runner.py --framework=jax --workload=imagenet_resnet --submission_path=baselines/shampoo/jax/submission.py --tuning_search_space=baselines/shampoo/tuning_search_space.json --data_dir=/data/imagenet/jax --num_tuning_trials=1 --experiment_dir=/experiment_runs --experiment_name=timing_fancy/timing_shampoo --overwrite=True --save_checkpoints=False --max_global_steps=28000 --imagenet_v2_data_dir=/data/imagenet/jax 2>&1 | tee -a /logs/imagenet_resnet_jax_04-28-2023-06-05-58.log
I0428 06:06:21.011287 140341517031232 logger_utils.py:76] Creating experiment directory at /experiment_runs/timing_fancy/timing_shampoo/imagenet_resnet_jax.
I0428 06:06:21.115618 140341517031232 xla_bridge.py:345] Unable to initialize backend 'tpu_driver': NOT_FOUND: Unable to find driver in registry given worker: 
I0428 06:06:22.207540 140341517031232 xla_bridge.py:345] Unable to initialize backend 'rocm': NOT_FOUND: Could not find registered platform with name: "rocm". Available platform names are: CUDA Interpreter Host
I0428 06:06:22.208304 140341517031232 xla_bridge.py:345] Unable to initialize backend 'tpu': module 'jaxlib.xla_extension' has no attribute 'get_tpu_client'
I0428 06:06:22.213392 140341517031232 submission_runner.py:538] Using RNG seed 2748450639
I0428 06:06:25.279045 140341517031232 submission_runner.py:547] --- Tuning run 1/1 ---
I0428 06:06:25.279247 140341517031232 submission_runner.py:552] Creating tuning directory at /experiment_runs/timing_fancy/timing_shampoo/imagenet_resnet_jax/trial_1.
I0428 06:06:25.279432 140341517031232 logger_utils.py:92] Saving hparams to /experiment_runs/timing_fancy/timing_shampoo/imagenet_resnet_jax/trial_1/hparams.json.
I0428 06:06:25.414196 140341517031232 submission_runner.py:241] Initializing dataset.
I0428 06:06:25.431272 140341517031232 dataset_info.py:566] Load dataset info from /data/imagenet/jax/imagenet2012/5.1.0
I0428 06:06:25.446923 140341517031232 dataset_info.py:642] Field info.splits from disk and from code do not match. Keeping the one from code.
I0428 06:06:25.447039 140341517031232 dataset_info.py:642] Field info.supervised_keys from disk and from code do not match. Keeping the one from code.
I0428 06:06:25.729703 140341517031232 logging_logger.py:49] Constructing tf.data.Dataset imagenet2012 for split train, from /data/imagenet/jax/imagenet2012/5.1.0
I0428 06:06:27.059654 140341517031232 submission_runner.py:248] Initializing model.
I0428 06:06:39.979811 140341517031232 submission_runner.py:258] Initializing optimizer.
I0428 06:06:56.317409 140341517031232 submission_runner.py:265] Initializing metrics bundle.
I0428 06:06:56.317625 140341517031232 submission_runner.py:282] Initializing checkpoint and logger.
I0428 06:06:56.318620 140341517031232 checkpoints.py:466] Found no checkpoint files in /experiment_runs/timing_fancy/timing_shampoo/imagenet_resnet_jax/trial_1 with prefix checkpoint_
I0428 06:06:57.378183 140341517031232 submission_runner.py:303] Saving meta data to /experiment_runs/timing_fancy/timing_shampoo/imagenet_resnet_jax/trial_1/meta_data_0.json.
I0428 06:06:57.379097 140341517031232 submission_runner.py:306] Saving flags to /experiment_runs/timing_fancy/timing_shampoo/imagenet_resnet_jax/trial_1/flags_0.json.
I0428 06:06:57.383995 140341517031232 submission_runner.py:318] Starting training loop.
2023-04-28 06:06:59.912714: W tensorflow/core/framework/cpu_allocator_impl.cc:82] Allocation of 616562688 exceeds 10% of free system memory.
2023-04-28 06:07:00.047507: W tensorflow/core/framework/cpu_allocator_impl.cc:82] Allocation of 616562688 exceeds 10% of free system memory.
2023-04-28 06:07:00.407809: W tensorflow/core/framework/cpu_allocator_impl.cc:82] Allocation of 616562688 exceeds 10% of free system memory.
2023-04-28 06:07:00.546124: W tensorflow/core/framework/cpu_allocator_impl.cc:82] Allocation of 616562688 exceeds 10% of free system memory.
2023-04-28 06:07:01.010219: W tensorflow/core/framework/cpu_allocator_impl.cc:82] Allocation of 616562688 exceeds 10% of free system memory.
/algorithmic-efficiency/baselines/shampoo/jax/distributed_shampoo.py:812: UserWarning: Explicitly requested dtype <class 'jax.numpy.float64'> requested in astype is not available, and will be truncated to dtype float32. To enable more dtypes, set the jax_enable_x64 configuration option or the JAX_ENABLE_X64 shell environment variable. See https://github.com/google/jax#current-gotchas for more.
  matrix = matrix.astype(_MAT_INV_PTH_ROOT_DTYPE)
/algorithmic-efficiency/baselines/shampoo/jax/distributed_shampoo.py:813: UserWarning: Explicitly requested dtype <class 'jax.numpy.float64'> requested in asarray is not available, and will be truncated to dtype float32. To enable more dtypes, set the jax_enable_x64 configuration option or the JAX_ENABLE_X64 shell environment variable. See https://github.com/google/jax#current-gotchas for more.
  alpha = jnp.asarray(-1.0 / p, _MAT_INV_PTH_ROOT_DTYPE)
/algorithmic-efficiency/baselines/shampoo/jax/distributed_shampoo.py:814: UserWarning: Explicitly requested dtype <class 'jax.numpy.float64'> requested in eye is not available, and will be truncated to dtype float32. To enable more dtypes, set the jax_enable_x64 configuration option or the JAX_ENABLE_X64 shell environment variable. See https://github.com/google/jax#current-gotchas for more.
  identity = jnp.eye(matrix_size, dtype=_MAT_INV_PTH_ROOT_DTYPE)
I0428 06:10:09.597196 140164668040960 logging_writer.py:48] [0] global_step=0, grad_norm=0.6271162033081055, loss=6.9321722984313965
I0428 06:10:09.668111 140341517031232 spec.py:298] Evaluating on the training split.
I0428 06:10:10.204781 140341517031232 dataset_info.py:566] Load dataset info from /data/imagenet/jax/imagenet2012/5.1.0
I0428 06:10:10.213880 140341517031232 dataset_info.py:642] Field info.splits from disk and from code do not match. Keeping the one from code.
I0428 06:10:10.214038 140341517031232 dataset_info.py:642] Field info.supervised_keys from disk and from code do not match. Keeping the one from code.
I0428 06:10:10.291366 140341517031232 logging_logger.py:49] Constructing tf.data.Dataset imagenet2012 for split train, from /data/imagenet/jax/imagenet2012/5.1.0
I0428 06:10:23.081903 140341517031232 spec.py:310] Evaluating on the validation split.
I0428 06:10:24.049383 140341517031232 dataset_info.py:566] Load dataset info from /data/imagenet/jax/imagenet2012/5.1.0
I0428 06:10:24.062325 140341517031232 dataset_info.py:642] Field info.splits from disk and from code do not match. Keeping the one from code.
I0428 06:10:24.062707 140341517031232 dataset_info.py:642] Field info.supervised_keys from disk and from code do not match. Keeping the one from code.
I0428 06:10:24.135182 140341517031232 logging_logger.py:49] Constructing tf.data.Dataset imagenet2012 for split validation, from /data/imagenet/jax/imagenet2012/5.1.0
I0428 06:10:43.713508 140341517031232 spec.py:326] Evaluating on the test split.
I0428 06:10:44.218698 140341517031232 dataset_info.py:566] Load dataset info from /data/imagenet/jax/imagenet_v2/matched-frequency/3.0.0
I0428 06:10:44.222726 140341517031232 dataset_builder.py:510] Reusing dataset imagenet_v2 (/data/imagenet/jax/imagenet_v2/matched-frequency/3.0.0)
I0428 06:10:44.256672 140341517031232 logging_logger.py:49] Constructing tf.data.Dataset imagenet_v2 for split test, from /data/imagenet/jax/imagenet_v2/matched-frequency/3.0.0
I0428 06:10:54.531174 140341517031232 submission_runner.py:415] Time since start: 237.15s, 	Step: 1, 	{'train/accuracy': 0.0006178252515383065, 'train/loss': 6.911553859710693, 'validation/accuracy': 0.0006599999614991248, 'validation/loss': 6.911994934082031, 'validation/num_examples': 50000, 'test/accuracy': 0.0010999999940395355, 'test/loss': 6.911983966827393, 'test/num_examples': 10000, 'score': 192.28390622138977, 'total_duration': 237.14711570739746, 'accumulated_submission_time': 192.28390622138977, 'accumulated_eval_time': 44.86303496360779, 'accumulated_logging_time': 0}
I0428 06:10:54.547671 140136612337408 logging_writer.py:48] [1] accumulated_eval_time=44.863035, accumulated_logging_time=0, accumulated_submission_time=192.283906, global_step=1, preemption_count=0, score=192.283906, test/accuracy=0.001100, test/loss=6.911984, test/num_examples=10000, total_duration=237.147116, train/accuracy=0.000618, train/loss=6.911554, validation/accuracy=0.000660, validation/loss=6.911995, validation/num_examples=50000
I0428 06:12:07.285460 140136620730112 logging_writer.py:48] [100] global_step=100, grad_norm=0.6418828964233398, loss=6.730418682098389
I0428 06:13:20.737198 140136612337408 logging_writer.py:48] [200] global_step=200, grad_norm=0.7471106648445129, loss=6.531740188598633
I0428 06:14:34.577047 140136620730112 logging_writer.py:48] [300] global_step=300, grad_norm=0.7964208126068115, loss=6.406800270080566
I0428 06:16:00.738188 140136612337408 logging_writer.py:48] [400] global_step=400, grad_norm=0.9061806201934814, loss=6.161155700683594
I0428 06:17:12.755009 140136620730112 logging_writer.py:48] [500] global_step=500, grad_norm=1.196471095085144, loss=5.986813068389893
I0428 06:18:24.960908 140136612337408 logging_writer.py:48] [600] global_step=600, grad_norm=2.151811122894287, loss=5.856710433959961
I0428 06:19:24.981574 140341517031232 spec.py:298] Evaluating on the training split.
I0428 06:19:32.270177 140341517031232 spec.py:310] Evaluating on the validation split.
I0428 06:19:40.440244 140341517031232 spec.py:326] Evaluating on the test split.
I0428 06:19:42.854217 140341517031232 submission_runner.py:415] Time since start: 765.47s, 	Step: 685, 	{'train/accuracy': 0.07647082209587097, 'train/loss': 5.362525463104248, 'validation/accuracy': 0.0709799975156784, 'validation/loss': 5.4121527671813965, 'validation/num_examples': 50000, 'test/accuracy': 0.05040000379085541, 'test/loss': 5.63770866394043, 'test/num_examples': 10000, 'score': 702.7012600898743, 'total_duration': 765.4701640605927, 'accumulated_submission_time': 702.7012600898743, 'accumulated_eval_time': 62.7356481552124, 'accumulated_logging_time': 0.02470993995666504}
I0428 06:19:42.862904 140136947881728 logging_writer.py:48] [685] accumulated_eval_time=62.735648, accumulated_logging_time=0.024710, accumulated_submission_time=702.701260, global_step=685, preemption_count=0, score=702.701260, test/accuracy=0.050400, test/loss=5.637709, test/num_examples=10000, total_duration=765.470164, train/accuracy=0.076471, train/loss=5.362525, validation/accuracy=0.070980, validation/loss=5.412153, validation/num_examples=50000
I0428 06:19:55.072342 140136956274432 logging_writer.py:48] [700] global_step=700, grad_norm=2.016845226287842, loss=5.787229061126709
I0428 06:21:07.368593 140136947881728 logging_writer.py:48] [800] global_step=800, grad_norm=1.6482045650482178, loss=5.630189418792725
I0428 06:22:19.838429 140136956274432 logging_writer.py:48] [900] global_step=900, grad_norm=4.990213394165039, loss=5.527374744415283
I0428 06:23:32.391160 140136947881728 logging_writer.py:48] [1000] global_step=1000, grad_norm=2.8808395862579346, loss=5.467544078826904
I0428 06:24:44.811462 140136956274432 logging_writer.py:48] [1100] global_step=1100, grad_norm=2.7514169216156006, loss=5.303886890411377
I0428 06:25:57.396303 140136947881728 logging_writer.py:48] [1200] global_step=1200, grad_norm=5.869095802307129, loss=5.175042629241943
I0428 06:27:09.815470 140136956274432 logging_writer.py:48] [1300] global_step=1300, grad_norm=3.419640302658081, loss=5.141860008239746
I0428 06:28:13.340005 140341517031232 spec.py:298] Evaluating on the training split.
I0428 06:28:20.289325 140341517031232 spec.py:310] Evaluating on the validation split.
I0428 06:28:28.196281 140341517031232 spec.py:326] Evaluating on the test split.
I0428 06:28:30.182810 140341517031232 submission_runner.py:415] Time since start: 1292.80s, 	Step: 1391, 	{'train/accuracy': 0.18955276906490326, 'train/loss': 4.2153520584106445, 'validation/accuracy': 0.15534000098705292, 'validation/loss': 4.425232887268066, 'validation/num_examples': 50000, 'test/accuracy': 0.11100000888109207, 'test/loss': 4.853227138519287, 'test/num_examples': 10000, 'score': 1213.1606333255768, 'total_duration': 1292.7987296581268, 'accumulated_submission_time': 1213.1606333255768, 'accumulated_eval_time': 79.57839441299438, 'accumulated_logging_time': 0.04262542724609375}
I0428 06:28:30.192870 140136947881728 logging_writer.py:48] [1391] accumulated_eval_time=79.578394, accumulated_logging_time=0.042625, accumulated_submission_time=1213.160633, global_step=1391, preemption_count=0, score=1213.160633, test/accuracy=0.111000, test/loss=4.853227, test/num_examples=10000, total_duration=1292.798730, train/accuracy=0.189553, train/loss=4.215352, validation/accuracy=0.155340, validation/loss=4.425233, validation/num_examples=50000
I0428 06:28:39.281128 140136956274432 logging_writer.py:48] [1400] global_step=1400, grad_norm=3.5704152584075928, loss=5.153499603271484
I0428 06:29:51.983767 140136947881728 logging_writer.py:48] [1500] global_step=1500, grad_norm=4.6605072021484375, loss=4.993954181671143
I0428 06:31:04.535867 140136956274432 logging_writer.py:48] [1600] global_step=1600, grad_norm=3.5157103538513184, loss=4.893569469451904
I0428 06:32:18.886219 140136947881728 logging_writer.py:48] [1700] global_step=1700, grad_norm=3.2249093055725098, loss=4.751834392547607
I0428 06:33:31.843501 140136956274432 logging_writer.py:48] [1800] global_step=1800, grad_norm=5.767122268676758, loss=4.819388389587402
I0428 06:34:44.482253 140136947881728 logging_writer.py:48] [1900] global_step=1900, grad_norm=4.0532379150390625, loss=4.621708869934082
I0428 06:35:57.460223 140136956274432 logging_writer.py:48] [2000] global_step=2000, grad_norm=3.2868998050689697, loss=4.553208351135254
I0428 06:37:00.398893 140341517031232 spec.py:298] Evaluating on the training split.
I0428 06:37:07.578466 140341517031232 spec.py:310] Evaluating on the validation split.
I0428 06:37:15.503913 140341517031232 spec.py:326] Evaluating on the test split.
I0428 06:37:17.900719 140341517031232 submission_runner.py:415] Time since start: 1820.52s, 	Step: 2090, 	{'train/accuracy': 0.2664819657802582, 'train/loss': 3.6139535903930664, 'validation/accuracy': 0.2421799898147583, 'validation/loss': 3.7521095275878906, 'validation/num_examples': 50000, 'test/accuracy': 0.17470000684261322, 'test/loss': 4.296182632446289, 'test/num_examples': 10000, 'score': 1723.3490097522736, 'total_duration': 1820.516660451889, 'accumulated_submission_time': 1723.3490097522736, 'accumulated_eval_time': 97.0801854133606, 'accumulated_logging_time': 0.06169009208679199}
I0428 06:37:17.909298 140136947881728 logging_writer.py:48] [2090] accumulated_eval_time=97.080185, accumulated_logging_time=0.061690, accumulated_submission_time=1723.349010, global_step=2090, preemption_count=0, score=1723.349010, test/accuracy=0.174700, test/loss=4.296183, test/num_examples=10000, total_duration=1820.516660, train/accuracy=0.266482, train/loss=3.613954, validation/accuracy=0.242180, validation/loss=3.752110, validation/num_examples=50000
I0428 06:37:27.318181 140136956274432 logging_writer.py:48] [2100] global_step=2100, grad_norm=3.9930596351623535, loss=4.4585723876953125
I0428 06:38:40.831171 140136947881728 logging_writer.py:48] [2200] global_step=2200, grad_norm=2.887261390686035, loss=4.486663818359375
I0428 06:39:54.416225 140136956274432 logging_writer.py:48] [2300] global_step=2300, grad_norm=4.438889980316162, loss=4.420156002044678
I0428 06:41:07.366943 140136947881728 logging_writer.py:48] [2400] global_step=2400, grad_norm=3.080998182296753, loss=4.411001682281494
I0428 06:42:20.318904 140136956274432 logging_writer.py:48] [2500] global_step=2500, grad_norm=3.3510100841522217, loss=4.299649715423584
I0428 06:43:33.402873 140136947881728 logging_writer.py:48] [2600] global_step=2600, grad_norm=3.908750295639038, loss=4.340094566345215
I0428 06:44:46.185725 140136956274432 logging_writer.py:48] [2700] global_step=2700, grad_norm=5.000031471252441, loss=4.225432395935059
I0428 06:45:48.316285 140341517031232 spec.py:298] Evaluating on the training split.
I0428 06:45:55.439018 140341517031232 spec.py:310] Evaluating on the validation split.
I0428 06:46:03.476265 140341517031232 spec.py:326] Evaluating on the test split.
I0428 06:46:05.786363 140341517031232 submission_runner.py:415] Time since start: 2348.40s, 	Step: 2788, 	{'train/accuracy': 0.36680883169174194, 'train/loss': 2.9988722801208496, 'validation/accuracy': 0.3142800033092499, 'validation/loss': 3.3019864559173584, 'validation/num_examples': 50000, 'test/accuracy': 0.23070001602172852, 'test/loss': 3.926806926727295, 'test/num_examples': 10000, 'score': 2233.7391760349274, 'total_duration': 2348.4022886753082, 'accumulated_submission_time': 2233.7391760349274, 'accumulated_eval_time': 114.55021142959595, 'accumulated_logging_time': 0.07839298248291016}
I0428 06:46:05.796641 140136947881728 logging_writer.py:48] [2788] accumulated_eval_time=114.550211, accumulated_logging_time=0.078393, accumulated_submission_time=2233.739176, global_step=2788, preemption_count=0, score=2233.739176, test/accuracy=0.230700, test/loss=3.926807, test/num_examples=10000, total_duration=2348.402289, train/accuracy=0.366809, train/loss=2.998872, validation/accuracy=0.314280, validation/loss=3.301986, validation/num_examples=50000
I0428 06:46:16.344481 140136956274432 logging_writer.py:48] [2800] global_step=2800, grad_norm=6.570868015289307, loss=4.266335964202881
I0428 06:47:29.812265 140136947881728 logging_writer.py:48] [2900] global_step=2900, grad_norm=3.67637038230896, loss=4.071163654327393
I0428 06:48:42.764062 140136956274432 logging_writer.py:48] [3000] global_step=3000, grad_norm=3.997277021408081, loss=4.015023231506348
I0428 06:49:55.644101 140136947881728 logging_writer.py:48] [3100] global_step=3100, grad_norm=4.213735580444336, loss=4.049720764160156
I0428 06:51:08.472946 140136956274432 logging_writer.py:48] [3200] global_step=3200, grad_norm=3.453247308731079, loss=3.9829607009887695
I0428 06:52:21.387712 140136947881728 logging_writer.py:48] [3300] global_step=3300, grad_norm=2.838996410369873, loss=3.856694459915161
I0428 06:53:34.514498 140136956274432 logging_writer.py:48] [3400] global_step=3400, grad_norm=3.509195566177368, loss=3.961392402648926
I0428 06:54:36.314260 140341517031232 spec.py:298] Evaluating on the training split.
I0428 06:54:43.098551 140341517031232 spec.py:310] Evaluating on the validation split.
I0428 06:54:51.249733 140341517031232 spec.py:326] Evaluating on the test split.
I0428 06:54:53.569066 140341517031232 submission_runner.py:415] Time since start: 2876.19s, 	Step: 3487, 	{'train/accuracy': 0.41097337007522583, 'train/loss': 2.727480173110962, 'validation/accuracy': 0.3790600001811981, 'validation/loss': 2.881439208984375, 'validation/num_examples': 50000, 'test/accuracy': 0.28760001063346863, 'test/loss': 3.528773307800293, 'test/num_examples': 10000, 'score': 2744.2396976947784, 'total_duration': 2876.1850051879883, 'accumulated_submission_time': 2744.2396976947784, 'accumulated_eval_time': 131.80496883392334, 'accumulated_logging_time': 0.09726190567016602}
I0428 06:54:53.578517 140136947881728 logging_writer.py:48] [3487] accumulated_eval_time=131.804969, accumulated_logging_time=0.097262, accumulated_submission_time=2744.239698, global_step=3487, preemption_count=0, score=2744.239698, test/accuracy=0.287600, test/loss=3.528773, test/num_examples=10000, total_duration=2876.185005, train/accuracy=0.410973, train/loss=2.727480, validation/accuracy=0.379060, validation/loss=2.881439, validation/num_examples=50000
I0428 06:55:04.594316 140136956274432 logging_writer.py:48] [3500] global_step=3500, grad_norm=5.136806488037109, loss=3.807378053665161
I0428 06:56:17.765705 140136947881728 logging_writer.py:48] [3600] global_step=3600, grad_norm=3.4086596965789795, loss=3.9106345176696777
I0428 06:57:31.399307 140136956274432 logging_writer.py:48] [3700] global_step=3700, grad_norm=2.670642137527466, loss=3.701054096221924
I0428 06:58:44.794037 140136947881728 logging_writer.py:48] [3800] global_step=3800, grad_norm=4.365492820739746, loss=3.759641170501709
I0428 06:59:58.609009 140136956274432 logging_writer.py:48] [3900] global_step=3900, grad_norm=2.6033294200897217, loss=3.6089181900024414
I0428 07:01:12.106466 140136947881728 logging_writer.py:48] [4000] global_step=4000, grad_norm=2.998703956604004, loss=3.650592803955078
I0428 07:02:25.552965 140136956274432 logging_writer.py:48] [4100] global_step=4100, grad_norm=2.8687551021575928, loss=3.610973834991455
I0428 07:03:24.315060 140341517031232 spec.py:298] Evaluating on the training split.
I0428 07:03:31.201983 140341517031232 spec.py:310] Evaluating on the validation split.
I0428 07:03:39.307155 140341517031232 spec.py:326] Evaluating on the test split.
I0428 07:03:41.621195 140341517031232 submission_runner.py:415] Time since start: 3404.24s, 	Step: 4181, 	{'train/accuracy': 0.49396124482154846, 'train/loss': 2.3393497467041016, 'validation/accuracy': 0.4331199824810028, 'validation/loss': 2.6353554725646973, 'validation/num_examples': 50000, 'test/accuracy': 0.32340002059936523, 'test/loss': 3.274982452392578, 'test/num_examples': 10000, 'score': 3254.9596230983734, 'total_duration': 3404.2371418476105, 'accumulated_submission_time': 3254.9596230983734, 'accumulated_eval_time': 149.11107110977173, 'accumulated_logging_time': 0.11504602432250977}
I0428 07:03:41.633315 140136947881728 logging_writer.py:48] [4181] accumulated_eval_time=149.111071, accumulated_logging_time=0.115046, accumulated_submission_time=3254.959623, global_step=4181, preemption_count=0, score=3254.959623, test/accuracy=0.323400, test/loss=3.274982, test/num_examples=10000, total_duration=3404.237142, train/accuracy=0.493961, train/loss=2.339350, validation/accuracy=0.433120, validation/loss=2.635355, validation/num_examples=50000
I0428 07:03:56.264508 140136956274432 logging_writer.py:48] [4200] global_step=4200, grad_norm=3.9481968879699707, loss=3.6174821853637695
I0428 07:05:09.441965 140136947881728 logging_writer.py:48] [4300] global_step=4300, grad_norm=2.2700300216674805, loss=3.583022356033325
I0428 07:06:23.164347 140136956274432 logging_writer.py:48] [4400] global_step=4400, grad_norm=2.5755395889282227, loss=3.585707426071167
I0428 07:07:36.870397 140136947881728 logging_writer.py:48] [4500] global_step=4500, grad_norm=2.362222671508789, loss=3.5461997985839844
I0428 07:08:49.949907 140136956274432 logging_writer.py:48] [4600] global_step=4600, grad_norm=3.412374258041382, loss=3.5310585498809814
I0428 07:10:03.345597 140136947881728 logging_writer.py:48] [4700] global_step=4700, grad_norm=2.1464312076568604, loss=3.514380931854248
I0428 07:11:16.384426 140136956274432 logging_writer.py:48] [4800] global_step=4800, grad_norm=1.8373243808746338, loss=3.4233334064483643
I0428 07:12:14.851631 140341517031232 spec.py:298] Evaluating on the training split.
I0428 07:12:21.725799 140341517031232 spec.py:310] Evaluating on the validation split.
I0428 07:12:30.067455 140341517031232 spec.py:326] Evaluating on the test split.
I0428 07:12:32.151216 140341517031232 submission_runner.py:415] Time since start: 3934.77s, 	Step: 4881, 	{'train/accuracy': 0.5005978941917419, 'train/loss': 2.2538259029388428, 'validation/accuracy': 0.46803998947143555, 'validation/loss': 2.4405150413513184, 'validation/num_examples': 50000, 'test/accuracy': 0.35610002279281616, 'test/loss': 3.1309781074523926, 'test/num_examples': 10000, 'score': 3768.1555137634277, 'total_duration': 3934.767132997513, 'accumulated_submission_time': 3768.1555137634277, 'accumulated_eval_time': 166.41059565544128, 'accumulated_logging_time': 0.13941383361816406}
I0428 07:12:32.161500 140136947881728 logging_writer.py:48] [4881] accumulated_eval_time=166.410596, accumulated_logging_time=0.139414, accumulated_submission_time=3768.155514, global_step=4881, preemption_count=0, score=3768.155514, test/accuracy=0.356100, test/loss=3.130978, test/num_examples=10000, total_duration=3934.767133, train/accuracy=0.500598, train/loss=2.253826, validation/accuracy=0.468040, validation/loss=2.440515, validation/num_examples=50000
I0428 07:12:47.161223 140136956274432 logging_writer.py:48] [4900] global_step=4900, grad_norm=2.1060125827789307, loss=3.5625081062316895
I0428 07:14:00.419602 140136947881728 logging_writer.py:48] [5000] global_step=5000, grad_norm=2.237820863723755, loss=3.303802013397217
I0428 07:15:13.484648 140136956274432 logging_writer.py:48] [5100] global_step=5100, grad_norm=2.0525875091552734, loss=3.3929476737976074
I0428 07:16:26.875574 140136947881728 logging_writer.py:48] [5200] global_step=5200, grad_norm=2.4579904079437256, loss=3.3669142723083496
I0428 07:17:40.295094 140136956274432 logging_writer.py:48] [5300] global_step=5300, grad_norm=1.6534619331359863, loss=3.278634548187256
I0428 07:18:53.390629 140136947881728 logging_writer.py:48] [5400] global_step=5400, grad_norm=2.100553035736084, loss=3.359631061553955
I0428 07:20:06.602039 140136956274432 logging_writer.py:48] [5500] global_step=5500, grad_norm=2.373093366622925, loss=3.2313411235809326
I0428 07:21:05.450970 140341517031232 spec.py:298] Evaluating on the training split.
I0428 07:21:12.293452 140341517031232 spec.py:310] Evaluating on the validation split.
I0428 07:21:20.287187 140341517031232 spec.py:326] Evaluating on the test split.
I0428 07:21:22.605932 140341517031232 submission_runner.py:415] Time since start: 4465.22s, 	Step: 5581, 	{'train/accuracy': 0.5597097873687744, 'train/loss': 2.0040760040283203, 'validation/accuracy': 0.5027799606323242, 'validation/loss': 2.286299228668213, 'validation/num_examples': 50000, 'test/accuracy': 0.38420000672340393, 'test/loss': 2.9613351821899414, 'test/num_examples': 10000, 'score': 4281.427541732788, 'total_duration': 4465.221879482269, 'accumulated_submission_time': 4281.427541732788, 'accumulated_eval_time': 183.5655288696289, 'accumulated_logging_time': 0.15836215019226074}
I0428 07:21:22.615535 140136947881728 logging_writer.py:48] [5581] accumulated_eval_time=183.565529, accumulated_logging_time=0.158362, accumulated_submission_time=4281.427542, global_step=5581, preemption_count=0, score=4281.427542, test/accuracy=0.384200, test/loss=2.961335, test/num_examples=10000, total_duration=4465.221879, train/accuracy=0.559710, train/loss=2.004076, validation/accuracy=0.502780, validation/loss=2.286299, validation/num_examples=50000
I0428 07:21:37.305787 140136956274432 logging_writer.py:48] [5600] global_step=5600, grad_norm=1.6183500289916992, loss=3.3193674087524414
I0428 07:22:51.053099 140136947881728 logging_writer.py:48] [5700] global_step=5700, grad_norm=1.5183640718460083, loss=3.225999593734741
I0428 07:24:04.986322 140136956274432 logging_writer.py:48] [5800] global_step=5800, grad_norm=2.05312442779541, loss=3.206247329711914
I0428 07:25:18.770453 140136947881728 logging_writer.py:48] [5900] global_step=5900, grad_norm=2.322249174118042, loss=3.246983051300049
I0428 07:26:32.507208 140136956274432 logging_writer.py:48] [6000] global_step=6000, grad_norm=2.3538079261779785, loss=3.267381191253662
I0428 07:27:45.802215 140136947881728 logging_writer.py:48] [6100] global_step=6100, grad_norm=2.1453521251678467, loss=3.1079602241516113
I0428 07:28:59.278366 140136956274432 logging_writer.py:48] [6200] global_step=6200, grad_norm=1.9059090614318848, loss=3.2027153968811035
I0428 07:29:52.778955 140341517031232 spec.py:298] Evaluating on the training split.
I0428 07:29:59.545171 140341517031232 spec.py:310] Evaluating on the validation split.
I0428 07:30:08.856447 140341517031232 spec.py:326] Evaluating on the test split.
I0428 07:30:11.230218 140341517031232 submission_runner.py:415] Time since start: 4993.85s, 	Step: 6278, 	{'train/accuracy': 0.5601682066917419, 'train/loss': 1.9762367010116577, 'validation/accuracy': 0.5191999673843384, 'validation/loss': 2.1719493865966797, 'validation/num_examples': 50000, 'test/accuracy': 0.3946000039577484, 'test/loss': 2.8906848430633545, 'test/num_examples': 10000, 'score': 4791.572980880737, 'total_duration': 4993.846155643463, 'accumulated_submission_time': 4791.572980880737, 'accumulated_eval_time': 202.01675128936768, 'accumulated_logging_time': 0.17748260498046875}
I0428 07:30:11.239930 140136947881728 logging_writer.py:48] [6278] accumulated_eval_time=202.016751, accumulated_logging_time=0.177483, accumulated_submission_time=4791.572981, global_step=6278, preemption_count=0, score=4791.572981, test/accuracy=0.394600, test/loss=2.890685, test/num_examples=10000, total_duration=4993.846156, train/accuracy=0.560168, train/loss=1.976237, validation/accuracy=0.519200, validation/loss=2.171949, validation/num_examples=50000
I0428 07:30:30.929477 140136956274432 logging_writer.py:48] [6300] global_step=6300, grad_norm=2.1767990589141846, loss=3.1960701942443848
I0428 07:31:44.481812 140136947881728 logging_writer.py:48] [6400] global_step=6400, grad_norm=2.0033106803894043, loss=3.1488051414489746
I0428 07:32:57.884638 140136956274432 logging_writer.py:48] [6500] global_step=6500, grad_norm=1.600627064704895, loss=3.2568724155426025
I0428 07:34:11.630928 140136947881728 logging_writer.py:48] [6600] global_step=6600, grad_norm=1.6438432931900024, loss=3.0396485328674316
I0428 07:35:25.917447 140136956274432 logging_writer.py:48] [6700] global_step=6700, grad_norm=1.5986608266830444, loss=3.1331987380981445
I0428 07:36:39.871037 140136947881728 logging_writer.py:48] [6800] global_step=6800, grad_norm=1.4299627542495728, loss=3.1251161098480225
I0428 07:37:54.057063 140136956274432 logging_writer.py:48] [6900] global_step=6900, grad_norm=1.8479042053222656, loss=3.0265703201293945
I0428 07:38:41.338572 140341517031232 spec.py:298] Evaluating on the training split.
I0428 07:38:48.325550 140341517031232 spec.py:310] Evaluating on the validation split.
I0428 07:38:58.215515 140341517031232 spec.py:326] Evaluating on the test split.
I0428 07:39:00.567742 140341517031232 submission_runner.py:415] Time since start: 5523.18s, 	Step: 6966, 	{'train/accuracy': 0.6094746589660645, 'train/loss': 1.7303013801574707, 'validation/accuracy': 0.5480200052261353, 'validation/loss': 2.0321598052978516, 'validation/num_examples': 50000, 'test/accuracy': 0.4252000153064728, 'test/loss': 2.728846549987793, 'test/num_examples': 10000, 'score': 5301.655446767807, 'total_duration': 5523.183669567108, 'accumulated_submission_time': 5301.655446767807, 'accumulated_eval_time': 221.2458667755127, 'accumulated_logging_time': 0.1949753761291504}
I0428 07:39:00.579488 140136947881728 logging_writer.py:48] [6966] accumulated_eval_time=221.245867, accumulated_logging_time=0.194975, accumulated_submission_time=5301.655447, global_step=6966, preemption_count=0, score=5301.655447, test/accuracy=0.425200, test/loss=2.728847, test/num_examples=10000, total_duration=5523.183670, train/accuracy=0.609475, train/loss=1.730301, validation/accuracy=0.548020, validation/loss=2.032160, validation/num_examples=50000
I0428 07:39:27.126989 140136956274432 logging_writer.py:48] [7000] global_step=7000, grad_norm=1.0115407705307007, loss=3.0916943550109863
I0428 07:40:41.292010 140136947881728 logging_writer.py:48] [7100] global_step=7100, grad_norm=1.8772233724594116, loss=3.093623638153076
I0428 07:41:55.049136 140136956274432 logging_writer.py:48] [7200] global_step=7200, grad_norm=1.1385012865066528, loss=3.2285280227661133
I0428 07:43:08.712390 140136947881728 logging_writer.py:48] [7300] global_step=7300, grad_norm=1.6893364191055298, loss=3.073212146759033
I0428 07:44:22.583580 140136956274432 logging_writer.py:48] [7400] global_step=7400, grad_norm=1.5304242372512817, loss=3.0909295082092285
I0428 07:45:36.701545 140136947881728 logging_writer.py:48] [7500] global_step=7500, grad_norm=1.0201236009597778, loss=3.021273136138916
I0428 07:46:51.075055 140136956274432 logging_writer.py:48] [7600] global_step=7600, grad_norm=1.3008686304092407, loss=3.053635597229004
I0428 07:47:31.119716 140341517031232 spec.py:298] Evaluating on the training split.
I0428 07:47:38.156657 140341517031232 spec.py:310] Evaluating on the validation split.
I0428 07:47:48.339571 140341517031232 spec.py:326] Evaluating on the test split.
I0428 07:47:50.413360 140341517031232 submission_runner.py:415] Time since start: 6053.03s, 	Step: 7659, 	{'train/accuracy': 0.6038145422935486, 'train/loss': 1.7866847515106201, 'validation/accuracy': 0.5588200092315674, 'validation/loss': 1.996261477470398, 'validation/num_examples': 50000, 'test/accuracy': 0.43460002541542053, 'test/loss': 2.6921334266662598, 'test/num_examples': 10000, 'score': 5812.178817987442, 'total_duration': 6053.028200387955, 'accumulated_submission_time': 5812.178817987442, 'accumulated_eval_time': 240.53838419914246, 'accumulated_logging_time': 0.21535325050354004}
I0428 07:47:50.423724 140136947881728 logging_writer.py:48] [7659] accumulated_eval_time=240.538384, accumulated_logging_time=0.215353, accumulated_submission_time=5812.178818, global_step=7659, preemption_count=0, score=5812.178818, test/accuracy=0.434600, test/loss=2.692133, test/num_examples=10000, total_duration=6053.028200, train/accuracy=0.603815, train/loss=1.786685, validation/accuracy=0.558820, validation/loss=1.996261, validation/num_examples=50000
I0428 07:48:24.356286 140136956274432 logging_writer.py:48] [7700] global_step=7700, grad_norm=1.341528296470642, loss=2.985755205154419
I0428 07:49:38.247565 140136947881728 logging_writer.py:48] [7800] global_step=7800, grad_norm=1.505622386932373, loss=3.0566391944885254
I0428 07:50:52.100644 140136956274432 logging_writer.py:48] [7900] global_step=7900, grad_norm=1.0802032947540283, loss=3.006619930267334
I0428 07:52:06.162465 140136947881728 logging_writer.py:48] [8000] global_step=8000, grad_norm=1.4947805404663086, loss=3.003556966781616
I0428 07:53:19.718843 140136956274432 logging_writer.py:48] [8100] global_step=8100, grad_norm=1.4712367057800293, loss=3.017448902130127
I0428 07:54:33.929829 140136947881728 logging_writer.py:48] [8200] global_step=8200, grad_norm=1.0472115278244019, loss=2.941372871398926
I0428 07:55:48.080194 140136956274432 logging_writer.py:48] [8300] global_step=8300, grad_norm=1.4982757568359375, loss=3.1119508743286133
I0428 07:56:20.697952 140341517031232 spec.py:298] Evaluating on the training split.
I0428 07:56:27.808850 140341517031232 spec.py:310] Evaluating on the validation split.
I0428 07:56:38.040108 140341517031232 spec.py:326] Evaluating on the test split.
I0428 07:56:40.213044 140341517031232 submission_runner.py:415] Time since start: 6582.83s, 	Step: 8346, 	{'train/accuracy': 0.6458665132522583, 'train/loss': 1.5729056596755981, 'validation/accuracy': 0.5776000022888184, 'validation/loss': 1.8913501501083374, 'validation/num_examples': 50000, 'test/accuracy': 0.45660001039505005, 'test/loss': 2.5710623264312744, 'test/num_examples': 10000, 'score': 6322.436324119568, 'total_duration': 6582.828968763351, 'accumulated_submission_time': 6322.436324119568, 'accumulated_eval_time': 260.0534234046936, 'accumulated_logging_time': 0.23428964614868164}
I0428 07:56:40.226096 140136947881728 logging_writer.py:48] [8346] accumulated_eval_time=260.053423, accumulated_logging_time=0.234290, accumulated_submission_time=6322.436324, global_step=8346, preemption_count=0, score=6322.436324, test/accuracy=0.456600, test/loss=2.571062, test/num_examples=10000, total_duration=6582.828969, train/accuracy=0.645867, train/loss=1.572906, validation/accuracy=0.577600, validation/loss=1.891350, validation/num_examples=50000
I0428 07:57:22.181542 140136956274432 logging_writer.py:48] [8400] global_step=8400, grad_norm=1.4400514364242554, loss=2.8656444549560547
I0428 07:58:36.509957 140136947881728 logging_writer.py:48] [8500] global_step=8500, grad_norm=1.3895118236541748, loss=2.9689505100250244
I0428 07:59:50.870030 140136956274432 logging_writer.py:48] [8600] global_step=8600, grad_norm=1.3842209577560425, loss=2.9428021907806396
I0428 08:01:05.293724 140136947881728 logging_writer.py:48] [8700] global_step=8700, grad_norm=1.5981495380401611, loss=2.825603485107422
I0428 08:02:19.695082 140136956274432 logging_writer.py:48] [8800] global_step=8800, grad_norm=1.1907910108566284, loss=2.9204599857330322
I0428 08:03:34.082536 140136947881728 logging_writer.py:48] [8900] global_step=8900, grad_norm=1.0739802122116089, loss=2.9001317024230957
I0428 08:04:49.035390 140136956274432 logging_writer.py:48] [9000] global_step=9000, grad_norm=0.9374434947967529, loss=2.8793883323669434
I0428 08:05:10.288766 140341517031232 spec.py:298] Evaluating on the training split.
I0428 08:05:17.394692 140341517031232 spec.py:310] Evaluating on the validation split.
I0428 08:05:27.812173 140341517031232 spec.py:326] Evaluating on the test split.
I0428 08:05:30.069701 140341517031232 submission_runner.py:415] Time since start: 7112.69s, 	Step: 9032, 	{'train/accuracy': 0.6338887214660645, 'train/loss': 1.587334156036377, 'validation/accuracy': 0.5816400051116943, 'validation/loss': 1.8372917175292969, 'validation/num_examples': 50000, 'test/accuracy': 0.46070003509521484, 'test/loss': 2.510772943496704, 'test/num_examples': 10000, 'score': 6832.482260227203, 'total_duration': 7112.685649394989, 'accumulated_submission_time': 6832.482260227203, 'accumulated_eval_time': 279.8343243598938, 'accumulated_logging_time': 0.25576233863830566}
I0428 08:05:30.079949 140136947881728 logging_writer.py:48] [9032] accumulated_eval_time=279.834324, accumulated_logging_time=0.255762, accumulated_submission_time=6832.482260, global_step=9032, preemption_count=0, score=6832.482260, test/accuracy=0.460700, test/loss=2.510773, test/num_examples=10000, total_duration=7112.685649, train/accuracy=0.633889, train/loss=1.587334, validation/accuracy=0.581640, validation/loss=1.837292, validation/num_examples=50000
I0428 08:06:23.698739 140136956274432 logging_writer.py:48] [9100] global_step=9100, grad_norm=1.166160225868225, loss=2.9167020320892334
I0428 08:07:37.956825 140136947881728 logging_writer.py:48] [9200] global_step=9200, grad_norm=1.3807450532913208, loss=2.895557403564453
I0428 08:08:52.515654 140136956274432 logging_writer.py:48] [9300] global_step=9300, grad_norm=1.1726963520050049, loss=2.8984594345092773
I0428 08:10:07.043135 140136947881728 logging_writer.py:48] [9400] global_step=9400, grad_norm=1.0798112154006958, loss=2.8316006660461426
I0428 08:11:21.475529 140136956274432 logging_writer.py:48] [9500] global_step=9500, grad_norm=1.052742600440979, loss=2.8552770614624023
I0428 08:12:36.241832 140136947881728 logging_writer.py:48] [9600] global_step=9600, grad_norm=0.9651474952697754, loss=2.793433666229248
I0428 08:13:51.062183 140136956274432 logging_writer.py:48] [9700] global_step=9700, grad_norm=0.9978072643280029, loss=2.7706639766693115
I0428 08:14:00.238272 140341517031232 spec.py:298] Evaluating on the training split.
I0428 08:14:07.477931 140341517031232 spec.py:310] Evaluating on the validation split.
I0428 08:14:17.982492 140341517031232 spec.py:326] Evaluating on the test split.
I0428 08:14:20.177269 140341517031232 submission_runner.py:415] Time since start: 7642.79s, 	Step: 9717, 	{'train/accuracy': 0.6717753410339355, 'train/loss': 1.412249207496643, 'validation/accuracy': 0.5955399870872498, 'validation/loss': 1.7602205276489258, 'validation/num_examples': 50000, 'test/accuracy': 0.4690000116825104, 'test/loss': 2.4517154693603516, 'test/num_examples': 10000, 'score': 7342.62376999855, 'total_duration': 7642.793210268021, 'accumulated_submission_time': 7342.62376999855, 'accumulated_eval_time': 299.7732858657837, 'accumulated_logging_time': 0.27483034133911133}
I0428 08:14:20.187767 140136947881728 logging_writer.py:48] [9717] accumulated_eval_time=299.773286, accumulated_logging_time=0.274830, accumulated_submission_time=7342.623770, global_step=9717, preemption_count=0, score=7342.623770, test/accuracy=0.469000, test/loss=2.451715, test/num_examples=10000, total_duration=7642.793210, train/accuracy=0.671775, train/loss=1.412249, validation/accuracy=0.595540, validation/loss=1.760221, validation/num_examples=50000
I0428 08:15:26.021259 140136956274432 logging_writer.py:48] [9800] global_step=9800, grad_norm=0.9960078597068787, loss=2.939084053039551
I0428 08:16:41.274853 140136947881728 logging_writer.py:48] [9900] global_step=9900, grad_norm=0.82878577709198, loss=2.8613686561584473
I0428 08:17:56.835839 140136956274432 logging_writer.py:48] [10000] global_step=10000, grad_norm=0.8741788268089294, loss=2.8790740966796875
I0428 08:19:11.909001 140136947881728 logging_writer.py:48] [10100] global_step=10100, grad_norm=0.7228750586509705, loss=2.7086710929870605
I0428 08:20:27.266646 140136956274432 logging_writer.py:48] [10200] global_step=10200, grad_norm=0.851540207862854, loss=2.789640188217163
I0428 08:21:43.048144 140136947881728 logging_writer.py:48] [10300] global_step=10300, grad_norm=0.835293710231781, loss=2.782294273376465
I0428 08:22:50.707742 140341517031232 spec.py:298] Evaluating on the training split.
I0428 08:22:58.052451 140341517031232 spec.py:310] Evaluating on the validation split.
I0428 08:23:08.509591 140341517031232 spec.py:326] Evaluating on the test split.
I0428 08:23:10.908143 140341517031232 submission_runner.py:415] Time since start: 8173.52s, 	Step: 10394, 	{'train/accuracy': 0.6611128449440002, 'train/loss': 1.4844605922698975, 'validation/accuracy': 0.6078000068664551, 'validation/loss': 1.7420099973678589, 'validation/num_examples': 50000, 'test/accuracy': 0.47530001401901245, 'test/loss': 2.445575714111328, 'test/num_examples': 10000, 'score': 7853.126092672348, 'total_duration': 8173.523186683655, 'accumulated_submission_time': 7853.126092672348, 'accumulated_eval_time': 319.9727535247803, 'accumulated_logging_time': 0.2949082851409912}
I0428 08:23:10.919061 140136956274432 logging_writer.py:48] [10394] accumulated_eval_time=319.972754, accumulated_logging_time=0.294908, accumulated_submission_time=7853.126093, global_step=10394, preemption_count=0, score=7853.126093, test/accuracy=0.475300, test/loss=2.445576, test/num_examples=10000, total_duration=8173.523187, train/accuracy=0.661113, train/loss=1.484461, validation/accuracy=0.607800, validation/loss=1.742010, validation/num_examples=50000
I0428 08:23:18.203763 140136947881728 logging_writer.py:48] [10400] global_step=10400, grad_norm=1.0443251132965088, loss=2.7553727626800537
I0428 08:24:33.086385 140136956274432 logging_writer.py:48] [10500] global_step=10500, grad_norm=0.9336928129196167, loss=2.791482925415039
I0428 08:25:48.075319 140136947881728 logging_writer.py:48] [10600] global_step=10600, grad_norm=0.8428178429603577, loss=2.8251330852508545
I0428 08:27:02.866317 140136956274432 logging_writer.py:48] [10700] global_step=10700, grad_norm=0.8998638391494751, loss=2.796602725982666
I0428 08:28:18.060082 140136947881728 logging_writer.py:48] [10800] global_step=10800, grad_norm=0.8745722770690918, loss=2.722156047821045
I0428 08:29:33.271508 140136956274432 logging_writer.py:48] [10900] global_step=10900, grad_norm=0.9900843501091003, loss=2.7483458518981934
I0428 08:30:47.970940 140136947881728 logging_writer.py:48] [11000] global_step=11000, grad_norm=0.8754001259803772, loss=2.729560375213623
I0428 08:31:40.956021 140341517031232 spec.py:298] Evaluating on the training split.
I0428 08:31:48.302194 140341517031232 spec.py:310] Evaluating on the validation split.
I0428 08:31:58.746818 140341517031232 spec.py:326] Evaluating on the test split.
I0428 08:32:00.997235 140341517031232 submission_runner.py:415] Time since start: 8703.61s, 	Step: 11074, 	{'train/accuracy': 0.7078284025192261, 'train/loss': 1.2878546714782715, 'validation/accuracy': 0.6266799569129944, 'validation/loss': 1.6700420379638672, 'validation/num_examples': 50000, 'test/accuracy': 0.4921000301837921, 'test/loss': 2.3638083934783936, 'test/num_examples': 10000, 'score': 8363.145352602005, 'total_duration': 8703.611953258514, 'accumulated_submission_time': 8363.145352602005, 'accumulated_eval_time': 340.0127046108246, 'accumulated_logging_time': 0.3154795169830322}
I0428 08:32:01.007508 140136956274432 logging_writer.py:48] [11074] accumulated_eval_time=340.012705, accumulated_logging_time=0.315480, accumulated_submission_time=8363.145353, global_step=11074, preemption_count=0, score=8363.145353, test/accuracy=0.492100, test/loss=2.363808, test/num_examples=10000, total_duration=8703.611953, train/accuracy=0.707828, train/loss=1.287855, validation/accuracy=0.626680, validation/loss=1.670042, validation/num_examples=50000
I0428 08:32:23.406982 140136947881728 logging_writer.py:48] [11100] global_step=11100, grad_norm=0.9111627340316772, loss=2.832951545715332
I0428 08:33:40.006889 140136956274432 logging_writer.py:48] [11200] global_step=11200, grad_norm=0.9117058515548706, loss=2.7219808101654053
I0428 08:34:55.569573 140136947881728 logging_writer.py:48] [11300] global_step=11300, grad_norm=1.2305867671966553, loss=2.7516188621520996
I0428 08:36:11.393380 140136956274432 logging_writer.py:48] [11400] global_step=11400, grad_norm=0.8365918397903442, loss=2.662123441696167
I0428 08:37:27.020670 140136947881728 logging_writer.py:48] [11500] global_step=11500, grad_norm=0.7616128325462341, loss=2.67344069480896
I0428 08:38:42.481436 140136956274432 logging_writer.py:48] [11600] global_step=11600, grad_norm=0.9947400093078613, loss=2.7009923458099365
I0428 08:39:58.810369 140136947881728 logging_writer.py:48] [11700] global_step=11700, grad_norm=1.0116108655929565, loss=2.773581027984619
I0428 08:40:31.465228 140341517031232 spec.py:298] Evaluating on the training split.
I0428 08:40:39.057215 140341517031232 spec.py:310] Evaluating on the validation split.
I0428 08:40:49.486727 140341517031232 spec.py:326] Evaluating on the test split.
I0428 08:40:51.797485 140341517031232 submission_runner.py:415] Time since start: 9234.41s, 	Step: 11745, 	{'train/accuracy': 0.683992326259613, 'train/loss': 1.408329725265503, 'validation/accuracy': 0.6239199638366699, 'validation/loss': 1.6906616687774658, 'validation/num_examples': 50000, 'test/accuracy': 0.49900001287460327, 'test/loss': 2.3727669715881348, 'test/num_examples': 10000, 'score': 8873.584961175919, 'total_duration': 9234.413438081741, 'accumulated_submission_time': 8873.584961175919, 'accumulated_eval_time': 360.344931602478, 'accumulated_logging_time': 0.33583927154541016}
I0428 08:40:51.808490 140136956274432 logging_writer.py:48] [11745] accumulated_eval_time=360.344932, accumulated_logging_time=0.335839, accumulated_submission_time=8873.584961, global_step=11745, preemption_count=0, score=8873.584961, test/accuracy=0.499000, test/loss=2.372767, test/num_examples=10000, total_duration=9234.413438, train/accuracy=0.683992, train/loss=1.408330, validation/accuracy=0.623920, validation/loss=1.690662, validation/num_examples=50000
I0428 08:41:35.272067 140136947881728 logging_writer.py:48] [11800] global_step=11800, grad_norm=0.7726288437843323, loss=2.71535325050354
I0428 08:42:50.255820 140136956274432 logging_writer.py:48] [11900] global_step=11900, grad_norm=0.877702534198761, loss=2.710088014602661
I0428 08:44:05.793748 140136947881728 logging_writer.py:48] [12000] global_step=12000, grad_norm=0.9012357592582703, loss=2.6410164833068848
I0428 08:45:21.635348 140136956274432 logging_writer.py:48] [12100] global_step=12100, grad_norm=1.0342847108840942, loss=2.7199997901916504
I0428 08:46:36.890818 140136947881728 logging_writer.py:48] [12200] global_step=12200, grad_norm=0.6646059155464172, loss=2.6683971881866455
I0428 08:47:52.672264 140136956274432 logging_writer.py:48] [12300] global_step=12300, grad_norm=0.6739984750747681, loss=2.61647891998291
I0428 08:49:08.213563 140136947881728 logging_writer.py:48] [12400] global_step=12400, grad_norm=0.783139169216156, loss=2.695674419403076
I0428 08:49:23.396786 140341517031232 spec.py:298] Evaluating on the training split.
I0428 08:49:31.258611 140341517031232 spec.py:310] Evaluating on the validation split.
I0428 08:49:41.750552 140341517031232 spec.py:326] Evaluating on the test split.
I0428 08:49:43.899021 140341517031232 submission_runner.py:415] Time since start: 9766.51s, 	Step: 12421, 	{'train/accuracy': 0.7238520383834839, 'train/loss': 1.2480639219284058, 'validation/accuracy': 0.6360399723052979, 'validation/loss': 1.6349976062774658, 'validation/num_examples': 50000, 'test/accuracy': 0.5092000365257263, 'test/loss': 2.3083598613739014, 'test/num_examples': 10000, 'score': 9385.156900167465, 'total_duration': 9766.507361412048, 'accumulated_submission_time': 9385.156900167465, 'accumulated_eval_time': 380.8395240306854, 'accumulated_logging_time': 0.35508227348327637}
I0428 08:49:43.909985 140136956274432 logging_writer.py:48] [12421] accumulated_eval_time=380.839524, accumulated_logging_time=0.355082, accumulated_submission_time=9385.156900, global_step=12421, preemption_count=0, score=9385.156900, test/accuracy=0.509200, test/loss=2.308360, test/num_examples=10000, total_duration=9766.507361, train/accuracy=0.723852, train/loss=1.248064, validation/accuracy=0.636040, validation/loss=1.634998, validation/num_examples=50000
I0428 08:50:44.528759 140136947881728 logging_writer.py:48] [12500] global_step=12500, grad_norm=0.7221922874450684, loss=2.6058309078216553
I0428 08:52:00.463381 140136956274432 logging_writer.py:48] [12600] global_step=12600, grad_norm=0.7156795859336853, loss=2.5982766151428223
I0428 08:53:17.462009 140136947881728 logging_writer.py:48] [12700] global_step=12700, grad_norm=0.6401402354240417, loss=2.650273323059082
I0428 08:54:33.244345 140136956274432 logging_writer.py:48] [12800] global_step=12800, grad_norm=0.7577972412109375, loss=2.572772979736328
