I0502 00:13:01.613327 139674332673856 submission_runner.py:415] Time since start: 8020.62s, 	Step: 14981, 	{'train/accuracy': 0.49779295921325684, 'train/loss': 2.3374860286712646, 'validation/accuracy': 0.45325997471809387, 'validation/loss': 2.5486438274383545, 'validation/num_examples': 50000, 'test/accuracy': 0.34700000286102295, 'test/loss': 3.1736245155334473, 'test/num_examples': 10000, 'score': 7678.770076751709, 'total_duration': 8020.621518611908, 'accumulated_submission_time': 7678.770076751709, 'accumulated_eval_time': 340.9122576713562, 'accumulated_logging_time': 0.639080286026001}
I0502 00:13:01.630507 139444661233408 logging_writer.py:48] [14981] accumulated_eval_time=340.912258, accumulated_logging_time=0.639080, accumulated_submission_time=7678.770077, global_step=14981, preemption_count=0, score=7678.770077, test/accuracy=0.347000, test/loss=3.173625, test/num_examples=10000, total_duration=8020.621519, train/accuracy=0.497793, train/loss=2.337486, validation/accuracy=0.453260, validation/loss=2.548644, validation/num_examples=50000
I0502 00:13:12.136713 139444669626112 logging_writer.py:48] [15000] global_step=15000, grad_norm=1.064716100692749, loss=4.0103960037231445
I0502 00:14:03.296382 139444661233408 logging_writer.py:48] [15100] global_step=15100, grad_norm=1.0251654386520386, loss=4.969699382781982
I0502 00:14:54.327043 139444669626112 logging_writer.py:48] [15200] global_step=15200, grad_norm=0.9847918152809143, loss=4.417060852050781
I0502 00:15:44.906368 139444661233408 logging_writer.py:48] [15300] global_step=15300, grad_norm=1.1259846687316895, loss=3.9133684635162354
I0502 00:16:35.881218 139444669626112 logging_writer.py:48] [15400] global_step=15400, grad_norm=1.2541732788085938, loss=3.9789583683013916
I0502 00:17:26.340258 139444661233408 logging_writer.py:48] [15500] global_step=15500, grad_norm=1.104836344718933, loss=3.857388734817505
I0502 00:18:17.141354 139444669626112 logging_writer.py:48] [15600] global_step=15600, grad_norm=0.9574349522590637, loss=3.766465187072754
I0502 00:19:07.623172 139444661233408 logging_writer.py:48] [15700] global_step=15700, grad_norm=1.2643392086029053, loss=3.91802978515625
I0502 00:19:58.353290 139444669626112 logging_writer.py:48] [15800] global_step=15800, grad_norm=1.0815287828445435, loss=3.7977828979492188
I0502 00:20:01.894688 139674332673856 spec.py:298] Evaluating on the training split.
I0502 00:20:10.393078 139674332673856 spec.py:310] Evaluating on the validation split.
I0502 00:20:18.849202 139674332673856 spec.py:326] Evaluating on the test split.
I0502 00:20:20.598765 139674332673856 submission_runner.py:415] Time since start: 8459.61s, 	Step: 15808, 	{'train/accuracy': 0.49199217557907104, 'train/loss': 2.328792095184326, 'validation/accuracy': 0.45802000164985657, 'validation/loss': 2.5054256916046143, 'validation/num_examples': 50000, 'test/accuracy': 0.35350000858306885, 'test/loss': 3.127781629562378, 'test/num_examples': 10000, 'score': 8098.9833953380585, 'total_duration': 8459.606926202774, 'accumulated_submission_time': 8098.9833953380585, 'accumulated_eval_time': 359.6162667274475, 'accumulated_logging_time': 0.6910319328308105}
I0502 00:20:20.616855 139444661233408 logging_writer.py:48] [15808] accumulated_eval_time=359.616267, accumulated_logging_time=0.691032, accumulated_submission_time=8098.983395, global_step=15808, preemption_count=0, score=8098.983395, test/accuracy=0.353500, test/loss=3.127782, test/num_examples=10000, total_duration=8459.606926, train/accuracy=0.491992, train/loss=2.328792, validation/accuracy=0.458020, validation/loss=2.505426, validation/num_examples=50000
I0502 00:21:08.042626 139444669626112 logging_writer.py:48] [15900] global_step=15900, grad_norm=1.1244125366210938, loss=3.8504531383514404
I0502 00:21:58.509518 139444661233408 logging_writer.py:48] [16000] global_step=16000, grad_norm=1.2577311992645264, loss=3.808600425720215
I0502 00:22:49.332805 139444669626112 logging_writer.py:48] [16100] global_step=16100, grad_norm=1.1188832521438599, loss=4.028182506561279
I0502 00:23:39.805007 139444661233408 logging_writer.py:48] [16200] global_step=16200, grad_norm=1.068834900856018, loss=4.310609817504883
I0502 00:24:30.764666 139444669626112 logging_writer.py:48] [16300] global_step=16300, grad_norm=1.0884039402008057, loss=4.112490653991699
I0502 00:25:21.384171 139444661233408 logging_writer.py:48] [16400] global_step=16400, grad_norm=1.271628975868225, loss=3.7732603549957275
I0502 00:26:12.423617 139444669626112 logging_writer.py:48] [16500] global_step=16500, grad_norm=1.3375253677368164, loss=3.73803448677063
I0502 00:27:02.860519 139444661233408 logging_writer.py:48] [16600] global_step=16600, grad_norm=1.2086046934127808, loss=5.526180267333984
I0502 00:27:20.883262 139674332673856 spec.py:298] Evaluating on the training split.
I0502 00:27:29.346516 139674332673856 spec.py:310] Evaluating on the validation split.
I0502 00:27:38.153298 139674332673856 spec.py:326] Evaluating on the test split.
I0502 00:27:39.896692 139674332673856 submission_runner.py:415] Time since start: 8898.90s, 	Step: 16636, 	{'train/accuracy': 0.5077539086341858, 'train/loss': 2.348529815673828, 'validation/accuracy': 0.4653799831867218, 'validation/loss': 2.5411765575408936, 'validation/num_examples': 50000, 'test/accuracy': 0.358100026845932, 'test/loss': 3.164151668548584, 'test/num_examples': 10000, 'score': 8519.220742464066, 'total_duration': 8898.90488409996, 'accumulated_submission_time': 8519.220742464066, 'accumulated_eval_time': 378.6296739578247, 'accumulated_logging_time': 0.721747636795044}
I0502 00:27:39.909993 139444669626112 logging_writer.py:48] [16636] accumulated_eval_time=378.629674, accumulated_logging_time=0.721748, accumulated_submission_time=8519.220742, global_step=16636, preemption_count=0, score=8519.220742, test/accuracy=0.358100, test/loss=3.164152, test/num_examples=10000, total_duration=8898.904884, train/accuracy=0.507754, train/loss=2.348530, validation/accuracy=0.465380, validation/loss=2.541177, validation/num_examples=50000
I0502 00:28:13.383530 139444661233408 logging_writer.py:48] [16700] global_step=16700, grad_norm=1.0933130979537964, loss=3.902423858642578
I0502 00:29:04.255103 139444669626112 logging_writer.py:48] [16800] global_step=16800, grad_norm=1.292860984802246, loss=4.036932468414307
I0502 00:29:54.766685 139444661233408 logging_writer.py:48] [16900] global_step=16900, grad_norm=1.2865999937057495, loss=5.724806785583496
I0502 00:30:45.208142 139444669626112 logging_writer.py:48] [17000] global_step=17000, grad_norm=1.3148409128189087, loss=3.897874116897583
I0502 00:31:35.688295 139444661233408 logging_writer.py:48] [17100] global_step=17100, grad_norm=1.0828241109848022, loss=3.7790231704711914
I0502 00:32:26.623713 139444669626112 logging_writer.py:48] [17200] global_step=17200, grad_norm=1.1650323867797852, loss=3.843684434890747
I0502 00:33:17.198787 139444661233408 logging_writer.py:48] [17300] global_step=17300, grad_norm=1.2110631465911865, loss=3.7686374187469482
I0502 00:34:08.216763 139444669626112 logging_writer.py:48] [17400] global_step=17400, grad_norm=1.1350668668746948, loss=4.1553192138671875
I0502 00:34:40.155377 139674332673856 spec.py:298] Evaluating on the training split.
I0502 00:34:48.817728 139674332673856 spec.py:310] Evaluating on the validation split.
I0502 00:34:57.613656 139674332673856 spec.py:326] Evaluating on the test split.
I0502 00:34:59.356683 139674332673856 submission_runner.py:415] Time since start: 9338.36s, 	Step: 17464, 	{'train/accuracy': 0.5338085889816284, 'train/loss': 2.2077438831329346, 'validation/accuracy': 0.48037999868392944, 'validation/loss': 2.464365005493164, 'validation/num_examples': 50000, 'test/accuracy': 0.3742000162601471, 'test/loss': 3.0653090476989746, 'test/num_examples': 10000, 'score': 8939.434975385666, 'total_duration': 9338.364850282669, 'accumulated_submission_time': 8939.434975385666, 'accumulated_eval_time': 397.830947637558, 'accumulated_logging_time': 0.7493588924407959}
I0502 00:34:59.375422 139444661233408 logging_writer.py:48] [17464] accumulated_eval_time=397.830948, accumulated_logging_time=0.749359, accumulated_submission_time=8939.434975, global_step=17464, preemption_count=0, score=8939.434975, test/accuracy=0.374200, test/loss=3.065309, test/num_examples=10000, total_duration=9338.364850, train/accuracy=0.533809, train/loss=2.207744, validation/accuracy=0.480380, validation/loss=2.464365, validation/num_examples=50000
I0502 00:35:19.690542 139444669626112 logging_writer.py:48] [17500] global_step=17500, grad_norm=1.1898459196090698, loss=5.313638687133789
I0502 00:36:11.639981 139444661233408 logging_writer.py:48] [17600] global_step=17600, grad_norm=1.260316252708435, loss=3.8096506595611572
I0502 00:37:03.406718 139444669626112 logging_writer.py:48] [17700] global_step=17700, grad_norm=1.3009517192840576, loss=3.945594310760498
I0502 00:37:55.044564 139444661233408 logging_writer.py:48] [17800] global_step=17800, grad_norm=1.2608412504196167, loss=3.816810131072998
I0502 00:38:46.534599 139444669626112 logging_writer.py:48] [17900] global_step=17900, grad_norm=1.1750366687774658, loss=3.825068950653076
I0502 00:39:38.301252 139444661233408 logging_writer.py:48] [18000] global_step=18000, grad_norm=1.0068693161010742, loss=4.740259647369385
I0502 00:40:29.819766 139444669626112 logging_writer.py:48] [18100] global_step=18100, grad_norm=1.15879487991333, loss=3.715096950531006
I0502 00:41:21.863076 139444661233408 logging_writer.py:48] [18200] global_step=18200, grad_norm=1.1169875860214233, loss=3.7506818771362305
I0502 00:41:59.598343 139674332673856 spec.py:298] Evaluating on the training split.
I0502 00:42:07.349022 139674332673856 spec.py:310] Evaluating on the validation split.
I0502 00:42:15.900805 139674332673856 spec.py:326] Evaluating on the test split.
I0502 00:42:17.661508 139674332673856 submission_runner.py:415] Time since start: 9776.67s, 	Step: 18274, 	{'train/accuracy': 0.5253320336341858, 'train/loss': 2.1683266162872314, 'validation/accuracy': 0.48733997344970703, 'validation/loss': 2.36962628364563, 'validation/num_examples': 50000, 'test/accuracy': 0.37630000710487366, 'test/loss': 3.015493392944336, 'test/num_examples': 10000, 'score': 9359.629138231277, 'total_duration': 9776.66967344284, 'accumulated_submission_time': 9359.629138231277, 'accumulated_eval_time': 415.89405632019043, 'accumulated_logging_time': 0.7808575630187988}
I0502 00:42:17.678617 139444669626112 logging_writer.py:48] [18274] accumulated_eval_time=415.894056, accumulated_logging_time=0.780858, accumulated_submission_time=9359.629138, global_step=18274, preemption_count=0, score=9359.629138, test/accuracy=0.376300, test/loss=3.015493, test/num_examples=10000, total_duration=9776.669673, train/accuracy=0.525332, train/loss=2.168327, validation/accuracy=0.487340, validation/loss=2.369626, validation/num_examples=50000
I0502 00:42:31.916694 139444661233408 logging_writer.py:48] [18300] global_step=18300, grad_norm=1.2213377952575684, loss=5.7763824462890625
I0502 00:43:22.965190 139444669626112 logging_writer.py:48] [18400] global_step=18400, grad_norm=1.1177632808685303, loss=3.726116180419922
I0502 00:44:13.545527 139444661233408 logging_writer.py:48] [18500] global_step=18500, grad_norm=1.1508567333221436, loss=3.7735204696655273
I0502 00:45:04.743044 139444669626112 logging_writer.py:48] [18600] global_step=18600, grad_norm=1.5883828401565552, loss=5.681680202484131
I0502 00:45:55.299288 139444661233408 logging_writer.py:48] [18700] global_step=18700, grad_norm=1.2923945188522339, loss=3.6430418491363525
I0502 00:46:46.483723 139444669626112 logging_writer.py:48] [18800] global_step=18800, grad_norm=1.2054314613342285, loss=3.7004899978637695
I0502 00:47:36.879483 139444661233408 logging_writer.py:48] [18900] global_step=18900, grad_norm=1.2718408107757568, loss=3.667381525039673
I0502 00:48:27.571066 139444669626112 logging_writer.py:48] [19000] global_step=19000, grad_norm=2.416088342666626, loss=5.836420059204102
I0502 00:49:17.936700 139444661233408 logging_writer.py:48] [19100] global_step=19100, grad_norm=1.2182151079177856, loss=4.8101911544799805
I0502 00:49:17.962444 139674332673856 spec.py:298] Evaluating on the training split.
I0502 00:49:27.201465 139674332673856 spec.py:310] Evaluating on the validation split.
I0502 00:49:35.756040 139674332673856 spec.py:326] Evaluating on the test split.
I0502 00:49:37.529116 139674332673856 submission_runner.py:415] Time since start: 10216.54s, 	Step: 19101, 	{'train/accuracy': 0.5433593392372131, 'train/loss': 2.100349187850952, 'validation/accuracy': 0.4976399838924408, 'validation/loss': 2.3239128589630127, 'validation/num_examples': 50000, 'test/accuracy': 0.38430002331733704, 'test/loss': 2.948103189468384, 'test/num_examples': 10000, 'score': 9779.884184360504, 'total_duration': 10216.537297010422, 'accumulated_submission_time': 9779.884184360504, 'accumulated_eval_time': 435.4606990814209, 'accumulated_logging_time': 0.8098547458648682}
I0502 00:49:37.546706 139444669626112 logging_writer.py:48] [19101] accumulated_eval_time=435.460699, accumulated_logging_time=0.809855, accumulated_submission_time=9779.884184, global_step=19101, preemption_count=0, score=9779.884184, test/accuracy=0.384300, test/loss=2.948103, test/num_examples=10000, total_duration=10216.537297, train/accuracy=0.543359, train/loss=2.100349, validation/accuracy=0.497640, validation/loss=2.323913, validation/num_examples=50000
I0502 00:50:28.930669 139444661233408 logging_writer.py:48] [19200] global_step=19200, grad_norm=1.1851282119750977, loss=4.715259075164795
I0502 00:51:19.462976 139444669626112 logging_writer.py:48] [19300] global_step=19300, grad_norm=1.1868990659713745, loss=3.6705586910247803
I0502 00:52:10.299609 139444661233408 logging_writer.py:48] [19400] global_step=19400, grad_norm=1.431772232055664, loss=3.703813076019287
I0502 00:53:00.620110 139444669626112 logging_writer.py:48] [19500] global_step=19500, grad_norm=1.1878432035446167, loss=4.1142988204956055
I0502 00:53:51.647956 139444661233408 logging_writer.py:48] [19600] global_step=19600, grad_norm=1.9156028032302856, loss=5.703287601470947
I0502 00:54:41.857201 139444669626112 logging_writer.py:48] [19700] global_step=19700, grad_norm=1.2872178554534912, loss=3.7599098682403564
I0502 00:55:32.657539 139444661233408 logging_writer.py:48] [19800] global_step=19800, grad_norm=1.2153964042663574, loss=4.254632472991943
I0502 00:56:23.019587 139444669626112 logging_writer.py:48] [19900] global_step=19900, grad_norm=1.2301594018936157, loss=3.805767059326172
I0502 00:56:37.733144 139674332673856 spec.py:298] Evaluating on the training split.
I0502 00:56:45.753573 139674332673856 spec.py:310] Evaluating on the validation split.
I0502 00:56:54.288229 139674332673856 spec.py:326] Evaluating on the test split.
I0502 00:56:56.038311 139674332673856 submission_runner.py:415] Time since start: 10655.05s, 	Step: 19930, 	{'train/accuracy': 0.5494921803474426, 'train/loss': 2.0221712589263916, 'validation/accuracy': 0.5053200125694275, 'validation/loss': 2.235727071762085, 'validation/num_examples': 50000, 'test/accuracy': 0.3937000334262848, 'test/loss': 2.8814697265625, 'test/num_examples': 10000, 'score': 10200.017252445221, 'total_duration': 10655.046504497528, 'accumulated_submission_time': 10200.017252445221, 'accumulated_eval_time': 453.76585626602173, 'accumulated_logging_time': 0.8638229370117188}
I0502 00:56:56.058586 139444661233408 logging_writer.py:48] [19930] accumulated_eval_time=453.765856, accumulated_logging_time=0.863823, accumulated_submission_time=10200.017252, global_step=19930, preemption_count=0, score=10200.017252, test/accuracy=0.393700, test/loss=2.881470, test/num_examples=10000, total_duration=10655.046504, train/accuracy=0.549492, train/loss=2.022171, validation/accuracy=0.505320, validation/loss=2.235727, validation/num_examples=50000
I0502 00:57:32.856057 139444669626112 logging_writer.py:48] [20000] global_step=20000, grad_norm=1.1355161666870117, loss=3.6242990493774414
I0502 00:58:23.506306 139444661233408 logging_writer.py:48] [20100] global_step=20100, grad_norm=1.2748535871505737, loss=5.481021404266357
I0502 00:59:14.383279 139444669626112 logging_writer.py:48] [20200] global_step=20200, grad_norm=1.3548206090927124, loss=3.645690679550171
I0502 01:00:04.783889 139444661233408 logging_writer.py:48] [20300] global_step=20300, grad_norm=1.3761417865753174, loss=5.528965473175049
I0502 01:00:55.636287 139444669626112 logging_writer.py:48] [20400] global_step=20400, grad_norm=1.5593336820602417, loss=3.7232401371002197
I0502 01:01:45.673559 139444661233408 logging_writer.py:48] [20500] global_step=20500, grad_norm=1.4397050142288208, loss=3.602370500564575
I0502 01:02:36.358157 139444669626112 logging_writer.py:48] [20600] global_step=20600, grad_norm=1.377669095993042, loss=4.190327167510986
I0502 01:03:26.886291 139444661233408 logging_writer.py:48] [20700] global_step=20700, grad_norm=1.2341852188110352, loss=3.7475473880767822
I0502 01:03:56.511466 139674332673856 spec.py:298] Evaluating on the training split.
I0502 01:04:04.465367 139674332673856 spec.py:310] Evaluating on the validation split.
I0502 01:04:12.880609 139674332673856 spec.py:326] Evaluating on the test split.
I0502 01:04:14.628187 139674332673856 submission_runner.py:415] Time since start: 11093.64s, 	Step: 20759, 	{'train/accuracy': 0.553027331829071, 'train/loss': 2.0009143352508545, 'validation/accuracy': 0.5134599804878235, 'validation/loss': 2.207019090652466, 'validation/num_examples': 50000, 'test/accuracy': 0.39730000495910645, 'test/loss': 2.8512375354766846, 'test/num_examples': 10000, 'score': 10620.44093990326, 'total_duration': 11093.63636636734, 'accumulated_submission_time': 10620.44093990326, 'accumulated_eval_time': 471.8825533390045, 'accumulated_logging_time': 0.8967299461364746}
I0502 01:04:14.642148 139444669626112 logging_writer.py:48] [20759] accumulated_eval_time=471.882553, accumulated_logging_time=0.896730, accumulated_submission_time=10620.440940, global_step=20759, preemption_count=0, score=10620.440940, test/accuracy=0.397300, test/loss=2.851238, test/num_examples=10000, total_duration=11093.636366, train/accuracy=0.553027, train/loss=2.000914, validation/accuracy=0.513460, validation/loss=2.207019, validation/num_examples=50000
I0502 01:04:36.184878 139444661233408 logging_writer.py:48] [20800] global_step=20800, grad_norm=1.1953167915344238, loss=3.882894515991211
I0502 01:05:27.162266 139444669626112 logging_writer.py:48] [20900] global_step=20900, grad_norm=1.3038339614868164, loss=3.5871739387512207
I0502 01:06:17.778288 139444661233408 logging_writer.py:48] [21000] global_step=21000, grad_norm=1.3259937763214111, loss=5.25822639465332
I0502 01:07:08.312202 139444669626112 logging_writer.py:48] [21100] global_step=21100, grad_norm=1.2688895463943481, loss=4.623007774353027
I0502 01:07:59.244580 139444661233408 logging_writer.py:48] [21200] global_step=21200, grad_norm=2.097811698913574, loss=5.126582145690918
I0502 01:08:49.733760 139444669626112 logging_writer.py:48] [21300] global_step=21300, grad_norm=1.2168350219726562, loss=3.4524054527282715
I0502 01:09:40.276916 139444661233408 logging_writer.py:48] [21400] global_step=21400, grad_norm=1.3748141527175903, loss=4.914051055908203
I0502 01:10:30.725662 139444669626112 logging_writer.py:48] [21500] global_step=21500, grad_norm=1.3012008666992188, loss=4.242650032043457
I0502 01:11:14.676877 139674332673856 spec.py:298] Evaluating on the training split.
I0502 01:11:22.534459 139674332673856 spec.py:310] Evaluating on the validation split.
I0502 01:11:31.067781 139674332673856 spec.py:326] Evaluating on the test split.
I0502 01:11:32.813174 139674332673856 submission_runner.py:415] Time since start: 11531.82s, 	Step: 21587, 	{'train/accuracy': 0.5649218559265137, 'train/loss': 1.9944509267807007, 'validation/accuracy': 0.5170599818229675, 'validation/loss': 2.2341129779815674, 'validation/num_examples': 50000, 'test/accuracy': 0.40460002422332764, 'test/loss': 2.8678736686706543, 'test/num_examples': 10000, 'score': 11040.445036172867, 'total_duration': 11531.8213596344, 'accumulated_submission_time': 11040.445036172867, 'accumulated_eval_time': 490.01882314682007, 'accumulated_logging_time': 0.92466139793396}
I0502 01:11:32.831467 139444661233408 logging_writer.py:48] [21587] accumulated_eval_time=490.018823, accumulated_logging_time=0.924661, accumulated_submission_time=11040.445036, global_step=21587, preemption_count=0, score=11040.445036, test/accuracy=0.404600, test/loss=2.867874, test/num_examples=10000, total_duration=11531.821360, train/accuracy=0.564922, train/loss=1.994451, validation/accuracy=0.517060, validation/loss=2.234113, validation/num_examples=50000
I0502 01:11:39.935384 139444669626112 logging_writer.py:48] [21600] global_step=21600, grad_norm=1.469669222831726, loss=3.759687662124634
I0502 01:12:30.821977 139444661233408 logging_writer.py:48] [21700] global_step=21700, grad_norm=1.2925817966461182, loss=4.902216911315918
I0502 01:13:21.622860 139444669626112 logging_writer.py:48] [21800] global_step=21800, grad_norm=1.4302806854248047, loss=3.563166856765747
I0502 01:14:12.080285 139444661233408 logging_writer.py:48] [21900] global_step=21900, grad_norm=1.243956446647644, loss=4.3083319664001465
I0502 01:15:02.771934 139444669626112 logging_writer.py:48] [22000] global_step=22000, grad_norm=1.3887537717819214, loss=4.926673889160156
I0502 01:15:53.196188 139444661233408 logging_writer.py:48] [22100] global_step=22100, grad_norm=1.3143631219863892, loss=3.598680019378662
I0502 01:16:44.115017 139444669626112 logging_writer.py:48] [22200] global_step=22200, grad_norm=1.4723068475723267, loss=5.5853271484375
I0502 01:17:34.444851 139444661233408 logging_writer.py:48] [22300] global_step=22300, grad_norm=1.3746123313903809, loss=3.5900683403015137
I0502 01:18:25.184874 139444669626112 logging_writer.py:48] [22400] global_step=22400, grad_norm=1.5921064615249634, loss=5.672095775604248
I0502 01:18:33.327698 139674332673856 spec.py:298] Evaluating on the training split.
I0502 01:18:41.427177 139674332673856 spec.py:310] Evaluating on the validation split.
I0502 01:18:50.061965 139674332673856 spec.py:326] Evaluating on the test split.
I0502 01:18:51.816477 139674332673856 submission_runner.py:415] Time since start: 11970.82s, 	Step: 22417, 	{'train/accuracy': 0.568066418170929, 'train/loss': 1.9755398035049438, 'validation/accuracy': 0.5228399634361267, 'validation/loss': 2.1831674575805664, 'validation/num_examples': 50000, 'test/accuracy': 0.4053000211715698, 'test/loss': 2.8376688957214355, 'test/num_examples': 10000, 'score': 11460.9106798172, 'total_duration': 11970.82464647293, 'accumulated_submission_time': 11460.9106798172, 'accumulated_eval_time': 508.50755858421326, 'accumulated_logging_time': 0.9571468830108643}
I0502 01:18:51.836742 139444661233408 logging_writer.py:48] [22417] accumulated_eval_time=508.507559, accumulated_logging_time=0.957147, accumulated_submission_time=11460.910680, global_step=22417, preemption_count=0, score=11460.910680, test/accuracy=0.405300, test/loss=2.837669, test/num_examples=10000, total_duration=11970.824646, train/accuracy=0.568066, train/loss=1.975540, validation/accuracy=0.522840, validation/loss=2.183167, validation/num_examples=50000
I0502 01:19:34.711704 139444669626112 logging_writer.py:48] [22500] global_step=22500, grad_norm=1.3006882667541504, loss=3.971560478210449
I0502 01:20:25.686556 139444661233408 logging_writer.py:48] [22600] global_step=22600, grad_norm=1.1252641677856445, loss=3.504657745361328
I0502 01:21:16.294436 139444669626112 logging_writer.py:48] [22700] global_step=22700, grad_norm=1.3267103433609009, loss=3.5779964923858643
I0502 01:22:07.040657 139444661233408 logging_writer.py:48] [22800] global_step=22800, grad_norm=1.339850902557373, loss=3.441168785095215
I0502 01:22:57.565516 139444669626112 logging_writer.py:48] [22900] global_step=22900, grad_norm=1.4638586044311523, loss=3.5559041500091553
I0502 01:23:48.541104 139444661233408 logging_writer.py:48] [23000] global_step=23000, grad_norm=1.3682432174682617, loss=4.676424503326416
I0502 01:24:38.997819 139444669626112 logging_writer.py:48] [23100] global_step=23100, grad_norm=1.6817137002944946, loss=5.431567668914795
I0502 01:25:29.793188 139444661233408 logging_writer.py:48] [23200] global_step=23200, grad_norm=1.266209363937378, loss=3.785613775253296
I0502 01:25:52.012547 139674332673856 spec.py:298] Evaluating on the training split.
I0502 01:26:00.040506 139674332673856 spec.py:310] Evaluating on the validation split.
I0502 01:26:08.722777 139674332673856 spec.py:326] Evaluating on the test split.
I0502 01:26:10.464548 139674332673856 submission_runner.py:415] Time since start: 12409.47s, 	Step: 23245, 	{'train/accuracy': 0.5717968344688416, 'train/loss': 1.9142189025878906, 'validation/accuracy': 0.5251799821853638, 'validation/loss': 2.148688793182373, 'validation/num_examples': 50000, 'test/accuracy': 0.4123000204563141, 'test/loss': 2.7936477661132812, 'test/num_examples': 10000, 'score': 11881.056750774384, 'total_duration': 12409.47264957428, 'accumulated_submission_time': 11881.056750774384, 'accumulated_eval_time': 526.9594578742981, 'accumulated_logging_time': 0.9905316829681396}
I0502 01:26:10.484929 139444669626112 logging_writer.py:48] [23245] accumulated_eval_time=526.959458, accumulated_logging_time=0.990532, accumulated_submission_time=11881.056751, global_step=23245, preemption_count=0, score=11881.056751, test/accuracy=0.412300, test/loss=2.793648, test/num_examples=10000, total_duration=12409.472650, train/accuracy=0.571797, train/loss=1.914219, validation/accuracy=0.525180, validation/loss=2.148689, validation/num_examples=50000
I0502 01:26:38.991663 139444661233408 logging_writer.py:48] [23300] global_step=23300, grad_norm=1.5531047582626343, loss=3.4988579750061035
I0502 01:27:30.099192 139444669626112 logging_writer.py:48] [23400] global_step=23400, grad_norm=1.379544973373413, loss=3.697373390197754
I0502 01:28:20.567604 139444661233408 logging_writer.py:48] [23500] global_step=23500, grad_norm=1.521571397781372, loss=5.263891220092773
I0502 01:29:11.524337 139444669626112 logging_writer.py:48] [23600] global_step=23600, grad_norm=1.4419194459915161, loss=4.642879962921143
I0502 01:30:01.846665 139444661233408 logging_writer.py:48] [23700] global_step=23700, grad_norm=1.3748719692230225, loss=3.5892279148101807
I0502 01:30:52.651386 139444669626112 logging_writer.py:48] [23800] global_step=23800, grad_norm=1.344800591468811, loss=3.659554958343506
I0502 01:31:42.767870 139444661233408 logging_writer.py:48] [23900] global_step=23900, grad_norm=1.4110623598098755, loss=3.5439388751983643
I0502 01:32:33.273278 139444669626112 logging_writer.py:48] [24000] global_step=24000, grad_norm=1.2666939496994019, loss=4.722455024719238
I0502 01:33:10.993033 139674332673856 spec.py:298] Evaluating on the training split.
I0502 01:33:18.766367 139674332673856 spec.py:310] Evaluating on the validation split.
I0502 01:33:27.438007 139674332673856 spec.py:326] Evaluating on the test split.
I0502 01:33:29.183517 139674332673856 submission_runner.py:415] Time since start: 12848.19s, 	Step: 24076, 	{'train/accuracy': 0.5941601395606995, 'train/loss': 1.7937589883804321, 'validation/accuracy': 0.5328199863433838, 'validation/loss': 2.098494291305542, 'validation/num_examples': 50000, 'test/accuracy': 0.41620001196861267, 'test/loss': 2.7552809715270996, 'test/num_examples': 10000, 'score': 12301.535136938095, 'total_duration': 12848.191681623459, 'accumulated_submission_time': 12301.535136938095, 'accumulated_eval_time': 545.1499035358429, 'accumulated_logging_time': 1.0239295959472656}
I0502 01:33:29.204403 139444661233408 logging_writer.py:48] [24076] accumulated_eval_time=545.149904, accumulated_logging_time=1.023930, accumulated_submission_time=12301.535137, global_step=24076, preemption_count=0, score=12301.535137, test/accuracy=0.416200, test/loss=2.755281, test/num_examples=10000, total_duration=12848.191682, train/accuracy=0.594160, train/loss=1.793759, validation/accuracy=0.532820, validation/loss=2.098494, validation/num_examples=50000
I0502 01:33:42.035372 139444669626112 logging_writer.py:48] [24100] global_step=24100, grad_norm=1.314828634262085, loss=3.5042667388916016
I0502 01:34:33.067518 139444661233408 logging_writer.py:48] [24200] global_step=24200, grad_norm=1.330156683921814, loss=3.832517147064209
I0502 01:35:23.321846 139444669626112 logging_writer.py:48] [24300] global_step=24300, grad_norm=1.420992136001587, loss=5.191378593444824
I0502 01:36:13.902847 139444661233408 logging_writer.py:48] [24400] global_step=24400, grad_norm=1.4760818481445312, loss=5.212706565856934
I0502 01:37:04.105695 139444669626112 logging_writer.py:48] [24500] global_step=24500, grad_norm=1.2684417963027954, loss=3.3929150104522705
I0502 01:37:54.975790 139444661233408 logging_writer.py:48] [24600] global_step=24600, grad_norm=1.288100004196167, loss=3.4306676387786865
I0502 01:38:45.534285 139444669626112 logging_writer.py:48] [24700] global_step=24700, grad_norm=1.3746895790100098, loss=3.407491445541382
I0502 01:39:36.426179 139444661233408 logging_writer.py:48] [24800] global_step=24800, grad_norm=1.1612151861190796, loss=3.419816732406616
I0502 01:40:26.898981 139444669626112 logging_writer.py:48] [24900] global_step=24900, grad_norm=1.195632815361023, loss=3.462986946105957
I0502 01:40:29.422102 139674332673856 spec.py:298] Evaluating on the training split.
I0502 01:40:37.399505 139674332673856 spec.py:310] Evaluating on the validation split.
I0502 01:40:46.135457 139674332673856 spec.py:326] Evaluating on the test split.
I0502 01:40:47.895717 139674332673856 submission_runner.py:415] Time since start: 13286.90s, 	Step: 24906, 	{'train/accuracy': 0.5870312452316284, 'train/loss': 1.8558127880096436, 'validation/accuracy': 0.5435999631881714, 'validation/loss': 2.051222801208496, 'validation/num_examples': 50000, 'test/accuracy': 0.4296000301837921, 'test/loss': 2.7143967151641846, 'test/num_examples': 10000, 'score': 12721.723054409027, 'total_duration': 13286.903891801834, 'accumulated_submission_time': 12721.723054409027, 'accumulated_eval_time': 563.6234745979309, 'accumulated_logging_time': 1.0578880310058594}
I0502 01:40:47.910610 139444661233408 logging_writer.py:48] [24906] accumulated_eval_time=563.623475, accumulated_logging_time=1.057888, accumulated_submission_time=12721.723054, global_step=24906, preemption_count=0, score=12721.723054, test/accuracy=0.429600, test/loss=2.714397, test/num_examples=10000, total_duration=13286.903892, train/accuracy=0.587031, train/loss=1.855813, validation/accuracy=0.543600, validation/loss=2.051223, validation/num_examples=50000
I0502 01:41:36.628784 139444669626112 logging_writer.py:48] [25000] global_step=25000, grad_norm=1.5057293176651, loss=3.6007559299468994
I0502 01:42:27.249414 139444661233408 logging_writer.py:48] [25100] global_step=25100, grad_norm=1.2948737144470215, loss=3.603137969970703
I0502 01:43:18.247398 139444669626112 logging_writer.py:48] [25200] global_step=25200, grad_norm=1.3483057022094727, loss=3.8219964504241943
I0502 01:44:08.786717 139444661233408 logging_writer.py:48] [25300] global_step=25300, grad_norm=1.3452986478805542, loss=3.367652416229248
I0502 01:44:59.865008 139444669626112 logging_writer.py:48] [25400] global_step=25400, grad_norm=1.316246747970581, loss=3.463747501373291
I0502 01:45:50.659798 139444661233408 logging_writer.py:48] [25500] global_step=25500, grad_norm=1.5014636516571045, loss=3.467102289199829
I0502 01:46:41.258019 139444669626112 logging_writer.py:48] [25600] global_step=25600, grad_norm=1.4062554836273193, loss=3.3663413524627686
I0502 01:47:31.583703 139444661233408 logging_writer.py:48] [25700] global_step=25700, grad_norm=1.3668859004974365, loss=3.742142677307129
I0502 01:47:48.134783 139674332673856 spec.py:298] Evaluating on the training split.
I0502 01:47:56.380613 139674332673856 spec.py:310] Evaluating on the validation split.
I0502 01:48:05.000482 139674332673856 spec.py:326] Evaluating on the test split.
I0502 01:48:06.746670 139674332673856 submission_runner.py:415] Time since start: 13725.75s, 	Step: 25733, 	{'train/accuracy': 0.595410168170929, 'train/loss': 1.7982745170593262, 'validation/accuracy': 0.5427199602127075, 'validation/loss': 2.047550916671753, 'validation/num_examples': 50000, 'test/accuracy': 0.428600013256073, 'test/loss': 2.692305088043213, 'test/num_examples': 10000, 'score': 13141.918692350388, 'total_duration': 13725.75484251976, 'accumulated_submission_time': 13141.918692350388, 'accumulated_eval_time': 582.2353172302246, 'accumulated_logging_time': 1.0846836566925049}
I0502 01:48:06.767264 139444669626112 logging_writer.py:48] [25733] accumulated_eval_time=582.235317, accumulated_logging_time=1.084684, accumulated_submission_time=13141.918692, global_step=25733, preemption_count=0, score=13141.918692, test/accuracy=0.428600, test/loss=2.692305, test/num_examples=10000, total_duration=13725.754843, train/accuracy=0.595410, train/loss=1.798275, validation/accuracy=0.542720, validation/loss=2.047551, validation/num_examples=50000
I0502 01:48:41.566339 139444661233408 logging_writer.py:48] [25800] global_step=25800, grad_norm=1.3599939346313477, loss=3.608849287033081
I0502 01:49:32.384062 139444669626112 logging_writer.py:48] [25900] global_step=25900, grad_norm=1.87556791305542, loss=5.660292625427246
I0502 01:50:23.064813 139444661233408 logging_writer.py:48] [26000] global_step=26000, grad_norm=1.324479579925537, loss=3.515717029571533
I0502 01:51:13.886581 139444669626112 logging_writer.py:48] [26100] global_step=26100, grad_norm=1.3100378513336182, loss=3.3418290615081787
I0502 01:52:04.594294 139444661233408 logging_writer.py:48] [26200] global_step=26200, grad_norm=1.3233915567398071, loss=5.604244232177734
I0502 01:52:55.245787 139444669626112 logging_writer.py:48] [26300] global_step=26300, grad_norm=1.4136961698532104, loss=3.5089030265808105
I0502 01:53:45.768658 139444661233408 logging_writer.py:48] [26400] global_step=26400, grad_norm=2.1183507442474365, loss=5.5727949142456055
I0502 01:54:36.560374 139444669626112 logging_writer.py:48] [26500] global_step=26500, grad_norm=1.2543351650238037, loss=3.7847986221313477
I0502 01:55:06.841378 139674332673856 spec.py:298] Evaluating on the training split.
I0502 01:55:14.928356 139674332673856 spec.py:310] Evaluating on the validation split.
I0502 01:55:23.529390 139674332673856 spec.py:326] Evaluating on the test split.
I0502 01:55:25.268048 139674332673856 submission_runner.py:415] Time since start: 14164.28s, 	Step: 26561, 	{'train/accuracy': 0.5968359112739563, 'train/loss': 1.7940090894699097, 'validation/accuracy': 0.5536400079727173, 'validation/loss': 2.0078365802764893, 'validation/num_examples': 50000, 'test/accuracy': 0.43400001525878906, 'test/loss': 2.6519391536712646, 'test/num_examples': 10000, 'score': 13561.960940361023, 'total_duration': 14164.276211500168, 'accumulated_submission_time': 13561.960940361023, 'accumulated_eval_time': 600.6619396209717, 'accumulated_logging_time': 1.1202125549316406}
I0502 01:55:25.287992 139444661233408 logging_writer.py:48] [26561] accumulated_eval_time=600.661940, accumulated_logging_time=1.120213, accumulated_submission_time=13561.960940, global_step=26561, preemption_count=0, score=13561.960940, test/accuracy=0.434000, test/loss=2.651939, test/num_examples=10000, total_duration=14164.276212, train/accuracy=0.596836, train/loss=1.794009, validation/accuracy=0.553640, validation/loss=2.007837, validation/num_examples=50000
I0502 01:55:45.607180 139444669626112 logging_writer.py:48] [26600] global_step=26600, grad_norm=1.3628301620483398, loss=3.4444429874420166
I0502 01:56:36.587150 139444661233408 logging_writer.py:48] [26700] global_step=26700, grad_norm=1.8628321886062622, loss=5.564863204956055
I0502 01:57:27.126121 139444669626112 logging_writer.py:48] [26800] global_step=26800, grad_norm=2.0812697410583496, loss=5.445051670074463
I0502 01:58:18.021456 139444661233408 logging_writer.py:48] [26900] global_step=26900, grad_norm=1.4352424144744873, loss=3.4727914333343506
I0502 01:59:08.884734 139444669626112 logging_writer.py:48] [27000] global_step=27000, grad_norm=1.308403491973877, loss=3.368239164352417
I0502 01:59:59.779066 139444661233408 logging_writer.py:48] [27100] global_step=27100, grad_norm=1.2975494861602783, loss=3.5755105018615723
I0502 02:00:50.502146 139444669626112 logging_writer.py:48] [27200] global_step=27200, grad_norm=1.3706978559494019, loss=4.152740478515625
I0502 02:01:41.267824 139444661233408 logging_writer.py:48] [27300] global_step=27300, grad_norm=1.447187066078186, loss=3.5894429683685303
I0502 02:02:25.644359 139674332673856 spec.py:298] Evaluating on the training split.
I0502 02:02:33.825812 139674332673856 spec.py:310] Evaluating on the validation split.
I0502 02:02:42.268153 139674332673856 spec.py:326] Evaluating on the test split.
I0502 02:02:44.003564 139674332673856 submission_runner.py:415] Time since start: 14603.01s, 	Step: 27389, 	{'train/accuracy': 0.6099609136581421, 'train/loss': 1.7598166465759277, 'validation/accuracy': 0.5626400113105774, 'validation/loss': 1.9834723472595215, 'validation/num_examples': 50000, 'test/accuracy': 0.4386000335216522, 'test/loss': 2.6456127166748047, 'test/num_examples': 10000, 'score': 13982.287277936935, 'total_duration': 14603.011756896973, 'accumulated_submission_time': 13982.287277936935, 'accumulated_eval_time': 619.0211308002472, 'accumulated_logging_time': 1.1531453132629395}
I0502 02:02:44.020157 139444669626112 logging_writer.py:48] [27389] accumulated_eval_time=619.021131, accumulated_logging_time=1.153145, accumulated_submission_time=13982.287278, global_step=27389, preemption_count=0, score=13982.287278, test/accuracy=0.438600, test/loss=2.645613, test/num_examples=10000, total_duration=14603.011757, train/accuracy=0.609961, train/loss=1.759817, validation/accuracy=0.562640, validation/loss=1.983472, validation/num_examples=50000
I0502 02:02:50.202824 139444661233408 logging_writer.py:48] [27400] global_step=27400, grad_norm=1.4611793756484985, loss=4.56561279296875
I0502 02:03:41.758388 139444669626112 logging_writer.py:48] [27500] global_step=27500, grad_norm=1.5505326986312866, loss=5.122161865234375
I0502 02:04:32.042893 139444661233408 logging_writer.py:48] [27600] global_step=27600, grad_norm=1.5819607973098755, loss=4.485635757446289
I0502 02:05:22.663877 139444669626112 logging_writer.py:48] [27700] global_step=27700, grad_norm=1.4690691232681274, loss=4.979671001434326
I0502 02:06:12.657823 139444661233408 logging_writer.py:48] [27800] global_step=27800, grad_norm=1.2467740774154663, loss=3.3955721855163574
I0502 02:07:03.118408 139444669626112 logging_writer.py:48] [27900] global_step=27900, grad_norm=1.3315675258636475, loss=3.827643632888794
I0502 02:07:52.723150 139674332673856 spec.py:298] Evaluating on the training split.
I0502 02:08:00.538406 139674332673856 spec.py:310] Evaluating on the validation split.
I0502 02:08:09.118200 139674332673856 spec.py:326] Evaluating on the test split.
I0502 02:08:10.864423 139674332673856 submission_runner.py:415] Time since start: 14929.87s, 	Step: 28000, 	{'train/accuracy': 0.6187109351158142, 'train/loss': 1.7497375011444092, 'validation/accuracy': 0.558739960193634, 'validation/loss': 2.011604070663452, 'validation/num_examples': 50000, 'test/accuracy': 0.4410000145435333, 'test/loss': 2.666518449783325, 'test/num_examples': 10000, 'score': 14290.964758872986, 'total_duration': 14929.872590303421, 'accumulated_submission_time': 14290.964758872986, 'accumulated_eval_time': 637.1623675823212, 'accumulated_logging_time': 1.182924509048462}
I0502 02:08:10.886507 139444661233408 logging_writer.py:48] [28000] accumulated_eval_time=637.162368, accumulated_logging_time=1.182925, accumulated_submission_time=14290.964759, global_step=28000, preemption_count=0, score=14290.964759, test/accuracy=0.441000, test/loss=2.666518, test/num_examples=10000, total_duration=14929.872590, train/accuracy=0.618711, train/loss=1.749738, validation/accuracy=0.558740, validation/loss=2.011604, validation/num_examples=50000
I0502 02:08:10.917469 139444669626112 logging_writer.py:48] [28000] global_step=28000, preemption_count=0, score=14290.964759
I0502 02:08:11.089061 139674332673856 checkpoints.py:356] Saving checkpoint at step: 28000
I0502 02:08:11.753622 139674332673856 checkpoints.py:317] Saved checkpoint at /experiment_runs/timing_fancy_2/timing_adafactor/imagenet_vit_jax/trial_1/checkpoint_28000
I0502 02:08:11.766520 139674332673856 checkpoint_utils.py:240] Saved checkpoint to /experiment_runs/timing_fancy_2/timing_adafactor/imagenet_vit_jax/trial_1/checkpoint_28000.
I0502 02:08:12.377786 139674332673856 submission_runner.py:578] Tuning trial 1/1
I0502 02:08:12.378055 139674332673856 submission_runner.py:579] Hyperparameters: Hyperparameters(learning_rate=0.0032594519610942875, one_minus_beta1=0.03999478140191344, warmup_factor=0.05, weight_decay=0.002578922011395245, label_smoothing=0.1, dropout_rate=0.0)
