python3 submission_runner.py --framework=jax --workload=imagenet_vit --submission_path=baselines/adafactor/jax/submission.py --tuning_search_space=baselines/adafactor/tuning_search_space.json --data_dir=/data/imagenet/jax --num_tuning_trials=1 --experiment_dir=/experiment_runs --experiment_name=timing_fancy_2/timing_adafactor --overwrite=True --save_checkpoints=False --max_global_steps=28000 --imagenet_v2_data_dir=/data/imagenet/jax 2>&1 | tee -a /logs/imagenet_vit_jax_05-01-2023-21-58-31.log
I0501 21:58:53.357978 139674332673856 logger_utils.py:76] Creating experiment directory at /experiment_runs/timing_fancy_2/timing_adafactor/imagenet_vit_jax.
I0501 21:58:53.428158 139674332673856 xla_bridge.py:345] Unable to initialize backend 'tpu_driver': NOT_FOUND: Unable to find driver in registry given worker: 
I0501 21:58:54.278406 139674332673856 xla_bridge.py:345] Unable to initialize backend 'rocm': NOT_FOUND: Could not find registered platform with name: "rocm". Available platform names are: CUDA Host Interpreter
I0501 21:58:54.279219 139674332673856 xla_bridge.py:345] Unable to initialize backend 'tpu': module 'jaxlib.xla_extension' has no attribute 'get_tpu_client'
I0501 21:58:54.283819 139674332673856 submission_runner.py:538] Using RNG seed 1818051108
I0501 21:58:56.873294 139674332673856 submission_runner.py:547] --- Tuning run 1/1 ---
I0501 21:58:56.873506 139674332673856 submission_runner.py:552] Creating tuning directory at /experiment_runs/timing_fancy_2/timing_adafactor/imagenet_vit_jax/trial_1.
I0501 21:58:56.873707 139674332673856 logger_utils.py:92] Saving hparams to /experiment_runs/timing_fancy_2/timing_adafactor/imagenet_vit_jax/trial_1/hparams.json.
I0501 21:58:57.006927 139674332673856 submission_runner.py:241] Initializing dataset.
I0501 21:58:57.025104 139674332673856 dataset_info.py:566] Load dataset info from /data/imagenet/jax/imagenet2012/5.1.0
I0501 21:58:57.035181 139674332673856 dataset_info.py:642] Field info.splits from disk and from code do not match. Keeping the one from code.
I0501 21:58:57.035301 139674332673856 dataset_info.py:642] Field info.supervised_keys from disk and from code do not match. Keeping the one from code.
I0501 21:58:57.320040 139674332673856 logging_logger.py:49] Constructing tf.data.Dataset imagenet2012 for split train, from /data/imagenet/jax/imagenet2012/5.1.0
I0501 21:59:05.592379 139674332673856 submission_runner.py:248] Initializing model.
I0501 21:59:17.716943 139674332673856 submission_runner.py:258] Initializing optimizer.
I0501 21:59:20.101134 139674332673856 submission_runner.py:265] Initializing metrics bundle.
I0501 21:59:20.101337 139674332673856 submission_runner.py:282] Initializing checkpoint and logger.
I0501 21:59:20.102266 139674332673856 checkpoints.py:466] Found no checkpoint files in /experiment_runs/timing_fancy_2/timing_adafactor/imagenet_vit_jax/trial_1 with prefix checkpoint_
I0501 21:59:20.985920 139674332673856 submission_runner.py:303] Saving meta data to /experiment_runs/timing_fancy_2/timing_adafactor/imagenet_vit_jax/trial_1/meta_data_0.json.
I0501 21:59:20.987063 139674332673856 submission_runner.py:306] Saving flags to /experiment_runs/timing_fancy_2/timing_adafactor/imagenet_vit_jax/trial_1/flags_0.json.
I0501 21:59:20.991726 139674332673856 submission_runner.py:318] Starting training loop.
I0501 22:01:16.153615 139497475925760 logging_writer.py:48] [0] global_step=0, grad_norm=0.33126306533813477, loss=6.907756805419922
I0501 22:01:16.177359 139674332673856 spec.py:298] Evaluating on the training split.
I0501 22:01:16.186632 139674332673856 dataset_info.py:566] Load dataset info from /data/imagenet/jax/imagenet2012/5.1.0
I0501 22:01:16.194801 139674332673856 dataset_info.py:642] Field info.splits from disk and from code do not match. Keeping the one from code.
I0501 22:01:16.194937 139674332673856 dataset_info.py:642] Field info.supervised_keys from disk and from code do not match. Keeping the one from code.
I0501 22:01:16.272346 139674332673856 logging_logger.py:49] Constructing tf.data.Dataset imagenet2012 for split train, from /data/imagenet/jax/imagenet2012/5.1.0
I0501 22:01:36.883493 139674332673856 spec.py:310] Evaluating on the validation split.
I0501 22:01:36.893853 139674332673856 dataset_info.py:566] Load dataset info from /data/imagenet/jax/imagenet2012/5.1.0
I0501 22:01:36.913522 139674332673856 dataset_info.py:642] Field info.splits from disk and from code do not match. Keeping the one from code.
I0501 22:01:36.913891 139674332673856 dataset_info.py:642] Field info.supervised_keys from disk and from code do not match. Keeping the one from code.
I0501 22:01:36.987246 139674332673856 logging_logger.py:49] Constructing tf.data.Dataset imagenet2012 for split validation, from /data/imagenet/jax/imagenet2012/5.1.0
I0501 22:01:56.762565 139674332673856 spec.py:326] Evaluating on the test split.
I0501 22:01:56.769984 139674332673856 dataset_info.py:566] Load dataset info from /data/imagenet/jax/imagenet_v2/matched-frequency/3.0.0
I0501 22:01:56.776350 139674332673856 dataset_builder.py:510] Reusing dataset imagenet_v2 (/data/imagenet/jax/imagenet_v2/matched-frequency/3.0.0)
I0501 22:01:56.815438 139674332673856 logging_logger.py:49] Constructing tf.data.Dataset imagenet_v2 for split test, from /data/imagenet/jax/imagenet_v2/matched-frequency/3.0.0
I0501 22:02:08.495074 139674332673856 submission_runner.py:415] Time since start: 167.50s, 	Step: 1, 	{'train/accuracy': 0.0022070312406867743, 'train/loss': 6.907756328582764, 'validation/accuracy': 0.0019600000232458115, 'validation/loss': 6.9077558517456055, 'validation/num_examples': 50000, 'test/accuracy': 0.0014000000664964318, 'test/loss': 6.907756805419922, 'test/num_examples': 10000, 'score': 115.18545484542847, 'total_duration': 167.50329041481018, 'accumulated_submission_time': 115.18545484542847, 'accumulated_eval_time': 52.317665815353394, 'accumulated_logging_time': 0}
I0501 22:02:08.512979 139444334081792 logging_writer.py:48] [1] accumulated_eval_time=52.317666, accumulated_logging_time=0, accumulated_submission_time=115.185455, global_step=1, preemption_count=0, score=115.185455, test/accuracy=0.001400, test/loss=6.907757, test/num_examples=10000, total_duration=167.503290, train/accuracy=0.002207, train/loss=6.907756, validation/accuracy=0.001960, validation/loss=6.907756, validation/num_examples=50000
I0501 22:04:19.186728 139492228572928 logging_writer.py:48] [100] global_step=100, grad_norm=0.35227277874946594, loss=6.90151309967041
I0501 22:05:08.067351 139492236965632 logging_writer.py:48] [200] global_step=200, grad_norm=0.39748135209083557, loss=6.873222827911377
I0501 22:05:56.618721 139492228572928 logging_writer.py:48] [300] global_step=300, grad_norm=0.6683528423309326, loss=6.770504951477051
I0501 22:06:45.404899 139492236965632 logging_writer.py:48] [400] global_step=400, grad_norm=0.7860800623893738, loss=6.789732933044434
I0501 22:07:33.893576 139492228572928 logging_writer.py:48] [500] global_step=500, grad_norm=1.018208384513855, loss=6.625789165496826
I0501 22:08:22.680630 139492236965632 logging_writer.py:48] [600] global_step=600, grad_norm=0.8175302147865295, loss=6.706057548522949
I0501 22:09:08.816839 139674332673856 spec.py:298] Evaluating on the training split.
I0501 22:09:15.386517 139674332673856 spec.py:310] Evaluating on the validation split.
I0501 22:09:22.305989 139674332673856 spec.py:326] Evaluating on the test split.
I0501 22:09:24.152992 139674332673856 submission_runner.py:415] Time since start: 603.16s, 	Step: 696, 	{'train/accuracy': 0.017519531771540642, 'train/loss': 6.262195110321045, 'validation/accuracy': 0.018459999933838844, 'validation/loss': 6.277126789093018, 'validation/num_examples': 50000, 'test/accuracy': 0.013000000268220901, 'test/loss': 6.339540004730225, 'test/num_examples': 10000, 'score': 535.4674348831177, 'total_duration': 603.1611816883087, 'accumulated_submission_time': 535.4674348831177, 'accumulated_eval_time': 67.65379047393799, 'accumulated_logging_time': 0.026494503021240234}
I0501 22:09:24.165655 139444661233408 logging_writer.py:48] [696] accumulated_eval_time=67.653790, accumulated_logging_time=0.026495, accumulated_submission_time=535.467435, global_step=696, preemption_count=0, score=535.467435, test/accuracy=0.013000, test/loss=6.339540, test/num_examples=10000, total_duration=603.161182, train/accuracy=0.017520, train/loss=6.262195, validation/accuracy=0.018460, validation/loss=6.277127, validation/num_examples=50000
I0501 22:09:26.811810 139444669626112 logging_writer.py:48] [700] global_step=700, grad_norm=1.0854319334030151, loss=6.472169399261475
I0501 22:10:15.708486 139444661233408 logging_writer.py:48] [800] global_step=800, grad_norm=1.0699833631515503, loss=6.479794979095459
I0501 22:11:04.264135 139444669626112 logging_writer.py:48] [900] global_step=900, grad_norm=0.9822989106178284, loss=6.706644535064697
I0501 22:11:53.176846 139444661233408 logging_writer.py:48] [1000] global_step=1000, grad_norm=1.3170406818389893, loss=6.661484718322754
I0501 22:12:41.872391 139444669626112 logging_writer.py:48] [1100] global_step=1100, grad_norm=0.8887231945991516, loss=6.351930618286133
I0501 22:13:30.844468 139444661233408 logging_writer.py:48] [1200] global_step=1200, grad_norm=1.0102826356887817, loss=6.264255523681641
I0501 22:14:19.433218 139444669626112 logging_writer.py:48] [1300] global_step=1300, grad_norm=0.9454468488693237, loss=6.52167272567749
I0501 22:15:08.329357 139444661233408 logging_writer.py:48] [1400] global_step=1400, grad_norm=1.0314165353775024, loss=6.178672790527344
I0501 22:15:56.982839 139444669626112 logging_writer.py:48] [1500] global_step=1500, grad_norm=0.9061204791069031, loss=6.054715156555176
I0501 22:16:24.223516 139674332673856 spec.py:298] Evaluating on the training split.
I0501 22:16:30.781046 139674332673856 spec.py:310] Evaluating on the validation split.
I0501 22:16:37.685910 139674332673856 spec.py:326] Evaluating on the test split.
I0501 22:16:39.431344 139674332673856 submission_runner.py:415] Time since start: 1038.44s, 	Step: 1557, 	{'train/accuracy': 0.05316406115889549, 'train/loss': 5.635303974151611, 'validation/accuracy': 0.05107999965548515, 'validation/loss': 5.677877426147461, 'validation/num_examples': 50000, 'test/accuracy': 0.03710000216960907, 'test/loss': 5.828189849853516, 'test/num_examples': 10000, 'score': 955.4949903488159, 'total_duration': 1038.439501285553, 'accumulated_submission_time': 955.4949903488159, 'accumulated_eval_time': 82.86155104637146, 'accumulated_logging_time': 0.05360054969787598}
I0501 22:16:39.447136 139444661233408 logging_writer.py:48] [1557] accumulated_eval_time=82.861551, accumulated_logging_time=0.053601, accumulated_submission_time=955.494990, global_step=1557, preemption_count=0, score=955.494990, test/accuracy=0.037100, test/loss=5.828190, test/num_examples=10000, total_duration=1038.439501, train/accuracy=0.053164, train/loss=5.635304, validation/accuracy=0.051080, validation/loss=5.677877, validation/num_examples=50000
I0501 22:17:01.302387 139444669626112 logging_writer.py:48] [1600] global_step=1600, grad_norm=0.8176578879356384, loss=6.107048511505127
I0501 22:17:49.791448 139444661233408 logging_writer.py:48] [1700] global_step=1700, grad_norm=1.1074005365371704, loss=6.105449676513672
I0501 22:18:38.382663 139444669626112 logging_writer.py:48] [1800] global_step=1800, grad_norm=1.0796411037445068, loss=6.696401119232178
I0501 22:19:27.265733 139444661233408 logging_writer.py:48] [1900] global_step=1900, grad_norm=0.9374995231628418, loss=6.5132975578308105
I0501 22:20:16.117222 139444669626112 logging_writer.py:48] [2000] global_step=2000, grad_norm=0.9029698371887207, loss=6.058178424835205
I0501 22:21:04.632072 139444661233408 logging_writer.py:48] [2100] global_step=2100, grad_norm=0.7635306715965271, loss=6.049469947814941
I0501 22:21:53.503005 139444669626112 logging_writer.py:48] [2200] global_step=2200, grad_norm=0.7433268427848816, loss=5.981166362762451
I0501 22:22:42.247758 139444661233408 logging_writer.py:48] [2300] global_step=2300, grad_norm=0.7133554220199585, loss=6.412214279174805
I0501 22:23:31.208762 139444669626112 logging_writer.py:48] [2400] global_step=2400, grad_norm=0.8008664846420288, loss=5.901595115661621
I0501 22:23:39.548443 139674332673856 spec.py:298] Evaluating on the training split.
I0501 22:23:46.113043 139674332673856 spec.py:310] Evaluating on the validation split.
I0501 22:23:53.038832 139674332673856 spec.py:326] Evaluating on the test split.
I0501 22:23:54.794197 139674332673856 submission_runner.py:415] Time since start: 1473.80s, 	Step: 2418, 	{'train/accuracy': 0.08955077826976776, 'train/loss': 5.159768104553223, 'validation/accuracy': 0.0830800011754036, 'validation/loss': 5.210400104522705, 'validation/num_examples': 50000, 'test/accuracy': 0.06270000338554382, 'test/loss': 5.441117286682129, 'test/num_examples': 10000, 'score': 1375.5669481754303, 'total_duration': 1473.8023755550385, 'accumulated_submission_time': 1375.5669481754303, 'accumulated_eval_time': 98.10727071762085, 'accumulated_logging_time': 0.08298063278198242}
I0501 22:23:54.805002 139444661233408 logging_writer.py:48] [2418] accumulated_eval_time=98.107271, accumulated_logging_time=0.082981, accumulated_submission_time=1375.566948, global_step=2418, preemption_count=0, score=1375.566948, test/accuracy=0.062700, test/loss=5.441117, test/num_examples=10000, total_duration=1473.802376, train/accuracy=0.089551, train/loss=5.159768, validation/accuracy=0.083080, validation/loss=5.210400, validation/num_examples=50000
I0501 22:24:35.681111 139444669626112 logging_writer.py:48] [2500] global_step=2500, grad_norm=0.8215505480766296, loss=5.834915637969971
I0501 22:25:24.584072 139444661233408 logging_writer.py:48] [2600] global_step=2600, grad_norm=0.8661072254180908, loss=6.255743980407715
I0501 22:26:13.000104 139444669626112 logging_writer.py:48] [2700] global_step=2700, grad_norm=0.6898595094680786, loss=5.943826198577881
I0501 22:27:01.753160 139444661233408 logging_writer.py:48] [2800] global_step=2800, grad_norm=0.760221540927887, loss=5.904610633850098
I0501 22:27:50.386944 139444669626112 logging_writer.py:48] [2900] global_step=2900, grad_norm=0.6867664456367493, loss=5.880218029022217
I0501 22:28:39.344018 139444661233408 logging_writer.py:48] [3000] global_step=3000, grad_norm=0.7674770355224609, loss=5.6572065353393555
I0501 22:29:27.922375 139444669626112 logging_writer.py:48] [3100] global_step=3100, grad_norm=0.9445176124572754, loss=5.854786396026611
I0501 22:30:16.788483 139444661233408 logging_writer.py:48] [3200] global_step=3200, grad_norm=0.866922914981842, loss=5.718600749969482
I0501 22:30:55.184631 139674332673856 spec.py:298] Evaluating on the training split.
I0501 22:31:01.772092 139674332673856 spec.py:310] Evaluating on the validation split.
I0501 22:31:08.512851 139674332673856 spec.py:326] Evaluating on the test split.
I0501 22:31:10.264680 139674332673856 submission_runner.py:415] Time since start: 1909.27s, 	Step: 3280, 	{'train/accuracy': 0.12218749523162842, 'train/loss': 4.872628211975098, 'validation/accuracy': 0.1138399988412857, 'validation/loss': 4.9308671951293945, 'validation/num_examples': 50000, 'test/accuracy': 0.08890000730752945, 'test/loss': 5.186919689178467, 'test/num_examples': 10000, 'score': 1795.9175248146057, 'total_duration': 1909.2728300094604, 'accumulated_submission_time': 1795.9175248146057, 'accumulated_eval_time': 113.18725848197937, 'accumulated_logging_time': 0.10706710815429688}
I0501 22:31:10.280145 139444669626112 logging_writer.py:48] [3280] accumulated_eval_time=113.187258, accumulated_logging_time=0.107067, accumulated_submission_time=1795.917525, global_step=3280, preemption_count=0, score=1795.917525, test/accuracy=0.088900, test/loss=5.186920, test/num_examples=10000, total_duration=1909.272830, train/accuracy=0.122187, train/loss=4.872628, validation/accuracy=0.113840, validation/loss=4.930867, validation/num_examples=50000
I0501 22:31:20.744590 139444661233408 logging_writer.py:48] [3300] global_step=3300, grad_norm=0.7876377105712891, loss=5.853298664093018
I0501 22:32:09.738492 139444669626112 logging_writer.py:48] [3400] global_step=3400, grad_norm=0.897267758846283, loss=5.700910568237305
I0501 22:32:58.287821 139444661233408 logging_writer.py:48] [3500] global_step=3500, grad_norm=0.9278535842895508, loss=5.488275527954102
I0501 22:33:47.467129 139444669626112 logging_writer.py:48] [3600] global_step=3600, grad_norm=0.8263042569160461, loss=5.653067588806152
I0501 22:34:36.193526 139444661233408 logging_writer.py:48] [3700] global_step=3700, grad_norm=0.6894484758377075, loss=6.015467643737793
I0501 22:35:25.335315 139444669626112 logging_writer.py:48] [3800] global_step=3800, grad_norm=0.8006762266159058, loss=5.6577839851379395
I0501 22:36:14.348685 139444661233408 logging_writer.py:48] [3900] global_step=3900, grad_norm=0.7322219610214233, loss=5.495146751403809
I0501 22:37:03.184313 139444669626112 logging_writer.py:48] [4000] global_step=4000, grad_norm=0.7757003903388977, loss=5.56581974029541
I0501 22:37:51.861226 139444661233408 logging_writer.py:48] [4100] global_step=4100, grad_norm=0.7881931066513062, loss=5.321094512939453
I0501 22:38:10.611799 139674332673856 spec.py:298] Evaluating on the training split.
I0501 22:38:17.181598 139674332673856 spec.py:310] Evaluating on the validation split.
I0501 22:38:23.963315 139674332673856 spec.py:326] Evaluating on the test split.
I0501 22:38:25.713910 139674332673856 submission_runner.py:415] Time since start: 2344.72s, 	Step: 4139, 	{'train/accuracy': 0.16751952469348907, 'train/loss': 4.410518646240234, 'validation/accuracy': 0.15015999972820282, 'validation/loss': 4.536258220672607, 'validation/num_examples': 50000, 'test/accuracy': 0.11500000208616257, 'test/loss': 4.887967586517334, 'test/num_examples': 10000, 'score': 2216.219784259796, 'total_duration': 2344.7220344543457, 'accumulated_submission_time': 2216.219784259796, 'accumulated_eval_time': 128.28926539421082, 'accumulated_logging_time': 0.13607454299926758}
I0501 22:38:25.729750 139444669626112 logging_writer.py:48] [4139] accumulated_eval_time=128.289265, accumulated_logging_time=0.136075, accumulated_submission_time=2216.219784, global_step=4139, preemption_count=0, score=2216.219784, test/accuracy=0.115000, test/loss=4.887968, test/num_examples=10000, total_duration=2344.722034, train/accuracy=0.167520, train/loss=4.410519, validation/accuracy=0.150160, validation/loss=4.536258, validation/num_examples=50000
I0501 22:38:56.438269 139444661233408 logging_writer.py:48] [4200] global_step=4200, grad_norm=0.6435214877128601, loss=5.931866645812988
I0501 22:39:45.239673 139444669626112 logging_writer.py:48] [4300] global_step=4300, grad_norm=0.8606062531471252, loss=5.289238929748535
I0501 22:40:34.235508 139444661233408 logging_writer.py:48] [4400] global_step=4400, grad_norm=0.7709458470344543, loss=5.299031734466553
I0501 22:41:23.073394 139444669626112 logging_writer.py:48] [4500] global_step=4500, grad_norm=0.7164668440818787, loss=5.3540849685668945
I0501 22:42:12.088837 139444661233408 logging_writer.py:48] [4600] global_step=4600, grad_norm=0.7761729955673218, loss=6.031617164611816
I0501 22:43:01.028047 139444669626112 logging_writer.py:48] [4700] global_step=4700, grad_norm=0.8424779772758484, loss=5.441598892211914
I0501 22:43:50.341407 139444661233408 logging_writer.py:48] [4800] global_step=4800, grad_norm=0.8188397288322449, loss=5.241904258728027
I0501 22:44:39.305735 139444669626112 logging_writer.py:48] [4900] global_step=4900, grad_norm=0.7705538868904114, loss=5.214205741882324
I0501 22:45:25.793792 139674332673856 spec.py:298] Evaluating on the training split.
I0501 22:45:32.387426 139674332673856 spec.py:310] Evaluating on the validation split.
I0501 22:45:39.481285 139674332673856 spec.py:326] Evaluating on the test split.
I0501 22:45:41.234620 139674332673856 submission_runner.py:415] Time since start: 2780.24s, 	Step: 4996, 	{'train/accuracy': 0.21482421457767487, 'train/loss': 4.016725063323975, 'validation/accuracy': 0.19829998910427094, 'validation/loss': 4.110166549682617, 'validation/num_examples': 50000, 'test/accuracy': 0.14920000731945038, 'test/loss': 4.530595302581787, 'test/num_examples': 10000, 'score': 2636.253886461258, 'total_duration': 2780.2427973747253, 'accumulated_submission_time': 2636.253886461258, 'accumulated_eval_time': 143.73006224632263, 'accumulated_logging_time': 0.16613507270812988}
I0501 22:45:41.248771 139444661233408 logging_writer.py:48] [4996] accumulated_eval_time=143.730062, accumulated_logging_time=0.166135, accumulated_submission_time=2636.253886, global_step=4996, preemption_count=0, score=2636.253886, test/accuracy=0.149200, test/loss=4.530595, test/num_examples=10000, total_duration=2780.242797, train/accuracy=0.214824, train/loss=4.016725, validation/accuracy=0.198300, validation/loss=4.110167, validation/num_examples=50000
I0501 22:45:43.811772 139444669626112 logging_writer.py:48] [5000] global_step=5000, grad_norm=0.8064460754394531, loss=5.257443904876709
I0501 22:46:32.863825 139444661233408 logging_writer.py:48] [5100] global_step=5100, grad_norm=0.8221021294593811, loss=5.121213912963867
I0501 22:47:22.308103 139444669626112 logging_writer.py:48] [5200] global_step=5200, grad_norm=0.7959232330322266, loss=5.164099216461182
I0501 22:48:11.341270 139444661233408 logging_writer.py:48] [5300] global_step=5300, grad_norm=0.7065074443817139, loss=6.072582721710205
I0501 22:49:00.517910 139444669626112 logging_writer.py:48] [5400] global_step=5400, grad_norm=0.7156014442443848, loss=6.189248085021973
I0501 22:49:49.823238 139444661233408 logging_writer.py:48] [5500] global_step=5500, grad_norm=0.7836624979972839, loss=5.089917182922363
I0501 22:50:38.797136 139444669626112 logging_writer.py:48] [5600] global_step=5600, grad_norm=0.8165817260742188, loss=5.623495101928711
I0501 22:51:27.849683 139444661233408 logging_writer.py:48] [5700] global_step=5700, grad_norm=0.7743416428565979, loss=5.02059268951416
I0501 22:52:17.062273 139444669626112 logging_writer.py:48] [5800] global_step=5800, grad_norm=0.9366572499275208, loss=5.051619529724121
I0501 22:52:41.687997 139674332673856 spec.py:298] Evaluating on the training split.
I0501 22:52:48.249308 139674332673856 spec.py:310] Evaluating on the validation split.
I0501 22:52:55.088473 139674332673856 spec.py:326] Evaluating on the test split.
I0501 22:52:56.837766 139674332673856 submission_runner.py:415] Time since start: 3215.85s, 	Step: 5851, 	{'train/accuracy': 0.2528710961341858, 'train/loss': 3.7637510299682617, 'validation/accuracy': 0.2340799868106842, 'validation/loss': 3.878903865814209, 'validation/num_examples': 50000, 'test/accuracy': 0.17250001430511475, 'test/loss': 4.353720664978027, 'test/num_examples': 10000, 'score': 3056.6637723445892, 'total_duration': 3215.84592962265, 'accumulated_submission_time': 3056.6637723445892, 'accumulated_eval_time': 158.87976837158203, 'accumulated_logging_time': 0.19379734992980957}
I0501 22:52:56.853505 139444661233408 logging_writer.py:48] [5851] accumulated_eval_time=158.879768, accumulated_logging_time=0.193797, accumulated_submission_time=3056.663772, global_step=5851, preemption_count=0, score=3056.663772, test/accuracy=0.172500, test/loss=4.353721, test/num_examples=10000, total_duration=3215.845930, train/accuracy=0.252871, train/loss=3.763751, validation/accuracy=0.234080, validation/loss=3.878904, validation/num_examples=50000
I0501 22:53:22.028963 139444669626112 logging_writer.py:48] [5900] global_step=5900, grad_norm=0.7489732503890991, loss=5.031874656677246
I0501 22:54:12.141078 139444661233408 logging_writer.py:48] [6000] global_step=6000, grad_norm=0.6817640066146851, loss=5.106386661529541
I0501 22:55:02.395353 139444669626112 logging_writer.py:48] [6100] global_step=6100, grad_norm=0.6911501288414001, loss=6.2074761390686035
I0501 22:55:52.328485 139444661233408 logging_writer.py:48] [6200] global_step=6200, grad_norm=0.7025725245475769, loss=6.234616279602051
I0501 22:56:42.283741 139444669626112 logging_writer.py:48] [6300] global_step=6300, grad_norm=0.803439736366272, loss=4.8604736328125
I0501 22:57:31.915937 139444661233408 logging_writer.py:48] [6400] global_step=6400, grad_norm=0.7725670337677002, loss=4.914407730102539
I0501 22:58:21.916628 139444669626112 logging_writer.py:48] [6500] global_step=6500, grad_norm=0.7105472683906555, loss=5.427105903625488
I0501 22:59:11.736384 139444661233408 logging_writer.py:48] [6600] global_step=6600, grad_norm=0.7399054169654846, loss=4.861142158508301
I0501 22:59:56.901507 139674332673856 spec.py:298] Evaluating on the training split.
I0501 23:00:03.526545 139674332673856 spec.py:310] Evaluating on the validation split.
I0501 23:00:10.682499 139674332673856 spec.py:326] Evaluating on the test split.
I0501 23:00:12.435030 139674332673856 submission_runner.py:415] Time since start: 3651.44s, 	Step: 6691, 	{'train/accuracy': 0.2962304651737213, 'train/loss': 3.4981274604797363, 'validation/accuracy': 0.26187998056411743, 'validation/loss': 3.6747686862945557, 'validation/num_examples': 50000, 'test/accuracy': 0.1997000128030777, 'test/loss': 4.172412872314453, 'test/num_examples': 10000, 'score': 3476.677853345871, 'total_duration': 3651.4431920051575, 'accumulated_submission_time': 3476.677853345871, 'accumulated_eval_time': 174.4132227897644, 'accumulated_logging_time': 0.22710204124450684}
I0501 23:00:12.450732 139444669626112 logging_writer.py:48] [6691] accumulated_eval_time=174.413223, accumulated_logging_time=0.227102, accumulated_submission_time=3476.677853, global_step=6691, preemption_count=0, score=3476.677853, test/accuracy=0.199700, test/loss=4.172413, test/num_examples=10000, total_duration=3651.443192, train/accuracy=0.296230, train/loss=3.498127, validation/accuracy=0.261880, validation/loss=3.674769, validation/num_examples=50000
I0501 23:00:17.593153 139444661233408 logging_writer.py:48] [6700] global_step=6700, grad_norm=0.6541929244995117, loss=4.870718002319336
I0501 23:01:07.820206 139444669626112 logging_writer.py:48] [6800] global_step=6800, grad_norm=0.6933562755584717, loss=4.768269062042236
I0501 23:01:57.927319 139444661233408 logging_writer.py:48] [6900] global_step=6900, grad_norm=0.6669428944587708, loss=5.084268569946289
I0501 23:02:48.751702 139444669626112 logging_writer.py:48] [7000] global_step=7000, grad_norm=0.6305655837059021, loss=5.766858100891113
I0501 23:03:39.011323 139444661233408 logging_writer.py:48] [7100] global_step=7100, grad_norm=0.5967387557029724, loss=6.254602432250977
I0501 23:04:29.918044 139444669626112 logging_writer.py:48] [7200] global_step=7200, grad_norm=0.77494215965271, loss=4.71169900894165
I0501 23:05:20.192432 139444661233408 logging_writer.py:48] [7300] global_step=7300, grad_norm=0.7494845986366272, loss=5.221803665161133
I0501 23:06:10.771668 139444669626112 logging_writer.py:48] [7400] global_step=7400, grad_norm=0.6931132674217224, loss=4.944293975830078
I0501 23:07:00.966477 139444661233408 logging_writer.py:48] [7500] global_step=7500, grad_norm=0.6961135864257812, loss=4.659064769744873
I0501 23:07:12.465836 139674332673856 spec.py:298] Evaluating on the training split.
I0501 23:07:19.091952 139674332673856 spec.py:310] Evaluating on the validation split.
I0501 23:07:26.185223 139674332673856 spec.py:326] Evaluating on the test split.
I0501 23:07:27.941183 139674332673856 submission_runner.py:415] Time since start: 4086.95s, 	Step: 7523, 	{'train/accuracy': 0.31550779938697815, 'train/loss': 3.331088066101074, 'validation/accuracy': 0.293179988861084, 'validation/loss': 3.4600484371185303, 'validation/num_examples': 50000, 'test/accuracy': 0.22180001437664032, 'test/loss': 3.9861233234405518, 'test/num_examples': 10000, 'score': 3896.662455558777, 'total_duration': 4086.94788980484, 'accumulated_submission_time': 3896.662455558777, 'accumulated_eval_time': 189.88712120056152, 'accumulated_logging_time': 0.2565450668334961}
I0501 23:07:27.957554 139444669626112 logging_writer.py:48] [7523] accumulated_eval_time=189.887121, accumulated_logging_time=0.256545, accumulated_submission_time=3896.662456, global_step=7523, preemption_count=0, score=3896.662456, test/accuracy=0.221800, test/loss=3.986123, test/num_examples=10000, total_duration=4086.947890, train/accuracy=0.315508, train/loss=3.331088, validation/accuracy=0.293180, validation/loss=3.460048, validation/num_examples=50000
I0501 23:08:07.318788 139444661233408 logging_writer.py:48] [7600] global_step=7600, grad_norm=0.7790572643280029, loss=4.669065475463867
I0501 23:08:58.218377 139444669626112 logging_writer.py:48] [7700] global_step=7700, grad_norm=0.7069074511528015, loss=5.640380859375
I0501 23:09:48.937849 139444661233408 logging_writer.py:48] [7800] global_step=7800, grad_norm=0.8353341221809387, loss=4.6995463371276855
I0501 23:10:39.750898 139444669626112 logging_writer.py:48] [7900] global_step=7900, grad_norm=0.6181827187538147, loss=4.782768249511719
I0501 23:11:30.028644 139444661233408 logging_writer.py:48] [8000] global_step=8000, grad_norm=0.713508129119873, loss=6.009506702423096
I0501 23:12:20.656873 139444669626112 logging_writer.py:48] [8100] global_step=8100, grad_norm=0.7491152882575989, loss=4.704604625701904
I0501 23:13:11.156429 139444661233408 logging_writer.py:48] [8200] global_step=8200, grad_norm=0.7242142558097839, loss=4.603302955627441
I0501 23:14:02.164677 139444669626112 logging_writer.py:48] [8300] global_step=8300, grad_norm=0.7766478061676025, loss=4.701581954956055
I0501 23:14:28.332124 139674332673856 spec.py:298] Evaluating on the training split.
I0501 23:14:35.240322 139674332673856 spec.py:310] Evaluating on the validation split.
I0501 23:14:42.487485 139674332673856 spec.py:326] Evaluating on the test split.
I0501 23:14:44.265723 139674332673856 submission_runner.py:415] Time since start: 4523.27s, 	Step: 8353, 	{'train/accuracy': 0.3450585901737213, 'train/loss': 3.1688172817230225, 'validation/accuracy': 0.3148599863052368, 'validation/loss': 3.3324038982391357, 'validation/num_examples': 50000, 'test/accuracy': 0.24370001256465912, 'test/loss': 3.8671798706054688, 'test/num_examples': 10000, 'score': 4317.006311655045, 'total_duration': 4523.273879766464, 'accumulated_submission_time': 4317.006311655045, 'accumulated_eval_time': 205.8206489086151, 'accumulated_logging_time': 0.28713083267211914}
I0501 23:14:44.282682 139444661233408 logging_writer.py:48] [8353] accumulated_eval_time=205.820649, accumulated_logging_time=0.287131, accumulated_submission_time=4317.006312, global_step=8353, preemption_count=0, score=4317.006312, test/accuracy=0.243700, test/loss=3.867180, test/num_examples=10000, total_duration=4523.273880, train/accuracy=0.345059, train/loss=3.168817, validation/accuracy=0.314860, validation/loss=3.332404, validation/num_examples=50000
I0501 23:15:09.212606 139444669626112 logging_writer.py:48] [8400] global_step=8400, grad_norm=0.6397311091423035, loss=5.159402847290039
I0501 23:16:00.056281 139444661233408 logging_writer.py:48] [8500] global_step=8500, grad_norm=0.5959640145301819, loss=4.993796348571777
I0501 23:16:50.310262 139444669626112 logging_writer.py:48] [8600] global_step=8600, grad_norm=0.8831204175949097, loss=4.516236305236816
I0501 23:17:41.265093 139444661233408 logging_writer.py:48] [8700] global_step=8700, grad_norm=0.7205279469490051, loss=6.125268936157227
I0501 23:18:31.742621 139444669626112 logging_writer.py:48] [8800] global_step=8800, grad_norm=0.7794720530509949, loss=4.52341365814209
I0501 23:19:22.581701 139444661233408 logging_writer.py:48] [8900] global_step=8900, grad_norm=1.0302637815475464, loss=4.621211051940918
I0501 23:20:13.063863 139444669626112 logging_writer.py:48] [9000] global_step=9000, grad_norm=0.8980438709259033, loss=4.706616401672363
I0501 23:21:03.850561 139444661233408 logging_writer.py:48] [9100] global_step=9100, grad_norm=0.7640750408172607, loss=4.695977687835693
I0501 23:21:44.638337 139674332673856 spec.py:298] Evaluating on the training split.
I0501 23:21:51.583205 139674332673856 spec.py:310] Evaluating on the validation split.
I0501 23:21:58.659306 139674332673856 spec.py:326] Evaluating on the test split.
I0501 23:22:00.445507 139674332673856 submission_runner.py:415] Time since start: 4959.45s, 	Step: 9182, 	{'train/accuracy': 0.34882810711860657, 'train/loss': 3.1703295707702637, 'validation/accuracy': 0.3268599808216095, 'validation/loss': 3.2917654514312744, 'validation/num_examples': 50000, 'test/accuracy': 0.24890001118183136, 'test/loss': 3.81809401512146, 'test/num_examples': 10000, 'score': 4737.328916549683, 'total_duration': 4959.453677654266, 'accumulated_submission_time': 4737.328916549683, 'accumulated_eval_time': 221.627788066864, 'accumulated_logging_time': 0.3207366466522217}
I0501 23:22:00.463108 139444669626112 logging_writer.py:48] [9182] accumulated_eval_time=221.627788, accumulated_logging_time=0.320737, accumulated_submission_time=4737.328917, global_step=9182, preemption_count=0, score=4737.328917, test/accuracy=0.248900, test/loss=3.818094, test/num_examples=10000, total_duration=4959.453678, train/accuracy=0.348828, train/loss=3.170330, validation/accuracy=0.326860, validation/loss=3.291765, validation/num_examples=50000
I0501 23:22:10.869359 139444661233408 logging_writer.py:48] [9200] global_step=9200, grad_norm=0.7726041078567505, loss=4.5257062911987305
I0501 23:23:01.882408 139444669626112 logging_writer.py:48] [9300] global_step=9300, grad_norm=0.7664300203323364, loss=4.406254768371582
I0501 23:23:52.367237 139444661233408 logging_writer.py:48] [9400] global_step=9400, grad_norm=0.6928872466087341, loss=4.548678874969482
I0501 23:24:43.135937 139444669626112 logging_writer.py:48] [9500] global_step=9500, grad_norm=0.63972008228302, loss=4.581533432006836
I0501 23:25:33.556755 139444661233408 logging_writer.py:48] [9600] global_step=9600, grad_norm=0.935786247253418, loss=4.550078868865967
I0501 23:26:24.253872 139444669626112 logging_writer.py:48] [9700] global_step=9700, grad_norm=0.8903909921646118, loss=5.459530830383301
I0501 23:27:15.012241 139444661233408 logging_writer.py:48] [9800] global_step=9800, grad_norm=0.925767719745636, loss=5.635725975036621
I0501 23:28:05.865373 139444669626112 logging_writer.py:48] [9900] global_step=9900, grad_norm=0.7683925628662109, loss=4.4238200187683105
I0501 23:28:56.330043 139444661233408 logging_writer.py:48] [10000] global_step=10000, grad_norm=0.8071263432502747, loss=4.499711513519287
I0501 23:29:00.860146 139674332673856 spec.py:298] Evaluating on the training split.
I0501 23:29:07.790029 139674332673856 spec.py:310] Evaluating on the validation split.
I0501 23:29:14.889585 139674332673856 spec.py:326] Evaluating on the test split.
I0501 23:29:16.679656 139674332673856 submission_runner.py:415] Time since start: 5395.69s, 	Step: 10010, 	{'train/accuracy': 0.3848632872104645, 'train/loss': 2.9989681243896484, 'validation/accuracy': 0.3562600016593933, 'validation/loss': 3.1473562717437744, 'validation/num_examples': 50000, 'test/accuracy': 0.2703000009059906, 'test/loss': 3.701571226119995, 'test/num_examples': 10000, 'score': 5157.6530418396, 'total_duration': 5395.6878089904785, 'accumulated_submission_time': 5157.6530418396, 'accumulated_eval_time': 237.44723105430603, 'accumulated_logging_time': 0.39409971237182617}
I0501 23:29:16.696686 139444669626112 logging_writer.py:48] [10010] accumulated_eval_time=237.447231, accumulated_logging_time=0.394100, accumulated_submission_time=5157.653042, global_step=10010, preemption_count=0, score=5157.653042, test/accuracy=0.270300, test/loss=3.701571, test/num_examples=10000, total_duration=5395.687809, train/accuracy=0.384863, train/loss=2.998968, validation/accuracy=0.356260, validation/loss=3.147356, validation/num_examples=50000
I0501 23:30:03.511307 139444661233408 logging_writer.py:48] [10100] global_step=10100, grad_norm=0.6922035217285156, loss=5.6900224685668945
I0501 23:30:53.831019 139444669626112 logging_writer.py:48] [10200] global_step=10200, grad_norm=0.913475513458252, loss=5.962433815002441
I0501 23:31:44.561138 139444661233408 logging_writer.py:48] [10300] global_step=10300, grad_norm=0.6957054138183594, loss=5.719883918762207
I0501 23:32:35.003007 139444669626112 logging_writer.py:48] [10400] global_step=10400, grad_norm=0.7349749803543091, loss=4.3218841552734375
I0501 23:33:25.799221 139444661233408 logging_writer.py:48] [10500] global_step=10500, grad_norm=0.9781841039657593, loss=4.618648529052734
I0501 23:34:15.992926 139444669626112 logging_writer.py:48] [10600] global_step=10600, grad_norm=0.8533094525337219, loss=4.65576696395874
I0501 23:35:06.671985 139444661233408 logging_writer.py:48] [10700] global_step=10700, grad_norm=0.8548741340637207, loss=5.913005828857422
I0501 23:35:57.126128 139444669626112 logging_writer.py:48] [10800] global_step=10800, grad_norm=0.98628830909729, loss=4.968372821807861
I0501 23:36:16.872328 139674332673856 spec.py:298] Evaluating on the training split.
I0501 23:36:24.449605 139674332673856 spec.py:310] Evaluating on the validation split.
I0501 23:36:31.706814 139674332673856 spec.py:326] Evaluating on the test split.
I0501 23:36:33.472834 139674332673856 submission_runner.py:415] Time since start: 5832.48s, 	Step: 10840, 	{'train/accuracy': 0.42769530415534973, 'train/loss': 2.7138445377349854, 'validation/accuracy': 0.3832399845123291, 'validation/loss': 2.9353668689727783, 'validation/num_examples': 50000, 'test/accuracy': 0.28850001096725464, 'test/loss': 3.5299103260040283, 'test/num_examples': 10000, 'score': 5577.7686223983765, 'total_duration': 5832.4809827804565, 'accumulated_submission_time': 5577.7686223983765, 'accumulated_eval_time': 254.04766058921814, 'accumulated_logging_time': 0.45459413528442383}
I0501 23:36:33.492903 139444661233408 logging_writer.py:48] [10840] accumulated_eval_time=254.047661, accumulated_logging_time=0.454594, accumulated_submission_time=5577.768622, global_step=10840, preemption_count=0, score=5577.768622, test/accuracy=0.288500, test/loss=3.529910, test/num_examples=10000, total_duration=5832.480983, train/accuracy=0.427695, train/loss=2.713845, validation/accuracy=0.383240, validation/loss=2.935367, validation/num_examples=50000
I0501 23:37:04.917516 139444669626112 logging_writer.py:48] [10900] global_step=10900, grad_norm=0.7721322774887085, loss=4.225292682647705
I0501 23:37:55.516389 139444661233408 logging_writer.py:48] [11000] global_step=11000, grad_norm=0.9412029385566711, loss=4.606808185577393
I0501 23:38:46.486119 139444669626112 logging_writer.py:48] [11100] global_step=11100, grad_norm=0.9336262345314026, loss=4.193284034729004
I0501 23:39:37.035304 139444661233408 logging_writer.py:48] [11200] global_step=11200, grad_norm=0.9730218052864075, loss=4.124152183532715
I0501 23:40:27.833786 139444669626112 logging_writer.py:48] [11300] global_step=11300, grad_norm=0.777661144733429, loss=5.508809566497803
I0501 23:41:18.047557 139444661233408 logging_writer.py:48] [11400] global_step=11400, grad_norm=0.9038578867912292, loss=4.302769184112549
I0501 23:42:08.777888 139444669626112 logging_writer.py:48] [11500] global_step=11500, grad_norm=0.9502304196357727, loss=5.512792587280273
I0501 23:42:59.130332 139444661233408 logging_writer.py:48] [11600] global_step=11600, grad_norm=0.8153684735298157, loss=5.295161247253418
I0501 23:43:33.803212 139674332673856 spec.py:298] Evaluating on the training split.
I0501 23:43:40.894865 139674332673856 spec.py:310] Evaluating on the validation split.
I0501 23:43:48.180215 139674332673856 spec.py:326] Evaluating on the test split.
I0501 23:43:49.931859 139674332673856 submission_runner.py:415] Time since start: 6268.94s, 	Step: 11669, 	{'train/accuracy': 0.4272851347923279, 'train/loss': 2.72206449508667, 'validation/accuracy': 0.39574000239372253, 'validation/loss': 2.8797767162323, 'validation/num_examples': 50000, 'test/accuracy': 0.29920002818107605, 'test/loss': 3.4793076515197754, 'test/num_examples': 10000, 'score': 5998.043658256531, 'total_duration': 6268.940042972565, 'accumulated_submission_time': 5998.043658256531, 'accumulated_eval_time': 270.176255941391, 'accumulated_logging_time': 0.4910240173339844}
I0501 23:43:49.947365 139444669626112 logging_writer.py:48] [11669] accumulated_eval_time=270.176256, accumulated_logging_time=0.491024, accumulated_submission_time=5998.043658, global_step=11669, preemption_count=0, score=5998.043658, test/accuracy=0.299200, test/loss=3.479308, test/num_examples=10000, total_duration=6268.940043, train/accuracy=0.427285, train/loss=2.722064, validation/accuracy=0.395740, validation/loss=2.879777, validation/num_examples=50000
I0501 23:44:06.550710 139444661233408 logging_writer.py:48] [11700] global_step=11700, grad_norm=0.8011792302131653, loss=5.825037002563477
I0501 23:44:57.628791 139444669626112 logging_writer.py:48] [11800] global_step=11800, grad_norm=0.9956282377243042, loss=4.300421714782715
I0501 23:45:48.496602 139444661233408 logging_writer.py:48] [11900] global_step=11900, grad_norm=0.9043247103691101, loss=4.853405952453613
I0501 23:46:38.985433 139444669626112 logging_writer.py:48] [12000] global_step=12000, grad_norm=1.0857291221618652, loss=4.097109794616699
I0501 23:47:29.736293 139444661233408 logging_writer.py:48] [12100] global_step=12100, grad_norm=1.0588622093200684, loss=4.093194484710693
I0501 23:48:19.986132 139444669626112 logging_writer.py:48] [12200] global_step=12200, grad_norm=1.0042885541915894, loss=4.197597980499268
I0501 23:49:10.744281 139444661233408 logging_writer.py:48] [12300] global_step=12300, grad_norm=1.0832709074020386, loss=4.185415267944336
I0501 23:50:01.343064 139444669626112 logging_writer.py:48] [12400] global_step=12400, grad_norm=1.071950078010559, loss=5.980997085571289
I0501 23:50:50.123326 139674332673856 spec.py:298] Evaluating on the training split.
I0501 23:50:58.371820 139674332673856 spec.py:310] Evaluating on the validation split.
I0501 23:51:05.908024 139674332673856 spec.py:326] Evaluating on the test split.
I0501 23:51:07.653480 139674332673856 submission_runner.py:415] Time since start: 6706.66s, 	Step: 12497, 	{'train/accuracy': 0.4516015648841858, 'train/loss': 2.5749576091766357, 'validation/accuracy': 0.42093998193740845, 'validation/loss': 2.755376100540161, 'validation/num_examples': 50000, 'test/accuracy': 0.32510000467300415, 'test/loss': 3.3381431102752686, 'test/num_examples': 10000, 'score': 6418.182667016983, 'total_duration': 6706.661639928818, 'accumulated_submission_time': 6418.182667016983, 'accumulated_eval_time': 287.70635509490967, 'accumulated_logging_time': 0.526430606842041}
I0501 23:51:07.670706 139444661233408 logging_writer.py:48] [12497] accumulated_eval_time=287.706355, accumulated_logging_time=0.526431, accumulated_submission_time=6418.182667, global_step=12497, preemption_count=0, score=6418.182667, test/accuracy=0.325100, test/loss=3.338143, test/num_examples=10000, total_duration=6706.661640, train/accuracy=0.451602, train/loss=2.574958, validation/accuracy=0.420940, validation/loss=2.755376, validation/num_examples=50000
I0501 23:51:09.782358 139444669626112 logging_writer.py:48] [12500] global_step=12500, grad_norm=0.9282820820808411, loss=4.253450393676758
I0501 23:52:00.665640 139444661233408 logging_writer.py:48] [12600] global_step=12600, grad_norm=0.9780355095863342, loss=4.064114570617676
I0501 23:52:51.327984 139444669626112 logging_writer.py:48] [12700] global_step=12700, grad_norm=1.1111876964569092, loss=4.059534549713135
I0501 23:53:41.789175 139444661233408 logging_writer.py:48] [12800] global_step=12800, grad_norm=1.03316330909729, loss=5.86079216003418
I0501 23:54:32.594679 139444669626112 logging_writer.py:48] [12900] global_step=12900, grad_norm=0.9173116683959961, loss=4.205020904541016
I0501 23:55:22.935428 139444661233408 logging_writer.py:48] [13000] global_step=13000, grad_norm=0.9323969483375549, loss=4.234220504760742
I0501 23:56:13.738325 139444669626112 logging_writer.py:48] [13100] global_step=13100, grad_norm=1.0493319034576416, loss=5.370195388793945
I0501 23:57:04.255394 139444661233408 logging_writer.py:48] [13200] global_step=13200, grad_norm=1.0284996032714844, loss=4.1045241355896
I0501 23:57:55.217263 139444669626112 logging_writer.py:48] [13300] global_step=13300, grad_norm=1.2714357376098633, loss=4.028176307678223
I0501 23:58:07.896170 139674332673856 spec.py:298] Evaluating on the training split.
I0501 23:58:15.612797 139674332673856 spec.py:310] Evaluating on the validation split.
I0501 23:58:23.070107 139674332673856 spec.py:326] Evaluating on the test split.
I0501 23:58:24.818834 139674332673856 submission_runner.py:415] Time since start: 7143.83s, 	Step: 13326, 	{'train/accuracy': 0.4691406190395355, 'train/loss': 2.4858171939849854, 'validation/accuracy': 0.42857998609542847, 'validation/loss': 2.688340187072754, 'validation/num_examples': 50000, 'test/accuracy': 0.3254000246524811, 'test/loss': 3.3119332790374756, 'test/num_examples': 10000, 'score': 6838.375488996506, 'total_duration': 7143.825047016144, 'accumulated_submission_time': 6838.375488996506, 'accumulated_eval_time': 304.6270191669464, 'accumulated_logging_time': 0.5598948001861572}
I0501 23:58:24.835150 139444661233408 logging_writer.py:48] [13326] accumulated_eval_time=304.627019, accumulated_logging_time=0.559895, accumulated_submission_time=6838.375489, global_step=13326, preemption_count=0, score=6838.375489, test/accuracy=0.325400, test/loss=3.311933, test/num_examples=10000, total_duration=7143.825047, train/accuracy=0.469141, train/loss=2.485817, validation/accuracy=0.428580, validation/loss=2.688340, validation/num_examples=50000
I0501 23:59:03.174352 139444669626112 logging_writer.py:48] [13400] global_step=13400, grad_norm=1.0333980321884155, loss=4.1728515625
I0501 23:59:54.155401 139444661233408 logging_writer.py:48] [13500] global_step=13500, grad_norm=1.0749115943908691, loss=4.107110500335693
I0502 00:00:44.633637 139444669626112 logging_writer.py:48] [13600] global_step=13600, grad_norm=0.9129867553710938, loss=3.9839885234832764
I0502 00:01:35.777738 139444661233408 logging_writer.py:48] [13700] global_step=13700, grad_norm=0.9479190707206726, loss=4.045563697814941
I0502 00:02:26.293526 139444669626112 logging_writer.py:48] [13800] global_step=13800, grad_norm=0.9337360858917236, loss=3.8839004039764404
I0502 00:03:17.062261 139444661233408 logging_writer.py:48] [13900] global_step=13900, grad_norm=0.9855267405509949, loss=4.036714553833008
I0502 00:04:07.722598 139444669626112 logging_writer.py:48] [14000] global_step=14000, grad_norm=1.098737359046936, loss=5.856544494628906
I0502 00:04:58.143326 139444661233408 logging_writer.py:48] [14100] global_step=14100, grad_norm=1.0299696922302246, loss=4.765011310577393
I0502 00:05:25.195967 139674332673856 spec.py:298] Evaluating on the training split.
I0502 00:05:33.763926 139674332673856 spec.py:310] Evaluating on the validation split.
I0502 00:05:41.301762 139674332673856 spec.py:326] Evaluating on the test split.
I0502 00:05:43.059092 139674332673856 submission_runner.py:415] Time since start: 7582.07s, 	Step: 14155, 	{'train/accuracy': 0.4715234339237213, 'train/loss': 2.4577696323394775, 'validation/accuracy': 0.43605998158454895, 'validation/loss': 2.6347227096557617, 'validation/num_examples': 50000, 'test/accuracy': 0.3362000286579132, 'test/loss': 3.2475883960723877, 'test/num_examples': 10000, 'score': 7258.70299077034, 'total_duration': 7582.065094470978, 'accumulated_submission_time': 7258.70299077034, 'accumulated_eval_time': 322.48793959617615, 'accumulated_logging_time': 0.5929391384124756}
I0502 00:05:43.077035 139444669626112 logging_writer.py:48] [14155] accumulated_eval_time=322.487940, accumulated_logging_time=0.592939, accumulated_submission_time=7258.702991, global_step=14155, preemption_count=0, score=7258.702991, test/accuracy=0.336200, test/loss=3.247588, test/num_examples=10000, total_duration=7582.065094, train/accuracy=0.471523, train/loss=2.457770, validation/accuracy=0.436060, validation/loss=2.634723, validation/num_examples=50000
I0502 00:06:07.086163 139444661233408 logging_writer.py:48] [14200] global_step=14200, grad_norm=1.0000455379486084, loss=4.101877689361572
I0502 00:06:57.728171 139444669626112 logging_writer.py:48] [14300] global_step=14300, grad_norm=1.1172865629196167, loss=4.0463032722473145
I0502 00:07:48.307547 139444661233408 logging_writer.py:48] [14400] global_step=14400, grad_norm=0.9741604328155518, loss=4.33178186416626
I0502 00:08:39.510673 139444669626112 logging_writer.py:48] [14500] global_step=14500, grad_norm=1.0249269008636475, loss=4.727544784545898
I0502 00:09:30.089275 139444661233408 logging_writer.py:48] [14600] global_step=14600, grad_norm=1.0116055011749268, loss=4.675342559814453
I0502 00:10:21.116298 139444669626112 logging_writer.py:48] [14700] global_step=14700, grad_norm=1.1436359882354736, loss=3.9117250442504883
I0502 00:11:11.907919 139444661233408 logging_writer.py:48] [14800] global_step=14800, grad_norm=1.3646756410598755, loss=5.934026718139648
I0502 00:12:02.837836 139444669626112 logging_writer.py:48] [14900] global_step=14900, grad_norm=1.2117787599563599, loss=4.122200012207031
I0502 00:12:43.188984 139674332673856 spec.py:298] Evaluating on the training split.
I0502 00:12:51.938262 139674332673856 spec.py:310] Evaluating on the validation split.
I0502 00:12:59.862758 139674332673856 spec.py:326] Evaluating on the test split.
