python3 submission_runner.py --framework=jax --workload=imagenet_vit --submission_path=baselines/sam/jax/submission.py --tuning_search_space=baselines/sam/tuning_search_space.json --data_dir=/data/imagenet/jax --num_tuning_trials=1 --experiment_dir=/experiment_runs --experiment_name=timing_fancy_2/timing_sam --overwrite=True --save_checkpoints=False --max_global_steps=28000 --imagenet_v2_data_dir=/data/imagenet/jax 2>&1 | tee -a /logs/imagenet_vit_jax_05-02-2023-00-11-25.log
I0502 00:11:46.267040 139653621614400 logger_utils.py:76] Creating experiment directory at /experiment_runs/timing_fancy_2/timing_sam/imagenet_vit_jax.
I0502 00:11:46.334876 139653621614400 xla_bridge.py:345] Unable to initialize backend 'tpu_driver': NOT_FOUND: Unable to find driver in registry given worker: 
I0502 00:11:47.213433 139653621614400 xla_bridge.py:345] Unable to initialize backend 'rocm': NOT_FOUND: Could not find registered platform with name: "rocm". Available platform names are: Host Interpreter CUDA
I0502 00:11:47.214602 139653621614400 xla_bridge.py:345] Unable to initialize backend 'tpu': module 'jaxlib.xla_extension' has no attribute 'get_tpu_client'
I0502 00:11:47.218845 139653621614400 submission_runner.py:538] Using RNG seed 2134777071
I0502 00:11:49.788907 139653621614400 submission_runner.py:547] --- Tuning run 1/1 ---
I0502 00:11:49.789128 139653621614400 submission_runner.py:552] Creating tuning directory at /experiment_runs/timing_fancy_2/timing_sam/imagenet_vit_jax/trial_1.
I0502 00:11:49.789341 139653621614400 logger_utils.py:92] Saving hparams to /experiment_runs/timing_fancy_2/timing_sam/imagenet_vit_jax/trial_1/hparams.json.
I0502 00:11:49.911439 139653621614400 submission_runner.py:241] Initializing dataset.
I0502 00:11:49.923761 139653621614400 dataset_info.py:566] Load dataset info from /data/imagenet/jax/imagenet2012/5.1.0
I0502 00:11:49.931075 139653621614400 dataset_info.py:642] Field info.splits from disk and from code do not match. Keeping the one from code.
I0502 00:11:49.931215 139653621614400 dataset_info.py:642] Field info.supervised_keys from disk and from code do not match. Keeping the one from code.
I0502 00:11:50.191438 139653621614400 logging_logger.py:49] Constructing tf.data.Dataset imagenet2012 for split train, from /data/imagenet/jax/imagenet2012/5.1.0
I0502 00:11:56.863089 139653621614400 submission_runner.py:248] Initializing model.
I0502 00:12:08.121875 139653621614400 submission_runner.py:258] Initializing optimizer.
I0502 00:12:08.785119 139653621614400 submission_runner.py:265] Initializing metrics bundle.
I0502 00:12:08.785318 139653621614400 submission_runner.py:282] Initializing checkpoint and logger.
I0502 00:12:08.786220 139653621614400 checkpoints.py:466] Found no checkpoint files in /experiment_runs/timing_fancy_2/timing_sam/imagenet_vit_jax/trial_1 with prefix checkpoint_
I0502 00:12:09.689344 139653621614400 submission_runner.py:303] Saving meta data to /experiment_runs/timing_fancy_2/timing_sam/imagenet_vit_jax/trial_1/meta_data_0.json.
I0502 00:12:09.690349 139653621614400 submission_runner.py:306] Saving flags to /experiment_runs/timing_fancy_2/timing_sam/imagenet_vit_jax/trial_1/flags_0.json.
I0502 00:12:09.695307 139653621614400 submission_runner.py:318] Starting training loop.
I0502 00:13:14.549225 139475455825664 logging_writer.py:48] [0] global_step=0, grad_norm=0.3305286169052124, loss=6.907756805419922
I0502 00:13:14.568341 139653621614400 spec.py:298] Evaluating on the training split.
I0502 00:13:14.575141 139653621614400 dataset_info.py:566] Load dataset info from /data/imagenet/jax/imagenet2012/5.1.0
I0502 00:13:14.582079 139653621614400 dataset_info.py:642] Field info.splits from disk and from code do not match. Keeping the one from code.
I0502 00:13:14.582200 139653621614400 dataset_info.py:642] Field info.supervised_keys from disk and from code do not match. Keeping the one from code.
I0502 00:13:14.646422 139653621614400 logging_logger.py:49] Constructing tf.data.Dataset imagenet2012 for split train, from /data/imagenet/jax/imagenet2012/5.1.0
I0502 00:13:34.045295 139653621614400 spec.py:310] Evaluating on the validation split.
I0502 00:13:34.051952 139653621614400 dataset_info.py:566] Load dataset info from /data/imagenet/jax/imagenet2012/5.1.0
I0502 00:13:34.064145 139653621614400 dataset_info.py:642] Field info.splits from disk and from code do not match. Keeping the one from code.
I0502 00:13:34.064316 139653621614400 dataset_info.py:642] Field info.supervised_keys from disk and from code do not match. Keeping the one from code.
I0502 00:13:34.120444 139653621614400 logging_logger.py:49] Constructing tf.data.Dataset imagenet2012 for split validation, from /data/imagenet/jax/imagenet2012/5.1.0
I0502 00:13:53.705263 139653621614400 spec.py:326] Evaluating on the test split.
I0502 00:13:53.711702 139653621614400 dataset_info.py:566] Load dataset info from /data/imagenet/jax/imagenet_v2/matched-frequency/3.0.0
I0502 00:13:53.717077 139653621614400 dataset_builder.py:510] Reusing dataset imagenet_v2 (/data/imagenet/jax/imagenet_v2/matched-frequency/3.0.0)
I0502 00:13:53.750267 139653621614400 logging_logger.py:49] Constructing tf.data.Dataset imagenet_v2 for split test, from /data/imagenet/jax/imagenet_v2/matched-frequency/3.0.0
I0502 00:14:04.664506 139653621614400 submission_runner.py:415] Time since start: 114.97s, 	Step: 1, 	{'train/accuracy': 0.0009374999790452421, 'train/loss': 6.907756328582764, 'validation/accuracy': 0.0009999999310821295, 'validation/loss': 6.9077558517456055, 'validation/num_examples': 50000, 'test/accuracy': 0.0010000000474974513, 'test/loss': 6.907756805419922, 'test/num_examples': 10000, 'score': 64.87282133102417, 'total_duration': 114.96912932395935, 'accumulated_submission_time': 64.87282133102417, 'accumulated_eval_time': 50.09613847732544, 'accumulated_logging_time': 0}
I0502 00:14:04.683393 139412994242304 logging_writer.py:48] [1] accumulated_eval_time=50.096138, accumulated_logging_time=0, accumulated_submission_time=64.872821, global_step=1, preemption_count=0, score=64.872821, test/accuracy=0.001000, test/loss=6.907757, test/num_examples=10000, total_duration=114.969129, train/accuracy=0.000937, train/loss=6.907756, validation/accuracy=0.001000, validation/loss=6.907756, validation/num_examples=50000
I0502 00:15:52.628585 139472494593792 logging_writer.py:48] [100] global_step=100, grad_norm=0.08551342040300369, loss=6.907346248626709
I0502 00:17:10.256764 139472502986496 logging_writer.py:48] [200] global_step=200, grad_norm=0.44120901823043823, loss=6.870083332061768
I0502 00:18:27.874599 139472494593792 logging_writer.py:48] [300] global_step=300, grad_norm=0.4674947261810303, loss=6.805568695068359
I0502 00:19:45.469644 139472502986496 logging_writer.py:48] [400] global_step=400, grad_norm=0.5397949814796448, loss=6.774572849273682
I0502 00:21:03.094169 139472494593792 logging_writer.py:48] [500] global_step=500, grad_norm=0.699401319026947, loss=6.6685991287231445
I0502 00:21:05.135916 139653621614400 spec.py:298] Evaluating on the training split.
I0502 00:21:11.911842 139653621614400 spec.py:310] Evaluating on the validation split.
I0502 00:21:18.396531 139653621614400 spec.py:326] Evaluating on the test split.
I0502 00:21:20.306048 139653621614400 submission_runner.py:415] Time since start: 550.61s, 	Step: 504, 	{'train/accuracy': 0.011660155840218067, 'train/loss': 6.5327653884887695, 'validation/accuracy': 0.011260000057518482, 'validation/loss': 6.544586658477783, 'validation/num_examples': 50000, 'test/accuracy': 0.010100000537931919, 'test/loss': 6.571342468261719, 'test/num_examples': 10000, 'score': 485.30918073654175, 'total_duration': 550.6106333732605, 'accumulated_submission_time': 485.30918073654175, 'accumulated_eval_time': 65.26620078086853, 'accumulated_logging_time': 0.027448177337646484}
I0502 00:21:20.322092 139413162030848 logging_writer.py:48] [504] accumulated_eval_time=65.266201, accumulated_logging_time=0.027448, accumulated_submission_time=485.309181, global_step=504, preemption_count=0, score=485.309181, test/accuracy=0.010100, test/loss=6.571342, test/num_examples=10000, total_duration=550.610633, train/accuracy=0.011660, train/loss=6.532765, validation/accuracy=0.011260, validation/loss=6.544587, validation/num_examples=50000
I0502 00:22:35.820173 139413313009408 logging_writer.py:48] [600] global_step=600, grad_norm=0.837641179561615, loss=6.595310688018799
I0502 00:23:53.465529 139413162030848 logging_writer.py:48] [700] global_step=700, grad_norm=0.560818612575531, loss=6.70686149597168
I0502 00:25:11.133090 139413313009408 logging_writer.py:48] [800] global_step=800, grad_norm=0.8336759209632874, loss=6.541672706604004
I0502 00:26:28.793334 139413162030848 logging_writer.py:48] [900] global_step=900, grad_norm=0.8624686002731323, loss=6.588916778564453
I0502 00:27:46.434463 139413313009408 logging_writer.py:48] [1000] global_step=1000, grad_norm=0.8089656829833984, loss=6.451130390167236
I0502 00:28:21.060890 139653621614400 spec.py:298] Evaluating on the training split.
I0502 00:28:27.811230 139653621614400 spec.py:310] Evaluating on the validation split.
I0502 00:28:34.323774 139653621614400 spec.py:326] Evaluating on the test split.
I0502 00:28:36.072190 139653621614400 submission_runner.py:415] Time since start: 986.38s, 	Step: 1046, 	{'train/accuracy': 0.027480468153953552, 'train/loss': 6.1062774658203125, 'validation/accuracy': 0.025539999827742577, 'validation/loss': 6.123623371124268, 'validation/num_examples': 50000, 'test/accuracy': 0.022200001403689384, 'test/loss': 6.208202838897705, 'test/num_examples': 10000, 'score': 906.0267350673676, 'total_duration': 986.3767714500427, 'accumulated_submission_time': 906.0267350673676, 'accumulated_eval_time': 80.27742528915405, 'accumulated_logging_time': 0.05632376670837402}
I0502 00:28:36.086453 139413162030848 logging_writer.py:48] [1046] accumulated_eval_time=80.277425, accumulated_logging_time=0.056324, accumulated_submission_time=906.026735, global_step=1046, preemption_count=0, score=906.026735, test/accuracy=0.022200, test/loss=6.208203, test/num_examples=10000, total_duration=986.376771, train/accuracy=0.027480, train/loss=6.106277, validation/accuracy=0.025540, validation/loss=6.123623, validation/num_examples=50000
I0502 00:29:18.968581 139413313009408 logging_writer.py:48] [1100] global_step=1100, grad_norm=0.7375926971435547, loss=6.675769805908203
I0502 00:30:36.688821 139413162030848 logging_writer.py:48] [1200] global_step=1200, grad_norm=0.7199302315711975, loss=6.487710952758789
I0502 00:31:54.376777 139413313009408 logging_writer.py:48] [1300] global_step=1300, grad_norm=0.9569238424301147, loss=6.351008415222168
I0502 00:33:12.203487 139413162030848 logging_writer.py:48] [1400] global_step=1400, grad_norm=0.8345819115638733, loss=6.531259059906006
I0502 00:34:30.032589 139413313009408 logging_writer.py:48] [1500] global_step=1500, grad_norm=1.0705734491348267, loss=6.264810562133789
I0502 00:35:36.531548 139653621614400 spec.py:298] Evaluating on the training split.
I0502 00:35:43.355434 139653621614400 spec.py:310] Evaluating on the validation split.
I0502 00:35:49.794673 139653621614400 spec.py:326] Evaluating on the test split.
I0502 00:35:51.532365 139653621614400 submission_runner.py:415] Time since start: 1421.84s, 	Step: 1587, 	{'train/accuracy': 0.04564452916383743, 'train/loss': 5.783807277679443, 'validation/accuracy': 0.04343999922275543, 'validation/loss': 5.8202223777771, 'validation/num_examples': 50000, 'test/accuracy': 0.03460000082850456, 'test/loss': 5.942713737487793, 'test/num_examples': 10000, 'score': 1326.438285112381, 'total_duration': 1421.836966753006, 'accumulated_submission_time': 1326.438285112381, 'accumulated_eval_time': 95.27819895744324, 'accumulated_logging_time': 0.09591507911682129}
I0502 00:35:51.543619 139413162030848 logging_writer.py:48] [1587] accumulated_eval_time=95.278199, accumulated_logging_time=0.095915, accumulated_submission_time=1326.438285, global_step=1587, preemption_count=0, score=1326.438285, test/accuracy=0.034600, test/loss=5.942714, test/num_examples=10000, total_duration=1421.836967, train/accuracy=0.045645, train/loss=5.783807, validation/accuracy=0.043440, validation/loss=5.820222, validation/num_examples=50000
I0502 00:36:02.545541 139413313009408 logging_writer.py:48] [1600] global_step=1600, grad_norm=1.0251331329345703, loss=6.202824592590332
I0502 00:37:20.324738 139413162030848 logging_writer.py:48] [1700] global_step=1700, grad_norm=1.0646543502807617, loss=6.684657096862793
I0502 00:38:38.001747 139413313009408 logging_writer.py:48] [1800] global_step=1800, grad_norm=0.8279712796211243, loss=6.197076797485352
I0502 00:39:55.723641 139413162030848 logging_writer.py:48] [1900] global_step=1900, grad_norm=0.9798451066017151, loss=6.200510501861572
I0502 00:41:13.465156 139413313009408 logging_writer.py:48] [2000] global_step=2000, grad_norm=0.7922029495239258, loss=6.744053840637207
I0502 00:42:31.210201 139413162030848 logging_writer.py:48] [2100] global_step=2100, grad_norm=0.8970321416854858, loss=6.316606044769287
I0502 00:42:51.899545 139653621614400 spec.py:298] Evaluating on the training split.
I0502 00:42:58.683188 139653621614400 spec.py:310] Evaluating on the validation split.
I0502 00:43:05.183755 139653621614400 spec.py:326] Evaluating on the test split.
I0502 00:43:06.930338 139653621614400 submission_runner.py:415] Time since start: 1857.23s, 	Step: 2128, 	{'train/accuracy': 0.05667968466877937, 'train/loss': 5.542654991149902, 'validation/accuracy': 0.05494000017642975, 'validation/loss': 5.574263572692871, 'validation/num_examples': 50000, 'test/accuracy': 0.045100003480911255, 'test/loss': 5.740973472595215, 'test/num_examples': 10000, 'score': 1746.7724061012268, 'total_duration': 1857.2349350452423, 'accumulated_submission_time': 1746.7724061012268, 'accumulated_eval_time': 110.30893468856812, 'accumulated_logging_time': 0.1208643913269043}
I0502 00:43:06.940418 139413313009408 logging_writer.py:48] [2128] accumulated_eval_time=110.308935, accumulated_logging_time=0.120864, accumulated_submission_time=1746.772406, global_step=2128, preemption_count=0, score=1746.772406, test/accuracy=0.045100, test/loss=5.740973, test/num_examples=10000, total_duration=1857.234935, train/accuracy=0.056680, train/loss=5.542655, validation/accuracy=0.054940, validation/loss=5.574264, validation/num_examples=50000
I0502 00:44:03.770524 139413162030848 logging_writer.py:48] [2200] global_step=2200, grad_norm=0.7497793436050415, loss=6.470210075378418
I0502 00:45:21.554857 139413313009408 logging_writer.py:48] [2300] global_step=2300, grad_norm=0.8812960982322693, loss=6.664348125457764
I0502 00:46:39.341687 139413162030848 logging_writer.py:48] [2400] global_step=2400, grad_norm=0.9273253083229065, loss=5.996110916137695
I0502 00:47:57.120515 139413313009408 logging_writer.py:48] [2500] global_step=2500, grad_norm=1.2301262617111206, loss=6.084290981292725
I0502 00:49:14.937835 139413162030848 logging_writer.py:48] [2600] global_step=2600, grad_norm=0.896740734577179, loss=5.919322967529297
I0502 00:50:07.528819 139653621614400 spec.py:298] Evaluating on the training split.
I0502 00:50:14.318609 139653621614400 spec.py:310] Evaluating on the validation split.
I0502 00:50:20.919375 139653621614400 spec.py:326] Evaluating on the test split.
I0502 00:50:22.670954 139653621614400 submission_runner.py:415] Time since start: 2292.98s, 	Step: 2669, 	{'train/accuracy': 0.07832030951976776, 'train/loss': 5.328441143035889, 'validation/accuracy': 0.07174000144004822, 'validation/loss': 5.37614107131958, 'validation/num_examples': 50000, 'test/accuracy': 0.055900003761053085, 'test/loss': 5.57596492767334, 'test/num_examples': 10000, 'score': 2167.3390300273895, 'total_duration': 2292.9755618572235, 'accumulated_submission_time': 2167.3390300273895, 'accumulated_eval_time': 125.45103335380554, 'accumulated_logging_time': 0.14440584182739258}
I0502 00:50:22.681591 139413313009408 logging_writer.py:48] [2669] accumulated_eval_time=125.451033, accumulated_logging_time=0.144406, accumulated_submission_time=2167.339030, global_step=2669, preemption_count=0, score=2167.339030, test/accuracy=0.055900, test/loss=5.575965, test/num_examples=10000, total_duration=2292.975562, train/accuracy=0.078320, train/loss=5.328441, validation/accuracy=0.071740, validation/loss=5.376141, validation/num_examples=50000
I0502 00:50:47.678954 139413162030848 logging_writer.py:48] [2700] global_step=2700, grad_norm=0.8612386584281921, loss=6.041934490203857
I0502 00:52:05.486019 139413313009408 logging_writer.py:48] [2800] global_step=2800, grad_norm=0.8644761443138123, loss=6.080977439880371
I0502 00:53:23.206852 139413162030848 logging_writer.py:48] [2900] global_step=2900, grad_norm=0.8833288550376892, loss=5.831037998199463
I0502 00:54:41.013376 139413313009408 logging_writer.py:48] [3000] global_step=3000, grad_norm=1.0379050970077515, loss=5.814491271972656
I0502 00:55:58.832910 139413162030848 logging_writer.py:48] [3100] global_step=3100, grad_norm=0.9381886720657349, loss=6.532912254333496
I0502 00:57:16.636631 139413313009408 logging_writer.py:48] [3200] global_step=3200, grad_norm=1.0597667694091797, loss=5.8180341720581055
I0502 00:57:23.372724 139653621614400 spec.py:298] Evaluating on the training split.
I0502 00:57:30.162527 139653621614400 spec.py:310] Evaluating on the validation split.
I0502 00:57:36.615850 139653621614400 spec.py:326] Evaluating on the test split.
I0502 00:57:38.360712 139653621614400 submission_runner.py:415] Time since start: 2728.67s, 	Step: 3210, 	{'train/accuracy': 0.10332030802965164, 'train/loss': 5.04941987991333, 'validation/accuracy': 0.09637999534606934, 'validation/loss': 5.102444171905518, 'validation/num_examples': 50000, 'test/accuracy': 0.07440000027418137, 'test/loss': 5.3394083976745605, 'test/num_examples': 10000, 'score': 2588.0098960399628, 'total_duration': 2728.6653208732605, 'accumulated_submission_time': 2588.0098960399628, 'accumulated_eval_time': 140.43897581100464, 'accumulated_logging_time': 0.16705918312072754}
I0502 00:57:38.371240 139413162030848 logging_writer.py:48] [3210] accumulated_eval_time=140.438976, accumulated_logging_time=0.167059, accumulated_submission_time=2588.009896, global_step=3210, preemption_count=0, score=2588.009896, test/accuracy=0.074400, test/loss=5.339408, test/num_examples=10000, total_duration=2728.665321, train/accuracy=0.103320, train/loss=5.049420, validation/accuracy=0.096380, validation/loss=5.102444, validation/num_examples=50000
I0502 00:58:49.282907 139413313009408 logging_writer.py:48] [3300] global_step=3300, grad_norm=1.027462363243103, loss=5.719717979431152
I0502 01:00:07.115609 139413162030848 logging_writer.py:48] [3400] global_step=3400, grad_norm=1.061991572380066, loss=5.7624406814575195
I0502 01:01:24.894287 139413313009408 logging_writer.py:48] [3500] global_step=3500, grad_norm=0.8124607801437378, loss=6.2066874504089355
I0502 01:02:42.722832 139413162030848 logging_writer.py:48] [3600] global_step=3600, grad_norm=0.9212446808815002, loss=5.671993255615234
I0502 01:04:00.567247 139413313009408 logging_writer.py:48] [3700] global_step=3700, grad_norm=1.018884539604187, loss=6.167836666107178
I0502 01:04:38.393533 139653621614400 spec.py:298] Evaluating on the training split.
I0502 01:04:45.169810 139653621614400 spec.py:310] Evaluating on the validation split.
I0502 01:04:51.660734 139653621614400 spec.py:326] Evaluating on the test split.
I0502 01:04:53.400466 139653621614400 submission_runner.py:415] Time since start: 3163.71s, 	Step: 3750, 	{'train/accuracy': 0.1263476461172104, 'train/loss': 4.845317840576172, 'validation/accuracy': 0.11713999509811401, 'validation/loss': 4.910996437072754, 'validation/num_examples': 50000, 'test/accuracy': 0.08580000698566437, 'test/loss': 5.191555500030518, 'test/num_examples': 10000, 'score': 3008.0100514888763, 'total_duration': 3163.705046892166, 'accumulated_submission_time': 3008.0100514888763, 'accumulated_eval_time': 155.44584369659424, 'accumulated_logging_time': 0.19133615493774414}
I0502 01:04:53.415577 139413162030848 logging_writer.py:48] [3750] accumulated_eval_time=155.445844, accumulated_logging_time=0.191336, accumulated_submission_time=3008.010051, global_step=3750, preemption_count=0, score=3008.010051, test/accuracy=0.085800, test/loss=5.191556, test/num_examples=10000, total_duration=3163.705047, train/accuracy=0.126348, train/loss=4.845318, validation/accuracy=0.117140, validation/loss=4.910996, validation/num_examples=50000
I0502 01:05:33.182488 139413313009408 logging_writer.py:48] [3800] global_step=3800, grad_norm=0.8259239196777344, loss=6.576797008514404
I0502 01:06:50.987291 139413162030848 logging_writer.py:48] [3900] global_step=3900, grad_norm=0.9537835121154785, loss=5.503060817718506
I0502 01:08:08.779083 139413313009408 logging_writer.py:48] [4000] global_step=4000, grad_norm=0.8693126440048218, loss=5.519550800323486
I0502 01:09:26.631972 139413162030848 logging_writer.py:48] [4100] global_step=4100, grad_norm=0.8596093654632568, loss=5.838214874267578
I0502 01:10:44.459017 139413313009408 logging_writer.py:48] [4200] global_step=4200, grad_norm=1.0926529169082642, loss=5.594581604003906
I0502 01:11:53.432415 139653621614400 spec.py:298] Evaluating on the training split.
I0502 01:12:00.220754 139653621614400 spec.py:310] Evaluating on the validation split.
I0502 01:12:06.678331 139653621614400 spec.py:326] Evaluating on the test split.
I0502 01:12:08.423478 139653621614400 submission_runner.py:415] Time since start: 3598.73s, 	Step: 4290, 	{'train/accuracy': 0.15830077230930328, 'train/loss': 4.5480499267578125, 'validation/accuracy': 0.14611999690532684, 'validation/loss': 4.636673450469971, 'validation/num_examples': 50000, 'test/accuracy': 0.1120000034570694, 'test/loss': 4.947347164154053, 'test/num_examples': 10000, 'score': 3428.006046295166, 'total_duration': 3598.7280633449554, 'accumulated_submission_time': 3428.006046295166, 'accumulated_eval_time': 170.43685603141785, 'accumulated_logging_time': 0.21928739547729492}
I0502 01:12:08.439650 139413162030848 logging_writer.py:48] [4290] accumulated_eval_time=170.436856, accumulated_logging_time=0.219287, accumulated_submission_time=3428.006046, global_step=4290, preemption_count=0, score=3428.006046, test/accuracy=0.112000, test/loss=4.947347, test/num_examples=10000, total_duration=3598.728063, train/accuracy=0.158301, train/loss=4.548050, validation/accuracy=0.146120, validation/loss=4.636673, validation/num_examples=50000
I0502 01:12:17.108175 139413313009408 logging_writer.py:48] [4300] global_step=4300, grad_norm=1.1007179021835327, loss=5.402416706085205
I0502 01:13:34.921666 139413162030848 logging_writer.py:48] [4400] global_step=4400, grad_norm=0.9364669919013977, loss=5.409395694732666
I0502 01:14:52.749978 139413313009408 logging_writer.py:48] [4500] global_step=4500, grad_norm=1.008906364440918, loss=5.357527256011963
I0502 01:16:10.568241 139413162030848 logging_writer.py:48] [4600] global_step=4600, grad_norm=1.0069477558135986, loss=5.44582462310791
I0502 01:17:28.377016 139413313009408 logging_writer.py:48] [4700] global_step=4700, grad_norm=1.0393221378326416, loss=5.388348579406738
I0502 01:18:46.249758 139413162030848 logging_writer.py:48] [4800] global_step=4800, grad_norm=0.7270910739898682, loss=6.35060453414917
I0502 01:19:08.527899 139653621614400 spec.py:298] Evaluating on the training split.
I0502 01:19:15.316395 139653621614400 spec.py:310] Evaluating on the validation split.
I0502 01:19:21.966946 139653621614400 spec.py:326] Evaluating on the test split.
I0502 01:19:23.703942 139653621614400 submission_runner.py:415] Time since start: 4034.01s, 	Step: 4830, 	{'train/accuracy': 0.18183593451976776, 'train/loss': 4.369006156921387, 'validation/accuracy': 0.16885998845100403, 'validation/loss': 4.4567108154296875, 'validation/num_examples': 50000, 'test/accuracy': 0.1282000094652176, 'test/loss': 4.785923004150391, 'test/num_examples': 10000, 'score': 3848.07204079628, 'total_duration': 4034.0085546970367, 'accumulated_submission_time': 3848.07204079628, 'accumulated_eval_time': 185.6128535270691, 'accumulated_logging_time': 0.24971699714660645}
I0502 01:19:23.716433 139413313009408 logging_writer.py:48] [4830] accumulated_eval_time=185.612854, accumulated_logging_time=0.249717, accumulated_submission_time=3848.072041, global_step=4830, preemption_count=0, score=3848.072041, test/accuracy=0.128200, test/loss=4.785923, test/num_examples=10000, total_duration=4034.008555, train/accuracy=0.181836, train/loss=4.369006, validation/accuracy=0.168860, validation/loss=4.456711, validation/num_examples=50000
I0502 01:20:19.052486 139413162030848 logging_writer.py:48] [4900] global_step=4900, grad_norm=1.1298803091049194, loss=5.340322971343994
I0502 01:21:36.913731 139413313009408 logging_writer.py:48] [5000] global_step=5000, grad_norm=0.8799542188644409, loss=6.282027244567871
I0502 01:22:54.819964 139413162030848 logging_writer.py:48] [5100] global_step=5100, grad_norm=0.9385135173797607, loss=5.195303916931152
I0502 01:24:12.668585 139413313009408 logging_writer.py:48] [5200] global_step=5200, grad_norm=1.2032253742218018, loss=5.222592353820801
I0502 01:25:30.552247 139413162030848 logging_writer.py:48] [5300] global_step=5300, grad_norm=0.9976384043693542, loss=5.234945774078369
I0502 01:26:23.981604 139653621614400 spec.py:298] Evaluating on the training split.
I0502 01:26:30.772797 139653621614400 spec.py:310] Evaluating on the validation split.
I0502 01:26:37.382846 139653621614400 spec.py:326] Evaluating on the test split.
I0502 01:26:39.130028 139653621614400 submission_runner.py:415] Time since start: 4469.43s, 	Step: 5370, 	{'train/accuracy': 0.21193358302116394, 'train/loss': 4.104508399963379, 'validation/accuracy': 0.1959799975156784, 'validation/loss': 4.183114051818848, 'validation/num_examples': 50000, 'test/accuracy': 0.14750000834465027, 'test/loss': 4.566035270690918, 'test/num_examples': 10000, 'score': 4268.315876483917, 'total_duration': 4469.434617996216, 'accumulated_submission_time': 4268.315876483917, 'accumulated_eval_time': 200.76121759414673, 'accumulated_logging_time': 0.27559852600097656}
I0502 01:26:39.141668 139413313009408 logging_writer.py:48] [5370] accumulated_eval_time=200.761218, accumulated_logging_time=0.275599, accumulated_submission_time=4268.315876, global_step=5370, preemption_count=0, score=4268.315876, test/accuracy=0.147500, test/loss=4.566035, test/num_examples=10000, total_duration=4469.434618, train/accuracy=0.211934, train/loss=4.104508, validation/accuracy=0.195980, validation/loss=4.183114, validation/num_examples=50000
I0502 01:27:03.378142 139413162030848 logging_writer.py:48] [5400] global_step=5400, grad_norm=1.0313419103622437, loss=6.395435810089111
I0502 01:28:21.231106 139413313009408 logging_writer.py:48] [5500] global_step=5500, grad_norm=0.7865210175514221, loss=6.498126029968262
I0502 01:29:39.107484 139413162030848 logging_writer.py:48] [5600] global_step=5600, grad_norm=0.9549009203910828, loss=5.0954484939575195
I0502 01:30:56.956348 139413313009408 logging_writer.py:48] [5700] global_step=5700, grad_norm=0.9198868870735168, loss=5.138808250427246
I0502 01:32:14.832761 139413162030848 logging_writer.py:48] [5800] global_step=5800, grad_norm=0.7323630452156067, loss=5.92808723449707
I0502 01:33:32.668385 139413313009408 logging_writer.py:48] [5900] global_step=5900, grad_norm=0.6415819525718689, loss=6.161728382110596
I0502 01:33:39.390368 139653621614400 spec.py:298] Evaluating on the training split.
I0502 01:33:46.192153 139653621614400 spec.py:310] Evaluating on the validation split.
I0502 01:33:52.823235 139653621614400 spec.py:326] Evaluating on the test split.
I0502 01:33:54.568017 139653621614400 submission_runner.py:415] Time since start: 4904.87s, 	Step: 5910, 	{'train/accuracy': 0.2245507836341858, 'train/loss': 4.051093101501465, 'validation/accuracy': 0.2065799981355667, 'validation/loss': 4.145547866821289, 'validation/num_examples': 50000, 'test/accuracy': 0.16140000522136688, 'test/loss': 4.552667617797852, 'test/num_examples': 10000, 'score': 4688.544184207916, 'total_duration': 4904.872576951981, 'accumulated_submission_time': 4688.544184207916, 'accumulated_eval_time': 215.93876934051514, 'accumulated_logging_time': 0.29979920387268066}
I0502 01:33:54.583777 139413162030848 logging_writer.py:48] [5910] accumulated_eval_time=215.938769, accumulated_logging_time=0.299799, accumulated_submission_time=4688.544184, global_step=5910, preemption_count=0, score=4688.544184, test/accuracy=0.161400, test/loss=4.552668, test/num_examples=10000, total_duration=4904.872577, train/accuracy=0.224551, train/loss=4.051093, validation/accuracy=0.206580, validation/loss=4.145548, validation/num_examples=50000
I0502 01:35:05.547254 139413313009408 logging_writer.py:48] [6000] global_step=6000, grad_norm=0.9634692072868347, loss=5.320242881774902
I0502 01:36:23.413842 139413162030848 logging_writer.py:48] [6100] global_step=6100, grad_norm=0.928441047668457, loss=4.946505546569824
I0502 01:37:41.260085 139413313009408 logging_writer.py:48] [6200] global_step=6200, grad_norm=0.7125758528709412, loss=6.382269859313965
I0502 01:38:59.092680 139413162030848 logging_writer.py:48] [6300] global_step=6300, grad_norm=0.7431474924087524, loss=5.88502836227417
I0502 01:40:16.946933 139413313009408 logging_writer.py:48] [6400] global_step=6400, grad_norm=0.9287846088409424, loss=4.884108543395996
I0502 01:40:54.797101 139653621614400 spec.py:298] Evaluating on the training split.
I0502 01:41:01.587686 139653621614400 spec.py:310] Evaluating on the validation split.
I0502 01:41:08.216445 139653621614400 spec.py:326] Evaluating on the test split.
I0502 01:41:09.971181 139653621614400 submission_runner.py:415] Time since start: 5340.28s, 	Step: 6450, 	{'train/accuracy': 0.26005858182907104, 'train/loss': 3.7926025390625, 'validation/accuracy': 0.24053999781608582, 'validation/loss': 3.9104056358337402, 'validation/num_examples': 50000, 'test/accuracy': 0.18390001356601715, 'test/loss': 4.3344316482543945, 'test/num_examples': 10000, 'score': 5108.739726305008, 'total_duration': 5340.275751113892, 'accumulated_submission_time': 5108.739726305008, 'accumulated_eval_time': 231.11277103424072, 'accumulated_logging_time': 0.32534122467041016}
I0502 01:41:09.986424 139413162030848 logging_writer.py:48] [6450] accumulated_eval_time=231.112771, accumulated_logging_time=0.325341, accumulated_submission_time=5108.739726, global_step=6450, preemption_count=0, score=5108.739726, test/accuracy=0.183900, test/loss=4.334432, test/num_examples=10000, total_duration=5340.275751, train/accuracy=0.260059, train/loss=3.792603, validation/accuracy=0.240540, validation/loss=3.910406, validation/num_examples=50000
I0502 01:41:49.794584 139413313009408 logging_writer.py:48] [6500] global_step=6500, grad_norm=0.9730007648468018, loss=4.937283515930176
I0502 01:43:07.614927 139413162030848 logging_writer.py:48] [6600] global_step=6600, grad_norm=0.7959468364715576, loss=5.024372100830078
I0502 01:44:25.463456 139413313009408 logging_writer.py:48] [6700] global_step=6700, grad_norm=0.8142940998077393, loss=4.950514316558838
I0502 01:45:43.311579 139413162030848 logging_writer.py:48] [6800] global_step=6800, grad_norm=0.9446049332618713, loss=4.848287105560303
I0502 01:47:01.174557 139413313009408 logging_writer.py:48] [6900] global_step=6900, grad_norm=0.9118505716323853, loss=4.806370735168457
I0502 01:48:10.088542 139653621614400 spec.py:298] Evaluating on the training split.
I0502 01:48:16.885019 139653621614400 spec.py:310] Evaluating on the validation split.
I0502 01:48:23.541204 139653621614400 spec.py:326] Evaluating on the test split.
I0502 01:48:25.286034 139653621614400 submission_runner.py:415] Time since start: 5775.59s, 	Step: 6990, 	{'train/accuracy': 0.2891796827316284, 'train/loss': 3.6054911613464355, 'validation/accuracy': 0.25165998935699463, 'validation/loss': 3.809664487838745, 'validation/num_examples': 50000, 'test/accuracy': 0.1972000151872635, 'test/loss': 4.233774185180664, 'test/num_examples': 10000, 'score': 5528.8206968307495, 'total_duration': 5775.590601205826, 'accumulated_submission_time': 5528.8206968307495, 'accumulated_eval_time': 246.31018090248108, 'accumulated_logging_time': 0.35364270210266113}
I0502 01:48:25.301720 139413162030848 logging_writer.py:48] [6990] accumulated_eval_time=246.310181, accumulated_logging_time=0.353643, accumulated_submission_time=5528.820697, global_step=6990, preemption_count=0, score=5528.820697, test/accuracy=0.197200, test/loss=4.233774, test/num_examples=10000, total_duration=5775.590601, train/accuracy=0.289180, train/loss=3.605491, validation/accuracy=0.251660, validation/loss=3.809664, validation/num_examples=50000
I0502 01:48:33.985260 139413313009408 logging_writer.py:48] [7000] global_step=7000, grad_norm=0.6406728625297546, loss=5.9447245597839355
I0502 01:49:51.865117 139413162030848 logging_writer.py:48] [7100] global_step=7100, grad_norm=0.8707071542739868, loss=4.905494689941406
I0502 01:51:09.683929 139413313009408 logging_writer.py:48] [7200] global_step=7200, grad_norm=0.8101069927215576, loss=4.869235992431641
I0502 01:52:27.535116 139413162030848 logging_writer.py:48] [7300] global_step=7300, grad_norm=0.6570941209793091, loss=5.8797078132629395
I0502 01:53:45.361371 139413313009408 logging_writer.py:48] [7400] global_step=7400, grad_norm=0.9231098890304565, loss=4.834907531738281
I0502 01:55:03.177695 139413162030848 logging_writer.py:48] [7500] global_step=7500, grad_norm=1.5034106969833374, loss=4.852417945861816
I0502 01:55:25.452184 139653621614400 spec.py:298] Evaluating on the training split.
I0502 01:55:32.250610 139653621614400 spec.py:310] Evaluating on the validation split.
I0502 01:55:38.908502 139653621614400 spec.py:326] Evaluating on the test split.
I0502 01:55:40.653855 139653621614400 submission_runner.py:415] Time since start: 6210.96s, 	Step: 7530, 	{'train/accuracy': 0.30537107586860657, 'train/loss': 3.45223069190979, 'validation/accuracy': 0.27715998888015747, 'validation/loss': 3.597196578979492, 'validation/num_examples': 50000, 'test/accuracy': 0.21390001475811005, 'test/loss': 4.073435306549072, 'test/num_examples': 10000, 'score': 5948.952146053314, 'total_duration': 6210.95846414566, 'accumulated_submission_time': 5948.952146053314, 'accumulated_eval_time': 261.5118029117584, 'accumulated_logging_time': 0.38050031661987305}
I0502 01:55:40.665338 139413313009408 logging_writer.py:48] [7530] accumulated_eval_time=261.511803, accumulated_logging_time=0.380500, accumulated_submission_time=5948.952146, global_step=7530, preemption_count=0, score=5948.952146, test/accuracy=0.213900, test/loss=4.073435, test/num_examples=10000, total_duration=6210.958464, train/accuracy=0.305371, train/loss=3.452231, validation/accuracy=0.277160, validation/loss=3.597197, validation/num_examples=50000
I0502 01:56:35.940607 139413162030848 logging_writer.py:48] [7600] global_step=7600, grad_norm=0.7951479554176331, loss=4.710866928100586
I0502 01:57:53.789143 139413313009408 logging_writer.py:48] [7700] global_step=7700, grad_norm=0.867981493473053, loss=4.915706634521484
I0502 01:59:11.660191 139413162030848 logging_writer.py:48] [7800] global_step=7800, grad_norm=0.854326605796814, loss=4.786742687225342
I0502 02:00:29.496867 139413313009408 logging_writer.py:48] [7900] global_step=7900, grad_norm=0.8591720461845398, loss=4.560177803039551
I0502 02:01:47.342354 139413162030848 logging_writer.py:48] [8000] global_step=8000, grad_norm=0.8298007249832153, loss=4.681521415710449
I0502 02:02:40.723848 139653621614400 spec.py:298] Evaluating on the training split.
I0502 02:02:47.533617 139653621614400 spec.py:310] Evaluating on the validation split.
I0502 02:02:54.255134 139653621614400 spec.py:326] Evaluating on the test split.
I0502 02:02:56.006777 139653621614400 submission_runner.py:415] Time since start: 6646.31s, 	Step: 8070, 	{'train/accuracy': 0.3279492259025574, 'train/loss': 3.2899789810180664, 'validation/accuracy': 0.3025200068950653, 'validation/loss': 3.419285774230957, 'validation/num_examples': 50000, 'test/accuracy': 0.2321000099182129, 'test/loss': 3.912594795227051, 'test/num_examples': 10000, 'score': 6368.98800611496, 'total_duration': 6646.3113803863525, 'accumulated_submission_time': 6368.98800611496, 'accumulated_eval_time': 276.79468607902527, 'accumulated_logging_time': 0.40654850006103516}
I0502 02:02:56.017642 139413313009408 logging_writer.py:48] [8070] accumulated_eval_time=276.794686, accumulated_logging_time=0.406549, accumulated_submission_time=6368.988006, global_step=8070, preemption_count=0, score=6368.988006, test/accuracy=0.232100, test/loss=3.912595, test/num_examples=10000, total_duration=6646.311380, train/accuracy=0.327949, train/loss=3.289979, validation/accuracy=0.302520, validation/loss=3.419286, validation/num_examples=50000
I0502 02:03:20.244533 139413162030848 logging_writer.py:48] [8100] global_step=8100, grad_norm=0.715149998664856, loss=4.989997863769531
I0502 02:04:38.131094 139413313009408 logging_writer.py:48] [8200] global_step=8200, grad_norm=0.8849000930786133, loss=4.644027233123779
I0502 02:05:55.961041 139413162030848 logging_writer.py:48] [8300] global_step=8300, grad_norm=0.6037359237670898, loss=5.8876953125
I0502 02:07:13.788734 139413313009408 logging_writer.py:48] [8400] global_step=8400, grad_norm=0.6724019646644592, loss=5.682131767272949
I0502 02:08:31.663347 139413162030848 logging_writer.py:48] [8500] global_step=8500, grad_norm=1.0653735399246216, loss=4.558475971221924
I0502 02:09:49.530674 139413313009408 logging_writer.py:48] [8600] global_step=8600, grad_norm=0.8305873870849609, loss=4.528692722320557
I0502 02:09:56.273958 139653621614400 spec.py:298] Evaluating on the training split.
I0502 02:10:03.095602 139653621614400 spec.py:310] Evaluating on the validation split.
I0502 02:10:09.805634 139653621614400 spec.py:326] Evaluating on the test split.
I0502 02:10:11.546859 139653621614400 submission_runner.py:415] Time since start: 7081.85s, 	Step: 8610, 	{'train/accuracy': 0.34619140625, 'train/loss': 3.1740331649780273, 'validation/accuracy': 0.3144199848175049, 'validation/loss': 3.350982189178467, 'validation/num_examples': 50000, 'test/accuracy': 0.24070000648498535, 'test/loss': 3.8787009716033936, 'test/num_examples': 10000, 'score': 6789.22288942337, 'total_duration': 7081.8514585494995, 'accumulated_submission_time': 6789.22288942337, 'accumulated_eval_time': 292.06752943992615, 'accumulated_logging_time': 0.4307565689086914}
I0502 02:10:11.559066 139413162030848 logging_writer.py:48] [8610] accumulated_eval_time=292.067529, accumulated_logging_time=0.430757, accumulated_submission_time=6789.222889, global_step=8610, preemption_count=0, score=6789.222889, test/accuracy=0.240700, test/loss=3.878701, test/num_examples=10000, total_duration=7081.851459, train/accuracy=0.346191, train/loss=3.174033, validation/accuracy=0.314420, validation/loss=3.350982, validation/num_examples=50000
I0502 02:11:22.478988 139413313009408 logging_writer.py:48] [8700] global_step=8700, grad_norm=0.6370913982391357, loss=5.694935321807861
I0502 02:12:40.303100 139413162030848 logging_writer.py:48] [8800] global_step=8800, grad_norm=0.5763388872146606, loss=6.111059665679932
I0502 02:13:58.188978 139413313009408 logging_writer.py:48] [8900] global_step=8900, grad_norm=0.787924587726593, loss=4.516522407531738
I0502 02:15:15.988992 139413162030848 logging_writer.py:48] [9000] global_step=9000, grad_norm=0.5932343602180481, loss=6.085263252258301
I0502 02:16:33.834407 139413313009408 logging_writer.py:48] [9100] global_step=9100, grad_norm=0.7702380418777466, loss=4.756016731262207
I0502 02:17:11.661717 139653621614400 spec.py:298] Evaluating on the training split.
I0502 02:17:18.486482 139653621614400 spec.py:310] Evaluating on the validation split.
I0502 02:17:25.289108 139653621614400 spec.py:326] Evaluating on the test split.
I0502 02:17:27.039517 139653621614400 submission_runner.py:415] Time since start: 7517.34s, 	Step: 9150, 	{'train/accuracy': 0.34925779700279236, 'train/loss': 3.171983480453491, 'validation/accuracy': 0.3237600028514862, 'validation/loss': 3.312438726425171, 'validation/num_examples': 50000, 'test/accuracy': 0.25370001792907715, 'test/loss': 3.825394630432129, 'test/num_examples': 10000, 'score': 7209.303078889847, 'total_duration': 7517.344086885452, 'accumulated_submission_time': 7209.303078889847, 'accumulated_eval_time': 307.44526982307434, 'accumulated_logging_time': 0.45702695846557617}
I0502 02:17:27.054257 139413162030848 logging_writer.py:48] [9150] accumulated_eval_time=307.445270, accumulated_logging_time=0.457027, accumulated_submission_time=7209.303079, global_step=9150, preemption_count=0, score=7209.303079, test/accuracy=0.253700, test/loss=3.825395, test/num_examples=10000, total_duration=7517.344087, train/accuracy=0.349258, train/loss=3.171983, validation/accuracy=0.323760, validation/loss=3.312439, validation/num_examples=50000
I0502 02:18:06.819053 139413313009408 logging_writer.py:48] [9200] global_step=9200, grad_norm=0.8309321403503418, loss=4.629321098327637
I0502 02:19:24.635397 139413162030848 logging_writer.py:48] [9300] global_step=9300, grad_norm=0.6942456364631653, loss=5.073070049285889
I0502 02:20:42.458622 139413313009408 logging_writer.py:48] [9400] global_step=9400, grad_norm=0.7286489605903625, loss=4.67377233505249
I0502 02:22:00.325184 139413162030848 logging_writer.py:48] [9500] global_step=9500, grad_norm=0.8346673250198364, loss=4.542148590087891
I0502 02:23:18.179196 139413313009408 logging_writer.py:48] [9600] global_step=9600, grad_norm=0.9275507926940918, loss=4.843402862548828
I0502 02:24:27.159479 139653621614400 spec.py:298] Evaluating on the training split.
I0502 02:24:34.070579 139653621614400 spec.py:310] Evaluating on the validation split.
I0502 02:24:41.877868 139653621614400 spec.py:326] Evaluating on the test split.
I0502 02:24:43.611344 139653621614400 submission_runner.py:415] Time since start: 7953.92s, 	Step: 9690, 	{'train/accuracy': 0.38755857944488525, 'train/loss': 2.901573419570923, 'validation/accuracy': 0.34887999296188354, 'validation/loss': 3.1177330017089844, 'validation/num_examples': 50000, 'test/accuracy': 0.262800008058548, 'test/loss': 3.6641533374786377, 'test/num_examples': 10000, 'score': 7629.388253211975, 'total_duration': 7953.9159553050995, 'accumulated_submission_time': 7629.388253211975, 'accumulated_eval_time': 323.89712047576904, 'accumulated_logging_time': 0.48378610610961914}
I0502 02:24:43.623377 139413162030848 logging_writer.py:48] [9690] accumulated_eval_time=323.897120, accumulated_logging_time=0.483786, accumulated_submission_time=7629.388253, global_step=9690, preemption_count=0, score=7629.388253, test/accuracy=0.262800, test/loss=3.664153, test/num_examples=10000, total_duration=7953.915955, train/accuracy=0.387559, train/loss=2.901573, validation/accuracy=0.348880, validation/loss=3.117733, validation/num_examples=50000
I0502 02:24:52.227543 139413313009408 logging_writer.py:48] [9700] global_step=9700, grad_norm=0.642681896686554, loss=5.049079895019531
I0502 02:26:10.105219 139413162030848 logging_writer.py:48] [9800] global_step=9800, grad_norm=0.48856934905052185, loss=5.996888637542725
I0502 02:27:27.936430 139413313009408 logging_writer.py:48] [9900] global_step=9900, grad_norm=0.864770770072937, loss=4.40500545501709
I0502 02:28:45.776687 139413162030848 logging_writer.py:48] [10000] global_step=10000, grad_norm=0.8338721394538879, loss=4.741176605224609
I0502 02:30:03.599905 139413313009408 logging_writer.py:48] [10100] global_step=10100, grad_norm=0.42277243733406067, loss=5.875286102294922
I0502 02:31:21.461007 139413162030848 logging_writer.py:48] [10200] global_step=10200, grad_norm=0.5534414649009705, loss=6.07672119140625
I0502 02:31:43.751749 139653621614400 spec.py:298] Evaluating on the training split.
I0502 02:31:50.875479 139653621614400 spec.py:310] Evaluating on the validation split.
I0502 02:31:59.726106 139653621614400 spec.py:326] Evaluating on the test split.
I0502 02:32:01.468079 139653621614400 submission_runner.py:415] Time since start: 8391.77s, 	Step: 10230, 	{'train/accuracy': 0.38972654938697815, 'train/loss': 2.951045513153076, 'validation/accuracy': 0.3606799840927124, 'validation/loss': 3.100334882736206, 'validation/num_examples': 50000, 'test/accuracy': 0.2802000045776367, 'test/loss': 3.627120018005371, 'test/num_examples': 10000, 'score': 8049.498726129532, 'total_duration': 8391.772688388824, 'accumulated_submission_time': 8049.498726129532, 'accumulated_eval_time': 341.6133997440338, 'accumulated_logging_time': 0.5057449340820312}
I0502 02:32:01.480100 139413313009408 logging_writer.py:48] [10230] accumulated_eval_time=341.613400, accumulated_logging_time=0.505745, accumulated_submission_time=8049.498726, global_step=10230, preemption_count=0, score=8049.498726, test/accuracy=0.280200, test/loss=3.627120, test/num_examples=10000, total_duration=8391.772688, train/accuracy=0.389727, train/loss=2.951046, validation/accuracy=0.360680, validation/loss=3.100335, validation/num_examples=50000
I0502 02:32:56.741548 139413162030848 logging_writer.py:48] [10300] global_step=10300, grad_norm=0.752554178237915, loss=4.415177822113037
I0502 02:34:14.638183 139413313009408 logging_writer.py:48] [10400] global_step=10400, grad_norm=0.7751511931419373, loss=4.338714599609375
I0502 02:35:32.576048 139413162030848 logging_writer.py:48] [10500] global_step=10500, grad_norm=0.5550938844680786, loss=5.584689140319824
I0502 02:36:50.472639 139413313009408 logging_writer.py:48] [10600] global_step=10600, grad_norm=0.5133605003356934, loss=5.782480716705322
I0502 02:38:08.308219 139413162030848 logging_writer.py:48] [10700] global_step=10700, grad_norm=0.8633483648300171, loss=4.349845886230469
I0502 02:39:01.738378 139653621614400 spec.py:298] Evaluating on the training split.
I0502 02:39:09.122140 139653621614400 spec.py:310] Evaluating on the validation split.
I0502 02:39:18.444041 139653621614400 spec.py:326] Evaluating on the test split.
I0502 02:39:20.175950 139653621614400 submission_runner.py:415] Time since start: 8830.48s, 	Step: 10770, 	{'train/accuracy': 0.3985937535762787, 'train/loss': 2.8954787254333496, 'validation/accuracy': 0.3694799840450287, 'validation/loss': 3.0494508743286133, 'validation/num_examples': 50000, 'test/accuracy': 0.2851000130176544, 'test/loss': 3.5948896408081055, 'test/num_examples': 10000, 'score': 8469.736020088196, 'total_duration': 8830.48053431511, 'accumulated_submission_time': 8469.736020088196, 'accumulated_eval_time': 360.0509202480316, 'accumulated_logging_time': 0.5309243202209473}
I0502 02:39:20.193219 139413313009408 logging_writer.py:48] [10770] accumulated_eval_time=360.050920, accumulated_logging_time=0.530924, accumulated_submission_time=8469.736020, global_step=10770, preemption_count=0, score=8469.736020, test/accuracy=0.285100, test/loss=3.594890, test/num_examples=10000, total_duration=8830.480534, train/accuracy=0.398594, train/loss=2.895479, validation/accuracy=0.369480, validation/loss=3.049451, validation/num_examples=50000
I0502 02:39:44.330775 139413162030848 logging_writer.py:48] [10800] global_step=10800, grad_norm=0.8986846208572388, loss=4.26576042175293
I0502 02:41:02.134739 139413313009408 logging_writer.py:48] [10900] global_step=10900, grad_norm=0.7776450514793396, loss=4.212967872619629
I0502 02:42:19.968430 139413162030848 logging_writer.py:48] [11000] global_step=11000, grad_norm=0.8081851601600647, loss=4.113213539123535
I0502 02:43:37.791822 139413313009408 logging_writer.py:48] [11100] global_step=11100, grad_norm=0.5053207278251648, loss=6.031558036804199
I0502 02:44:55.580078 139413162030848 logging_writer.py:48] [11200] global_step=11200, grad_norm=0.7811546325683594, loss=4.149083614349365
I0502 02:46:13.387577 139413313009408 logging_writer.py:48] [11300] global_step=11300, grad_norm=0.9793396592140198, loss=4.246953964233398
I0502 02:46:20.885328 139653621614400 spec.py:298] Evaluating on the training split.
I0502 02:46:28.388412 139653621614400 spec.py:310] Evaluating on the validation split.
I0502 02:46:37.773254 139653621614400 spec.py:326] Evaluating on the test split.
I0502 02:46:39.520182 139653621614400 submission_runner.py:415] Time since start: 9269.82s, 	Step: 11311, 	{'train/accuracy': 0.4358789026737213, 'train/loss': 2.6131887435913086, 'validation/accuracy': 0.398639976978302, 'validation/loss': 2.821199893951416, 'validation/num_examples': 50000, 'test/accuracy': 0.3027999997138977, 'test/loss': 3.40556263923645, 'test/num_examples': 10000, 'score': 8890.406812906265, 'total_duration': 9269.823364019394, 'accumulated_submission_time': 8890.406812906265, 'accumulated_eval_time': 378.6842978000641, 'accumulated_logging_time': 0.5615575313568115}
I0502 02:46:39.537467 139413162030848 logging_writer.py:48] [11311] accumulated_eval_time=378.684298, accumulated_logging_time=0.561558, accumulated_submission_time=8890.406813, global_step=11311, preemption_count=0, score=8890.406813, test/accuracy=0.302800, test/loss=3.405563, test/num_examples=10000, total_duration=9269.823364, train/accuracy=0.435879, train/loss=2.613189, validation/accuracy=0.398640, validation/loss=2.821200, validation/num_examples=50000
I0502 02:47:49.601355 139413313009408 logging_writer.py:48] [11400] global_step=11400, grad_norm=0.7315613627433777, loss=4.689698696136475
I0502 02:49:07.440130 139413162030848 logging_writer.py:48] [11500] global_step=11500, grad_norm=0.533601701259613, loss=5.569758415222168
I0502 02:50:25.266415 139413313009408 logging_writer.py:48] [11600] global_step=11600, grad_norm=0.7785879373550415, loss=4.241835594177246
