I0429 00:14:49.283387 140286072178432 logging_writer.py:48] [15683] accumulated_eval_time=320.533554, accumulated_logging_time=0.536656, accumulated_submission_time=7215.868463, global_step=15683, preemption_count=0, score=7215.868463, test/accuracy=0.039000, test/loss=5.737372, test/num_examples=10000, total_duration=7537.214566, train/accuracy=0.052695, train/loss=5.556305, validation/accuracy=0.049100, validation/loss=5.585467, validation/num_examples=50000
I0429 00:14:58.073911 140286080571136 logging_writer.py:48] [15700] global_step=15700, grad_norm=0.7218425869941711, loss=6.010103225708008
I0429 00:15:44.274776 140286072178432 logging_writer.py:48] [15800] global_step=15800, grad_norm=0.7042394280433655, loss=6.047236919403076
I0429 00:16:30.166028 140286080571136 logging_writer.py:48] [15900] global_step=15900, grad_norm=0.6928797960281372, loss=6.433346748352051
I0429 00:17:15.977729 140286072178432 logging_writer.py:48] [16000] global_step=16000, grad_norm=0.7254155874252319, loss=5.947346210479736
I0429 00:18:02.208441 140286080571136 logging_writer.py:48] [16100] global_step=16100, grad_norm=0.6202065944671631, loss=6.677552700042725
I0429 00:18:47.953175 140286072178432 logging_writer.py:48] [16200] global_step=16200, grad_norm=0.7891466021537781, loss=5.96036958694458
I0429 00:19:33.700867 140286080571136 logging_writer.py:48] [16300] global_step=16300, grad_norm=0.6636092066764832, loss=6.0763840675354
I0429 00:20:19.476720 140286072178432 logging_writer.py:48] [16400] global_step=16400, grad_norm=0.7163915634155273, loss=6.280258655548096
I0429 00:21:05.770156 140286080571136 logging_writer.py:48] [16500] global_step=16500, grad_norm=0.8348033428192139, loss=6.092080116271973
I0429 00:21:49.570074 140516526462784 spec.py:298] Evaluating on the training split.
I0429 00:21:58.698161 140516526462784 spec.py:310] Evaluating on the validation split.
I0429 00:22:06.293376 140516526462784 spec.py:326] Evaluating on the test split.
I0429 00:22:08.017339 140516526462784 submission_runner.py:415] Time since start: 7975.97s, 	Step: 16597, 	{'train/accuracy': 0.06566406041383743, 'train/loss': 5.346097469329834, 'validation/accuracy': 0.06191999837756157, 'validation/loss': 5.388829708099365, 'validation/num_examples': 50000, 'test/accuracy': 0.048700001090765, 'test/loss': 5.561663627624512, 'test/num_examples': 10000, 'score': 7636.107887268066, 'total_duration': 7975.966424465179, 'accumulated_submission_time': 7636.107887268066, 'accumulated_eval_time': 338.98077416419983, 'accumulated_logging_time': 0.5847828388214111}
I0429 00:22:08.032865 140286072178432 logging_writer.py:48] [16597] accumulated_eval_time=338.980774, accumulated_logging_time=0.584783, accumulated_submission_time=7636.107887, global_step=16597, preemption_count=0, score=7636.107887, test/accuracy=0.048700, test/loss=5.561664, test/num_examples=10000, total_duration=7975.966424, train/accuracy=0.065664, train/loss=5.346097, validation/accuracy=0.061920, validation/loss=5.388830, validation/num_examples=50000
I0429 00:22:10.001592 140286080571136 logging_writer.py:48] [16600] global_step=16600, grad_norm=0.7760680913925171, loss=5.9400954246521
I0429 00:22:56.344927 140286072178432 logging_writer.py:48] [16700] global_step=16700, grad_norm=0.7669517993927002, loss=5.928152561187744
I0429 00:23:42.244314 140286080571136 logging_writer.py:48] [16800] global_step=16800, grad_norm=0.6350089907646179, loss=6.585574150085449
I0429 00:24:28.238187 140286072178432 logging_writer.py:48] [16900] global_step=16900, grad_norm=0.6670570373535156, loss=6.218225955963135
I0429 00:25:13.865746 140286080571136 logging_writer.py:48] [17000] global_step=17000, grad_norm=0.7614721059799194, loss=5.877434730529785
I0429 00:25:59.585854 140286072178432 logging_writer.py:48] [17100] global_step=17100, grad_norm=0.8662689924240112, loss=5.895686149597168
I0429 00:26:45.218738 140286080571136 logging_writer.py:48] [17200] global_step=17200, grad_norm=0.7252382040023804, loss=6.149875164031982
I0429 00:27:30.889739 140286072178432 logging_writer.py:48] [17300] global_step=17300, grad_norm=0.6634880900382996, loss=6.20681619644165
I0429 00:28:16.609711 140286080571136 logging_writer.py:48] [17400] global_step=17400, grad_norm=0.7901443243026733, loss=6.441853046417236
I0429 00:29:02.923739 140286072178432 logging_writer.py:48] [17500] global_step=17500, grad_norm=0.7600526809692383, loss=5.9694623947143555
I0429 00:29:08.428747 140516526462784 spec.py:298] Evaluating on the training split.
I0429 00:29:17.303494 140516526462784 spec.py:310] Evaluating on the validation split.
I0429 00:29:25.503217 140516526462784 spec.py:326] Evaluating on the test split.
I0429 00:29:27.207881 140516526462784 submission_runner.py:415] Time since start: 8415.16s, 	Step: 17513, 	{'train/accuracy': 0.08863280713558197, 'train/loss': 5.139340877532959, 'validation/accuracy': 0.08171999454498291, 'validation/loss': 5.184188365936279, 'validation/num_examples': 50000, 'test/accuracy': 0.0609000027179718, 'test/loss': 5.37208366394043, 'test/num_examples': 10000, 'score': 8056.475097417831, 'total_duration': 8415.157010793686, 'accumulated_submission_time': 8056.475097417831, 'accumulated_eval_time': 357.7599320411682, 'accumulated_logging_time': 0.612074613571167}
I0429 00:29:27.223923 140286080571136 logging_writer.py:48] [17513] accumulated_eval_time=357.759932, accumulated_logging_time=0.612075, accumulated_submission_time=8056.475097, global_step=17513, preemption_count=0, score=8056.475097, test/accuracy=0.060900, test/loss=5.372084, test/num_examples=10000, total_duration=8415.157011, train/accuracy=0.088633, train/loss=5.139341, validation/accuracy=0.081720, validation/loss=5.184188, validation/num_examples=50000
I0429 00:30:08.738758 140286072178432 logging_writer.py:48] [17600] global_step=17600, grad_norm=0.8714883327484131, loss=5.750442028045654
I0429 00:30:54.673330 140286080571136 logging_writer.py:48] [17700] global_step=17700, grad_norm=0.7405381202697754, loss=5.905895233154297
I0429 00:31:40.673760 140286072178432 logging_writer.py:48] [17800] global_step=17800, grad_norm=0.8309433460235596, loss=5.808119297027588
I0429 00:32:26.543713 140286080571136 logging_writer.py:48] [17900] global_step=17900, grad_norm=0.673762857913971, loss=6.106029033660889
I0429 00:33:12.406793 140286072178432 logging_writer.py:48] [18000] global_step=18000, grad_norm=0.7798823118209839, loss=5.843632698059082
I0429 00:33:58.303146 140286080571136 logging_writer.py:48] [18100] global_step=18100, grad_norm=0.906191349029541, loss=5.71378755569458
I0429 00:34:44.168799 140286072178432 logging_writer.py:48] [18200] global_step=18200, grad_norm=0.8664403557777405, loss=5.630744457244873
I0429 00:35:29.988176 140286080571136 logging_writer.py:48] [18300] global_step=18300, grad_norm=0.8619154095649719, loss=5.72600793838501
I0429 00:36:15.756420 140286072178432 logging_writer.py:48] [18400] global_step=18400, grad_norm=0.8392269611358643, loss=5.689573287963867
I0429 00:36:27.640568 140516526462784 spec.py:298] Evaluating on the training split.
I0429 00:36:36.187874 140516526462784 spec.py:310] Evaluating on the validation split.
I0429 00:36:44.471399 140516526462784 spec.py:326] Evaluating on the test split.
I0429 00:36:46.196992 140516526462784 submission_runner.py:415] Time since start: 8854.14s, 	Step: 18427, 	{'train/accuracy': 0.11124999821186066, 'train/loss': 4.975393772125244, 'validation/accuracy': 0.10185999423265457, 'validation/loss': 5.019129276275635, 'validation/num_examples': 50000, 'test/accuracy': 0.08020000159740448, 'test/loss': 5.244736194610596, 'test/num_examples': 10000, 'score': 8476.856865644455, 'total_duration': 8854.143136501312, 'accumulated_submission_time': 8476.856865644455, 'accumulated_eval_time': 376.3133590221405, 'accumulated_logging_time': 0.6458587646484375}
I0429 00:36:46.215051 140286080571136 logging_writer.py:48] [18427] accumulated_eval_time=376.313359, accumulated_logging_time=0.645859, accumulated_submission_time=8476.856866, global_step=18427, preemption_count=0, score=8476.856866, test/accuracy=0.080200, test/loss=5.244736, test/num_examples=10000, total_duration=8854.143137, train/accuracy=0.111250, train/loss=4.975394, validation/accuracy=0.101860, validation/loss=5.019129, validation/num_examples=50000
I0429 00:37:21.441789 140286072178432 logging_writer.py:48] [18500] global_step=18500, grad_norm=0.8561593294143677, loss=5.681357383728027
I0429 00:38:07.698225 140286080571136 logging_writer.py:48] [18600] global_step=18600, grad_norm=0.98521888256073, loss=5.612703323364258
I0429 00:38:53.531278 140286072178432 logging_writer.py:48] [18700] global_step=18700, grad_norm=0.7583118677139282, loss=6.40805721282959
I0429 00:39:39.182690 140286080571136 logging_writer.py:48] [18800] global_step=18800, grad_norm=0.8638972640037537, loss=5.538486480712891
I0429 00:40:25.001654 140286072178432 logging_writer.py:48] [18900] global_step=18900, grad_norm=0.8877188563346863, loss=5.538444519042969
I0429 00:41:10.812740 140286080571136 logging_writer.py:48] [19000] global_step=19000, grad_norm=0.8237290978431702, loss=6.547924995422363
I0429 00:41:56.687757 140286072178432 logging_writer.py:48] [19100] global_step=19100, grad_norm=0.730771005153656, loss=6.061978816986084
I0429 00:42:42.610766 140286080571136 logging_writer.py:48] [19200] global_step=19200, grad_norm=0.9650275111198425, loss=5.536779880523682
I0429 00:43:28.553359 140286072178432 logging_writer.py:48] [19300] global_step=19300, grad_norm=0.7735391855239868, loss=5.813900470733643
I0429 00:43:46.546353 140516526462784 spec.py:298] Evaluating on the training split.
I0429 00:43:55.197168 140516526462784 spec.py:310] Evaluating on the validation split.
I0429 00:44:03.573100 140516526462784 spec.py:326] Evaluating on the test split.
I0429 00:44:05.311641 140516526462784 submission_runner.py:415] Time since start: 9293.26s, 	Step: 19340, 	{'train/accuracy': 0.1360742151737213, 'train/loss': 4.734663963317871, 'validation/accuracy': 0.12573999166488647, 'validation/loss': 4.779326915740967, 'validation/num_examples': 50000, 'test/accuracy': 0.09930000454187393, 'test/loss': 5.024278163909912, 'test/num_examples': 10000, 'score': 8897.150470256805, 'total_duration': 9293.258126020432, 'accumulated_submission_time': 8897.150470256805, 'accumulated_eval_time': 395.0759916305542, 'accumulated_logging_time': 0.6843357086181641}
I0429 00:44:05.328976 140286080571136 logging_writer.py:48] [19340] accumulated_eval_time=395.075992, accumulated_logging_time=0.684336, accumulated_submission_time=8897.150470, global_step=19340, preemption_count=0, score=8897.150470, test/accuracy=0.099300, test/loss=5.024278, test/num_examples=10000, total_duration=9293.258126, train/accuracy=0.136074, train/loss=4.734664, validation/accuracy=0.125740, validation/loss=4.779327, validation/num_examples=50000
I0429 00:44:34.422959 140286072178432 logging_writer.py:48] [19400] global_step=19400, grad_norm=0.9059253334999084, loss=5.470966815948486
I0429 00:45:20.707306 140286080571136 logging_writer.py:48] [19500] global_step=19500, grad_norm=1.0434279441833496, loss=5.433241844177246
I0429 00:46:06.635305 140286072178432 logging_writer.py:48] [19600] global_step=19600, grad_norm=0.9445118308067322, loss=5.431007385253906
I0429 00:46:52.492496 140286080571136 logging_writer.py:48] [19700] global_step=19700, grad_norm=0.8995426297187805, loss=5.446395397186279
I0429 00:47:38.598181 140286072178432 logging_writer.py:48] [19800] global_step=19800, grad_norm=1.1575415134429932, loss=5.354787349700928
I0429 00:48:24.542733 140286080571136 logging_writer.py:48] [19900] global_step=19900, grad_norm=0.8254582285881042, loss=5.9764628410339355
I0429 00:49:10.600574 140286072178432 logging_writer.py:48] [20000] global_step=20000, grad_norm=1.018322229385376, loss=5.35850191116333
I0429 00:49:56.380949 140286080571136 logging_writer.py:48] [20100] global_step=20100, grad_norm=1.0281739234924316, loss=5.3611040115356445
I0429 00:50:42.310155 140286072178432 logging_writer.py:48] [20200] global_step=20200, grad_norm=0.8548448085784912, loss=6.37786865234375
I0429 00:51:05.639390 140516526462784 spec.py:298] Evaluating on the training split.
I0429 00:51:14.997218 140516526462784 spec.py:310] Evaluating on the validation split.
I0429 00:51:23.671364 140516526462784 spec.py:326] Evaluating on the test split.
I0429 00:51:25.408530 140516526462784 submission_runner.py:415] Time since start: 9733.36s, 	Step: 20252, 	{'train/accuracy': 0.1693750023841858, 'train/loss': 4.46301794052124, 'validation/accuracy': 0.15501999855041504, 'validation/loss': 4.524064540863037, 'validation/num_examples': 50000, 'test/accuracy': 0.1201000064611435, 'test/loss': 4.82213830947876, 'test/num_examples': 10000, 'score': 9317.424408435822, 'total_duration': 9733.355473518372, 'accumulated_submission_time': 9317.424408435822, 'accumulated_eval_time': 414.8429260253906, 'accumulated_logging_time': 0.7208709716796875}
I0429 00:51:25.431117 140286080571136 logging_writer.py:48] [20252] accumulated_eval_time=414.842926, accumulated_logging_time=0.720871, accumulated_submission_time=9317.424408, global_step=20252, preemption_count=0, score=9317.424408, test/accuracy=0.120100, test/loss=4.822138, test/num_examples=10000, total_duration=9733.355474, train/accuracy=0.169375, train/loss=4.463018, validation/accuracy=0.155020, validation/loss=4.524065, validation/num_examples=50000
I0429 00:51:48.547324 140286072178432 logging_writer.py:48] [20300] global_step=20300, grad_norm=1.1029125452041626, loss=5.319323539733887
I0429 00:52:34.612575 140286080571136 logging_writer.py:48] [20400] global_step=20400, grad_norm=0.9314478039741516, loss=5.457608699798584
I0429 00:53:20.840218 140286072178432 logging_writer.py:48] [20500] global_step=20500, grad_norm=0.9752219319343567, loss=5.570258617401123
I0429 00:54:06.610857 140286080571136 logging_writer.py:48] [20600] global_step=20600, grad_norm=0.9113798141479492, loss=6.43325138092041
I0429 00:54:52.237267 140286072178432 logging_writer.py:48] [20700] global_step=20700, grad_norm=0.9506128430366516, loss=5.533790588378906
I0429 00:55:37.793011 140286080571136 logging_writer.py:48] [20800] global_step=20800, grad_norm=1.0720818042755127, loss=5.36383056640625
I0429 00:56:23.522640 140286072178432 logging_writer.py:48] [20900] global_step=20900, grad_norm=1.1578463315963745, loss=5.211569786071777
I0429 00:57:09.368944 140286080571136 logging_writer.py:48] [21000] global_step=21000, grad_norm=0.9912669062614441, loss=5.522845268249512
I0429 00:57:55.421270 140286072178432 logging_writer.py:48] [21100] global_step=21100, grad_norm=1.0337791442871094, loss=5.292859077453613
I0429 00:58:25.880065 140516526462784 spec.py:298] Evaluating on the training split.
I0429 00:58:34.907023 140516526462784 spec.py:310] Evaluating on the validation split.
I0429 00:58:43.117447 140516526462784 spec.py:326] Evaluating on the test split.
I0429 00:58:44.871871 140516526462784 submission_runner.py:415] Time since start: 10172.82s, 	Step: 21167, 	{'train/accuracy': 0.1922656148672104, 'train/loss': 4.295621395111084, 'validation/accuracy': 0.17509999871253967, 'validation/loss': 4.376280307769775, 'validation/num_examples': 50000, 'test/accuracy': 0.1355000138282776, 'test/loss': 4.690027236938477, 'test/num_examples': 10000, 'score': 9737.838124752045, 'total_duration': 10172.815248250961, 'accumulated_submission_time': 9737.838124752045, 'accumulated_eval_time': 433.82896542549133, 'accumulated_logging_time': 0.7613263130187988}
I0429 00:58:44.892475 140286080571136 logging_writer.py:48] [21167] accumulated_eval_time=433.828965, accumulated_logging_time=0.761326, accumulated_submission_time=9737.838125, global_step=21167, preemption_count=0, score=9737.838125, test/accuracy=0.135500, test/loss=4.690027, test/num_examples=10000, total_duration=10172.815248, train/accuracy=0.192266, train/loss=4.295621, validation/accuracy=0.175100, validation/loss=4.376280, validation/num_examples=50000
I0429 00:59:01.233794 140286072178432 logging_writer.py:48] [21200] global_step=21200, grad_norm=1.2308696508407593, loss=5.310685634613037
I0429 00:59:47.401757 140286080571136 logging_writer.py:48] [21300] global_step=21300, grad_norm=1.00906240940094, loss=5.190954208374023
I0429 01:00:33.239300 140286072178432 logging_writer.py:48] [21400] global_step=21400, grad_norm=0.9881972074508667, loss=5.185574054718018
I0429 01:01:19.313703 140286080571136 logging_writer.py:48] [21500] global_step=21500, grad_norm=0.8169374465942383, loss=6.32530403137207
I0429 01:02:05.607230 140286072178432 logging_writer.py:48] [21600] global_step=21600, grad_norm=0.9516420960426331, loss=5.724424839019775
I0429 01:02:51.382714 140286080571136 logging_writer.py:48] [21700] global_step=21700, grad_norm=1.0478192567825317, loss=5.116296291351318
I0429 01:03:37.095321 140286072178432 logging_writer.py:48] [21800] global_step=21800, grad_norm=1.0952529907226562, loss=5.349621772766113
I0429 01:04:22.726192 140286080571136 logging_writer.py:48] [21900] global_step=21900, grad_norm=1.289129614830017, loss=5.124576568603516
I0429 01:05:08.558627 140286072178432 logging_writer.py:48] [22000] global_step=22000, grad_norm=1.0701117515563965, loss=5.329949378967285
I0429 01:05:45.121646 140516526462784 spec.py:298] Evaluating on the training split.
I0429 01:05:53.476477 140516526462784 spec.py:310] Evaluating on the validation split.
I0429 01:06:02.576058 140516526462784 spec.py:326] Evaluating on the test split.
I0429 01:06:04.305510 140516526462784 submission_runner.py:415] Time since start: 10612.25s, 	Step: 22081, 	{'train/accuracy': 0.2122460901737213, 'train/loss': 4.083638668060303, 'validation/accuracy': 0.19971999526023865, 'validation/loss': 4.168559551239014, 'validation/num_examples': 50000, 'test/accuracy': 0.1519000083208084, 'test/loss': 4.520297050476074, 'test/num_examples': 10000, 'score': 10158.02670264244, 'total_duration': 10612.253339529037, 'accumulated_submission_time': 10158.02670264244, 'accumulated_eval_time': 453.01153206825256, 'accumulated_logging_time': 0.805086612701416}
I0429 01:06:04.318182 140286080571136 logging_writer.py:48] [22081] accumulated_eval_time=453.011532, accumulated_logging_time=0.805087, accumulated_submission_time=10158.026703, global_step=22081, preemption_count=0, score=10158.026703, test/accuracy=0.151900, test/loss=4.520297, test/num_examples=10000, total_duration=10612.253340, train/accuracy=0.212246, train/loss=4.083639, validation/accuracy=0.199720, validation/loss=4.168560, validation/num_examples=50000
I0429 01:06:13.891629 140286072178432 logging_writer.py:48] [22100] global_step=22100, grad_norm=1.2812573909759521, loss=5.022899627685547
I0429 01:06:59.937124 140286080571136 logging_writer.py:48] [22200] global_step=22200, grad_norm=1.125718593597412, loss=5.103667736053467
I0429 01:07:45.882816 140286072178432 logging_writer.py:48] [22300] global_step=22300, grad_norm=1.1179044246673584, loss=5.064889907836914
I0429 01:08:31.534550 140286080571136 logging_writer.py:48] [22400] global_step=22400, grad_norm=1.101966381072998, loss=5.005028247833252
I0429 01:09:17.087953 140286072178432 logging_writer.py:48] [22500] global_step=22500, grad_norm=1.120961308479309, loss=5.018225193023682
I0429 01:10:03.351070 140286080571136 logging_writer.py:48] [22600] global_step=22600, grad_norm=1.0050909519195557, loss=5.919492721557617
I0429 01:10:49.001354 140286072178432 logging_writer.py:48] [22700] global_step=22700, grad_norm=0.8612373471260071, loss=6.361283779144287
I0429 01:11:34.774631 140286080571136 logging_writer.py:48] [22800] global_step=22800, grad_norm=1.1231300830841064, loss=4.945040702819824
I0429 01:12:20.589420 140286072178432 logging_writer.py:48] [22900] global_step=22900, grad_norm=1.3240034580230713, loss=4.983570098876953
I0429 01:13:04.430815 140516526462784 spec.py:298] Evaluating on the training split.
I0429 01:13:12.229082 140516526462784 spec.py:310] Evaluating on the validation split.
I0429 01:13:20.804416 140516526462784 spec.py:326] Evaluating on the test split.
I0429 01:13:22.527427 140516526462784 submission_runner.py:415] Time since start: 11050.48s, 	Step: 22997, 	{'train/accuracy': 0.24406249821186066, 'train/loss': 3.900546073913574, 'validation/accuracy': 0.22741998732089996, 'validation/loss': 3.989886999130249, 'validation/num_examples': 50000, 'test/accuracy': 0.17720000445842743, 'test/loss': 4.387495040893555, 'test/num_examples': 10000, 'score': 10578.105655193329, 'total_duration': 11050.475373029709, 'accumulated_submission_time': 10578.105655193329, 'accumulated_eval_time': 471.1069643497467, 'accumulated_logging_time': 0.8341519832611084}
I0429 01:13:22.546525 140286080571136 logging_writer.py:48] [22997] accumulated_eval_time=471.106964, accumulated_logging_time=0.834152, accumulated_submission_time=10578.105655, global_step=22997, preemption_count=0, score=10578.105655, test/accuracy=0.177200, test/loss=4.387495, test/num_examples=10000, total_duration=11050.475373, train/accuracy=0.244062, train/loss=3.900546, validation/accuracy=0.227420, validation/loss=3.989887, validation/num_examples=50000
I0429 01:13:24.595552 140286072178432 logging_writer.py:48] [23000] global_step=23000, grad_norm=1.1260987520217896, loss=4.961267471313477
I0429 01:14:11.124248 140286080571136 logging_writer.py:48] [23100] global_step=23100, grad_norm=1.0465909242630005, loss=5.029777526855469
I0429 01:14:56.976537 140286072178432 logging_writer.py:48] [23200] global_step=23200, grad_norm=1.1196016073226929, loss=5.062366008758545
I0429 01:15:42.901153 140286080571136 logging_writer.py:48] [23300] global_step=23300, grad_norm=0.9355371594429016, loss=5.913036823272705
I0429 01:16:28.799113 140286072178432 logging_writer.py:48] [23400] global_step=23400, grad_norm=1.199480414390564, loss=5.551642417907715
I0429 01:17:14.756129 140286080571136 logging_writer.py:48] [23500] global_step=23500, grad_norm=0.8302573561668396, loss=6.321888446807861
I0429 01:18:00.876759 140286072178432 logging_writer.py:48] [23600] global_step=23600, grad_norm=1.12261962890625, loss=4.9395294189453125
I0429 01:18:46.628865 140286080571136 logging_writer.py:48] [23700] global_step=23700, grad_norm=1.1613919734954834, loss=4.919195175170898
I0429 01:19:32.413553 140286072178432 logging_writer.py:48] [23800] global_step=23800, grad_norm=0.9864027500152588, loss=5.521239280700684
I0429 01:20:18.383715 140286080571136 logging_writer.py:48] [23900] global_step=23900, grad_norm=1.071179747581482, loss=6.33989143371582
I0429 01:20:23.022329 140516526462784 spec.py:298] Evaluating on the training split.
I0429 01:20:31.179275 140516526462784 spec.py:310] Evaluating on the validation split.
I0429 01:20:39.691207 140516526462784 spec.py:326] Evaluating on the test split.
I0429 01:20:41.414229 140516526462784 submission_runner.py:415] Time since start: 11489.36s, 	Step: 23911, 	{'train/accuracy': 0.27519530057907104, 'train/loss': 3.694805145263672, 'validation/accuracy': 0.2483999878168106, 'validation/loss': 3.8292949199676514, 'validation/num_examples': 50000, 'test/accuracy': 0.18230000138282776, 'test/loss': 4.254889011383057, 'test/num_examples': 10000, 'score': 10998.548694849014, 'total_duration': 11489.362217664719, 'accumulated_submission_time': 10998.548694849014, 'accumulated_eval_time': 489.4976906776428, 'accumulated_logging_time': 0.8689968585968018}
I0429 01:20:41.428046 140286072178432 logging_writer.py:48] [23911] accumulated_eval_time=489.497691, accumulated_logging_time=0.868997, accumulated_submission_time=10998.548695, global_step=23911, preemption_count=0, score=10998.548695, test/accuracy=0.182300, test/loss=4.254889, test/num_examples=10000, total_duration=11489.362218, train/accuracy=0.275195, train/loss=3.694805, validation/accuracy=0.248400, validation/loss=3.829295, validation/num_examples=50000
I0429 01:21:22.994781 140286080571136 logging_writer.py:48] [24000] global_step=24000, grad_norm=1.1119203567504883, loss=5.172371864318848
I0429 01:22:08.864122 140286072178432 logging_writer.py:48] [24100] global_step=24100, grad_norm=1.1378989219665527, loss=4.860522270202637
I0429 01:22:54.467454 140286080571136 logging_writer.py:48] [24200] global_step=24200, grad_norm=1.0406098365783691, loss=5.113767623901367
I0429 01:23:40.416695 140286072178432 logging_writer.py:48] [24300] global_step=24300, grad_norm=1.0465928316116333, loss=5.345556735992432
I0429 01:24:26.293956 140286080571136 logging_writer.py:48] [24400] global_step=24400, grad_norm=0.8640850782394409, loss=6.0855817794799805
I0429 01:25:11.928431 140286072178432 logging_writer.py:48] [24500] global_step=24500, grad_norm=1.3194806575775146, loss=4.760981559753418
I0429 01:25:57.990144 140286080571136 logging_writer.py:48] [24600] global_step=24600, grad_norm=1.121533751487732, loss=4.777379989624023
I0429 01:26:43.961846 140286072178432 logging_writer.py:48] [24700] global_step=24700, grad_norm=1.0148663520812988, loss=6.191078186035156
I0429 01:27:29.558252 140286080571136 logging_writer.py:48] [24800] global_step=24800, grad_norm=1.2767900228500366, loss=4.874382972717285
I0429 01:27:41.892893 140516526462784 spec.py:298] Evaluating on the training split.
I0429 01:27:49.938631 140516526462784 spec.py:310] Evaluating on the validation split.
I0429 01:27:58.508467 140516526462784 spec.py:326] Evaluating on the test split.
I0429 01:28:00.239489 140516526462784 submission_runner.py:415] Time since start: 11928.19s, 	Step: 24828, 	{'train/accuracy': 0.287109375, 'train/loss': 3.5795443058013916, 'validation/accuracy': 0.2659600079059601, 'validation/loss': 3.6835296154022217, 'validation/num_examples': 50000, 'test/accuracy': 0.20360000431537628, 'test/loss': 4.1310930252075195, 'test/num_examples': 10000, 'score': 11418.982477426529, 'total_duration': 11928.187395334244, 'accumulated_submission_time': 11418.982477426529, 'accumulated_eval_time': 507.8430564403534, 'accumulated_logging_time': 0.8965466022491455}
I0429 01:28:00.259331 140286072178432 logging_writer.py:48] [24828] accumulated_eval_time=507.843056, accumulated_logging_time=0.896547, accumulated_submission_time=11418.982477, global_step=24828, preemption_count=0, score=11418.982477, test/accuracy=0.203600, test/loss=4.131093, test/num_examples=10000, total_duration=11928.187395, train/accuracy=0.287109, train/loss=3.579544, validation/accuracy=0.265960, validation/loss=3.683530, validation/num_examples=50000
I0429 01:28:34.006926 140286080571136 logging_writer.py:48] [24900] global_step=24900, grad_norm=1.058933138847351, loss=5.820633888244629
I0429 01:29:19.789157 140286072178432 logging_writer.py:48] [25000] global_step=25000, grad_norm=0.8785797357559204, loss=6.160294055938721
I0429 01:30:05.520606 140286080571136 logging_writer.py:48] [25100] global_step=25100, grad_norm=1.0439889430999756, loss=5.321447849273682
I0429 01:30:51.485824 140286072178432 logging_writer.py:48] [25200] global_step=25200, grad_norm=0.8804762363433838, loss=6.277309417724609
I0429 01:31:37.144062 140286080571136 logging_writer.py:48] [25300] global_step=25300, grad_norm=1.2711013555526733, loss=4.84375524520874
I0429 01:32:23.011566 140286072178432 logging_writer.py:48] [25400] global_step=25400, grad_norm=1.3726787567138672, loss=4.628904342651367
I0429 01:33:08.926341 140286080571136 logging_writer.py:48] [25500] global_step=25500, grad_norm=1.134326457977295, loss=4.675338268280029
I0429 01:33:55.361614 140286072178432 logging_writer.py:48] [25600] global_step=25600, grad_norm=1.3631354570388794, loss=4.771852493286133
I0429 01:34:41.575694 140286080571136 logging_writer.py:48] [25700] global_step=25700, grad_norm=1.0184252262115479, loss=5.762782096862793
I0429 01:35:00.396208 140516526462784 spec.py:298] Evaluating on the training split.
I0429 01:35:08.658843 140516526462784 spec.py:310] Evaluating on the validation split.
I0429 01:35:17.195214 140516526462784 spec.py:326] Evaluating on the test split.
I0429 01:35:18.934288 140516526462784 submission_runner.py:415] Time since start: 12366.88s, 	Step: 25742, 	{'train/accuracy': 0.30812498927116394, 'train/loss': 3.442582368850708, 'validation/accuracy': 0.2874999940395355, 'validation/loss': 3.5533387660980225, 'validation/num_examples': 50000, 'test/accuracy': 0.22130000591278076, 'test/loss': 3.995917320251465, 'test/num_examples': 10000, 'score': 11839.088171720505, 'total_duration': 12366.882110357285, 'accumulated_submission_time': 11839.088171720505, 'accumulated_eval_time': 526.3798241615295, 'accumulated_logging_time': 0.9304492473602295}
I0429 01:35:18.948180 140286072178432 logging_writer.py:48] [25742] accumulated_eval_time=526.379824, accumulated_logging_time=0.930449, accumulated_submission_time=11839.088172, global_step=25742, preemption_count=0, score=11839.088172, test/accuracy=0.221300, test/loss=3.995917, test/num_examples=10000, total_duration=12366.882110, train/accuracy=0.308125, train/loss=3.442582, validation/accuracy=0.287500, validation/loss=3.553339, validation/num_examples=50000
I0429 01:35:46.324337 140286080571136 logging_writer.py:48] [25800] global_step=25800, grad_norm=1.3332844972610474, loss=4.559722423553467
I0429 01:36:32.393235 140286072178432 logging_writer.py:48] [25900] global_step=25900, grad_norm=1.2240203619003296, loss=5.038800239562988
I0429 01:37:18.227777 140286080571136 logging_writer.py:48] [26000] global_step=26000, grad_norm=0.9363806247711182, loss=6.181163787841797
I0429 01:38:03.976625 140286072178432 logging_writer.py:48] [26100] global_step=26100, grad_norm=1.276179552078247, loss=4.64783239364624
I0429 01:38:49.701616 140286080571136 logging_writer.py:48] [26200] global_step=26200, grad_norm=1.3536056280136108, loss=4.717697620391846
I0429 01:39:35.607682 140286072178432 logging_writer.py:48] [26300] global_step=26300, grad_norm=1.2258440256118774, loss=4.575499057769775
I0429 01:40:21.296538 140286080571136 logging_writer.py:48] [26400] global_step=26400, grad_norm=1.2757067680358887, loss=4.588984966278076
I0429 01:41:06.909229 140286072178432 logging_writer.py:48] [26500] global_step=26500, grad_norm=1.1151494979858398, loss=5.2252702713012695
I0429 01:41:52.487626 140286080571136 logging_writer.py:48] [26600] global_step=26600, grad_norm=1.389414668083191, loss=4.626426696777344
I0429 01:42:19.213468 140516526462784 spec.py:298] Evaluating on the training split.
I0429 01:42:27.443063 140516526462784 spec.py:310] Evaluating on the validation split.
I0429 01:42:35.888719 140516526462784 spec.py:326] Evaluating on the test split.
I0429 01:42:37.608220 140516526462784 submission_runner.py:415] Time since start: 12805.56s, 	Step: 26658, 	{'train/accuracy': 0.3365820348262787, 'train/loss': 3.2522027492523193, 'validation/accuracy': 0.3110799789428711, 'validation/loss': 3.391826868057251, 'validation/num_examples': 50000, 'test/accuracy': 0.23980000615119934, 'test/loss': 3.86156964302063, 'test/num_examples': 10000, 'score': 12259.323062896729, 'total_duration': 12805.556326150894, 'accumulated_submission_time': 12259.323062896729, 'accumulated_eval_time': 544.7735278606415, 'accumulated_logging_time': 0.9577479362487793}
I0429 01:42:37.622263 140286072178432 logging_writer.py:48] [26658] accumulated_eval_time=544.773528, accumulated_logging_time=0.957748, accumulated_submission_time=12259.323063, global_step=26658, preemption_count=0, score=12259.323063, test/accuracy=0.239800, test/loss=3.861570, test/num_examples=10000, total_duration=12805.556326, train/accuracy=0.336582, train/loss=3.252203, validation/accuracy=0.311080, validation/loss=3.391827, validation/num_examples=50000
I0429 01:42:57.556052 140286080571136 logging_writer.py:48] [26700] global_step=26700, grad_norm=1.0215415954589844, loss=5.958421230316162
I0429 01:43:43.611243 140286072178432 logging_writer.py:48] [26800] global_step=26800, grad_norm=1.306855320930481, loss=4.525687217712402
I0429 01:44:29.448790 140286080571136 logging_writer.py:48] [26900] global_step=26900, grad_norm=1.2161561250686646, loss=4.988414287567139
I0429 01:45:15.247232 140286072178432 logging_writer.py:48] [27000] global_step=27000, grad_norm=1.012221097946167, loss=5.52990198135376
I0429 01:46:01.105798 140286080571136 logging_writer.py:48] [27100] global_step=27100, grad_norm=1.5028308629989624, loss=4.520120620727539
I0429 01:46:46.866991 140286072178432 logging_writer.py:48] [27200] global_step=27200, grad_norm=1.6149283647537231, loss=4.700734615325928
I0429 01:47:32.674737 140286080571136 logging_writer.py:48] [27300] global_step=27300, grad_norm=1.0008797645568848, loss=6.1310811042785645
I0429 01:48:18.587281 140286072178432 logging_writer.py:48] [27400] global_step=27400, grad_norm=1.2089107036590576, loss=4.735633373260498
I0429 01:49:04.519740 140286080571136 logging_writer.py:48] [27500] global_step=27500, grad_norm=1.3144798278808594, loss=4.452054977416992
I0429 01:49:37.661875 140516526462784 spec.py:298] Evaluating on the training split.
I0429 01:49:45.907182 140516526462784 spec.py:310] Evaluating on the validation split.
I0429 01:49:54.292948 140516526462784 spec.py:326] Evaluating on the test split.
I0429 01:49:56.024131 140516526462784 submission_runner.py:415] Time since start: 13243.97s, 	Step: 27573, 	{'train/accuracy': 0.3451171815395355, 'train/loss': 3.2231249809265137, 'validation/accuracy': 0.3191799819469452, 'validation/loss': 3.352444887161255, 'validation/num_examples': 50000, 'test/accuracy': 0.24320000410079956, 'test/loss': 3.8348381519317627, 'test/num_examples': 10000, 'score': 12679.33121085167, 'total_duration': 13243.972121953964, 'accumulated_submission_time': 12679.33121085167, 'accumulated_eval_time': 563.1346528530121, 'accumulated_logging_time': 0.985959529876709}
I0429 01:49:56.042848 140286072178432 logging_writer.py:48] [27573] accumulated_eval_time=563.134653, accumulated_logging_time=0.985960, accumulated_submission_time=12679.331211, global_step=27573, preemption_count=0, score=12679.331211, test/accuracy=0.243200, test/loss=3.834838, test/num_examples=10000, total_duration=13243.972122, train/accuracy=0.345117, train/loss=3.223125, validation/accuracy=0.319180, validation/loss=3.352445, validation/num_examples=50000
I0429 01:50:09.075565 140286080571136 logging_writer.py:48] [27600] global_step=27600, grad_norm=1.2842458486557007, loss=4.704355239868164
I0429 01:50:55.623282 140286072178432 logging_writer.py:48] [27700] global_step=27700, grad_norm=0.8424278497695923, loss=6.009014129638672
I0429 01:51:41.593446 140286080571136 logging_writer.py:48] [27800] global_step=27800, grad_norm=1.2186874151229858, loss=4.598942279815674
I0429 01:52:27.451800 140286072178432 logging_writer.py:48] [27900] global_step=27900, grad_norm=1.3504031896591187, loss=4.446483135223389
I0429 01:53:12.788279 140516526462784 spec.py:298] Evaluating on the training split.
I0429 01:53:20.986557 140516526462784 spec.py:310] Evaluating on the validation split.
I0429 01:53:29.381327 140516526462784 spec.py:326] Evaluating on the test split.
I0429 01:53:31.109161 140516526462784 submission_runner.py:415] Time since start: 13459.06s, 	Step: 28000, 	{'train/accuracy': 0.36976560950279236, 'train/loss': 3.063415765762329, 'validation/accuracy': 0.3363399803638458, 'validation/loss': 3.2335710525512695, 'validation/num_examples': 50000, 'test/accuracy': 0.2578999996185303, 'test/loss': 3.7437798976898193, 'test/num_examples': 10000, 'score': 12876.054052114487, 'total_duration': 13459.057135105133, 'accumulated_submission_time': 12876.054052114487, 'accumulated_eval_time': 581.4544103145599, 'accumulated_logging_time': 1.0188660621643066}
I0429 01:53:31.124167 140286080571136 logging_writer.py:48] [28000] accumulated_eval_time=581.454410, accumulated_logging_time=1.018866, accumulated_submission_time=12876.054052, global_step=28000, preemption_count=0, score=12876.054052, test/accuracy=0.257900, test/loss=3.743780, test/num_examples=10000, total_duration=13459.057135, train/accuracy=0.369766, train/loss=3.063416, validation/accuracy=0.336340, validation/loss=3.233571, validation/num_examples=50000
I0429 01:53:31.157557 140286072178432 logging_writer.py:48] [28000] global_step=28000, preemption_count=0, score=12876.054052
I0429 01:53:31.540767 140516526462784 checkpoints.py:356] Saving checkpoint at step: 28000
I0429 01:53:32.641303 140516526462784 checkpoints.py:317] Saved checkpoint at /experiment_runs/timing_fancy/timing_lamb/imagenet_vit_jax/trial_1/checkpoint_28000
I0429 01:53:32.663379 140516526462784 checkpoint_utils.py:240] Saved checkpoint to /experiment_runs/timing_fancy/timing_lamb/imagenet_vit_jax/trial_1/checkpoint_28000.
I0429 01:53:33.181627 140516526462784 submission_runner.py:578] Tuning trial 1/1
I0429 01:53:33.181909 140516526462784 submission_runner.py:579] Hyperparameters: Hyperparameters(learning_rate=0.0019814680146414726, one_minus_beta1=0.19395352613343847, beta2=0.999, warmup_factor=0.05, weight_decay=0.002578922011395245, label_smoothing=0.1, dropout_rate=0.0)
