python3 submission_runner.py --framework=jax --workload=fastmri --submission_path=reference_algorithms/target_setting_algorithms/jax_nesterov.py --tuning_search_space=reference_algorithms/target_setting_algorithms/fastmri/tuning_search_space.json --data_dir=/data/fastmri --num_tuning_trials=1 --experiment_dir=/experiment_runs --experiment_name=fastmri_target_resetting/nesterov_run_13 --overwrite=true --save_checkpoints=false --max_global_steps=27142 2>&1 | tee -a /logs/fastmri_jax_10-08-2023-05-44-03.log
2023-10-08 05:44:08.383183: W tensorflow/compiler/tf2tensorrt/utils/py_utils.cc:38] TF-TRT Warning: Could not find TensorRT
I1008 05:44:25.314942 140629935306560 logger_utils.py:76] Creating experiment directory at /experiment_runs/fastmri_target_resetting/nesterov_run_13/fastmri_jax.
I1008 05:44:26.923251 140629935306560 xla_bridge.py:455] Unable to initialize backend 'rocm': NOT_FOUND: Could not find registered platform with name: "rocm". Available platform names are: Interpreter Host CUDA
I1008 05:44:26.924917 140629935306560 xla_bridge.py:455] Unable to initialize backend 'tpu': module 'jaxlib.xla_extension' has no attribute 'get_tpu_client'
I1008 05:44:26.925105 140629935306560 xla_bridge.py:455] Unable to initialize backend 'plugin': xla_extension has no attributes named get_plugin_device_client. Compile TensorFlow with //tensorflow/compiler/xla/python:enable_plugin_device set to true (defaults to false) to enable this.
I1008 05:44:26.932611 140629935306560 submission_runner.py:507] Using RNG seed 222023135
I1008 05:44:32.707309 140629935306560 submission_runner.py:516] --- Tuning run 1/1 ---
I1008 05:44:32.707561 140629935306560 submission_runner.py:521] Creating tuning directory at /experiment_runs/fastmri_target_resetting/nesterov_run_13/fastmri_jax/trial_1.
I1008 05:44:32.707875 140629935306560 logger_utils.py:92] Saving hparams to /experiment_runs/fastmri_target_resetting/nesterov_run_13/fastmri_jax/trial_1/hparams.json.
I1008 05:44:32.890148 140629935306560 submission_runner.py:191] Initializing dataset.
I1008 05:44:39.406969 140629935306560 submission_runner.py:198] Initializing model.
I1008 05:44:46.080519 140629935306560 submission_runner.py:232] Initializing optimizer.
I1008 05:44:46.928884 140629935306560 submission_runner.py:239] Initializing metrics bundle.
I1008 05:44:46.929107 140629935306560 submission_runner.py:257] Initializing checkpoint and logger.
I1008 05:44:46.930016 140629935306560 checkpoints.py:915] Found no checkpoint files in /experiment_runs/fastmri_target_resetting/nesterov_run_13/fastmri_jax/trial_1 with prefix checkpoint_
I1008 05:44:46.930205 140629935306560 submission_runner.py:277] Saving meta data to /experiment_runs/fastmri_target_resetting/nesterov_run_13/fastmri_jax/trial_1/meta_data_0.json.
I1008 05:44:46.930436 140629935306560 logger_utils.py:257] Unable to record workload.train_mean information. Continuing without it.
I1008 05:44:46.930512 140629935306560 logger_utils.py:257] Unable to record workload.train_stddev information. Continuing without it.
I1008 05:44:48.039501 140629935306560 submission_runner.py:280] Saving flags to /experiment_runs/fastmri_target_resetting/nesterov_run_13/fastmri_jax/trial_1/flags_0.json.
I1008 05:44:48.049730 140629935306560 submission_runner.py:290] Starting training loop.
I1008 05:45:59.461815 140465387071232 logging_writer.py:48] [0] global_step=0, grad_norm=5.709083557128906, loss=0.930995762348175
I1008 05:45:59.475490 140629935306560 spec.py:321] Evaluating on the training split.
I1008 05:47:29.226384 140629935306560 spec.py:333] Evaluating on the validation split.
I1008 05:48:31.778836 140629935306560 spec.py:349] Evaluating on the test split.
I1008 05:49:29.213134 140629935306560 submission_runner.py:381] Time since start: 281.16s, 	Step: 1, 	{'train/ssim': 0.2355217593056815, 'train/loss': 0.977640083857945, 'validation/ssim': 0.22999625133542312, 'validation/loss': 0.9783053508151027, 'validation/num_examples': 3554, 'test/ssim': 0.2521163740160744, 'test/loss': 0.9746584621963139, 'test/num_examples': 3581, 'score': 71.4255723953247, 'total_duration': 281.1633050441742, 'accumulated_submission_time': 71.4255723953247, 'accumulated_eval_time': 209.73756289482117, 'accumulated_logging_time': 0}
I1008 05:49:29.234048 140434684765952 logging_writer.py:48] [1] accumulated_eval_time=209.737563, accumulated_logging_time=0, accumulated_submission_time=71.425572, global_step=1, preemption_count=0, score=71.425572, test/loss=0.974658, test/num_examples=3581, test/ssim=0.252116, total_duration=281.163305, train/loss=0.977640, train/ssim=0.235522, validation/loss=0.978305, validation/num_examples=3554, validation/ssim=0.229996
I1008 05:49:29.327293 140434676373248 logging_writer.py:48] [1] global_step=1, grad_norm=6.18612813949585, loss=0.9456894397735596
I1008 05:49:29.417928 140434684765952 logging_writer.py:48] [2] global_step=2, grad_norm=5.9286675453186035, loss=0.9434942007064819
I1008 05:49:29.504562 140434676373248 logging_writer.py:48] [3] global_step=3, grad_norm=6.253229141235352, loss=0.9449934363365173
I1008 05:49:29.586267 140434684765952 logging_writer.py:48] [4] global_step=4, grad_norm=6.222196102142334, loss=0.9464385509490967
I1008 05:49:29.673952 140434676373248 logging_writer.py:48] [5] global_step=5, grad_norm=5.135896682739258, loss=1.0206748247146606
I1008 05:49:29.763849 140434684765952 logging_writer.py:48] [6] global_step=6, grad_norm=4.909506797790527, loss=0.9500402212142944
I1008 05:49:29.848852 140434676373248 logging_writer.py:48] [7] global_step=7, grad_norm=5.652482509613037, loss=0.9358283877372742
I1008 05:49:29.935070 140434684765952 logging_writer.py:48] [8] global_step=8, grad_norm=5.505161285400391, loss=0.8264299035072327
I1008 05:49:30.021575 140434676373248 logging_writer.py:48] [9] global_step=9, grad_norm=5.143849849700928, loss=0.7597122192382812
I1008 05:49:30.103737 140434684765952 logging_writer.py:48] [10] global_step=10, grad_norm=4.477152347564697, loss=0.7083248496055603
I1008 05:49:30.188168 140434676373248 logging_writer.py:48] [11] global_step=11, grad_norm=3.894066095352173, loss=0.6891973614692688
I1008 05:49:30.270048 140434684765952 logging_writer.py:48] [12] global_step=12, grad_norm=2.8302786350250244, loss=0.6432007551193237
I1008 05:49:30.355370 140434676373248 logging_writer.py:48] [13] global_step=13, grad_norm=2.492722272872925, loss=0.5408861637115479
I1008 05:49:30.439070 140434684765952 logging_writer.py:48] [14] global_step=14, grad_norm=1.6944183111190796, loss=0.5466815233230591
I1008 05:49:30.527084 140434676373248 logging_writer.py:48] [15] global_step=15, grad_norm=1.4785902500152588, loss=0.508275032043457
I1008 05:49:30.762161 140434684765952 logging_writer.py:48] [16] global_step=16, grad_norm=1.0727581977844238, loss=0.5640480518341064
I1008 05:49:31.014805 140434676373248 logging_writer.py:48] [17] global_step=17, grad_norm=1.0701136589050293, loss=0.5144307017326355
I1008 05:49:31.263850 140434684765952 logging_writer.py:48] [18] global_step=18, grad_norm=1.084324836730957, loss=0.49229633808135986
I1008 05:49:31.564940 140434676373248 logging_writer.py:48] [19] global_step=19, grad_norm=1.3190420866012573, loss=0.4808691143989563
I1008 05:49:31.761453 140434684765952 logging_writer.py:48] [20] global_step=20, grad_norm=1.3844105005264282, loss=0.6427739858627319
I1008 05:49:31.990856 140434676373248 logging_writer.py:48] [21] global_step=21, grad_norm=1.4567910432815552, loss=0.5953859686851501
I1008 05:49:32.267220 140434684765952 logging_writer.py:48] [22] global_step=22, grad_norm=1.7962621450424194, loss=0.5026559829711914
I1008 05:49:32.592839 140434676373248 logging_writer.py:48] [23] global_step=23, grad_norm=1.7050061225891113, loss=0.5133278369903564
I1008 05:49:32.788747 140434684765952 logging_writer.py:48] [24] global_step=24, grad_norm=1.9396015405654907, loss=0.5004127621650696
I1008 05:49:33.010936 140434676373248 logging_writer.py:48] [25] global_step=25, grad_norm=1.7790197134017944, loss=0.46092167496681213
I1008 05:49:33.318114 140434684765952 logging_writer.py:48] [26] global_step=26, grad_norm=2.0276615619659424, loss=0.47963473200798035
I1008 05:49:33.592704 140434676373248 logging_writer.py:48] [27] global_step=27, grad_norm=1.987097978591919, loss=0.4525600075721741
I1008 05:49:33.796732 140434684765952 logging_writer.py:48] [28] global_step=28, grad_norm=2.000386953353882, loss=0.4987906515598297
I1008 05:49:34.002460 140434676373248 logging_writer.py:48] [29] global_step=29, grad_norm=1.677536964416504, loss=0.5089670419692993
I1008 05:49:34.286531 140434684765952 logging_writer.py:48] [30] global_step=30, grad_norm=1.815989375114441, loss=0.441150963306427
I1008 05:49:34.541190 140434676373248 logging_writer.py:48] [31] global_step=31, grad_norm=1.3750791549682617, loss=0.47229957580566406
I1008 05:49:34.769143 140434684765952 logging_writer.py:48] [32] global_step=32, grad_norm=1.224408507347107, loss=0.4467182159423828
I1008 05:49:34.981756 140434676373248 logging_writer.py:48] [33] global_step=33, grad_norm=0.9459003210067749, loss=0.470341295003891
I1008 05:49:35.227953 140434684765952 logging_writer.py:48] [34] global_step=34, grad_norm=0.777594268321991, loss=0.5629920363426208
I1008 05:49:35.436317 140434676373248 logging_writer.py:48] [35] global_step=35, grad_norm=0.5428086519241333, loss=0.44148874282836914
I1008 05:49:35.683362 140434684765952 logging_writer.py:48] [36] global_step=36, grad_norm=0.546649158000946, loss=0.3973732590675354
I1008 05:49:35.919445 140434676373248 logging_writer.py:48] [37] global_step=37, grad_norm=0.5354416966438293, loss=0.465156614780426
I1008 05:49:36.154321 140434684765952 logging_writer.py:48] [38] global_step=38, grad_norm=0.7342493534088135, loss=0.3993862271308899
I1008 05:49:36.363365 140434676373248 logging_writer.py:48] [39] global_step=39, grad_norm=1.0577874183654785, loss=0.37184250354766846
I1008 05:49:36.623987 140434684765952 logging_writer.py:48] [40] global_step=40, grad_norm=0.9431290626525879, loss=0.4769527018070221
I1008 05:49:36.870882 140434676373248 logging_writer.py:48] [41] global_step=41, grad_norm=1.0983861684799194, loss=0.3844330608844757
I1008 05:49:37.072839 140434684765952 logging_writer.py:48] [42] global_step=42, grad_norm=0.8954421281814575, loss=0.5100091099739075
I1008 05:49:37.350084 140434676373248 logging_writer.py:48] [43] global_step=43, grad_norm=1.0397593975067139, loss=0.42553457617759705
I1008 05:49:37.572530 140434684765952 logging_writer.py:48] [44] global_step=44, grad_norm=1.2281967401504517, loss=0.3913593590259552
I1008 05:49:37.839992 140434676373248 logging_writer.py:48] [45] global_step=45, grad_norm=1.2148566246032715, loss=0.364991694688797
I1008 05:49:38.050930 140434684765952 logging_writer.py:48] [46] global_step=46, grad_norm=1.0626767873764038, loss=0.4378679394721985
I1008 05:49:38.349037 140434676373248 logging_writer.py:48] [47] global_step=47, grad_norm=1.2230859994888306, loss=0.41499510407447815
I1008 05:49:38.598697 140434684765952 logging_writer.py:48] [48] global_step=48, grad_norm=0.7842053771018982, loss=0.4728313684463501
I1008 05:49:38.838600 140434676373248 logging_writer.py:48] [49] global_step=49, grad_norm=0.7380332350730896, loss=0.4291452467441559
I1008 05:49:39.137990 140434684765952 logging_writer.py:48] [50] global_step=50, grad_norm=0.5605164766311646, loss=0.5031754970550537
I1008 05:49:39.380836 140434676373248 logging_writer.py:48] [51] global_step=51, grad_norm=0.46784719824790955, loss=0.46326500177383423
I1008 05:49:39.571770 140434684765952 logging_writer.py:48] [52] global_step=52, grad_norm=0.5464462041854858, loss=0.4331715703010559
I1008 05:49:39.836448 140434676373248 logging_writer.py:48] [53] global_step=53, grad_norm=0.6203963756561279, loss=0.3722633421421051
I1008 05:49:40.128356 140434684765952 logging_writer.py:48] [54] global_step=54, grad_norm=0.6279085874557495, loss=0.38258254528045654
I1008 05:49:40.334837 140434676373248 logging_writer.py:48] [55] global_step=55, grad_norm=0.41532057523727417, loss=0.4271174967288971
I1008 05:49:40.567397 140434684765952 logging_writer.py:48] [56] global_step=56, grad_norm=0.5196384191513062, loss=0.38916558027267456
I1008 05:49:40.839925 140434676373248 logging_writer.py:48] [57] global_step=57, grad_norm=0.5374089479446411, loss=0.4105778932571411
I1008 05:49:41.072814 140434684765952 logging_writer.py:48] [58] global_step=58, grad_norm=0.5748328566551208, loss=0.3936590850353241
I1008 05:49:41.325081 140434676373248 logging_writer.py:48] [59] global_step=59, grad_norm=0.6066017150878906, loss=0.44189855456352234
I1008 05:49:41.558715 140434684765952 logging_writer.py:48] [60] global_step=60, grad_norm=0.5931894779205322, loss=0.5264383554458618
I1008 05:49:41.829622 140434676373248 logging_writer.py:48] [61] global_step=61, grad_norm=0.6471797823905945, loss=0.38443461060523987
I1008 05:49:42.067892 140434684765952 logging_writer.py:48] [62] global_step=62, grad_norm=0.7560626268386841, loss=0.3697406053543091
I1008 05:49:42.274652 140434676373248 logging_writer.py:48] [63] global_step=63, grad_norm=0.6828373074531555, loss=0.4420057535171509
I1008 05:49:42.516647 140434684765952 logging_writer.py:48] [64] global_step=64, grad_norm=0.6875196695327759, loss=0.36245089769363403
I1008 05:49:42.785940 140434676373248 logging_writer.py:48] [65] global_step=65, grad_norm=0.601567268371582, loss=0.368421345949173
I1008 05:49:43.007773 140434684765952 logging_writer.py:48] [66] global_step=66, grad_norm=0.6480613946914673, loss=0.2905134856700897
I1008 05:49:43.275481 140434676373248 logging_writer.py:48] [67] global_step=67, grad_norm=0.5945932269096375, loss=0.31405624747276306
I1008 05:49:43.535720 140434684765952 logging_writer.py:48] [68] global_step=68, grad_norm=0.4584052562713623, loss=0.3976232409477234
I1008 05:49:43.762629 140434676373248 logging_writer.py:48] [69] global_step=69, grad_norm=0.43275555968284607, loss=0.33282285928726196
I1008 05:49:43.997295 140434684765952 logging_writer.py:48] [70] global_step=70, grad_norm=0.35253021121025085, loss=0.41687262058258057
I1008 05:49:44.257708 140434676373248 logging_writer.py:48] [71] global_step=71, grad_norm=0.28929924964904785, loss=0.3412000834941864
I1008 05:49:44.538928 140434684765952 logging_writer.py:48] [72] global_step=72, grad_norm=0.2486000508069992, loss=0.30179840326309204
I1008 05:49:44.787077 140434676373248 logging_writer.py:48] [73] global_step=73, grad_norm=0.24567873775959015, loss=0.353047251701355
I1008 05:49:45.004313 140434684765952 logging_writer.py:48] [74] global_step=74, grad_norm=0.20776084065437317, loss=0.33946943283081055
I1008 05:49:45.220120 140434676373248 logging_writer.py:48] [75] global_step=75, grad_norm=0.2650710642337799, loss=0.40586042404174805
I1008 05:49:45.494783 140434684765952 logging_writer.py:48] [76] global_step=76, grad_norm=0.404261976480484, loss=0.3128192126750946
I1008 05:49:45.710077 140434676373248 logging_writer.py:48] [77] global_step=77, grad_norm=0.494356632232666, loss=0.3150383532047272
I1008 05:49:45.934432 140434684765952 logging_writer.py:48] [78] global_step=78, grad_norm=0.4911712110042572, loss=0.39995092153549194
I1008 05:49:46.208889 140434676373248 logging_writer.py:48] [79] global_step=79, grad_norm=0.5284605622291565, loss=0.3344801962375641
I1008 05:49:46.458518 140434684765952 logging_writer.py:48] [80] global_step=80, grad_norm=0.5902693271636963, loss=0.2642650008201599
I1008 05:49:46.705137 140434676373248 logging_writer.py:48] [81] global_step=81, grad_norm=0.5166740417480469, loss=0.34228500723838806
I1008 05:49:46.875782 140434684765952 logging_writer.py:48] [82] global_step=82, grad_norm=0.46999451518058777, loss=0.3218599557876587
I1008 05:49:47.183285 140434676373248 logging_writer.py:48] [83] global_step=83, grad_norm=0.44397827982902527, loss=0.41603460907936096
I1008 05:49:47.404805 140434684765952 logging_writer.py:48] [84] global_step=84, grad_norm=0.4853026270866394, loss=0.3011694550514221
I1008 05:49:47.656423 140434676373248 logging_writer.py:48] [85] global_step=85, grad_norm=0.5038601756095886, loss=0.2625004053115845
I1008 05:49:47.902755 140434684765952 logging_writer.py:48] [86] global_step=86, grad_norm=0.3428122103214264, loss=0.37991106510162354
I1008 05:49:48.086487 140434676373248 logging_writer.py:48] [87] global_step=87, grad_norm=0.36194688081741333, loss=0.3631742596626282
I1008 05:49:48.363759 140434684765952 logging_writer.py:48] [88] global_step=88, grad_norm=0.35472071170806885, loss=0.2837049961090088
I1008 05:49:48.589473 140434676373248 logging_writer.py:48] [89] global_step=89, grad_norm=0.2851874828338623, loss=0.28905513882637024
I1008 05:49:48.812658 140434684765952 logging_writer.py:48] [90] global_step=90, grad_norm=0.2685430943965912, loss=0.32328471541404724
I1008 05:49:49.078084 140434676373248 logging_writer.py:48] [91] global_step=91, grad_norm=0.26575177907943726, loss=0.2858888804912567
I1008 05:49:49.272889 140434684765952 logging_writer.py:48] [92] global_step=92, grad_norm=0.31432661414146423, loss=0.3310762345790863
I1008 05:49:49.544780 140434676373248 logging_writer.py:48] [93] global_step=93, grad_norm=0.16840288043022156, loss=0.2768396735191345
I1008 05:49:49.801460 140434684765952 logging_writer.py:48] [94] global_step=94, grad_norm=0.1684921532869339, loss=0.24329665303230286
I1008 05:49:49.995872 140434676373248 logging_writer.py:48] [95] global_step=95, grad_norm=0.2641065716743469, loss=0.362165242433548
I1008 05:49:50.224139 140434684765952 logging_writer.py:48] [96] global_step=96, grad_norm=0.2629218101501465, loss=0.2809997498989105
I1008 05:49:50.475438 140434676373248 logging_writer.py:48] [97] global_step=97, grad_norm=0.2757161259651184, loss=0.30960485339164734
I1008 05:49:50.707776 140434684765952 logging_writer.py:48] [98] global_step=98, grad_norm=0.32135891914367676, loss=0.29311642050743103
I1008 05:49:50.922335 140434676373248 logging_writer.py:48] [99] global_step=99, grad_norm=0.3373851776123047, loss=0.2362622320652008
I1008 05:49:51.150616 140434684765952 logging_writer.py:48] [100] global_step=100, grad_norm=0.3367959260940552, loss=0.3566637337207794
I1008 05:50:49.232006 140629935306560 spec.py:321] Evaluating on the training split.
I1008 05:50:51.024288 140629935306560 spec.py:333] Evaluating on the validation split.
I1008 05:50:52.355794 140629935306560 spec.py:349] Evaluating on the test split.
I1008 05:50:53.689978 140629935306560 submission_runner.py:381] Time since start: 365.64s, 	Step: 334, 	{'train/ssim': 0.6890862328665597, 'train/loss': 0.3178038937704904, 'validation/ssim': 0.6661695696090673, 'validation/loss': 0.33993394601593274, 'validation/num_examples': 3554, 'test/ssim': 0.6853115973410011, 'test/loss': 0.3413993709748499, 'test/num_examples': 3581, 'score': 151.40803337097168, 'total_duration': 365.64018416404724, 'accumulated_submission_time': 151.40803337097168, 'accumulated_eval_time': 214.19550013542175, 'accumulated_logging_time': 0.030277252197265625}
I1008 05:50:53.711724 140434676373248 logging_writer.py:48] [334] accumulated_eval_time=214.195500, accumulated_logging_time=0.030277, accumulated_submission_time=151.408033, global_step=334, preemption_count=0, score=151.408033, test/loss=0.341399, test/num_examples=3581, test/ssim=0.685312, total_duration=365.640184, train/loss=0.317804, train/ssim=0.689086, validation/loss=0.339934, validation/num_examples=3554, validation/ssim=0.666170
I1008 05:51:49.882584 140434684765952 logging_writer.py:48] [500] global_step=500, grad_norm=0.09640942513942719, loss=0.23375838994979858
I1008 05:52:13.788026 140629935306560 spec.py:321] Evaluating on the training split.
I1008 05:52:15.172516 140629935306560 spec.py:333] Evaluating on the validation split.
I1008 05:52:16.502907 140629935306560 spec.py:349] Evaluating on the test split.
I1008 05:52:17.839612 140629935306560 submission_runner.py:381] Time since start: 449.79s, 	Step: 568, 	{'train/ssim': 0.7066458974565778, 'train/loss': 0.3020833560398647, 'validation/ssim': 0.6845314313537564, 'validation/loss': 0.3233577318250563, 'validation/num_examples': 3554, 'test/ssim': 0.7031721782497906, 'test/loss': 0.3250558912271363, 'test/num_examples': 3581, 'score': 231.46397066116333, 'total_duration': 449.78981709480286, 'accumulated_submission_time': 231.46397066116333, 'accumulated_eval_time': 218.24704504013062, 'accumulated_logging_time': 0.06804037094116211}
I1008 05:52:17.863074 140434676373248 logging_writer.py:48] [568] accumulated_eval_time=218.247045, accumulated_logging_time=0.068040, accumulated_submission_time=231.463971, global_step=568, preemption_count=0, score=231.463971, test/loss=0.325056, test/num_examples=3581, test/ssim=0.703172, total_duration=449.789817, train/loss=0.302083, train/ssim=0.706646, validation/loss=0.323358, validation/num_examples=3554, validation/ssim=0.684531
I1008 05:53:38.043541 140629935306560 spec.py:321] Evaluating on the training split.
I1008 05:53:39.429217 140629935306560 spec.py:333] Evaluating on the validation split.
I1008 05:53:40.761514 140629935306560 spec.py:349] Evaluating on the test split.
I1008 05:53:42.099637 140629935306560 submission_runner.py:381] Time since start: 534.05s, 	Step: 805, 	{'train/ssim': 0.7171709878104073, 'train/loss': 0.29193115234375, 'validation/ssim': 0.6951162395144556, 'validation/loss': 0.3127544104683983, 'validation/num_examples': 3554, 'test/ssim': 0.7130372729989877, 'test/loss': 0.31456108274355976, 'test/num_examples': 3581, 'score': 311.6264934539795, 'total_duration': 534.0498316287994, 'accumulated_submission_time': 311.6264934539795, 'accumulated_eval_time': 222.30312132835388, 'accumulated_logging_time': 0.10517334938049316}
I1008 05:53:42.120062 140434684765952 logging_writer.py:48] [805] accumulated_eval_time=222.303121, accumulated_logging_time=0.105173, accumulated_submission_time=311.626493, global_step=805, preemption_count=0, score=311.626493, test/loss=0.314561, test/num_examples=3581, test/ssim=0.713037, total_duration=534.049832, train/loss=0.291931, train/ssim=0.717171, validation/loss=0.312754, validation/num_examples=3554, validation/ssim=0.695116
I1008 05:54:43.975649 140434676373248 logging_writer.py:48] [1000] global_step=1000, grad_norm=0.1274411827325821, loss=0.29633665084838867
I1008 05:55:02.120317 140629935306560 spec.py:321] Evaluating on the training split.
I1008 05:55:03.508579 140629935306560 spec.py:333] Evaluating on the validation split.
I1008 05:55:04.842171 140629935306560 spec.py:349] Evaluating on the test split.
I1008 05:55:06.178220 140629935306560 submission_runner.py:381] Time since start: 618.13s, 	Step: 1078, 	{'train/ssim': 0.7241546767098563, 'train/loss': 0.2848398855754307, 'validation/ssim': 0.7021735110307048, 'validation/loss': 0.3050999767537458, 'validation/num_examples': 3554, 'test/ssim': 0.7196365693067579, 'test/loss': 0.30696275972580983, 'test/num_examples': 3581, 'score': 391.6073639392853, 'total_duration': 618.1284008026123, 'accumulated_submission_time': 391.6073639392853, 'accumulated_eval_time': 226.36101508140564, 'accumulated_logging_time': 0.14001035690307617}
I1008 05:55:06.195023 140434684765952 logging_writer.py:48] [1078] accumulated_eval_time=226.361015, accumulated_logging_time=0.140010, accumulated_submission_time=391.607364, global_step=1078, preemption_count=0, score=391.607364, test/loss=0.306963, test/num_examples=3581, test/ssim=0.719637, total_duration=618.128401, train/loss=0.284840, train/ssim=0.724155, validation/loss=0.305100, validation/num_examples=3554, validation/ssim=0.702174
I1008 05:56:26.243348 140629935306560 spec.py:321] Evaluating on the training split.
I1008 05:56:27.628750 140629935306560 spec.py:333] Evaluating on the validation split.
I1008 05:56:28.962811 140629935306560 spec.py:349] Evaluating on the test split.
I1008 05:56:30.300838 140629935306560 submission_runner.py:381] Time since start: 702.25s, 	Step: 1431, 	{'train/ssim': 0.7290804045540946, 'train/loss': 0.2791238852909633, 'validation/ssim': 0.7069240864167136, 'validation/loss': 0.2996374848322313, 'validation/num_examples': 3554, 'test/ssim': 0.7244271387836847, 'test/loss': 0.30127437179296984, 'test/num_examples': 3581, 'score': 471.64082741737366, 'total_duration': 702.2510182857513, 'accumulated_submission_time': 471.64082741737366, 'accumulated_eval_time': 230.41845107078552, 'accumulated_logging_time': 0.16590070724487305}
I1008 05:56:30.316371 140434676373248 logging_writer.py:48] [1431] accumulated_eval_time=230.418451, accumulated_logging_time=0.165901, accumulated_submission_time=471.640827, global_step=1431, preemption_count=0, score=471.640827, test/loss=0.301274, test/num_examples=3581, test/ssim=0.724427, total_duration=702.251018, train/loss=0.279124, train/ssim=0.729080, validation/loss=0.299637, validation/num_examples=3554, validation/ssim=0.706924
I1008 05:56:44.331992 140434684765952 logging_writer.py:48] [1500] global_step=1500, grad_norm=0.10568279772996902, loss=0.3416929841041565
I1008 05:57:50.381458 140629935306560 spec.py:321] Evaluating on the training split.
I1008 05:57:51.767197 140629935306560 spec.py:333] Evaluating on the validation split.
I1008 05:57:53.099721 140629935306560 spec.py:349] Evaluating on the test split.
I1008 05:57:54.440318 140629935306560 submission_runner.py:381] Time since start: 786.39s, 	Step: 1783, 	{'train/ssim': 0.7335532052176339, 'train/loss': 0.2764032227652414, 'validation/ssim': 0.7114744857247116, 'validation/loss': 0.29716169693259353, 'validation/num_examples': 3554, 'test/ssim': 0.7287392444498744, 'test/loss': 0.2987254850360409, 'test/num_examples': 3581, 'score': 551.6908473968506, 'total_duration': 786.3905191421509, 'accumulated_submission_time': 551.6908473968506, 'accumulated_eval_time': 234.47728991508484, 'accumulated_logging_time': 0.19058942794799805}
I1008 05:57:54.456128 140434676373248 logging_writer.py:48] [1783] accumulated_eval_time=234.477290, accumulated_logging_time=0.190589, accumulated_submission_time=551.690847, global_step=1783, preemption_count=0, score=551.690847, test/loss=0.298725, test/num_examples=3581, test/ssim=0.728739, total_duration=786.390519, train/loss=0.276403, train/ssim=0.733553, validation/loss=0.297162, validation/num_examples=3554, validation/ssim=0.711474
I1008 05:58:43.757798 140434684765952 logging_writer.py:48] [2000] global_step=2000, grad_norm=0.3020971417427063, loss=0.23832963407039642
I1008 05:59:14.655970 140629935306560 spec.py:321] Evaluating on the training split.
I1008 05:59:16.042701 140629935306560 spec.py:333] Evaluating on the validation split.
I1008 05:59:17.376515 140629935306560 spec.py:349] Evaluating on the test split.
I1008 05:59:18.714854 140629935306560 submission_runner.py:381] Time since start: 870.67s, 	Step: 2132, 	{'train/ssim': 0.7314457893371582, 'train/loss': 0.27810863086155485, 'validation/ssim': 0.7090982706545442, 'validation/loss': 0.2995415528168085, 'validation/num_examples': 3554, 'test/ssim': 0.7256582047612399, 'test/loss': 0.3018416016170413, 'test/num_examples': 3581, 'score': 631.8750472068787, 'total_duration': 870.6650567054749, 'accumulated_submission_time': 631.8750472068787, 'accumulated_eval_time': 238.53617191314697, 'accumulated_logging_time': 0.21601104736328125}
I1008 05:59:18.730757 140434676373248 logging_writer.py:48] [2132] accumulated_eval_time=238.536172, accumulated_logging_time=0.216011, accumulated_submission_time=631.875047, global_step=2132, preemption_count=0, score=631.875047, test/loss=0.301842, test/num_examples=3581, test/ssim=0.725658, total_duration=870.665057, train/loss=0.278109, train/ssim=0.731446, validation/loss=0.299542, validation/num_examples=3554, validation/ssim=0.709098
I1008 06:00:38.947583 140629935306560 spec.py:321] Evaluating on the training split.
I1008 06:00:40.335709 140629935306560 spec.py:333] Evaluating on the validation split.
I1008 06:00:41.670782 140629935306560 spec.py:349] Evaluating on the test split.
I1008 06:00:43.007567 140629935306560 submission_runner.py:381] Time since start: 954.96s, 	Step: 2487, 	{'train/ssim': 0.7408069883074079, 'train/loss': 0.27216780185699463, 'validation/ssim': 0.7185022185609524, 'validation/loss': 0.2933886114237479, 'validation/num_examples': 3554, 'test/ssim': 0.7354794619170623, 'test/loss': 0.29509807758176837, 'test/num_examples': 3581, 'score': 712.0763623714447, 'total_duration': 954.9577651023865, 'accumulated_submission_time': 712.0763623714447, 'accumulated_eval_time': 242.59612035751343, 'accumulated_logging_time': 0.24138545989990234}
I1008 06:00:43.023432 140434684765952 logging_writer.py:48] [2487] accumulated_eval_time=242.596120, accumulated_logging_time=0.241385, accumulated_submission_time=712.076362, global_step=2487, preemption_count=0, score=712.076362, test/loss=0.295098, test/num_examples=3581, test/ssim=0.735479, total_duration=954.957765, train/loss=0.272168, train/ssim=0.740807, validation/loss=0.293389, validation/num_examples=3554, validation/ssim=0.718502
I1008 06:00:45.458272 140434676373248 logging_writer.py:48] [2500] global_step=2500, grad_norm=0.2700777053833008, loss=0.24889400601387024
I1008 06:02:03.132262 140629935306560 spec.py:321] Evaluating on the training split.
I1008 06:02:04.519220 140629935306560 spec.py:333] Evaluating on the validation split.
I1008 06:02:05.853636 140629935306560 spec.py:349] Evaluating on the test split.
I1008 06:02:07.191041 140629935306560 submission_runner.py:381] Time since start: 1039.14s, 	Step: 2832, 	{'train/ssim': 0.7414652279445103, 'train/loss': 0.27104088238307406, 'validation/ssim': 0.7187225221581317, 'validation/loss': 0.29241094981007315, 'validation/num_examples': 3554, 'test/ssim': 0.7358615921050335, 'test/loss': 0.2939987289143221, 'test/num_examples': 3581, 'score': 790.777423620224, 'total_duration': 1039.141235113144, 'accumulated_submission_time': 790.777423620224, 'accumulated_eval_time': 246.65485763549805, 'accumulated_logging_time': 1.6592576503753662}
I1008 06:02:07.207937 140434684765952 logging_writer.py:48] [2832] accumulated_eval_time=246.654858, accumulated_logging_time=1.659258, accumulated_submission_time=790.777424, global_step=2832, preemption_count=0, score=790.777424, test/loss=0.293999, test/num_examples=3581, test/ssim=0.735862, total_duration=1039.141235, train/loss=0.271041, train/ssim=0.741465, validation/loss=0.292411, validation/num_examples=3554, validation/ssim=0.718723
I1008 06:02:44.611928 140434676373248 logging_writer.py:48] [3000] global_step=3000, grad_norm=0.20825260877609253, loss=0.2747896909713745
I1008 06:03:27.406627 140629935306560 spec.py:321] Evaluating on the training split.
I1008 06:03:28.794685 140629935306560 spec.py:333] Evaluating on the validation split.
I1008 06:03:30.131679 140629935306560 spec.py:349] Evaluating on the test split.
I1008 06:03:31.469215 140629935306560 submission_runner.py:381] Time since start: 1123.42s, 	Step: 3183, 	{'train/ssim': 0.7400447981698173, 'train/loss': 0.27093025616237093, 'validation/ssim': 0.7173757644335608, 'validation/loss': 0.2919457842945449, 'validation/num_examples': 3554, 'test/ssim': 0.7344479490278554, 'test/loss': 0.2936634020045029, 'test/num_examples': 3581, 'score': 870.9598641395569, 'total_duration': 1123.4194192886353, 'accumulated_submission_time': 870.9598641395569, 'accumulated_eval_time': 250.7174186706543, 'accumulated_logging_time': 1.686445713043213}
I1008 06:03:31.490185 140434684765952 logging_writer.py:48] [3183] accumulated_eval_time=250.717419, accumulated_logging_time=1.686446, accumulated_submission_time=870.959864, global_step=3183, preemption_count=0, score=870.959864, test/loss=0.293663, test/num_examples=3581, test/ssim=0.734448, total_duration=1123.419419, train/loss=0.270930, train/ssim=0.740045, validation/loss=0.291946, validation/num_examples=3554, validation/ssim=0.717376
I1008 06:04:43.605246 140434676373248 logging_writer.py:48] [3500] global_step=3500, grad_norm=0.33640551567077637, loss=0.32918161153793335
I1008 06:04:51.496496 140629935306560 spec.py:321] Evaluating on the training split.
I1008 06:04:52.881274 140629935306560 spec.py:333] Evaluating on the validation split.
I1008 06:04:54.218941 140629935306560 spec.py:349] Evaluating on the test split.
I1008 06:04:55.559627 140629935306560 submission_runner.py:381] Time since start: 1207.51s, 	Step: 3535, 	{'train/ssim': 0.7427686963762555, 'train/loss': 0.26931869983673096, 'validation/ssim': 0.7199855411596089, 'validation/loss': 0.29063124433956455, 'validation/num_examples': 3554, 'test/ssim': 0.7371176789173765, 'test/loss': 0.29217302609475354, 'test/num_examples': 3581, 'score': 950.9515116214752, 'total_duration': 1207.5098164081573, 'accumulated_submission_time': 950.9515116214752, 'accumulated_eval_time': 254.78050994873047, 'accumulated_logging_time': 1.7161836624145508}
I1008 06:04:55.576294 140434684765952 logging_writer.py:48] [3535] accumulated_eval_time=254.780510, accumulated_logging_time=1.716184, accumulated_submission_time=950.951512, global_step=3535, preemption_count=0, score=950.951512, test/loss=0.292173, test/num_examples=3581, test/ssim=0.737118, total_duration=1207.509816, train/loss=0.269319, train/ssim=0.742769, validation/loss=0.290631, validation/num_examples=3554, validation/ssim=0.719986
I1008 06:06:15.563221 140629935306560 spec.py:321] Evaluating on the training split.
I1008 06:06:16.951535 140629935306560 spec.py:333] Evaluating on the validation split.
I1008 06:06:18.286016 140629935306560 spec.py:349] Evaluating on the test split.
I1008 06:06:19.624177 140629935306560 submission_runner.py:381] Time since start: 1291.57s, 	Step: 3890, 	{'train/ssim': 0.7437640598842076, 'train/loss': 0.26889399119785856, 'validation/ssim': 0.7212349586293613, 'validation/loss': 0.29009422426755066, 'validation/num_examples': 3554, 'test/ssim': 0.7383749929096272, 'test/loss': 0.29161227305352905, 'test/num_examples': 3581, 'score': 1030.9237327575684, 'total_duration': 1291.5743799209595, 'accumulated_submission_time': 1030.9237327575684, 'accumulated_eval_time': 258.8414373397827, 'accumulated_logging_time': 1.7416372299194336}
I1008 06:06:19.640489 140434676373248 logging_writer.py:48] [3890] accumulated_eval_time=258.841437, accumulated_logging_time=1.741637, accumulated_submission_time=1030.923733, global_step=3890, preemption_count=0, score=1030.923733, test/loss=0.291612, test/num_examples=3581, test/ssim=0.738375, total_duration=1291.574380, train/loss=0.268894, train/ssim=0.743764, validation/loss=0.290094, validation/num_examples=3554, validation/ssim=0.721235
I1008 06:06:43.511385 140434684765952 logging_writer.py:48] [4000] global_step=4000, grad_norm=0.22167474031448364, loss=0.3299908936023712
I1008 06:07:39.640336 140629935306560 spec.py:321] Evaluating on the training split.
I1008 06:07:41.027210 140629935306560 spec.py:333] Evaluating on the validation split.
I1008 06:07:42.361656 140629935306560 spec.py:349] Evaluating on the test split.
I1008 06:07:43.698971 140629935306560 submission_runner.py:381] Time since start: 1375.65s, 	Step: 4238, 	{'train/ssim': 0.7437141282217843, 'train/loss': 0.2692035606929234, 'validation/ssim': 0.7214007187104319, 'validation/loss': 0.2902157450232133, 'validation/num_examples': 3554, 'test/ssim': 0.7386801516467119, 'test/loss': 0.2915971037463348, 'test/num_examples': 3581, 'score': 1110.9074149131775, 'total_duration': 1375.6491763591766, 'accumulated_submission_time': 1110.9074149131775, 'accumulated_eval_time': 262.90005707740784, 'accumulated_logging_time': 1.7684657573699951}
I1008 06:07:43.715294 140434676373248 logging_writer.py:48] [4238] accumulated_eval_time=262.900057, accumulated_logging_time=1.768466, accumulated_submission_time=1110.907415, global_step=4238, preemption_count=0, score=1110.907415, test/loss=0.291597, test/num_examples=3581, test/ssim=0.738680, total_duration=1375.649176, train/loss=0.269204, train/ssim=0.743714, validation/loss=0.290216, validation/num_examples=3554, validation/ssim=0.721401
I1008 06:08:43.193556 140434684765952 logging_writer.py:48] [4500] global_step=4500, grad_norm=0.25329479575157166, loss=0.2516850531101227
I1008 06:09:03.874892 140629935306560 spec.py:321] Evaluating on the training split.
I1008 06:09:05.260857 140629935306560 spec.py:333] Evaluating on the validation split.
I1008 06:09:06.595901 140629935306560 spec.py:349] Evaluating on the test split.
I1008 06:09:07.933530 140629935306560 submission_runner.py:381] Time since start: 1459.88s, 	Step: 4589, 	{'train/ssim': 0.7433758463178363, 'train/loss': 0.26795179503304617, 'validation/ssim': 0.7203802603580473, 'validation/loss': 0.2891442122322559, 'validation/num_examples': 3554, 'test/ssim': 0.73775594882278, 'test/loss': 0.29059954283457834, 'test/num_examples': 3581, 'score': 1191.0510931015015, 'total_duration': 1459.8837358951569, 'accumulated_submission_time': 1191.0510931015015, 'accumulated_eval_time': 266.9586560726166, 'accumulated_logging_time': 1.7950117588043213}
I1008 06:09:07.950104 140434676373248 logging_writer.py:48] [4589] accumulated_eval_time=266.958656, accumulated_logging_time=1.795012, accumulated_submission_time=1191.051093, global_step=4589, preemption_count=0, score=1191.051093, test/loss=0.290600, test/num_examples=3581, test/ssim=0.737756, total_duration=1459.883736, train/loss=0.267952, train/ssim=0.743376, validation/loss=0.289144, validation/num_examples=3554, validation/ssim=0.720380
I1008 06:10:28.032842 140629935306560 spec.py:321] Evaluating on the training split.
I1008 06:10:29.419480 140629935306560 spec.py:333] Evaluating on the validation split.
I1008 06:10:30.755017 140629935306560 spec.py:349] Evaluating on the test split.
I1008 06:10:32.091351 140629935306560 submission_runner.py:381] Time since start: 1544.04s, 	Step: 4943, 	{'train/ssim': 0.741776738848005, 'train/loss': 0.2682528495788574, 'validation/ssim': 0.718633356561269, 'validation/loss': 0.2894657029821152, 'validation/num_examples': 3554, 'test/ssim': 0.7359839692125105, 'test/loss': 0.290938108135821, 'test/num_examples': 3581, 'score': 1271.119121313095, 'total_duration': 1544.0415551662445, 'accumulated_submission_time': 1271.119121313095, 'accumulated_eval_time': 271.0171356201172, 'accumulated_logging_time': 1.8202629089355469}
I1008 06:10:32.108793 140434684765952 logging_writer.py:48] [4943] accumulated_eval_time=271.017136, accumulated_logging_time=1.820263, accumulated_submission_time=1271.119121, global_step=4943, preemption_count=0, score=1271.119121, test/loss=0.290938, test/num_examples=3581, test/ssim=0.735984, total_duration=1544.041555, train/loss=0.268253, train/ssim=0.741777, validation/loss=0.289466, validation/num_examples=3554, validation/ssim=0.718633
I1008 06:10:43.381261 140434676373248 logging_writer.py:48] [5000] global_step=5000, grad_norm=0.16721847653388977, loss=0.3072207272052765
I1008 06:11:52.255639 140629935306560 spec.py:321] Evaluating on the training split.
I1008 06:11:53.641358 140629935306560 spec.py:333] Evaluating on the validation split.
I1008 06:11:54.975986 140629935306560 spec.py:349] Evaluating on the test split.
I1008 06:11:56.316441 140629935306560 submission_runner.py:381] Time since start: 1628.27s, 	Step: 5296, 	{'train/ssim': 0.7424994196210589, 'train/loss': 0.26897805077689035, 'validation/ssim': 0.7205707504967994, 'validation/loss': 0.289845206325619, 'validation/num_examples': 3554, 'test/ssim': 0.7373960442264731, 'test/loss': 0.2913428047987643, 'test/num_examples': 3581, 'score': 1351.24919962883, 'total_duration': 1628.2666447162628, 'accumulated_submission_time': 1351.24919962883, 'accumulated_eval_time': 275.0779104232788, 'accumulated_logging_time': 1.8487226963043213}
I1008 06:11:56.333024 140434684765952 logging_writer.py:48] [5296] accumulated_eval_time=275.077910, accumulated_logging_time=1.848723, accumulated_submission_time=1351.249200, global_step=5296, preemption_count=0, score=1351.249200, test/loss=0.291343, test/num_examples=3581, test/ssim=0.737396, total_duration=1628.266645, train/loss=0.268978, train/ssim=0.742499, validation/loss=0.289845, validation/num_examples=3554, validation/ssim=0.720571
I1008 06:12:41.957189 140434676373248 logging_writer.py:48] [5500] global_step=5500, grad_norm=0.29147830605506897, loss=0.244718998670578
I1008 06:13:16.441329 140629935306560 spec.py:321] Evaluating on the training split.
I1008 06:13:17.829471 140629935306560 spec.py:333] Evaluating on the validation split.
I1008 06:13:19.163908 140629935306560 spec.py:349] Evaluating on the test split.
I1008 06:13:20.502048 140629935306560 submission_runner.py:381] Time since start: 1712.45s, 	Step: 5647, 	{'train/ssim': 0.739182608468192, 'train/loss': 0.26889494487217497, 'validation/ssim': 0.7152398430905318, 'validation/loss': 0.290277364083603, 'validation/num_examples': 3554, 'test/ssim': 0.7329563800265289, 'test/loss': 0.29165621291189614, 'test/num_examples': 3581, 'score': 1431.3398394584656, 'total_duration': 1712.4522500038147, 'accumulated_submission_time': 1431.3398394584656, 'accumulated_eval_time': 279.13858914375305, 'accumulated_logging_time': 1.8770925998687744}
I1008 06:13:20.518027 140434684765952 logging_writer.py:48] [5647] accumulated_eval_time=279.138589, accumulated_logging_time=1.877093, accumulated_submission_time=1431.339839, global_step=5647, preemption_count=0, score=1431.339839, test/loss=0.291656, test/num_examples=3581, test/ssim=0.732956, total_duration=1712.452250, train/loss=0.268895, train/ssim=0.739183, validation/loss=0.290277, validation/num_examples=3554, validation/ssim=0.715240
I1008 06:14:40.550723 140629935306560 spec.py:321] Evaluating on the training split.
I1008 06:14:41.935092 140629935306560 spec.py:333] Evaluating on the validation split.
I1008 06:14:43.268311 140629935306560 spec.py:349] Evaluating on the test split.
I1008 06:14:44.609103 140629935306560 submission_runner.py:381] Time since start: 1796.56s, 	Step: 6000, 	{'train/ssim': 0.7430511202130999, 'train/loss': 0.26785084179469515, 'validation/ssim': 0.7197280737813028, 'validation/loss': 0.28926583602982553, 'validation/num_examples': 3554, 'test/ssim': 0.7371037027017593, 'test/loss': 0.29070617113323793, 'test/num_examples': 3581, 'score': 1511.3577749729156, 'total_duration': 1796.5593028068542, 'accumulated_submission_time': 1511.3577749729156, 'accumulated_eval_time': 283.1969413757324, 'accumulated_logging_time': 1.9020905494689941}
I1008 06:14:44.625844 140434676373248 logging_writer.py:48] [6000] accumulated_eval_time=283.196941, accumulated_logging_time=1.902091, accumulated_submission_time=1511.357775, global_step=6000, preemption_count=0, score=1511.357775, test/loss=0.290706, test/num_examples=3581, test/ssim=0.737104, total_duration=1796.559303, train/loss=0.267851, train/ssim=0.743051, validation/loss=0.289266, validation/num_examples=3554, validation/ssim=0.719728
I1008 06:14:44.715694 140434684765952 logging_writer.py:48] [6000] global_step=6000, grad_norm=0.28696706891059875, loss=0.23897628486156464
I1008 06:16:04.641365 140629935306560 spec.py:321] Evaluating on the training split.
I1008 06:16:06.028459 140629935306560 spec.py:333] Evaluating on the validation split.
I1008 06:16:07.363934 140629935306560 spec.py:349] Evaluating on the test split.
I1008 06:16:08.699998 140629935306560 submission_runner.py:381] Time since start: 1880.65s, 	Step: 6351, 	{'train/ssim': 0.7444256373814174, 'train/loss': 0.2676459721156529, 'validation/ssim': 0.7214597273758441, 'validation/loss': 0.28880462045406585, 'validation/num_examples': 3554, 'test/ssim': 0.7388097554803128, 'test/loss': 0.29027618092886065, 'test/num_examples': 3581, 'score': 1591.3582963943481, 'total_duration': 1880.6501910686493, 'accumulated_submission_time': 1591.3582963943481, 'accumulated_eval_time': 287.25554847717285, 'accumulated_logging_time': 1.9280757904052734}
I1008 06:16:08.716547 140434676373248 logging_writer.py:48] [6351] accumulated_eval_time=287.255548, accumulated_logging_time=1.928076, accumulated_submission_time=1591.358296, global_step=6351, preemption_count=0, score=1591.358296, test/loss=0.290276, test/num_examples=3581, test/ssim=0.738810, total_duration=1880.650191, train/loss=0.267646, train/ssim=0.744426, validation/loss=0.288805, validation/num_examples=3554, validation/ssim=0.721460
I1008 06:16:41.459469 140434684765952 logging_writer.py:48] [6500] global_step=6500, grad_norm=0.46173128485679626, loss=0.25590234994888306
I1008 06:17:28.727037 140629935306560 spec.py:321] Evaluating on the training split.
I1008 06:17:30.115872 140629935306560 spec.py:333] Evaluating on the validation split.
I1008 06:17:31.453096 140629935306560 spec.py:349] Evaluating on the test split.
I1008 06:17:32.791369 140629935306560 submission_runner.py:381] Time since start: 1964.74s, 	Step: 6704, 	{'train/ssim': 0.7405247007097516, 'train/loss': 0.26831059796469553, 'validation/ssim': 0.7184627878578714, 'validation/loss': 0.2895721452720526, 'validation/num_examples': 3554, 'test/ssim': 0.7356458129712371, 'test/loss': 0.29089481595573863, 'test/num_examples': 3581, 'score': 1671.3539950847626, 'total_duration': 1964.7415747642517, 'accumulated_submission_time': 1671.3539950847626, 'accumulated_eval_time': 291.31985998153687, 'accumulated_logging_time': 1.953679084777832}
I1008 06:17:32.808106 140434676373248 logging_writer.py:48] [6704] accumulated_eval_time=291.319860, accumulated_logging_time=1.953679, accumulated_submission_time=1671.353995, global_step=6704, preemption_count=0, score=1671.353995, test/loss=0.290895, test/num_examples=3581, test/ssim=0.735646, total_duration=1964.741575, train/loss=0.268311, train/ssim=0.740525, validation/loss=0.289572, validation/num_examples=3554, validation/ssim=0.718463
I1008 06:18:39.642754 140434684765952 logging_writer.py:48] [7000] global_step=7000, grad_norm=0.33283695578575134, loss=0.30758658051490784
I1008 06:18:52.945276 140629935306560 spec.py:321] Evaluating on the training split.
I1008 06:18:54.331879 140629935306560 spec.py:333] Evaluating on the validation split.
I1008 06:18:55.667476 140629935306560 spec.py:349] Evaluating on the test split.
I1008 06:18:57.008756 140629935306560 submission_runner.py:381] Time since start: 2048.96s, 	Step: 7059, 	{'train/ssim': 0.7453604425702777, 'train/loss': 0.2669553586414882, 'validation/ssim': 0.7222796661771947, 'validation/loss': 0.28830383678601573, 'validation/num_examples': 3554, 'test/ssim': 0.7395262240165108, 'test/loss': 0.2897440961738167, 'test/num_examples': 3581, 'score': 1751.4761755466461, 'total_duration': 2048.9589619636536, 'accumulated_submission_time': 1751.4761755466461, 'accumulated_eval_time': 295.38329792022705, 'accumulated_logging_time': 1.9794702529907227}
I1008 06:18:57.025126 140434676373248 logging_writer.py:48] [7059] accumulated_eval_time=295.383298, accumulated_logging_time=1.979470, accumulated_submission_time=1751.476176, global_step=7059, preemption_count=0, score=1751.476176, test/loss=0.289744, test/num_examples=3581, test/ssim=0.739526, total_duration=2048.958962, train/loss=0.266955, train/ssim=0.745360, validation/loss=0.288304, validation/num_examples=3554, validation/ssim=0.722280
I1008 06:20:17.156114 140629935306560 spec.py:321] Evaluating on the training split.
I1008 06:20:18.542577 140629935306560 spec.py:333] Evaluating on the validation split.
I1008 06:20:19.878119 140629935306560 spec.py:349] Evaluating on the test split.
I1008 06:20:21.217975 140629935306560 submission_runner.py:381] Time since start: 2133.17s, 	Step: 7408, 	{'train/ssim': 0.7453220912388393, 'train/loss': 0.26684835978916716, 'validation/ssim': 0.7223961035321117, 'validation/loss': 0.28826966122019204, 'validation/num_examples': 3554, 'test/ssim': 0.739736753547368, 'test/loss': 0.28969671339404146, 'test/num_examples': 3581, 'score': 1831.591152191162, 'total_duration': 2133.1681814193726, 'accumulated_submission_time': 1831.591152191162, 'accumulated_eval_time': 299.4451265335083, 'accumulated_logging_time': 2.0060439109802246}
I1008 06:20:21.234925 140434684765952 logging_writer.py:48] [7408] accumulated_eval_time=299.445127, accumulated_logging_time=2.006044, accumulated_submission_time=1831.591152, global_step=7408, preemption_count=0, score=1831.591152, test/loss=0.289697, test/num_examples=3581, test/ssim=0.739737, total_duration=2133.168181, train/loss=0.266848, train/ssim=0.745322, validation/loss=0.288270, validation/num_examples=3554, validation/ssim=0.722396
I1008 06:20:40.737417 140434676373248 logging_writer.py:48] [7500] global_step=7500, grad_norm=0.7611256241798401, loss=0.19697673618793488
I1008 06:21:41.365867 140629935306560 spec.py:321] Evaluating on the training split.
I1008 06:21:42.753383 140629935306560 spec.py:333] Evaluating on the validation split.
I1008 06:21:44.087654 140629935306560 spec.py:349] Evaluating on the test split.
I1008 06:21:45.424156 140629935306560 submission_runner.py:381] Time since start: 2217.37s, 	Step: 7759, 	{'train/ssim': 0.7438411031450544, 'train/loss': 0.2667605366025652, 'validation/ssim': 0.7204879734981711, 'validation/loss': 0.288385171197946, 'validation/num_examples': 3554, 'test/ssim': 0.7378899159627199, 'test/loss': 0.28981499990182563, 'test/num_examples': 3581, 'score': 1911.7072973251343, 'total_duration': 2217.3743567466736, 'accumulated_submission_time': 1911.7072973251343, 'accumulated_eval_time': 303.5033805370331, 'accumulated_logging_time': 2.03204345703125}
I1008 06:21:45.441137 140434684765952 logging_writer.py:48] [7759] accumulated_eval_time=303.503381, accumulated_logging_time=2.032043, accumulated_submission_time=1911.707297, global_step=7759, preemption_count=0, score=1911.707297, test/loss=0.289815, test/num_examples=3581, test/ssim=0.737890, total_duration=2217.374357, train/loss=0.266761, train/ssim=0.743841, validation/loss=0.288385, validation/num_examples=3554, validation/ssim=0.720488
