I0418 09:41:45.647290 139725965485888 logger_utils.py:67] Creating experiment directory at /experiment_runs/timing_v3/timing_nesterov/imagenet_vit_jax.
I0418 09:41:45.715780 139725965485888 xla_bridge.py:345] Unable to initialize backend 'tpu_driver': NOT_FOUND: Unable to find driver in registry given worker: 
I0418 09:41:46.603611 139725965485888 xla_bridge.py:345] Unable to initialize backend 'rocm': NOT_FOUND: Could not find registered platform with name: "rocm". Available platform names are: CUDA Host Interpreter
I0418 09:41:46.604260 139725965485888 xla_bridge.py:345] Unable to initialize backend 'tpu': module 'jaxlib.xla_extension' has no attribute 'get_tpu_client'
I0418 09:41:46.608571 139725965485888 submission_runner.py:528] Using RNG seed 855926677
I0418 09:41:49.242370 139725965485888 submission_runner.py:537] --- Tuning run 1/1 ---
I0418 09:41:49.242554 139725965485888 submission_runner.py:542] Creating tuning directory at /experiment_runs/timing_v3/timing_nesterov/imagenet_vit_jax/trial_1.
I0418 09:41:49.242717 139725965485888 logger_utils.py:83] Saving hparams to /experiment_runs/timing_v3/timing_nesterov/imagenet_vit_jax/trial_1/hparams.json.
I0418 09:41:49.363797 139725965485888 submission_runner.py:232] Initializing dataset.
I0418 09:41:49.375702 139725965485888 dataset_info.py:566] Load dataset info from /data/imagenet/jax/imagenet2012/5.1.0
I0418 09:41:49.383350 139725965485888 dataset_info.py:642] Field info.splits from disk and from code do not match. Keeping the one from code.
I0418 09:41:49.383460 139725965485888 dataset_info.py:642] Field info.supervised_keys from disk and from code do not match. Keeping the one from code.
I0418 09:41:49.641176 139725965485888 logging_logger.py:49] Constructing tf.data.Dataset imagenet2012 for split train, from /data/imagenet/jax/imagenet2012/5.1.0
I0418 09:41:56.242228 139725965485888 submission_runner.py:239] Initializing model.
I0418 09:42:07.020078 139725965485888 submission_runner.py:249] Initializing optimizer.
I0418 09:42:07.498071 139725965485888 submission_runner.py:256] Initializing metrics bundle.
I0418 09:42:07.498252 139725965485888 submission_runner.py:273] Initializing checkpoint and logger.
I0418 09:42:07.499115 139725965485888 checkpoints.py:466] Found no checkpoint files in /experiment_runs/timing_v3/timing_nesterov/imagenet_vit_jax/trial_1 with prefix checkpoint_
I0418 09:42:08.197172 139725965485888 submission_runner.py:294] Saving meta data to /experiment_runs/timing_v3/timing_nesterov/imagenet_vit_jax/trial_1/meta_data_0.json.
I0418 09:42:08.198151 139725965485888 submission_runner.py:297] Saving flags to /experiment_runs/timing_v3/timing_nesterov/imagenet_vit_jax/trial_1/flags_0.json.
I0418 09:42:08.202926 139725965485888 submission_runner.py:309] Starting training loop.
I0418 09:42:55.541533 139548336051968 logging_writer.py:48] [0] global_step=0, grad_norm=0.2905541956424713, loss=6.9077534675598145
I0418 09:42:55.558205 139725965485888 spec.py:298] Evaluating on the training split.
I0418 09:42:55.564454 139725965485888 dataset_info.py:566] Load dataset info from /data/imagenet/jax/imagenet2012/5.1.0
I0418 09:42:55.570714 139725965485888 dataset_info.py:642] Field info.splits from disk and from code do not match. Keeping the one from code.
I0418 09:42:55.570827 139725965485888 dataset_info.py:642] Field info.supervised_keys from disk and from code do not match. Keeping the one from code.
I0418 09:42:55.634307 139725965485888 logging_logger.py:49] Constructing tf.data.Dataset imagenet2012 for split train, from /data/imagenet/jax/imagenet2012/5.1.0
I0418 09:43:15.157807 139725965485888 spec.py:310] Evaluating on the validation split.
I0418 09:43:15.167022 139725965485888 dataset_info.py:566] Load dataset info from /data/imagenet/jax/imagenet2012/5.1.0
I0418 09:43:15.179376 139725965485888 dataset_info.py:642] Field info.splits from disk and from code do not match. Keeping the one from code.
I0418 09:43:15.179585 139725965485888 dataset_info.py:642] Field info.supervised_keys from disk and from code do not match. Keeping the one from code.
I0418 09:43:15.229377 139725965485888 logging_logger.py:49] Constructing tf.data.Dataset imagenet2012 for split validation, from /data/imagenet/jax/imagenet2012/5.1.0
I0418 09:43:33.660635 139725965485888 spec.py:326] Evaluating on the test split.
I0418 09:43:33.667759 139725965485888 dataset_info.py:566] Load dataset info from /data/imagenet/jax/imagenet_v2/matched-frequency/3.0.0
I0418 09:43:33.673101 139725965485888 dataset_builder.py:510] Reusing dataset imagenet_v2 (/data/imagenet/jax/imagenet_v2/matched-frequency/3.0.0)
I0418 09:43:33.706453 139725965485888 logging_logger.py:49] Constructing tf.data.Dataset imagenet_v2 for split test, from /data/imagenet/jax/imagenet_v2/matched-frequency/3.0.0
I0418 09:43:44.640405 139725965485888 submission_runner.py:406] Time since start: 96.44s, 	Step: 1, 	{'train/accuracy': 0.0008984374580904841, 'train/loss': 6.907756328582764, 'validation/accuracy': 0.0009999999310821295, 'validation/loss': 6.9077558517456055, 'validation/num_examples': 50000, 'test/accuracy': 0.0010000000474974513, 'test/loss': 6.907756805419922, 'test/num_examples': 10000, 'score': 47.355101346969604, 'total_duration': 96.43742775917053, 'accumulated_submission_time': 47.355101346969604, 'accumulated_eval_time': 49.082154750823975, 'accumulated_logging_time': 0}
I0418 09:43:44.656955 139489053763328 logging_writer.py:48] [1] accumulated_eval_time=49.082155, accumulated_logging_time=0, accumulated_submission_time=47.355101, global_step=1, preemption_count=0, score=47.355101, test/accuracy=0.001000, test/loss=6.907757, test/num_examples=10000, total_duration=96.437428, train/accuracy=0.000898, train/loss=6.907756, validation/accuracy=0.001000, validation/loss=6.907756, validation/num_examples=50000
I0418 09:43:44.766979 139725965485888 checkpoints.py:356] Saving checkpoint at step: 1
I0418 09:43:45.303119 139725965485888 checkpoints.py:317] Saved checkpoint at /experiment_runs/timing_v3/timing_nesterov/imagenet_vit_jax/trial_1/checkpoint_1
I0418 09:43:45.303912 139725965485888 checkpoint_utils.py:240] Saved checkpoint to /experiment_runs/timing_v3/timing_nesterov/imagenet_vit_jax/trial_1/checkpoint_1.
I0418 09:44:39.988273 139543458039552 logging_writer.py:48] [100] global_step=100, grad_norm=0.29294124245643616, loss=6.9055376052856445
I0418 09:45:21.503478 139543466432256 logging_writer.py:48] [200] global_step=200, grad_norm=0.29434776306152344, loss=6.895899295806885
I0418 09:46:03.114411 139543458039552 logging_writer.py:48] [300] global_step=300, grad_norm=0.31306466460227966, loss=6.88141393661499
I0418 09:46:44.675446 139543466432256 logging_writer.py:48] [400] global_step=400, grad_norm=0.49992212653160095, loss=6.819204330444336
I0418 09:47:26.271698 139543458039552 logging_writer.py:48] [500] global_step=500, grad_norm=0.8988189101219177, loss=6.741367816925049
I0418 09:48:07.868290 139543466432256 logging_writer.py:48] [600] global_step=600, grad_norm=0.9453520178794861, loss=6.669085502624512
I0418 09:48:49.358060 139543458039552 logging_writer.py:48] [700] global_step=700, grad_norm=0.8823655247688293, loss=6.808304309844971
I0418 09:49:31.143359 139543466432256 logging_writer.py:48] [800] global_step=800, grad_norm=0.9450005888938904, loss=6.558021068572998
I0418 09:50:12.777583 139543458039552 logging_writer.py:48] [900] global_step=900, grad_norm=1.0262298583984375, loss=6.513345718383789
I0418 09:50:45.493311 139725965485888 spec.py:298] Evaluating on the training split.
I0418 09:50:56.225646 139725965485888 spec.py:310] Evaluating on the validation split.
I0418 09:51:02.689801 139725965485888 spec.py:326] Evaluating on the test split.
I0418 09:51:04.729294 139725965485888 submission_runner.py:406] Time since start: 536.53s, 	Step: 980, 	{'train/accuracy': 0.0380859375, 'train/loss': 6.04341459274292, 'validation/accuracy': 0.0364999994635582, 'validation/loss': 6.067896842956543, 'validation/num_examples': 50000, 'test/accuracy': 0.027700001373887062, 'test/loss': 6.168490886688232, 'test/num_examples': 10000, 'score': 467.5246934890747, 'total_duration': 536.5262660980225, 'accumulated_submission_time': 467.5246934890747, 'accumulated_eval_time': 68.3180878162384, 'accumulated_logging_time': 0.6644711494445801}
I0418 09:51:04.763326 139489431238400 logging_writer.py:48] [980] accumulated_eval_time=68.318088, accumulated_logging_time=0.664471, accumulated_submission_time=467.524693, global_step=980, preemption_count=0, score=467.524693, test/accuracy=0.027700, test/loss=6.168491, test/num_examples=10000, total_duration=536.526266, train/accuracy=0.038086, train/loss=6.043415, validation/accuracy=0.036500, validation/loss=6.067897, validation/num_examples=50000
I0418 09:51:05.357791 139725965485888 checkpoints.py:356] Saving checkpoint at step: 980
I0418 09:51:06.725586 139725965485888 checkpoints.py:317] Saved checkpoint at /experiment_runs/timing_v3/timing_nesterov/imagenet_vit_jax/trial_1/checkpoint_980
I0418 09:51:06.727385 139725965485888 checkpoint_utils.py:240] Saved checkpoint to /experiment_runs/timing_v3/timing_nesterov/imagenet_vit_jax/trial_1/checkpoint_980.
I0418 09:51:15.468907 139489439631104 logging_writer.py:48] [1000] global_step=1000, grad_norm=1.0256677865982056, loss=6.545823574066162
I0418 09:51:57.064766 139548319266560 logging_writer.py:48] [1100] global_step=1100, grad_norm=0.8415993452072144, loss=6.4292497634887695
I0418 09:52:38.783185 139489439631104 logging_writer.py:48] [1200] global_step=1200, grad_norm=1.1231695413589478, loss=6.493365287780762
I0418 09:53:22.478775 139548319266560 logging_writer.py:48] [1300] global_step=1300, grad_norm=0.9925358295440674, loss=6.587536334991455
I0418 09:54:04.124890 139489439631104 logging_writer.py:48] [1400] global_step=1400, grad_norm=1.2183773517608643, loss=6.431924343109131
I0418 09:54:45.747935 139548319266560 logging_writer.py:48] [1500] global_step=1500, grad_norm=0.9124815464019775, loss=6.532612323760986
I0418 09:55:27.122666 139489439631104 logging_writer.py:48] [1600] global_step=1600, grad_norm=0.9883570671081543, loss=6.263039588928223
I0418 09:56:08.917793 139548319266560 logging_writer.py:48] [1700] global_step=1700, grad_norm=1.1089885234832764, loss=6.305683612823486
I0418 09:56:50.662804 139489439631104 logging_writer.py:48] [1800] global_step=1800, grad_norm=0.9153351187705994, loss=6.250332832336426
I0418 09:57:32.400786 139548319266560 logging_writer.py:48] [1900] global_step=1900, grad_norm=0.9184197187423706, loss=6.689722061157227
I0418 09:58:07.118705 139725965485888 spec.py:298] Evaluating on the training split.
I0418 09:58:17.586919 139725965485888 spec.py:310] Evaluating on the validation split.
I0418 09:58:24.171292 139725965485888 spec.py:326] Evaluating on the test split.
I0418 09:58:25.898613 139725965485888 submission_runner.py:406] Time since start: 977.70s, 	Step: 1984, 	{'train/accuracy': 0.06900390237569809, 'train/loss': 5.5743231773376465, 'validation/accuracy': 0.06521999835968018, 'validation/loss': 5.6049981117248535, 'validation/num_examples': 50000, 'test/accuracy': 0.05010000243782997, 'test/loss': 5.770705699920654, 'test/num_examples': 10000, 'score': 887.8947412967682, 'total_duration': 977.6956031322479, 'accumulated_submission_time': 887.8947412967682, 'accumulated_eval_time': 87.09795045852661, 'accumulated_logging_time': 2.6638894081115723}
I0418 09:58:25.912022 139489439631104 logging_writer.py:48] [1984] accumulated_eval_time=87.097950, accumulated_logging_time=2.663889, accumulated_submission_time=887.894741, global_step=1984, preemption_count=0, score=887.894741, test/accuracy=0.050100, test/loss=5.770706, test/num_examples=10000, total_duration=977.695603, train/accuracy=0.069004, train/loss=5.574323, validation/accuracy=0.065220, validation/loss=5.604998, validation/num_examples=50000
I0418 09:58:26.275625 139725965485888 checkpoints.py:356] Saving checkpoint at step: 1984
I0418 09:58:28.091303 139725965485888 checkpoints.py:317] Saved checkpoint at /experiment_runs/timing_v3/timing_nesterov/imagenet_vit_jax/trial_1/checkpoint_1984
I0418 09:58:28.096191 139725965485888 checkpoint_utils.py:240] Saved checkpoint to /experiment_runs/timing_v3/timing_nesterov/imagenet_vit_jax/trial_1/checkpoint_1984.
I0418 09:58:35.131847 139548319266560 logging_writer.py:48] [2000] global_step=2000, grad_norm=0.7923005223274231, loss=6.471858978271484
I0418 09:59:16.504977 139548436698880 logging_writer.py:48] [2100] global_step=2100, grad_norm=0.9667310118675232, loss=6.242883205413818
I0418 09:59:58.180744 139548319266560 logging_writer.py:48] [2200] global_step=2200, grad_norm=1.0364493131637573, loss=6.19736385345459
I0418 10:00:39.608455 139548436698880 logging_writer.py:48] [2300] global_step=2300, grad_norm=0.7021260261535645, loss=6.354440689086914
I0418 10:01:21.187208 139548319266560 logging_writer.py:48] [2400] global_step=2400, grad_norm=0.8223069906234741, loss=6.179327964782715
I0418 10:02:02.712360 139548436698880 logging_writer.py:48] [2500] global_step=2500, grad_norm=1.2499794960021973, loss=6.740154266357422
I0418 10:02:44.192703 139548319266560 logging_writer.py:48] [2600] global_step=2600, grad_norm=0.7014897465705872, loss=6.5833282470703125
I0418 10:03:25.867171 139548436698880 logging_writer.py:48] [2700] global_step=2700, grad_norm=0.7453967928886414, loss=6.1706132888793945
I0418 10:04:07.698994 139548319266560 logging_writer.py:48] [2800] global_step=2800, grad_norm=0.8751651048660278, loss=6.084410190582275
I0418 10:04:49.291206 139548436698880 logging_writer.py:48] [2900] global_step=2900, grad_norm=1.0728338956832886, loss=6.338953971862793
I0418 10:05:28.213072 139725965485888 spec.py:298] Evaluating on the training split.
I0418 10:05:38.996850 139725965485888 spec.py:310] Evaluating on the validation split.
I0418 10:05:45.519068 139725965485888 spec.py:326] Evaluating on the test split.
I0418 10:05:47.252584 139725965485888 submission_runner.py:406] Time since start: 1419.05s, 	Step: 2995, 	{'train/accuracy': 0.1005273386836052, 'train/loss': 5.207403659820557, 'validation/accuracy': 0.09352000057697296, 'validation/loss': 5.251680374145508, 'validation/num_examples': 50000, 'test/accuracy': 0.06890000402927399, 'test/loss': 5.488145351409912, 'test/num_examples': 10000, 'score': 1307.9904942512512, 'total_duration': 1419.049589395523, 'accumulated_submission_time': 1307.9904942512512, 'accumulated_eval_time': 106.13783574104309, 'accumulated_logging_time': 4.862898588180542}
I0418 10:05:47.266354 139548319266560 logging_writer.py:48] [2995] accumulated_eval_time=106.137836, accumulated_logging_time=4.862899, accumulated_submission_time=1307.990494, global_step=2995, preemption_count=0, score=1307.990494, test/accuracy=0.068900, test/loss=5.488145, test/num_examples=10000, total_duration=1419.049589, train/accuracy=0.100527, train/loss=5.207404, validation/accuracy=0.093520, validation/loss=5.251680, validation/num_examples=50000
I0418 10:05:47.380213 139725965485888 checkpoints.py:356] Saving checkpoint at step: 2995
I0418 10:05:49.907401 139725965485888 checkpoints.py:317] Saved checkpoint at /experiment_runs/timing_v3/timing_nesterov/imagenet_vit_jax/trial_1/checkpoint_2995
I0418 10:05:49.910202 139725965485888 checkpoint_utils.py:240] Saved checkpoint to /experiment_runs/timing_v3/timing_nesterov/imagenet_vit_jax/trial_1/checkpoint_2995.
I0418 10:05:52.432469 139548436698880 logging_writer.py:48] [3000] global_step=3000, grad_norm=0.7492761611938477, loss=6.011436939239502
I0418 10:06:34.092122 139548411520768 logging_writer.py:48] [3100] global_step=3100, grad_norm=0.8287074565887451, loss=6.074492454528809
I0418 10:07:15.694587 139548436698880 logging_writer.py:48] [3200] global_step=3200, grad_norm=0.7418487668037415, loss=6.2825517654418945
I0418 10:07:57.266858 139548411520768 logging_writer.py:48] [3300] global_step=3300, grad_norm=0.9019405841827393, loss=6.216460704803467
I0418 10:08:38.858410 139548436698880 logging_writer.py:48] [3400] global_step=3400, grad_norm=0.7323495149612427, loss=6.01993989944458
I0418 10:09:20.537449 139548411520768 logging_writer.py:48] [3500] global_step=3500, grad_norm=0.7664223909378052, loss=6.052947521209717
I0418 10:10:02.093374 139548436698880 logging_writer.py:48] [3600] global_step=3600, grad_norm=0.8080491423606873, loss=5.989432334899902
I0418 10:10:43.849037 139548411520768 logging_writer.py:48] [3700] global_step=3700, grad_norm=0.6375601887702942, loss=6.259312152862549
I0418 10:11:25.538416 139548436698880 logging_writer.py:48] [3800] global_step=3800, grad_norm=0.7466307282447815, loss=5.912234306335449
I0418 10:12:07.038226 139548411520768 logging_writer.py:48] [3900] global_step=3900, grad_norm=0.7171560525894165, loss=6.1646728515625
I0418 10:12:48.728627 139548436698880 logging_writer.py:48] [4000] global_step=4000, grad_norm=0.6742187142372131, loss=6.14238977432251
I0418 10:12:50.102861 139725965485888 spec.py:298] Evaluating on the training split.
I0418 10:13:00.903879 139725965485888 spec.py:310] Evaluating on the validation split.
I0418 10:13:07.524687 139725965485888 spec.py:326] Evaluating on the test split.
I0418 10:13:09.243496 139725965485888 submission_runner.py:406] Time since start: 1861.04s, 	Step: 4005, 	{'train/accuracy': 0.1371484398841858, 'train/loss': 4.827167987823486, 'validation/accuracy': 0.11653999984264374, 'validation/loss': 4.96237325668335, 'validation/num_examples': 50000, 'test/accuracy': 0.08800000697374344, 'test/loss': 5.238028526306152, 'test/num_examples': 10000, 'score': 1728.1618773937225, 'total_duration': 1861.0405068397522, 'accumulated_submission_time': 1728.1618773937225, 'accumulated_eval_time': 125.27846503257751, 'accumulated_logging_time': 7.522132158279419}
I0418 10:13:09.256914 139548411520768 logging_writer.py:48] [4005] accumulated_eval_time=125.278465, accumulated_logging_time=7.522132, accumulated_submission_time=1728.161877, global_step=4005, preemption_count=0, score=1728.161877, test/accuracy=0.088000, test/loss=5.238029, test/num_examples=10000, total_duration=1861.040507, train/accuracy=0.137148, train/loss=4.827168, validation/accuracy=0.116540, validation/loss=4.962373, validation/num_examples=50000
I0418 10:13:09.370672 139725965485888 checkpoints.py:356] Saving checkpoint at step: 4005
I0418 10:13:11.616428 139725965485888 checkpoints.py:317] Saved checkpoint at /experiment_runs/timing_v3/timing_nesterov/imagenet_vit_jax/trial_1/checkpoint_4005
I0418 10:13:11.628669 139725965485888 checkpoint_utils.py:240] Saved checkpoint to /experiment_runs/timing_v3/timing_nesterov/imagenet_vit_jax/trial_1/checkpoint_4005.
I0418 10:13:51.460326 139548436698880 logging_writer.py:48] [4100] global_step=4100, grad_norm=0.7559635043144226, loss=5.914913177490234
I0418 10:14:33.131146 139548327659264 logging_writer.py:48] [4200] global_step=4200, grad_norm=0.7495443224906921, loss=5.862797737121582
I0418 10:15:14.834692 139548436698880 logging_writer.py:48] [4300] global_step=4300, grad_norm=0.6990653872489929, loss=6.036336898803711
I0418 10:15:56.505641 139548327659264 logging_writer.py:48] [4400] global_step=4400, grad_norm=0.7426028847694397, loss=5.908291339874268
I0418 10:16:38.329718 139548436698880 logging_writer.py:48] [4500] global_step=4500, grad_norm=0.8068084120750427, loss=6.701547145843506
I0418 10:17:20.035800 139548327659264 logging_writer.py:48] [4600] global_step=4600, grad_norm=0.6546546816825867, loss=5.889839172363281
I0418 10:18:01.688552 139548436698880 logging_writer.py:48] [4700] global_step=4700, grad_norm=1.4693036079406738, loss=5.927087783813477
I0418 10:18:43.660823 139548327659264 logging_writer.py:48] [4800] global_step=4800, grad_norm=0.6369960904121399, loss=5.8803253173828125
I0418 10:19:25.369967 139548436698880 logging_writer.py:48] [4900] global_step=4900, grad_norm=0.5394343137741089, loss=6.5670061111450195
I0418 10:20:07.382615 139548327659264 logging_writer.py:48] [5000] global_step=5000, grad_norm=0.8391129374504089, loss=5.7934370040893555
I0418 10:20:11.758683 139725965485888 spec.py:298] Evaluating on the training split.
I0418 10:20:22.703815 139725965485888 spec.py:310] Evaluating on the validation split.
I0418 10:20:29.581846 139725965485888 spec.py:326] Evaluating on the test split.
I0418 10:20:31.306155 139725965485888 submission_runner.py:406] Time since start: 2303.10s, 	Step: 5012, 	{'train/accuracy': 0.1635156273841858, 'train/loss': 4.583794116973877, 'validation/accuracy': 0.15067999064922333, 'validation/loss': 4.659067153930664, 'validation/num_examples': 50000, 'test/accuracy': 0.11360000818967819, 'test/loss': 4.985012054443359, 'test/num_examples': 10000, 'score': 2148.271285533905, 'total_duration': 2303.1031243801117, 'accumulated_submission_time': 2148.271285533905, 'accumulated_eval_time': 144.82586526870728, 'accumulated_logging_time': 9.908594131469727}
I0418 10:20:31.319272 139548436698880 logging_writer.py:48] [5012] accumulated_eval_time=144.825865, accumulated_logging_time=9.908594, accumulated_submission_time=2148.271286, global_step=5012, preemption_count=0, score=2148.271286, test/accuracy=0.113600, test/loss=4.985012, test/num_examples=10000, total_duration=2303.103124, train/accuracy=0.163516, train/loss=4.583794, validation/accuracy=0.150680, validation/loss=4.659067, validation/num_examples=50000
I0418 10:20:31.434213 139725965485888 checkpoints.py:356] Saving checkpoint at step: 5012
I0418 10:20:33.009615 139725965485888 checkpoints.py:317] Saved checkpoint at /experiment_runs/timing_v3/timing_nesterov/imagenet_vit_jax/trial_1/checkpoint_5012
I0418 10:20:33.012423 139725965485888 checkpoint_utils.py:240] Saved checkpoint to /experiment_runs/timing_v3/timing_nesterov/imagenet_vit_jax/trial_1/checkpoint_5012.
I0418 10:21:09.817739 139548327659264 logging_writer.py:48] [5100] global_step=5100, grad_norm=0.7770310640335083, loss=5.784089088439941
I0418 10:21:51.333320 139548319266560 logging_writer.py:48] [5200] global_step=5200, grad_norm=0.5142847299575806, loss=6.499905109405518
I0418 10:22:33.078001 139548327659264 logging_writer.py:48] [5300] global_step=5300, grad_norm=0.595853328704834, loss=6.302968978881836
I0418 10:23:14.751688 139548319266560 logging_writer.py:48] [5400] global_step=5400, grad_norm=0.5428503155708313, loss=6.55435848236084
I0418 10:23:56.477939 139548327659264 logging_writer.py:48] [5500] global_step=5500, grad_norm=0.6909493803977966, loss=5.881046295166016
I0418 10:24:38.262947 139548319266560 logging_writer.py:48] [5600] global_step=5600, grad_norm=0.8000583052635193, loss=5.6983561515808105
I0418 10:25:20.221816 139548327659264 logging_writer.py:48] [5700] global_step=5700, grad_norm=0.7123011350631714, loss=5.639396667480469
I0418 10:26:01.974226 139548319266560 logging_writer.py:48] [5800] global_step=5800, grad_norm=0.7229005098342896, loss=5.872182369232178
I0418 10:26:43.861823 139548327659264 logging_writer.py:48] [5900] global_step=5900, grad_norm=0.8711791038513184, loss=5.731208801269531
I0418 10:27:25.813009 139548319266560 logging_writer.py:48] [6000] global_step=6000, grad_norm=0.6994120478630066, loss=5.8337721824646
I0418 10:27:33.114324 139725965485888 spec.py:298] Evaluating on the training split.
I0418 10:27:43.893081 139725965485888 spec.py:310] Evaluating on the validation split.
I0418 10:27:50.551154 139725965485888 spec.py:326] Evaluating on the test split.
I0418 10:27:52.276823 139725965485888 submission_runner.py:406] Time since start: 2744.07s, 	Step: 6019, 	{'train/accuracy': 0.18886718153953552, 'train/loss': 4.421493053436279, 'validation/accuracy': 0.17295999825000763, 'validation/loss': 4.508814811706543, 'validation/num_examples': 50000, 'test/accuracy': 0.13260000944137573, 'test/loss': 4.830865859985352, 'test/num_examples': 10000, 'score': 2568.3523111343384, 'total_duration': 2744.073734521866, 'accumulated_submission_time': 2568.3523111343384, 'accumulated_eval_time': 163.9882435798645, 'accumulated_logging_time': 11.616264343261719}
I0418 10:27:52.288580 139548327659264 logging_writer.py:48] [6019] accumulated_eval_time=163.988244, accumulated_logging_time=11.616264, accumulated_submission_time=2568.352311, global_step=6019, preemption_count=0, score=2568.352311, test/accuracy=0.132600, test/loss=4.830866, test/num_examples=10000, total_duration=2744.073735, train/accuracy=0.188867, train/loss=4.421493, validation/accuracy=0.172960, validation/loss=4.508815, validation/num_examples=50000
I0418 10:27:52.386979 139725965485888 checkpoints.py:356] Saving checkpoint at step: 6019
I0418 10:27:54.605017 139725965485888 checkpoints.py:317] Saved checkpoint at /experiment_runs/timing_v3/timing_nesterov/imagenet_vit_jax/trial_1/checkpoint_6019
I0418 10:27:54.619754 139725965485888 checkpoint_utils.py:240] Saved checkpoint to /experiment_runs/timing_v3/timing_nesterov/imagenet_vit_jax/trial_1/checkpoint_6019.
I0418 10:28:28.669486 139548319266560 logging_writer.py:48] [6100] global_step=6100, grad_norm=0.6825799345970154, loss=5.780890941619873
I0418 10:29:10.052486 139548310873856 logging_writer.py:48] [6200] global_step=6200, grad_norm=0.5640481114387512, loss=6.314740180969238
I0418 10:29:51.723661 139548319266560 logging_writer.py:48] [6300] global_step=6300, grad_norm=0.9544968605041504, loss=5.569889068603516
I0418 10:30:33.271914 139548310873856 logging_writer.py:48] [6400] global_step=6400, grad_norm=0.5965830087661743, loss=5.550205230712891
I0418 10:31:14.890627 139548319266560 logging_writer.py:48] [6500] global_step=6500, grad_norm=0.46994930505752563, loss=6.531034469604492
I0418 10:31:56.637332 139548310873856 logging_writer.py:48] [6600] global_step=6600, grad_norm=0.7066866159439087, loss=5.544845104217529
I0418 10:32:38.693533 139548319266560 logging_writer.py:48] [6700] global_step=6700, grad_norm=0.6564438939094543, loss=5.584458351135254
I0418 10:33:20.686114 139548310873856 logging_writer.py:48] [6800] global_step=6800, grad_norm=0.7178549766540527, loss=5.4208598136901855
I0418 10:34:02.705194 139548319266560 logging_writer.py:48] [6900] global_step=6900, grad_norm=0.8332870006561279, loss=6.044713020324707
I0418 10:34:44.488276 139548310873856 logging_writer.py:48] [7000] global_step=7000, grad_norm=0.6392014622688293, loss=5.438266754150391
I0418 10:34:54.718698 139725965485888 spec.py:298] Evaluating on the training split.
I0418 10:35:05.831669 139725965485888 spec.py:310] Evaluating on the validation split.
I0418 10:35:13.830590 139725965485888 spec.py:326] Evaluating on the test split.
I0418 10:35:15.527757 139725965485888 submission_runner.py:406] Time since start: 3187.32s, 	Step: 7026, 	{'train/accuracy': 0.2374609261751175, 'train/loss': 4.050613880157471, 'validation/accuracy': 0.21639999747276306, 'validation/loss': 4.165241241455078, 'validation/num_examples': 50000, 'test/accuracy': 0.16170001029968262, 'test/loss': 4.558784008026123, 'test/num_examples': 10000, 'score': 2988.4303283691406, 'total_duration': 3187.324772119522, 'accumulated_submission_time': 2988.4303283691406, 'accumulated_eval_time': 184.79728412628174, 'accumulated_logging_time': 13.96054220199585}
I0418 10:35:15.539965 139548319266560 logging_writer.py:48] [7026] accumulated_eval_time=184.797284, accumulated_logging_time=13.960542, accumulated_submission_time=2988.430328, global_step=7026, preemption_count=0, score=2988.430328, test/accuracy=0.161700, test/loss=4.558784, test/num_examples=10000, total_duration=3187.324772, train/accuracy=0.237461, train/loss=4.050614, validation/accuracy=0.216400, validation/loss=4.165241, validation/num_examples=50000
I0418 10:35:15.646074 139725965485888 checkpoints.py:356] Saving checkpoint at step: 7026
I0418 10:35:16.940275 139725965485888 checkpoints.py:317] Saved checkpoint at /experiment_runs/timing_v3/timing_nesterov/imagenet_vit_jax/trial_1/checkpoint_7026
I0418 10:35:16.953103 139725965485888 checkpoint_utils.py:240] Saved checkpoint to /experiment_runs/timing_v3/timing_nesterov/imagenet_vit_jax/trial_1/checkpoint_7026.
I0418 10:35:48.209464 139548310873856 logging_writer.py:48] [7100] global_step=7100, grad_norm=0.7220574021339417, loss=5.409390449523926
I0418 10:36:29.549351 139548302481152 logging_writer.py:48] [7200] global_step=7200, grad_norm=0.6556109189987183, loss=5.459853649139404
I0418 10:37:11.202419 139548310873856 logging_writer.py:48] [7300] global_step=7300, grad_norm=0.5924914479255676, loss=5.75871467590332
I0418 10:37:52.891029 139548302481152 logging_writer.py:48] [7400] global_step=7400, grad_norm=0.632594108581543, loss=5.337169647216797
I0418 10:38:34.770879 139548310873856 logging_writer.py:48] [7500] global_step=7500, grad_norm=0.5045010447502136, loss=6.158109664916992
I0418 10:39:16.635454 139548302481152 logging_writer.py:48] [7600] global_step=7600, grad_norm=0.4423750042915344, loss=6.414125442504883
I0418 10:39:59.313067 139548310873856 logging_writer.py:48] [7700] global_step=7700, grad_norm=0.7675862908363342, loss=5.474267482757568
I0418 10:40:41.435845 139548302481152 logging_writer.py:48] [7800] global_step=7800, grad_norm=0.6702612042427063, loss=5.394220352172852
I0418 10:41:23.457837 139548310873856 logging_writer.py:48] [7900] global_step=7900, grad_norm=0.6012189984321594, loss=5.739323139190674
I0418 10:42:05.438827 139548302481152 logging_writer.py:48] [8000] global_step=8000, grad_norm=0.4570530652999878, loss=6.327517509460449
I0418 10:42:16.966555 139725965485888 spec.py:298] Evaluating on the training split.
I0418 10:42:28.938179 139725965485888 spec.py:310] Evaluating on the validation split.
I0418 10:42:37.384343 139725965485888 spec.py:326] Evaluating on the test split.
I0418 10:42:39.081990 139725965485888 submission_runner.py:406] Time since start: 3630.88s, 	Step: 8029, 	{'train/accuracy': 0.2777343690395355, 'train/loss': 3.7647171020507812, 'validation/accuracy': 0.24393999576568604, 'validation/loss': 3.9391419887542725, 'validation/num_examples': 50000, 'test/accuracy': 0.18090000748634338, 'test/loss': 4.377520561218262, 'test/num_examples': 10000, 'score': 3408.422794342041, 'total_duration': 3630.878957271576, 'accumulated_submission_time': 3408.422794342041, 'accumulated_eval_time': 206.91264510154724, 'accumulated_logging_time': 15.387310266494751}
I0418 10:42:39.096003 139548310873856 logging_writer.py:48] [8029] accumulated_eval_time=206.912645, accumulated_logging_time=15.387310, accumulated_submission_time=3408.422794, global_step=8029, preemption_count=0, score=3408.422794, test/accuracy=0.180900, test/loss=4.377521, test/num_examples=10000, total_duration=3630.878957, train/accuracy=0.277734, train/loss=3.764717, validation/accuracy=0.243940, validation/loss=3.939142, validation/num_examples=50000
I0418 10:42:39.203522 139725965485888 checkpoints.py:356] Saving checkpoint at step: 8029
I0418 10:42:40.154629 139725965485888 checkpoints.py:317] Saved checkpoint at /experiment_runs/timing_v3/timing_nesterov/imagenet_vit_jax/trial_1/checkpoint_8029
I0418 10:42:40.165349 139725965485888 checkpoint_utils.py:240] Saved checkpoint to /experiment_runs/timing_v3/timing_nesterov/imagenet_vit_jax/trial_1/checkpoint_8029.
I0418 10:43:10.210309 139548302481152 logging_writer.py:48] [8100] global_step=8100, grad_norm=0.6105413436889648, loss=5.1875786781311035
I0418 10:43:51.874815 139548294088448 logging_writer.py:48] [8200] global_step=8200, grad_norm=0.4524984061717987, loss=6.248138427734375
I0418 10:44:33.805203 139548302481152 logging_writer.py:48] [8300] global_step=8300, grad_norm=0.6551390290260315, loss=5.2691779136657715
I0418 10:45:15.634050 139548294088448 logging_writer.py:48] [8400] global_step=8400, grad_norm=0.41013506054878235, loss=6.412737846374512
I0418 10:45:57.480463 139548302481152 logging_writer.py:48] [8500] global_step=8500, grad_norm=0.4370373785495758, loss=6.412775039672852
I0418 10:46:39.278877 139548294088448 logging_writer.py:48] [8600] global_step=8600, grad_norm=0.6695935130119324, loss=5.2321038246154785
I0418 10:47:21.244294 139548302481152 logging_writer.py:48] [8700] global_step=8700, grad_norm=0.5089414119720459, loss=6.4562578201293945
I0418 10:48:03.562065 139548294088448 logging_writer.py:48] [8800] global_step=8800, grad_norm=0.5459302067756653, loss=6.006649971008301
I0418 10:48:46.377764 139548302481152 logging_writer.py:48] [8900] global_step=8900, grad_norm=0.5668678879737854, loss=5.92351770401001
I0418 10:49:29.276445 139548294088448 logging_writer.py:48] [9000] global_step=9000, grad_norm=0.766960859298706, loss=5.306175231933594
I0418 10:49:40.299675 139725965485888 spec.py:298] Evaluating on the training split.
I0418 10:49:53.494761 139725965485888 spec.py:310] Evaluating on the validation split.
I0418 10:50:02.710556 139725965485888 spec.py:326] Evaluating on the test split.
I0418 10:50:04.375237 139725965485888 submission_runner.py:406] Time since start: 4076.17s, 	Step: 9028, 	{'train/accuracy': 0.29966795444488525, 'train/loss': 3.5713510513305664, 'validation/accuracy': 0.2738199830055237, 'validation/loss': 3.6930508613586426, 'validation/num_examples': 50000, 'test/accuracy': 0.20980000495910645, 'test/loss': 4.16384744644165, 'test/num_examples': 10000, 'score': 3828.536628007889, 'total_duration': 4076.172243833542, 'accumulated_submission_time': 3828.536628007889, 'accumulated_eval_time': 230.98818492889404, 'accumulated_logging_time': 16.472405195236206}
I0418 10:50:04.386779 139548302481152 logging_writer.py:48] [9028] accumulated_eval_time=230.988185, accumulated_logging_time=16.472405, accumulated_submission_time=3828.536628, global_step=9028, preemption_count=0, score=3828.536628, test/accuracy=0.209800, test/loss=4.163847, test/num_examples=10000, total_duration=4076.172244, train/accuracy=0.299668, train/loss=3.571351, validation/accuracy=0.273820, validation/loss=3.693051, validation/num_examples=50000
I0418 10:50:04.513696 139725965485888 checkpoints.py:356] Saving checkpoint at step: 9028
I0418 10:50:05.383348 139725965485888 checkpoints.py:317] Saved checkpoint at /experiment_runs/timing_v3/timing_nesterov/imagenet_vit_jax/trial_1/checkpoint_9028
I0418 10:50:05.394141 139725965485888 checkpoint_utils.py:240] Saved checkpoint to /experiment_runs/timing_v3/timing_nesterov/imagenet_vit_jax/trial_1/checkpoint_9028.
I0418 10:50:35.856484 139548294088448 logging_writer.py:48] [9100] global_step=9100, grad_norm=0.6862896680831909, loss=5.165626049041748
I0418 10:51:17.772327 139548285695744 logging_writer.py:48] [9200] global_step=9200, grad_norm=0.6664158701896667, loss=5.145010948181152
I0418 10:51:59.391007 139548294088448 logging_writer.py:48] [9300] global_step=9300, grad_norm=0.6779641509056091, loss=5.232287406921387
I0418 10:52:41.127998 139548285695744 logging_writer.py:48] [9400] global_step=9400, grad_norm=0.6656209826469421, loss=5.418266296386719
I0418 10:53:22.983568 139548294088448 logging_writer.py:48] [9500] global_step=9500, grad_norm=0.636658251285553, loss=5.6363067626953125
I0418 10:54:05.230735 139548285695744 logging_writer.py:48] [9600] global_step=9600, grad_norm=0.5658316612243652, loss=6.399508953094482
I0418 10:54:47.121779 139548294088448 logging_writer.py:48] [9700] global_step=9700, grad_norm=0.6385406255722046, loss=5.838424205780029
I0418 10:55:29.262597 139548285695744 logging_writer.py:48] [9800] global_step=9800, grad_norm=0.614145040512085, loss=5.30272912979126
I0418 10:56:11.525845 139548294088448 logging_writer.py:48] [9900] global_step=9900, grad_norm=0.6912693977355957, loss=5.113536357879639
I0418 10:56:54.025592 139548285695744 logging_writer.py:48] [10000] global_step=10000, grad_norm=0.7314532399177551, loss=5.084043502807617
I0418 10:57:05.693490 139725965485888 spec.py:298] Evaluating on the training split.
I0418 10:57:18.984825 139725965485888 spec.py:310] Evaluating on the validation split.
I0418 10:57:29.096972 139725965485888 spec.py:326] Evaluating on the test split.
I0418 10:57:30.769353 139725965485888 submission_runner.py:406] Time since start: 4522.57s, 	Step: 10029, 	{'train/accuracy': 0.33134764432907104, 'train/loss': 3.4058403968811035, 'validation/accuracy': 0.3026999831199646, 'validation/loss': 3.5449271202087402, 'validation/num_examples': 50000, 'test/accuracy': 0.22910000383853912, 'test/loss': 4.047345161437988, 'test/num_examples': 10000, 'score': 4248.8159263134, 'total_duration': 4522.56636095047, 'accumulated_submission_time': 4248.8159263134, 'accumulated_eval_time': 256.0640115737915, 'accumulated_logging_time': 17.49241876602173}
I0418 10:57:30.781371 139548294088448 logging_writer.py:48] [10029] accumulated_eval_time=256.064012, accumulated_logging_time=17.492419, accumulated_submission_time=4248.815926, global_step=10029, preemption_count=0, score=4248.815926, test/accuracy=0.229100, test/loss=4.047345, test/num_examples=10000, total_duration=4522.566361, train/accuracy=0.331348, train/loss=3.405840, validation/accuracy=0.302700, validation/loss=3.544927, validation/num_examples=50000
I0418 10:57:30.878174 139725965485888 checkpoints.py:356] Saving checkpoint at step: 10029
I0418 10:57:31.693591 139725965485888 checkpoints.py:317] Saved checkpoint at /experiment_runs/timing_v3/timing_nesterov/imagenet_vit_jax/trial_1/checkpoint_10029
I0418 10:57:31.704622 139725965485888 checkpoint_utils.py:240] Saved checkpoint to /experiment_runs/timing_v3/timing_nesterov/imagenet_vit_jax/trial_1/checkpoint_10029.
I0418 10:58:01.732556 139548285695744 logging_writer.py:48] [10100] global_step=10100, grad_norm=0.6156448125839233, loss=5.043854713439941
I0418 10:58:43.353962 139548277303040 logging_writer.py:48] [10200] global_step=10200, grad_norm=0.3877663314342499, loss=6.2706475257873535
I0418 10:59:25.142930 139548285695744 logging_writer.py:48] [10300] global_step=10300, grad_norm=0.7345551252365112, loss=5.014934539794922
I0418 11:00:06.899559 139548277303040 logging_writer.py:48] [10400] global_step=10400, grad_norm=0.43038123846054077, loss=6.1914286613464355
I0418 11:00:48.808179 139548285695744 logging_writer.py:48] [10500] global_step=10500, grad_norm=0.7152831554412842, loss=5.011262893676758
I0418 11:01:30.587795 139548277303040 logging_writer.py:48] [10600] global_step=10600, grad_norm=0.5798528790473938, loss=4.978208541870117
I0418 11:02:12.468244 139548285695744 logging_writer.py:48] [10700] global_step=10700, grad_norm=0.5987895727157593, loss=4.930745601654053
I0418 11:02:54.307462 139548277303040 logging_writer.py:48] [10800] global_step=10800, grad_norm=0.5754554271697998, loss=5.19474983215332
I0418 11:03:36.982022 139548285695744 logging_writer.py:48] [10900] global_step=10900, grad_norm=0.45977306365966797, loss=5.6551337242126465
I0418 11:04:19.795224 139548277303040 logging_writer.py:48] [11000] global_step=11000, grad_norm=0.6475256085395813, loss=4.949639320373535
I0418 11:04:31.872783 139725965485888 spec.py:298] Evaluating on the training split.
I0418 11:04:46.050812 139725965485888 spec.py:310] Evaluating on the validation split.
I0418 11:04:56.330166 139725965485888 spec.py:326] Evaluating on the test split.
I0418 11:04:57.992811 139725965485888 submission_runner.py:406] Time since start: 4969.79s, 	Step: 11030, 	{'train/accuracy': 0.3590429723262787, 'train/loss': 3.217349052429199, 'validation/accuracy': 0.32646000385284424, 'validation/loss': 3.3776917457580566, 'validation/num_examples': 50000, 'test/accuracy': 0.25050002336502075, 'test/loss': 3.8918797969818115, 'test/num_examples': 10000, 'score': 4668.96368265152, 'total_duration': 4969.789789199829, 'accumulated_submission_time': 4668.96368265152, 'accumulated_eval_time': 282.18397092819214, 'accumulated_logging_time': 18.429189205169678}
I0418 11:04:58.008023 139548285695744 logging_writer.py:48] [11030] accumulated_eval_time=282.183971, accumulated_logging_time=18.429189, accumulated_submission_time=4668.963683, global_step=11030, preemption_count=0, score=4668.963683, test/accuracy=0.250500, test/loss=3.891880, test/num_examples=10000, total_duration=4969.789789, train/accuracy=0.359043, train/loss=3.217349, validation/accuracy=0.326460, validation/loss=3.377692, validation/num_examples=50000
I0418 11:04:58.125574 139725965485888 checkpoints.py:356] Saving checkpoint at step: 11030
I0418 11:04:58.975842 139725965485888 checkpoints.py:317] Saved checkpoint at /experiment_runs/timing_v3/timing_nesterov/imagenet_vit_jax/trial_1/checkpoint_11030
I0418 11:04:58.988590 139725965485888 checkpoint_utils.py:240] Saved checkpoint to /experiment_runs/timing_v3/timing_nesterov/imagenet_vit_jax/trial_1/checkpoint_11030.
I0418 11:05:28.556524 139548277303040 logging_writer.py:48] [11100] global_step=11100, grad_norm=0.6195610761642456, loss=5.057868957519531
I0418 11:06:10.575793 139548268910336 logging_writer.py:48] [11200] global_step=11200, grad_norm=0.5774967670440674, loss=5.285789489746094
I0418 11:06:52.387434 139548277303040 logging_writer.py:48] [11300] global_step=11300, grad_norm=0.6446650624275208, loss=4.8589887619018555
I0418 11:07:34.395678 139548268910336 logging_writer.py:48] [11400] global_step=11400, grad_norm=0.7999012470245361, loss=4.973128795623779
I0418 11:08:16.510427 139548277303040 logging_writer.py:48] [11500] global_step=11500, grad_norm=0.47279423475265503, loss=6.318503379821777
I0418 11:08:58.451201 139548268910336 logging_writer.py:48] [11600] global_step=11600, grad_norm=0.6515275835990906, loss=4.874167442321777
I0418 11:09:40.310172 139548277303040 logging_writer.py:48] [11700] global_step=11700, grad_norm=0.6357152462005615, loss=5.010655403137207
I0418 11:10:22.659109 139548268910336 logging_writer.py:48] [11800] global_step=11800, grad_norm=0.6557978391647339, loss=4.813739776611328
I0418 11:11:04.797980 139548277303040 logging_writer.py:48] [11900] global_step=11900, grad_norm=0.5836144685745239, loss=4.790822982788086
I0418 11:11:47.579960 139548268910336 logging_writer.py:48] [12000] global_step=12000, grad_norm=0.632137656211853, loss=4.81353759765625
I0418 11:11:59.342001 139725965485888 spec.py:298] Evaluating on the training split.
I0418 11:12:13.984271 139725965485888 spec.py:310] Evaluating on the validation split.
I0418 11:12:24.523703 139725965485888 spec.py:326] Evaluating on the test split.
I0418 11:12:26.196303 139725965485888 submission_runner.py:406] Time since start: 5417.99s, 	Step: 12029, 	{'train/accuracy': 0.39720702171325684, 'train/loss': 3.0174014568328857, 'validation/accuracy': 0.3565399944782257, 'validation/loss': 3.2220492362976074, 'validation/num_examples': 50000, 'test/accuracy': 0.27000001072883606, 'test/loss': 3.755986213684082, 'test/num_examples': 10000, 'score': 5089.289659976959, 'total_duration': 5417.99328327179, 'accumulated_submission_time': 5089.289659976959, 'accumulated_eval_time': 309.0382170677185, 'accumulated_logging_time': 19.43401336669922}
I0418 11:12:26.211169 139548277303040 logging_writer.py:48] [12029] accumulated_eval_time=309.038217, accumulated_logging_time=19.434013, accumulated_submission_time=5089.289660, global_step=12029, preemption_count=0, score=5089.289660, test/accuracy=0.270000, test/loss=3.755986, test/num_examples=10000, total_duration=5417.993283, train/accuracy=0.397207, train/loss=3.017401, validation/accuracy=0.356540, validation/loss=3.222049, validation/num_examples=50000
I0418 11:12:26.389473 139725965485888 checkpoints.py:356] Saving checkpoint at step: 12029
I0418 11:12:27.406718 139725965485888 checkpoints.py:317] Saved checkpoint at /experiment_runs/timing_v3/timing_nesterov/imagenet_vit_jax/trial_1/checkpoint_12029
I0418 11:12:27.419353 139725965485888 checkpoint_utils.py:240] Saved checkpoint to /experiment_runs/timing_v3/timing_nesterov/imagenet_vit_jax/trial_1/checkpoint_12029.
I0418 11:12:57.271582 139548268910336 logging_writer.py:48] [12100] global_step=12100, grad_norm=0.6437678933143616, loss=4.907963275909424
I0418 11:13:39.239069 139548193441536 logging_writer.py:48] [12200] global_step=12200, grad_norm=0.6504791378974915, loss=4.842004776000977
I0418 11:14:21.436984 139548268910336 logging_writer.py:48] [12300] global_step=12300, grad_norm=0.6867741346359253, loss=5.016268730163574
I0418 11:15:03.400448 139548193441536 logging_writer.py:48] [12400] global_step=12400, grad_norm=0.5666234493255615, loss=5.0615386962890625
I0418 11:15:45.623059 139548268910336 logging_writer.py:48] [12500] global_step=12500, grad_norm=0.6502217054367065, loss=4.757663726806641
I0418 11:16:27.618360 139548193441536 logging_writer.py:48] [12600] global_step=12600, grad_norm=0.6555809378623962, loss=4.8696112632751465
I0418 11:17:09.835478 139548268910336 logging_writer.py:48] [12700] global_step=12700, grad_norm=0.6016902327537537, loss=4.80610466003418
I0418 11:17:52.438349 139548193441536 logging_writer.py:48] [12800] global_step=12800, grad_norm=0.5993404984474182, loss=5.014917373657227
I0418 11:18:34.953374 139548268910336 logging_writer.py:48] [12900] global_step=12900, grad_norm=0.4908457398414612, loss=6.320976734161377
I0418 11:19:17.502784 139548193441536 logging_writer.py:48] [13000] global_step=13000, grad_norm=0.6290112137794495, loss=4.73984956741333
I0418 11:19:27.422184 139725965485888 spec.py:298] Evaluating on the training split.
I0418 11:19:42.462344 139725965485888 spec.py:310] Evaluating on the validation split.
I0418 11:19:53.034602 139725965485888 spec.py:326] Evaluating on the test split.
I0418 11:19:54.721118 139725965485888 submission_runner.py:406] Time since start: 5866.52s, 	Step: 13025, 	{'train/accuracy': 0.40562498569488525, 'train/loss': 2.927992582321167, 'validation/accuracy': 0.3734000027179718, 'validation/loss': 3.0815927982330322, 'validation/num_examples': 50000, 'test/accuracy': 0.2898000180721283, 'test/loss': 3.6270172595977783, 'test/num_examples': 10000, 'score': 5509.27228140831, 'total_duration': 5866.518084049225, 'accumulated_submission_time': 5509.27228140831, 'accumulated_eval_time': 336.33707785606384, 'accumulated_logging_time': 20.658891916275024}
I0418 11:19:54.735038 139548268910336 logging_writer.py:48] [13025] accumulated_eval_time=336.337078, accumulated_logging_time=20.658892, accumulated_submission_time=5509.272281, global_step=13025, preemption_count=0, score=5509.272281, test/accuracy=0.289800, test/loss=3.627017, test/num_examples=10000, total_duration=5866.518084, train/accuracy=0.405625, train/loss=2.927993, validation/accuracy=0.373400, validation/loss=3.081593, validation/num_examples=50000
I0418 11:19:54.980277 139725965485888 checkpoints.py:356] Saving checkpoint at step: 13025
I0418 11:19:55.987528 139725965485888 checkpoints.py:317] Saved checkpoint at /experiment_runs/timing_v3/timing_nesterov/imagenet_vit_jax/trial_1/checkpoint_13025
I0418 11:19:55.997475 139725965485888 checkpoint_utils.py:240] Saved checkpoint to /experiment_runs/timing_v3/timing_nesterov/imagenet_vit_jax/trial_1/checkpoint_13025.
I0418 11:20:27.622880 139548193441536 logging_writer.py:48] [13100] global_step=13100, grad_norm=0.5976076126098633, loss=4.8058695793151855
I0418 11:21:09.866790 139548185048832 logging_writer.py:48] [13200] global_step=13200, grad_norm=0.585080087184906, loss=4.901398181915283
I0418 11:21:52.523468 139548193441536 logging_writer.py:48] [13300] global_step=13300, grad_norm=0.6672104597091675, loss=4.786974906921387
I0418 11:22:34.849813 139548185048832 logging_writer.py:48] [13400] global_step=13400, grad_norm=0.5585498213768005, loss=5.052650451660156
I0418 11:23:16.999637 139548193441536 logging_writer.py:48] [13500] global_step=13500, grad_norm=0.6785882711410522, loss=4.7134199142456055
I0418 11:23:59.026222 139548185048832 logging_writer.py:48] [13600] global_step=13600, grad_norm=0.6221555471420288, loss=4.902154445648193
I0418 11:24:41.384336 139548193441536 logging_writer.py:48] [13700] global_step=13700, grad_norm=0.6451619267463684, loss=4.62556791305542
I0418 11:25:24.240488 139548185048832 logging_writer.py:48] [13800] global_step=13800, grad_norm=0.5781040787696838, loss=5.204721927642822
I0418 11:26:07.146121 139548193441536 logging_writer.py:48] [13900] global_step=13900, grad_norm=0.6227630972862244, loss=4.736016750335693
I0418 11:26:49.958585 139548185048832 logging_writer.py:48] [14000] global_step=14000, grad_norm=0.6958916783332825, loss=4.767245292663574
I0418 11:26:56.394298 139725965485888 spec.py:298] Evaluating on the training split.
I0418 11:27:11.100373 139725965485888 spec.py:310] Evaluating on the validation split.
I0418 11:27:21.633769 139725965485888 spec.py:326] Evaluating on the test split.
I0418 11:27:23.308545 139725965485888 submission_runner.py:406] Time since start: 6315.11s, 	Step: 14017, 	{'train/accuracy': 0.4374414086341858, 'train/loss': 2.783097267150879, 'validation/accuracy': 0.3989599943161011, 'validation/loss': 2.954355239868164, 'validation/num_examples': 50000, 'test/accuracy': 0.30790001153945923, 'test/loss': 3.510413408279419, 'test/num_examples': 10000, 'score': 5929.647999048233, 'total_duration': 6315.105541944504, 'accumulated_submission_time': 5929.647999048233, 'accumulated_eval_time': 363.25127124786377, 'accumulated_logging_time': 21.93695878982544}
I0418 11:27:23.324318 139548193441536 logging_writer.py:48] [14017] accumulated_eval_time=363.251271, accumulated_logging_time=21.936959, accumulated_submission_time=5929.647999, global_step=14017, preemption_count=0, score=5929.647999, test/accuracy=0.307900, test/loss=3.510413, test/num_examples=10000, total_duration=6315.105542, train/accuracy=0.437441, train/loss=2.783097, validation/accuracy=0.398960, validation/loss=2.954355, validation/num_examples=50000
I0418 11:27:23.430619 139725965485888 checkpoints.py:356] Saving checkpoint at step: 14017
I0418 11:27:24.325088 139725965485888 checkpoints.py:317] Saved checkpoint at /experiment_runs/timing_v3/timing_nesterov/imagenet_vit_jax/trial_1/checkpoint_14017
I0418 11:27:24.337954 139725965485888 checkpoint_utils.py:240] Saved checkpoint to /experiment_runs/timing_v3/timing_nesterov/imagenet_vit_jax/trial_1/checkpoint_14017.
