I0418 11:27:59.322568 139548185048832 logging_writer.py:48] [14100] global_step=14100, grad_norm=0.7082236409187317, loss=4.649164199829102
I0418 11:28:41.989879 139548176656128 logging_writer.py:48] [14200] global_step=14200, grad_norm=0.7005462050437927, loss=4.590644359588623
I0418 11:29:24.515135 139548185048832 logging_writer.py:48] [14300] global_step=14300, grad_norm=0.7163261771202087, loss=4.65485143661499
I0418 11:30:07.153373 139548176656128 logging_writer.py:48] [14400] global_step=14400, grad_norm=0.5327187180519104, loss=5.1691389083862305
I0418 11:30:49.671325 139548185048832 logging_writer.py:48] [14500] global_step=14500, grad_norm=0.6994683742523193, loss=4.712561130523682
I0418 11:31:32.038086 139548176656128 logging_writer.py:48] [14600] global_step=14600, grad_norm=0.6429799795150757, loss=4.612094879150391
I0418 11:32:14.524008 139548185048832 logging_writer.py:48] [14700] global_step=14700, grad_norm=0.5316591262817383, loss=6.006678104400635
I0418 11:32:57.115490 139548176656128 logging_writer.py:48] [14800] global_step=14800, grad_norm=0.5413262844085693, loss=5.256927013397217
I0418 11:33:40.025012 139548185048832 logging_writer.py:48] [14900] global_step=14900, grad_norm=0.6242892146110535, loss=4.801701068878174
I0418 11:34:22.537521 139548176656128 logging_writer.py:48] [15000] global_step=15000, grad_norm=0.5731245279312134, loss=4.668413162231445
I0418 11:34:24.357857 139725965485888 spec.py:298] Evaluating on the training split.
I0418 11:34:39.108493 139725965485888 spec.py:310] Evaluating on the validation split.
I0418 11:34:49.668732 139725965485888 spec.py:326] Evaluating on the test split.
I0418 11:34:51.343045 139725965485888 submission_runner.py:406] Time since start: 6763.14s, 	Step: 15006, 	{'train/accuracy': 0.4559374749660492, 'train/loss': 2.634718656539917, 'validation/accuracy': 0.41915997862815857, 'validation/loss': 2.817216396331787, 'validation/num_examples': 50000, 'test/accuracy': 0.32200002670288086, 'test/loss': 3.4150826930999756, 'test/num_examples': 10000, 'score': 6349.643064260483, 'total_duration': 6763.140064001083, 'accumulated_submission_time': 6349.643064260483, 'accumulated_eval_time': 390.23643732070923, 'accumulated_logging_time': 22.973034858703613}
I0418 11:34:51.355035 139548185048832 logging_writer.py:48] [15006] accumulated_eval_time=390.236437, accumulated_logging_time=22.973035, accumulated_submission_time=6349.643064, global_step=15006, preemption_count=0, score=6349.643064, test/accuracy=0.322000, test/loss=3.415083, test/num_examples=10000, total_duration=6763.140064, train/accuracy=0.455937, train/loss=2.634719, validation/accuracy=0.419160, validation/loss=2.817216, validation/num_examples=50000
I0418 11:34:51.533314 139725965485888 checkpoints.py:356] Saving checkpoint at step: 15006
I0418 11:34:52.418649 139725965485888 checkpoints.py:317] Saved checkpoint at /experiment_runs/timing_v3/timing_nesterov/imagenet_vit_jax/trial_1/checkpoint_15006
I0418 11:34:52.432734 139725965485888 checkpoint_utils.py:240] Saved checkpoint to /experiment_runs/timing_v3/timing_nesterov/imagenet_vit_jax/trial_1/checkpoint_15006.
I0418 11:35:32.091529 139548176656128 logging_writer.py:48] [15100] global_step=15100, grad_norm=0.5036916732788086, loss=5.532167911529541
I0418 11:36:14.490175 139548168263424 logging_writer.py:48] [15200] global_step=15200, grad_norm=0.6158818602561951, loss=4.524868965148926
I0418 11:36:57.698690 139548176656128 logging_writer.py:48] [15300] global_step=15300, grad_norm=0.6345089673995972, loss=4.70721960067749
I0418 11:37:40.092969 139548168263424 logging_writer.py:48] [15400] global_step=15400, grad_norm=0.5904471278190613, loss=4.866157531738281
I0418 11:38:22.891403 139548176656128 logging_writer.py:48] [15500] global_step=15500, grad_norm=0.607505738735199, loss=4.657814979553223
I0418 11:39:05.714216 139548168263424 logging_writer.py:48] [15600] global_step=15600, grad_norm=0.770495593547821, loss=4.43581485748291
I0418 11:39:48.217332 139548176656128 logging_writer.py:48] [15700] global_step=15700, grad_norm=0.656181812286377, loss=4.676455497741699
I0418 11:40:31.135911 139548168263424 logging_writer.py:48] [15800] global_step=15800, grad_norm=0.6323404908180237, loss=4.61970853805542
I0418 11:41:13.745513 139548176656128 logging_writer.py:48] [15900] global_step=15900, grad_norm=0.48804226517677307, loss=6.097487926483154
I0418 11:41:52.733396 139725965485888 spec.py:298] Evaluating on the training split.
I0418 11:42:07.446607 139725965485888 spec.py:310] Evaluating on the validation split.
I0418 11:42:18.185726 139725965485888 spec.py:326] Evaluating on the test split.
I0418 11:42:19.837926 139725965485888 submission_runner.py:406] Time since start: 7211.63s, 	Step: 15993, 	{'train/accuracy': 0.46921873092651367, 'train/loss': 2.622598171234131, 'validation/accuracy': 0.41933998465538025, 'validation/loss': 2.8649752140045166, 'validation/num_examples': 50000, 'test/accuracy': 0.3232000172138214, 'test/loss': 3.4455127716064453, 'test/num_examples': 10000, 'score': 6769.924319028854, 'total_duration': 7211.634873390198, 'accumulated_submission_time': 6769.924319028854, 'accumulated_eval_time': 417.34088373184204, 'accumulated_logging_time': 24.06400465965271}
I0418 11:42:19.853524 139548168263424 logging_writer.py:48] [15993] accumulated_eval_time=417.340884, accumulated_logging_time=24.064005, accumulated_submission_time=6769.924319, global_step=15993, preemption_count=0, score=6769.924319, test/accuracy=0.323200, test/loss=3.445513, test/num_examples=10000, total_duration=7211.634873, train/accuracy=0.469219, train/loss=2.622598, validation/accuracy=0.419340, validation/loss=2.864975, validation/num_examples=50000
I0418 11:42:20.055851 139725965485888 checkpoints.py:356] Saving checkpoint at step: 15993
I0418 11:42:20.955359 139725965485888 checkpoints.py:317] Saved checkpoint at /experiment_runs/timing_v3/timing_nesterov/imagenet_vit_jax/trial_1/checkpoint_15993
I0418 11:42:20.969661 139725965485888 checkpoint_utils.py:240] Saved checkpoint to /experiment_runs/timing_v3/timing_nesterov/imagenet_vit_jax/trial_1/checkpoint_15993.
I0418 11:42:24.275757 139548176656128 logging_writer.py:48] [16000] global_step=16000, grad_norm=0.7094436287879944, loss=4.489357948303223
I0418 11:43:06.266134 139548159870720 logging_writer.py:48] [16100] global_step=16100, grad_norm=0.6844913959503174, loss=4.597621917724609
I0418 11:43:48.364917 139548176656128 logging_writer.py:48] [16200] global_step=16200, grad_norm=0.6373579502105713, loss=4.514137268066406
I0418 11:44:31.524941 139548159870720 logging_writer.py:48] [16300] global_step=16300, grad_norm=0.5361455082893372, loss=5.319511413574219
I0418 11:45:14.653701 139548176656128 logging_writer.py:48] [16400] global_step=16400, grad_norm=0.46154266595840454, loss=5.797433853149414
I0418 11:45:57.424417 139548159870720 logging_writer.py:48] [16500] global_step=16500, grad_norm=0.5762616395950317, loss=4.815615653991699
I0418 11:46:41.094049 139548176656128 logging_writer.py:48] [16600] global_step=16600, grad_norm=0.5930973887443542, loss=5.279300689697266
I0418 11:47:23.549947 139548159870720 logging_writer.py:48] [16700] global_step=16700, grad_norm=0.49546757340431213, loss=6.069107532501221
I0418 11:48:06.950056 139548176656128 logging_writer.py:48] [16800] global_step=16800, grad_norm=0.5771011710166931, loss=4.669074058532715
I0418 11:48:49.655018 139548159870720 logging_writer.py:48] [16900] global_step=16900, grad_norm=0.6324107050895691, loss=4.459010124206543
I0418 11:49:21.190992 139725965485888 spec.py:298] Evaluating on the training split.
I0418 11:49:36.328211 139725965485888 spec.py:310] Evaluating on the validation split.
I0418 11:49:47.155679 139725965485888 spec.py:326] Evaluating on the test split.
I0418 11:49:48.815994 139725965485888 submission_runner.py:406] Time since start: 7660.61s, 	Step: 16976, 	{'train/accuracy': 0.4714648425579071, 'train/loss': 2.6139378547668457, 'validation/accuracy': 0.4397199749946594, 'validation/loss': 2.7801358699798584, 'validation/num_examples': 50000, 'test/accuracy': 0.34450000524520874, 'test/loss': 3.357974052429199, 'test/num_examples': 10000, 'score': 7190.114460468292, 'total_duration': 7660.612909793854, 'accumulated_submission_time': 7190.114460468292, 'accumulated_eval_time': 444.9658489227295, 'accumulated_logging_time': 25.20846390724182}
I0418 11:49:48.827539 139548176656128 logging_writer.py:48] [16976] accumulated_eval_time=444.965849, accumulated_logging_time=25.208464, accumulated_submission_time=7190.114460, global_step=16976, preemption_count=0, score=7190.114460, test/accuracy=0.344500, test/loss=3.357974, test/num_examples=10000, total_duration=7660.612910, train/accuracy=0.471465, train/loss=2.613938, validation/accuracy=0.439720, validation/loss=2.780136, validation/num_examples=50000
I0418 11:49:48.972016 139725965485888 checkpoints.py:356] Saving checkpoint at step: 16976
I0418 11:49:49.861080 139725965485888 checkpoints.py:317] Saved checkpoint at /experiment_runs/timing_v3/timing_nesterov/imagenet_vit_jax/trial_1/checkpoint_16976
I0418 11:49:49.877669 139725965485888 checkpoint_utils.py:240] Saved checkpoint to /experiment_runs/timing_v3/timing_nesterov/imagenet_vit_jax/trial_1/checkpoint_16976.
I0418 11:50:00.322462 139548159870720 logging_writer.py:48] [17000] global_step=17000, grad_norm=0.6836857199668884, loss=4.43949031829834
I0418 11:50:42.203703 139548151478016 logging_writer.py:48] [17100] global_step=17100, grad_norm=0.650188684463501, loss=4.445849895477295
I0418 11:51:24.723010 139548159870720 logging_writer.py:48] [17200] global_step=17200, grad_norm=0.4691961705684662, loss=6.132739543914795
I0418 11:52:07.631288 139548151478016 logging_writer.py:48] [17300] global_step=17300, grad_norm=0.5509651303291321, loss=5.595520973205566
I0418 11:52:50.389839 139548159870720 logging_writer.py:48] [17400] global_step=17400, grad_norm=0.5744061470031738, loss=5.814293384552002
I0418 11:53:33.348192 139548151478016 logging_writer.py:48] [17500] global_step=17500, grad_norm=0.5276995301246643, loss=5.276743412017822
I0418 11:54:16.490246 139548159870720 logging_writer.py:48] [17600] global_step=17600, grad_norm=0.5556628108024597, loss=5.4407453536987305
I0418 11:54:59.352035 139548151478016 logging_writer.py:48] [17700] global_step=17700, grad_norm=0.7385973930358887, loss=4.514013290405273
I0418 11:55:42.000889 139548159870720 logging_writer.py:48] [17800] global_step=17800, grad_norm=0.6428303718566895, loss=4.6446614265441895
I0418 11:56:24.386536 139548151478016 logging_writer.py:48] [17900] global_step=17900, grad_norm=0.6410902738571167, loss=4.537725448608398
I0418 11:56:49.948440 139725965485888 spec.py:298] Evaluating on the training split.
I0418 11:57:05.172315 139725965485888 spec.py:310] Evaluating on the validation split.
I0418 11:57:16.108483 139725965485888 spec.py:326] Evaluating on the test split.
I0418 11:57:17.770814 139725965485888 submission_runner.py:406] Time since start: 8109.57s, 	Step: 17961, 	{'train/accuracy': 0.49839842319488525, 'train/loss': 2.4446253776550293, 'validation/accuracy': 0.4579799771308899, 'validation/loss': 2.6331374645233154, 'validation/num_examples': 50000, 'test/accuracy': 0.3499000072479248, 'test/loss': 3.238227605819702, 'test/num_examples': 10000, 'score': 7610.157889842987, 'total_duration': 8109.567834615707, 'accumulated_submission_time': 7610.157889842987, 'accumulated_eval_time': 472.788204908371, 'accumulated_logging_time': 26.27936840057373}
I0418 11:57:17.784735 139548159870720 logging_writer.py:48] [17961] accumulated_eval_time=472.788205, accumulated_logging_time=26.279368, accumulated_submission_time=7610.157890, global_step=17961, preemption_count=0, score=7610.157890, test/accuracy=0.349900, test/loss=3.238228, test/num_examples=10000, total_duration=8109.567835, train/accuracy=0.498398, train/loss=2.444625, validation/accuracy=0.457980, validation/loss=2.633137, validation/num_examples=50000
I0418 11:57:17.973647 139725965485888 checkpoints.py:356] Saving checkpoint at step: 17961
I0418 11:57:18.886723 139725965485888 checkpoints.py:317] Saved checkpoint at /experiment_runs/timing_v3/timing_nesterov/imagenet_vit_jax/trial_1/checkpoint_17961
I0418 11:57:18.905826 139725965485888 checkpoint_utils.py:240] Saved checkpoint to /experiment_runs/timing_v3/timing_nesterov/imagenet_vit_jax/trial_1/checkpoint_17961.
I0418 11:57:35.567587 139548151478016 logging_writer.py:48] [18000] global_step=18000, grad_norm=0.6524642109870911, loss=4.367119789123535
I0418 11:58:17.581420 139548143085312 logging_writer.py:48] [18100] global_step=18100, grad_norm=0.5092886090278625, loss=5.409847259521484
I0418 11:59:00.163145 139548151478016 logging_writer.py:48] [18200] global_step=18200, grad_norm=0.5469135046005249, loss=5.047787666320801
I0418 11:59:42.303585 139548143085312 logging_writer.py:48] [18300] global_step=18300, grad_norm=0.5854929685592651, loss=4.808292865753174
I0418 12:00:24.913942 139548151478016 logging_writer.py:48] [18400] global_step=18400, grad_norm=0.6199825406074524, loss=4.431422710418701
I0418 12:01:07.642980 139548143085312 logging_writer.py:48] [18500] global_step=18500, grad_norm=0.7241345047950745, loss=4.45958948135376
I0418 12:01:50.664157 139548151478016 logging_writer.py:48] [18600] global_step=18600, grad_norm=0.5935439467430115, loss=5.288974285125732
I0418 12:02:32.858572 139548143085312 logging_writer.py:48] [18700] global_step=18700, grad_norm=0.650230348110199, loss=4.462310791015625
I0418 12:03:16.186787 139548151478016 logging_writer.py:48] [18800] global_step=18800, grad_norm=0.5081084966659546, loss=5.9955735206604
I0418 12:03:58.856182 139548143085312 logging_writer.py:48] [18900] global_step=18900, grad_norm=0.6448197960853577, loss=4.3689374923706055
I0418 12:04:19.162459 139725965485888 spec.py:298] Evaluating on the training split.
I0418 12:04:34.089569 139725965485888 spec.py:310] Evaluating on the validation split.
I0418 12:04:45.446956 139725965485888 spec.py:326] Evaluating on the test split.
I0418 12:04:47.115012 139725965485888 submission_runner.py:406] Time since start: 8558.91s, 	Step: 18949, 	{'train/accuracy': 0.5101757645606995, 'train/loss': 2.383735179901123, 'validation/accuracy': 0.46469998359680176, 'validation/loss': 2.5818302631378174, 'validation/num_examples': 50000, 'test/accuracy': 0.3588000237941742, 'test/loss': 3.2062575817108154, 'test/num_examples': 10000, 'score': 8030.394687175751, 'total_duration': 8558.910800218582, 'accumulated_submission_time': 8030.394687175751, 'accumulated_eval_time': 500.7395296096802, 'accumulated_logging_time': 27.41585421562195}
I0418 12:04:47.126507 139548151478016 logging_writer.py:48] [18949] accumulated_eval_time=500.739530, accumulated_logging_time=27.415854, accumulated_submission_time=8030.394687, global_step=18949, preemption_count=0, score=8030.394687, test/accuracy=0.358800, test/loss=3.206258, test/num_examples=10000, total_duration=8558.910800, train/accuracy=0.510176, train/loss=2.383735, validation/accuracy=0.464700, validation/loss=2.581830, validation/num_examples=50000
I0418 12:04:47.314542 139725965485888 checkpoints.py:356] Saving checkpoint at step: 18949
I0418 12:04:48.213222 139725965485888 checkpoints.py:317] Saved checkpoint at /experiment_runs/timing_v3/timing_nesterov/imagenet_vit_jax/trial_1/checkpoint_18949
I0418 12:04:48.227141 139725965485888 checkpoint_utils.py:240] Saved checkpoint to /experiment_runs/timing_v3/timing_nesterov/imagenet_vit_jax/trial_1/checkpoint_18949.
I0418 12:05:09.952780 139548143085312 logging_writer.py:48] [19000] global_step=19000, grad_norm=0.5247625708580017, loss=5.151802062988281
I0418 12:05:52.449763 139548017260288 logging_writer.py:48] [19100] global_step=19100, grad_norm=0.6727153062820435, loss=4.304723739624023
I0418 12:06:36.214145 139548143085312 logging_writer.py:48] [19200] global_step=19200, grad_norm=0.6426611542701721, loss=4.464623928070068
I0418 12:07:19.537473 139548017260288 logging_writer.py:48] [19300] global_step=19300, grad_norm=0.6487318873405457, loss=4.575718879699707
I0418 12:08:03.467361 139548143085312 logging_writer.py:48] [19400] global_step=19400, grad_norm=2.324915647506714, loss=5.101870536804199
I0418 12:08:46.526045 139548017260288 logging_writer.py:48] [19500] global_step=19500, grad_norm=0.4451279938220978, loss=6.001387596130371
I0418 12:09:29.950694 139548143085312 logging_writer.py:48] [19600] global_step=19600, grad_norm=0.6688891649246216, loss=4.395887851715088
I0418 12:10:13.389569 139548017260288 logging_writer.py:48] [19700] global_step=19700, grad_norm=0.6907433867454529, loss=4.330049991607666
I0418 12:10:56.932832 139548143085312 logging_writer.py:48] [19800] global_step=19800, grad_norm=0.655731201171875, loss=4.22022819519043
I0418 12:11:40.512556 139548017260288 logging_writer.py:48] [19900] global_step=19900, grad_norm=0.6540568470954895, loss=4.3894805908203125
I0418 12:11:48.679906 139725965485888 spec.py:298] Evaluating on the training split.
I0418 12:12:02.698674 139725965485888 spec.py:310] Evaluating on the validation split.
I0418 12:12:14.529390 139725965485888 spec.py:326] Evaluating on the test split.
I0418 12:12:16.205497 139725965485888 submission_runner.py:406] Time since start: 9008.00s, 	Step: 19920, 	{'train/accuracy': 0.5308789014816284, 'train/loss': 2.2876999378204346, 'validation/accuracy': 0.4732799828052521, 'validation/loss': 2.5403599739074707, 'validation/num_examples': 50000, 'test/accuracy': 0.3645000159740448, 'test/loss': 3.1625895500183105, 'test/num_examples': 10000, 'score': 8450.828124046326, 'total_duration': 9008.00137090683, 'accumulated_submission_time': 8450.828124046326, 'accumulated_eval_time': 528.2639634609222, 'accumulated_logging_time': 28.529584169387817}
I0418 12:12:16.216741 139548143085312 logging_writer.py:48] [19920] accumulated_eval_time=528.263963, accumulated_logging_time=28.529584, accumulated_submission_time=8450.828124, global_step=19920, preemption_count=0, score=8450.828124, test/accuracy=0.364500, test/loss=3.162590, test/num_examples=10000, total_duration=9008.001371, train/accuracy=0.530879, train/loss=2.287700, validation/accuracy=0.473280, validation/loss=2.540360, validation/num_examples=50000
I0418 12:12:16.428587 139725965485888 checkpoints.py:356] Saving checkpoint at step: 19920
I0418 12:12:17.396218 139725965485888 checkpoints.py:317] Saved checkpoint at /experiment_runs/timing_v3/timing_nesterov/imagenet_vit_jax/trial_1/checkpoint_19920
I0418 12:12:17.414091 139725965485888 checkpoint_utils.py:240] Saved checkpoint to /experiment_runs/timing_v3/timing_nesterov/imagenet_vit_jax/trial_1/checkpoint_19920.
I0418 12:12:51.123812 139548017260288 logging_writer.py:48] [20000] global_step=20000, grad_norm=0.6624516844749451, loss=4.284051895141602
I0418 12:13:34.654294 139548008867584 logging_writer.py:48] [20100] global_step=20100, grad_norm=0.6370114088058472, loss=4.2149882316589355
I0418 12:14:17.632767 139548017260288 logging_writer.py:48] [20200] global_step=20200, grad_norm=0.6525247097015381, loss=4.395626544952393
I0418 12:15:00.533271 139548008867584 logging_writer.py:48] [20300] global_step=20300, grad_norm=0.5401037335395813, loss=4.872552871704102
I0418 12:15:43.555967 139548017260288 logging_writer.py:48] [20400] global_step=20400, grad_norm=0.5199777483940125, loss=5.335636138916016
I0418 12:16:26.690474 139548008867584 logging_writer.py:48] [20500] global_step=20500, grad_norm=0.6745104193687439, loss=4.344681739807129
I0418 12:17:09.785314 139548017260288 logging_writer.py:48] [20600] global_step=20600, grad_norm=0.7318651080131531, loss=4.385931015014648
I0418 12:17:52.853047 139548008867584 logging_writer.py:48] [20700] global_step=20700, grad_norm=0.5265596508979797, loss=5.304263591766357
I0418 12:18:36.035853 139548017260288 logging_writer.py:48] [20800] global_step=20800, grad_norm=0.5485541820526123, loss=5.977280139923096
I0418 12:19:17.465218 139725965485888 spec.py:298] Evaluating on the training split.
I0418 12:19:31.909883 139725965485888 spec.py:310] Evaluating on the validation split.
I0418 12:19:44.122030 139725965485888 spec.py:326] Evaluating on the test split.
I0418 12:19:45.795081 139725965485888 submission_runner.py:406] Time since start: 9457.59s, 	Step: 20898, 	{'train/accuracy': 0.5333398580551147, 'train/loss': 2.248889923095703, 'validation/accuracy': 0.49235999584198, 'validation/loss': 2.4485726356506348, 'validation/num_examples': 50000, 'test/accuracy': 0.37620002031326294, 'test/loss': 3.077709913253784, 'test/num_examples': 10000, 'score': 8870.860184907913, 'total_duration': 9457.591031551361, 'accumulated_submission_time': 8870.860184907913, 'accumulated_eval_time': 556.5927631855011, 'accumulated_logging_time': 29.73952841758728}
I0418 12:19:45.806155 139548008867584 logging_writer.py:48] [20898] accumulated_eval_time=556.592763, accumulated_logging_time=29.739528, accumulated_submission_time=8870.860185, global_step=20898, preemption_count=0, score=8870.860185, test/accuracy=0.376200, test/loss=3.077710, test/num_examples=10000, total_duration=9457.591032, train/accuracy=0.533340, train/loss=2.248890, validation/accuracy=0.492360, validation/loss=2.448573, validation/num_examples=50000
I0418 12:19:46.026883 139725965485888 checkpoints.py:356] Saving checkpoint at step: 20898
I0418 12:19:46.842354 139725965485888 checkpoints.py:317] Saved checkpoint at /experiment_runs/timing_v3/timing_nesterov/imagenet_vit_jax/trial_1/checkpoint_20898
I0418 12:19:46.857881 139725965485888 checkpoint_utils.py:240] Saved checkpoint to /experiment_runs/timing_v3/timing_nesterov/imagenet_vit_jax/trial_1/checkpoint_20898.
I0418 12:19:48.152123 139548017260288 logging_writer.py:48] [20900] global_step=20900, grad_norm=0.5299842357635498, loss=4.781133651733398
I0418 12:20:30.110219 139548017260288 logging_writer.py:48] [21000] global_step=21000, grad_norm=0.6502171754837036, loss=4.575748443603516
I0418 12:21:12.877769 139548000474880 logging_writer.py:48] [21100] global_step=21100, grad_norm=0.5678430795669556, loss=5.403201103210449
I0418 12:21:55.686068 139548017260288 logging_writer.py:48] [21200] global_step=21200, grad_norm=0.6426827907562256, loss=4.268437385559082
I0418 12:22:38.777873 139548000474880 logging_writer.py:48] [21300] global_step=21300, grad_norm=0.5363272428512573, loss=5.270138740539551
I0418 12:23:21.421241 139548017260288 logging_writer.py:48] [21400] global_step=21400, grad_norm=0.6836481690406799, loss=4.230433940887451
I0418 12:24:04.816411 139548000474880 logging_writer.py:48] [21500] global_step=21500, grad_norm=0.5909123420715332, loss=4.4322190284729
I0418 12:24:47.769868 139548017260288 logging_writer.py:48] [21600] global_step=21600, grad_norm=0.6269490122795105, loss=4.377790451049805
I0418 12:25:30.352371 139548000474880 logging_writer.py:48] [21700] global_step=21700, grad_norm=0.6654884219169617, loss=4.257620334625244
I0418 12:26:12.875993 139548017260288 logging_writer.py:48] [21800] global_step=21800, grad_norm=0.5731367468833923, loss=4.807162284851074
I0418 12:26:46.956478 139725965485888 spec.py:298] Evaluating on the training split.
I0418 12:27:01.101684 139725965485888 spec.py:310] Evaluating on the validation split.
I0418 12:27:13.261138 139725965485888 spec.py:326] Evaluating on the test split.
I0418 12:27:14.959839 139725965485888 submission_runner.py:406] Time since start: 9906.76s, 	Step: 21881, 	{'train/accuracy': 0.5456445217132568, 'train/loss': 2.1703507900238037, 'validation/accuracy': 0.5004000067710876, 'validation/loss': 2.381711959838867, 'validation/num_examples': 50000, 'test/accuracy': 0.38350000977516174, 'test/loss': 3.021646738052368, 'test/num_examples': 10000, 'score': 9290.939864397049, 'total_duration': 9906.755863666534, 'accumulated_submission_time': 9290.939864397049, 'accumulated_eval_time': 584.5951685905457, 'accumulated_logging_time': 30.803417205810547}
I0418 12:27:14.976724 139548000474880 logging_writer.py:48] [21881] accumulated_eval_time=584.595169, accumulated_logging_time=30.803417, accumulated_submission_time=9290.939864, global_step=21881, preemption_count=0, score=9290.939864, test/accuracy=0.383500, test/loss=3.021647, test/num_examples=10000, total_duration=9906.755864, train/accuracy=0.545645, train/loss=2.170351, validation/accuracy=0.500400, validation/loss=2.381712, validation/num_examples=50000
I0418 12:27:15.208038 139725965485888 checkpoints.py:356] Saving checkpoint at step: 21881
I0418 12:27:15.993189 139725965485888 checkpoints.py:317] Saved checkpoint at /experiment_runs/timing_v3/timing_nesterov/imagenet_vit_jax/trial_1/checkpoint_21881
I0418 12:27:16.008103 139725965485888 checkpoint_utils.py:240] Saved checkpoint to /experiment_runs/timing_v3/timing_nesterov/imagenet_vit_jax/trial_1/checkpoint_21881.
I0418 12:27:24.350345 139548017260288 logging_writer.py:48] [21900] global_step=21900, grad_norm=0.6679071187973022, loss=4.471770286560059
I0418 12:28:06.623227 139547346204416 logging_writer.py:48] [22000] global_step=22000, grad_norm=0.5714719891548157, loss=5.078884124755859
I0418 12:28:49.986099 139548017260288 logging_writer.py:48] [22100] global_step=22100, grad_norm=0.5832103490829468, loss=4.9121599197387695
I0418 12:29:33.495863 139547346204416 logging_writer.py:48] [22200] global_step=22200, grad_norm=0.6491398811340332, loss=4.1746296882629395
I0418 12:30:17.268961 139548017260288 logging_writer.py:48] [22300] global_step=22300, grad_norm=0.6572751402854919, loss=4.273378372192383
I0418 12:31:00.749183 139547346204416 logging_writer.py:48] [22400] global_step=22400, grad_norm=0.6531440019607544, loss=4.244411945343018
I0418 12:31:44.526357 139548017260288 logging_writer.py:48] [22500] global_step=22500, grad_norm=0.6170167922973633, loss=4.267020225524902
I0418 12:32:28.385177 139547346204416 logging_writer.py:48] [22600] global_step=22600, grad_norm=0.5931006669998169, loss=5.546638488769531
I0418 12:33:12.195857 139548017260288 logging_writer.py:48] [22700] global_step=22700, grad_norm=0.627627968788147, loss=4.286792755126953
I0418 12:33:55.873185 139547346204416 logging_writer.py:48] [22800] global_step=22800, grad_norm=0.6717949509620667, loss=4.228167533874512
I0418 12:34:16.358835 139725965485888 spec.py:298] Evaluating on the training split.
I0418 12:34:31.289796 139725965485888 spec.py:310] Evaluating on the validation split.
I0418 12:34:42.534675 139725965485888 spec.py:326] Evaluating on the test split.
I0418 12:34:44.239739 139725965485888 submission_runner.py:406] Time since start: 10356.03s, 	Step: 22848, 	{'train/accuracy': 0.5533984303474426, 'train/loss': 2.165682554244995, 'validation/accuracy': 0.5064200162887573, 'validation/loss': 2.3866326808929443, 'validation/num_examples': 50000, 'test/accuracy': 0.39180001616477966, 'test/loss': 3.0143938064575195, 'test/num_examples': 10000, 'score': 9711.272295475006, 'total_duration': 10356.031516075134, 'accumulated_submission_time': 9711.272295475006, 'accumulated_eval_time': 612.4708178043365, 'accumulated_logging_time': 31.852665424346924}
I0418 12:34:44.256016 139548017260288 logging_writer.py:48] [22848] accumulated_eval_time=612.470818, accumulated_logging_time=31.852665, accumulated_submission_time=9711.272295, global_step=22848, preemption_count=0, score=9711.272295, test/accuracy=0.391800, test/loss=3.014394, test/num_examples=10000, total_duration=10356.031516, train/accuracy=0.553398, train/loss=2.165683, validation/accuracy=0.506420, validation/loss=2.386633, validation/num_examples=50000
I0418 12:34:45.097162 139725965485888 checkpoints.py:356] Saving checkpoint at step: 22848
I0418 12:34:46.087888 139725965485888 checkpoints.py:317] Saved checkpoint at /experiment_runs/timing_v3/timing_nesterov/imagenet_vit_jax/trial_1/checkpoint_22848
I0418 12:34:46.107381 139725965485888 checkpoint_utils.py:240] Saved checkpoint to /experiment_runs/timing_v3/timing_nesterov/imagenet_vit_jax/trial_1/checkpoint_22848.
I0418 12:35:08.139116 139547346204416 logging_writer.py:48] [22900] global_step=22900, grad_norm=0.6277793049812317, loss=4.389987468719482
I0418 12:35:52.879820 139547337811712 logging_writer.py:48] [23000] global_step=23000, grad_norm=0.4891659915447235, loss=6.047384262084961
I0418 12:36:38.043414 139547346204416 logging_writer.py:48] [23100] global_step=23100, grad_norm=0.5720773339271545, loss=6.051290035247803
I0418 12:37:22.588145 139547337811712 logging_writer.py:48] [23200] global_step=23200, grad_norm=0.6051052808761597, loss=4.430087089538574
I0418 12:38:07.682475 139547346204416 logging_writer.py:48] [23300] global_step=23300, grad_norm=0.6636145114898682, loss=4.509529113769531
I0418 12:38:53.252908 139547337811712 logging_writer.py:48] [23400] global_step=23400, grad_norm=0.6271386742591858, loss=4.217267990112305
I0418 12:39:38.697869 139547346204416 logging_writer.py:48] [23500] global_step=23500, grad_norm=0.6166779398918152, loss=4.585638523101807
I0418 12:40:23.724968 139547337811712 logging_writer.py:48] [23600] global_step=23600, grad_norm=0.5399975180625916, loss=5.144759178161621
I0418 12:41:08.983015 139547346204416 logging_writer.py:48] [23700] global_step=23700, grad_norm=0.5211192965507507, loss=5.734233856201172
I0418 12:41:46.310705 139725965485888 spec.py:298] Evaluating on the training split.
I0418 12:41:57.770686 139725965485888 spec.py:310] Evaluating on the validation split.
I0418 12:42:10.097234 139725965485888 spec.py:326] Evaluating on the test split.
I0418 12:42:11.769893 139725965485888 submission_runner.py:406] Time since start: 10803.57s, 	Step: 23784, 	{'train/accuracy': 0.5850585699081421, 'train/loss': 2.0339505672454834, 'validation/accuracy': 0.5124399662017822, 'validation/loss': 2.362550973892212, 'validation/num_examples': 50000, 'test/accuracy': 0.39570000767707825, 'test/loss': 2.9936623573303223, 'test/num_examples': 10000, 'score': 10131.457832574844, 'total_duration': 10803.565744161606, 'accumulated_submission_time': 10131.457832574844, 'accumulated_eval_time': 637.9288079738617, 'accumulated_logging_time': 33.72146987915039}
I0418 12:42:11.786707 139547337811712 logging_writer.py:48] [23784] accumulated_eval_time=637.928808, accumulated_logging_time=33.721470, accumulated_submission_time=10131.457833, global_step=23784, preemption_count=0, score=10131.457833, test/accuracy=0.395700, test/loss=2.993662, test/num_examples=10000, total_duration=10803.565744, train/accuracy=0.585059, train/loss=2.033951, validation/accuracy=0.512440, validation/loss=2.362551, validation/num_examples=50000
I0418 12:42:11.954146 139725965485888 checkpoints.py:356] Saving checkpoint at step: 23784
I0418 12:42:12.883557 139725965485888 checkpoints.py:317] Saved checkpoint at /experiment_runs/timing_v3/timing_nesterov/imagenet_vit_jax/trial_1/checkpoint_23784
I0418 12:42:12.900046 139725965485888 checkpoint_utils.py:240] Saved checkpoint to /experiment_runs/timing_v3/timing_nesterov/imagenet_vit_jax/trial_1/checkpoint_23784.
I0418 12:42:20.042435 139547346204416 logging_writer.py:48] [23800] global_step=23800, grad_norm=0.6850308775901794, loss=4.135862827301025
I0418 12:43:01.984887 139547329419008 logging_writer.py:48] [23900] global_step=23900, grad_norm=0.6844109892845154, loss=4.203898906707764
I0418 12:43:45.154593 139547346204416 logging_writer.py:48] [24000] global_step=24000, grad_norm=0.6784822940826416, loss=4.245735168457031
I0418 12:44:28.194504 139547329419008 logging_writer.py:48] [24100] global_step=24100, grad_norm=0.6293556094169617, loss=4.18611478805542
I0418 12:45:11.285703 139547346204416 logging_writer.py:48] [24200] global_step=24200, grad_norm=0.6345674395561218, loss=4.173238754272461
I0418 12:45:53.971800 139547329419008 logging_writer.py:48] [24300] global_step=24300, grad_norm=0.5819453001022339, loss=5.500975131988525
I0418 12:46:36.914965 139547346204416 logging_writer.py:48] [24400] global_step=24400, grad_norm=0.6185106039047241, loss=4.00691032409668
I0418 12:47:19.722565 139547329419008 logging_writer.py:48] [24500] global_step=24500, grad_norm=0.5819239020347595, loss=4.92543888092041
I0418 12:48:02.695160 139547346204416 logging_writer.py:48] [24600] global_step=24600, grad_norm=0.6572444438934326, loss=4.175513744354248
I0418 12:48:46.028923 139547329419008 logging_writer.py:48] [24700] global_step=24700, grad_norm=0.623432457447052, loss=4.997365474700928
I0418 12:49:13.241443 139725965485888 spec.py:298] Evaluating on the training split.
I0418 12:49:24.174939 139725965485888 spec.py:310] Evaluating on the validation split.
I0418 12:49:36.526796 139725965485888 spec.py:326] Evaluating on the test split.
I0418 12:49:38.190669 139725965485888 submission_runner.py:406] Time since start: 11249.99s, 	Step: 24765, 	{'train/accuracy': 0.563769519329071, 'train/loss': 2.06766939163208, 'validation/accuracy': 0.5243200063705444, 'validation/loss': 2.280478000640869, 'validation/num_examples': 50000, 'test/accuracy': 0.40540000796318054, 'test/loss': 2.9250264167785645, 'test/num_examples': 10000, 'score': 10551.780296564102, 'total_duration': 11249.986682415009, 'accumulated_submission_time': 10551.780296564102, 'accumulated_eval_time': 662.8770232200623, 'accumulated_logging_time': 34.8529634475708}
I0418 12:49:38.209506 139547346204416 logging_writer.py:48] [24765] accumulated_eval_time=662.877023, accumulated_logging_time=34.852963, accumulated_submission_time=10551.780297, global_step=24765, preemption_count=0, score=10551.780297, test/accuracy=0.405400, test/loss=2.925026, test/num_examples=10000, total_duration=11249.986682, train/accuracy=0.563770, train/loss=2.067669, validation/accuracy=0.524320, validation/loss=2.280478, validation/num_examples=50000
I0418 12:49:38.461768 139725965485888 checkpoints.py:356] Saving checkpoint at step: 24765
I0418 12:49:39.356494 139725965485888 checkpoints.py:317] Saved checkpoint at /experiment_runs/timing_v3/timing_nesterov/imagenet_vit_jax/trial_1/checkpoint_24765
I0418 12:49:39.371858 139725965485888 checkpoint_utils.py:240] Saved checkpoint to /experiment_runs/timing_v3/timing_nesterov/imagenet_vit_jax/trial_1/checkpoint_24765.
I0418 12:49:54.399455 139547329419008 logging_writer.py:48] [24800] global_step=24800, grad_norm=0.6878404021263123, loss=4.170598030090332
I0418 12:50:36.167803 139547245541120 logging_writer.py:48] [24900] global_step=24900, grad_norm=0.5623124837875366, loss=5.061217308044434
I0418 12:51:18.668190 139547329419008 logging_writer.py:48] [25000] global_step=25000, grad_norm=0.7629011869430542, loss=4.092816352844238
I0418 12:52:01.518149 139547245541120 logging_writer.py:48] [25100] global_step=25100, grad_norm=0.6365677714347839, loss=4.213333606719971
I0418 12:52:44.748991 139547329419008 logging_writer.py:48] [25200] global_step=25200, grad_norm=0.5934837460517883, loss=4.490800380706787
I0418 12:53:27.160154 139547245541120 logging_writer.py:48] [25300] global_step=25300, grad_norm=0.6340153813362122, loss=4.375057220458984
I0418 12:54:10.142059 139547329419008 logging_writer.py:48] [25400] global_step=25400, grad_norm=0.5608208775520325, loss=4.7856645584106445
I0418 12:54:53.129769 139547245541120 logging_writer.py:48] [25500] global_step=25500, grad_norm=0.5938172936439514, loss=5.745448589324951
I0418 12:55:35.496826 139547329419008 logging_writer.py:48] [25600] global_step=25600, grad_norm=0.5787953734397888, loss=4.855666637420654
I0418 12:56:18.529633 139547245541120 logging_writer.py:48] [25700] global_step=25700, grad_norm=0.5957040786743164, loss=4.797164440155029
I0418 12:56:39.561877 139725965485888 spec.py:298] Evaluating on the training split.
I0418 12:56:50.351244 139725965485888 spec.py:310] Evaluating on the validation split.
I0418 12:57:02.934006 139725965485888 spec.py:326] Evaluating on the test split.
I0418 12:57:04.627385 139725965485888 submission_runner.py:406] Time since start: 11696.42s, 	Step: 25750, 	{'train/accuracy': 0.5771093368530273, 'train/loss': 2.069854736328125, 'validation/accuracy': 0.531059980392456, 'validation/loss': 2.285112142562866, 'validation/num_examples': 50000, 'test/accuracy': 0.41120001673698425, 'test/loss': 2.9230196475982666, 'test/num_examples': 10000, 'score': 10971.936915636063, 'total_duration': 11696.423310041428, 'accumulated_submission_time': 10971.936915636063, 'accumulated_eval_time': 687.9413969516754, 'accumulated_logging_time': 36.04941987991333}
I0418 12:57:04.639151 139547329419008 logging_writer.py:48] [25750] accumulated_eval_time=687.941397, accumulated_logging_time=36.049420, accumulated_submission_time=10971.936916, global_step=25750, preemption_count=0, score=10971.936916, test/accuracy=0.411200, test/loss=2.923020, test/num_examples=10000, total_duration=11696.423310, train/accuracy=0.577109, train/loss=2.069855, validation/accuracy=0.531060, validation/loss=2.285112, validation/num_examples=50000
I0418 12:57:04.814673 139725965485888 checkpoints.py:356] Saving checkpoint at step: 25750
I0418 12:57:05.730257 139725965485888 checkpoints.py:317] Saved checkpoint at /experiment_runs/timing_v3/timing_nesterov/imagenet_vit_jax/trial_1/checkpoint_25750
I0418 12:57:05.746283 139725965485888 checkpoint_utils.py:240] Saved checkpoint to /experiment_runs/timing_v3/timing_nesterov/imagenet_vit_jax/trial_1/checkpoint_25750.
I0418 12:57:27.004009 139547245541120 logging_writer.py:48] [25800] global_step=25800, grad_norm=0.7338745594024658, loss=4.136197566986084
I0418 12:58:08.941104 139547237148416 logging_writer.py:48] [25900] global_step=25900, grad_norm=0.5587644577026367, loss=5.8133158683776855
I0418 12:58:51.934322 139547245541120 logging_writer.py:48] [26000] global_step=26000, grad_norm=0.5696004033088684, loss=4.947634220123291
I0418 12:59:34.697550 139547237148416 logging_writer.py:48] [26100] global_step=26100, grad_norm=0.7264871001243591, loss=4.051975727081299
I0418 13:00:18.074952 139547245541120 logging_writer.py:48] [26200] global_step=26200, grad_norm=0.5718011856079102, loss=5.250203609466553
I0418 13:01:01.977528 139547237148416 logging_writer.py:48] [26300] global_step=26300, grad_norm=0.5751037001609802, loss=5.285872459411621
I0418 13:01:44.777829 139547245541120 logging_writer.py:48] [26400] global_step=26400, grad_norm=0.6261485815048218, loss=4.5311665534973145
I0418 13:02:27.525071 139547237148416 logging_writer.py:48] [26500] global_step=26500, grad_norm=0.6144585013389587, loss=5.049993991851807
I0418 13:03:10.809412 139547245541120 logging_writer.py:48] [26600] global_step=26600, grad_norm=0.6742122769355774, loss=4.064760208129883
I0418 13:03:53.351786 139547237148416 logging_writer.py:48] [26700] global_step=26700, grad_norm=0.6760735511779785, loss=4.229523181915283
I0418 13:04:05.866170 139725965485888 spec.py:298] Evaluating on the training split.
I0418 13:04:16.875180 139725965485888 spec.py:310] Evaluating on the validation split.
I0418 13:04:29.340168 139725965485888 spec.py:326] Evaluating on the test split.
I0418 13:04:31.011021 139725965485888 submission_runner.py:406] Time since start: 12142.81s, 	Step: 26731, 	{'train/accuracy': 0.5933398008346558, 'train/loss': 1.9381568431854248, 'validation/accuracy': 0.5432199835777283, 'validation/loss': 2.1782312393188477, 'validation/num_examples': 50000, 'test/accuracy': 0.4269000291824341, 'test/loss': 2.8167614936828613, 'test/num_examples': 10000, 'score': 11392.037526845932, 'total_duration': 12142.806905269623, 'accumulated_submission_time': 11392.037526845932, 'accumulated_eval_time': 713.0851266384125, 'accumulated_logging_time': 37.16981363296509}
I0418 13:04:31.023206 139547245541120 logging_writer.py:48] [26731] accumulated_eval_time=713.085127, accumulated_logging_time=37.169814, accumulated_submission_time=11392.037527, global_step=26731, preemption_count=0, score=11392.037527, test/accuracy=0.426900, test/loss=2.816761, test/num_examples=10000, total_duration=12142.806905, train/accuracy=0.593340, train/loss=1.938157, validation/accuracy=0.543220, validation/loss=2.178231, validation/num_examples=50000
I0418 13:04:31.224257 139725965485888 checkpoints.py:356] Saving checkpoint at step: 26731
I0418 13:04:32.182800 139725965485888 checkpoints.py:317] Saved checkpoint at /experiment_runs/timing_v3/timing_nesterov/imagenet_vit_jax/trial_1/checkpoint_26731
I0418 13:04:32.197591 139725965485888 checkpoint_utils.py:240] Saved checkpoint to /experiment_runs/timing_v3/timing_nesterov/imagenet_vit_jax/trial_1/checkpoint_26731.
I0418 13:05:01.264715 139547237148416 logging_writer.py:48] [26800] global_step=26800, grad_norm=0.7242662310600281, loss=4.087283134460449
I0418 13:05:43.686506 139547228755712 logging_writer.py:48] [26900] global_step=26900, grad_norm=0.59629225730896, loss=5.584733486175537
I0418 13:06:26.771275 139547237148416 logging_writer.py:48] [27000] global_step=27000, grad_norm=0.5591930150985718, loss=4.667028903961182
I0418 13:07:09.690196 139547228755712 logging_writer.py:48] [27100] global_step=27100, grad_norm=0.548331081867218, loss=5.845993518829346
I0418 13:07:52.796374 139547237148416 logging_writer.py:48] [27200] global_step=27200, grad_norm=0.617514967918396, loss=4.349619388580322
I0418 13:08:36.337758 139547228755712 logging_writer.py:48] [27300] global_step=27300, grad_norm=0.6658315062522888, loss=4.078400135040283
I0418 13:09:19.776144 139547237148416 logging_writer.py:48] [27400] global_step=27400, grad_norm=0.6108222007751465, loss=4.092087745666504
I0418 13:10:02.370866 139547228755712 logging_writer.py:48] [27500] global_step=27500, grad_norm=0.6709254384040833, loss=4.107229709625244
I0418 13:10:45.770316 139547237148416 logging_writer.py:48] [27600] global_step=27600, grad_norm=0.6865994930267334, loss=4.0841803550720215
I0418 13:11:28.830493 139547228755712 logging_writer.py:48] [27700] global_step=27700, grad_norm=0.6412876844406128, loss=4.142021179199219
I0418 13:11:32.289003 139725965485888 spec.py:298] Evaluating on the training split.
I0418 13:11:43.263667 139725965485888 spec.py:310] Evaluating on the validation split.
I0418 13:11:56.032383 139725965485888 spec.py:326] Evaluating on the test split.
I0418 13:11:57.722554 139725965485888 submission_runner.py:406] Time since start: 12589.52s, 	Step: 27710, 	{'train/accuracy': 0.613476574420929, 'train/loss': 1.867006540298462, 'validation/accuracy': 0.5487200021743774, 'validation/loss': 2.1564571857452393, 'validation/num_examples': 50000, 'test/accuracy': 0.4336000084877014, 'test/loss': 2.800959587097168, 'test/num_examples': 10000, 'score': 11812.109931468964, 'total_duration': 12589.518400669098, 'accumulated_submission_time': 11812.109931468964, 'accumulated_eval_time': 738.517516374588, 'accumulated_logging_time': 38.357693672180176}
I0418 13:11:57.741328 139547237148416 logging_writer.py:48] [27710] accumulated_eval_time=738.517516, accumulated_logging_time=38.357694, accumulated_submission_time=11812.109931, global_step=27710, preemption_count=0, score=11812.109931, test/accuracy=0.433600, test/loss=2.800960, test/num_examples=10000, total_duration=12589.518401, train/accuracy=0.613477, train/loss=1.867007, validation/accuracy=0.548720, validation/loss=2.156457, validation/num_examples=50000
I0418 13:11:57.964574 139725965485888 checkpoints.py:356] Saving checkpoint at step: 27710
I0418 13:11:58.758105 139725965485888 checkpoints.py:317] Saved checkpoint at /experiment_runs/timing_v3/timing_nesterov/imagenet_vit_jax/trial_1/checkpoint_27710
I0418 13:11:58.773293 139725965485888 checkpoint_utils.py:240] Saved checkpoint to /experiment_runs/timing_v3/timing_nesterov/imagenet_vit_jax/trial_1/checkpoint_27710.
I0418 13:12:36.750139 139547228755712 logging_writer.py:48] [27800] global_step=27800, grad_norm=0.5438448786735535, loss=4.928844451904297
I0418 13:13:19.419540 139547220363008 logging_writer.py:48] [27900] global_step=27900, grad_norm=0.5254542827606201, loss=5.428641319274902
I0418 13:14:01.658322 139725965485888 spec.py:298] Evaluating on the training split.
I0418 13:14:12.888822 139725965485888 spec.py:310] Evaluating on the validation split.
I0418 13:14:25.391027 139725965485888 spec.py:326] Evaluating on the test split.
I0418 13:14:27.046642 139725965485888 submission_runner.py:406] Time since start: 12738.84s, 	Step: 28000, 	{'train/accuracy': 0.6099023222923279, 'train/loss': 1.8996089696884155, 'validation/accuracy': 0.5519199967384338, 'validation/loss': 2.1612887382507324, 'validation/num_examples': 50000, 'test/accuracy': 0.4301000237464905, 'test/loss': 2.798818826675415, 'test/num_examples': 10000, 'score': 11934.98826432228, 'total_duration': 12738.843650341034, 'accumulated_submission_time': 11934.98826432228, 'accumulated_eval_time': 763.905818939209, 'accumulated_logging_time': 39.409586668014526}
I0418 13:14:27.059709 139547228755712 logging_writer.py:48] [28000] accumulated_eval_time=763.905819, accumulated_logging_time=39.409587, accumulated_submission_time=11934.988264, global_step=28000, preemption_count=0, score=11934.988264, test/accuracy=0.430100, test/loss=2.798819, test/num_examples=10000, total_duration=12738.843650, train/accuracy=0.609902, train/loss=1.899609, validation/accuracy=0.551920, validation/loss=2.161289, validation/num_examples=50000
I0418 13:14:27.239900 139725965485888 checkpoints.py:356] Saving checkpoint at step: 28000
I0418 13:14:28.142601 139725965485888 checkpoints.py:317] Saved checkpoint at /experiment_runs/timing_v3/timing_nesterov/imagenet_vit_jax/trial_1/checkpoint_28000
I0418 13:14:28.156574 139725965485888 checkpoint_utils.py:240] Saved checkpoint to /experiment_runs/timing_v3/timing_nesterov/imagenet_vit_jax/trial_1/checkpoint_28000.
I0418 13:14:28.184496 139547220363008 logging_writer.py:48] [28000] global_step=28000, preemption_count=0, score=11934.988264
I0418 13:14:28.400254 139725965485888 checkpoints.py:356] Saving checkpoint at step: 28000
I0418 13:14:29.475506 139725965485888 checkpoints.py:317] Saved checkpoint at /experiment_runs/timing_v3/timing_nesterov/imagenet_vit_jax/trial_1/checkpoint_28000
I0418 13:14:29.487762 139725965485888 checkpoint_utils.py:240] Saved checkpoint to /experiment_runs/timing_v3/timing_nesterov/imagenet_vit_jax/trial_1/checkpoint_28000.
I0418 13:14:30.366144 139725965485888 submission_runner.py:567] Tuning trial 1/1
I0418 13:14:30.367219 139725965485888 submission_runner.py:568] Hyperparameters: Hyperparameters(learning_rate=0.4394877561366806, one_minus_beta1=0.07113602458522507, warmup_factor=0.05, weight_decay=9.611851572925426e-07, label_smoothing=0.2, dropout_rate=0.0, decay_steps_factor=0.9, end_factor=0.001)
