python3 submission_runner.py --framework=jax --workload=librispeech_conformer --submission_path=reference_algorithms/target_setting_algorithms/jax_adamw.py --tuning_search_space=reference_algorithms/target_setting_algorithms/librispeech_conformer/tuning_search_space.json --data_dir=/data/librispeech --num_tuning_trials=1 --experiment_dir=/experiment_runs --experiment_name=targets_check_conformer/adamw_run_0 --overwrite=true --save_checkpoints=false --max_global_steps=60000 --librispeech_tokenizer_vocab_path=/data/librispeech/spm_model.vocab 2>&1 | tee -a /logs/librispeech_conformer_jax_10-05-2023-22-06-47.log
2023-10-05 22:06:52.826900: W tensorflow/compiler/tf2tensorrt/utils/py_utils.cc:38] TF-TRT Warning: Could not find TensorRT
I1005 22:07:11.034482 139940046329664 logger_utils.py:61] Removing existing experiment directory /experiment_runs/targets_check_conformer/adamw_run_0/librispeech_conformer_jax because --overwrite was set.
I1005 22:07:11.051316 139940046329664 logger_utils.py:76] Creating experiment directory at /experiment_runs/targets_check_conformer/adamw_run_0/librispeech_conformer_jax.
I1005 22:07:12.114938 139940046329664 xla_bridge.py:455] Unable to initialize backend 'rocm': NOT_FOUND: Could not find registered platform with name: "rocm". Available platform names are: Host Interpreter CUDA
I1005 22:07:12.116260 139940046329664 xla_bridge.py:455] Unable to initialize backend 'tpu': module 'jaxlib.xla_extension' has no attribute 'get_tpu_client'
I1005 22:07:12.116422 139940046329664 xla_bridge.py:455] Unable to initialize backend 'plugin': xla_extension has no attributes named get_plugin_device_client. Compile TensorFlow with //tensorflow/compiler/xla/python:enable_plugin_device set to true (defaults to false) to enable this.
I1005 22:07:12.121373 139940046329664 submission_runner.py:507] Using RNG seed 208631761
I1005 22:07:18.178236 139940046329664 submission_runner.py:516] --- Tuning run 1/1 ---
I1005 22:07:18.178443 139940046329664 submission_runner.py:521] Creating tuning directory at /experiment_runs/targets_check_conformer/adamw_run_0/librispeech_conformer_jax/trial_1.
I1005 22:07:18.178630 139940046329664 logger_utils.py:92] Saving hparams to /experiment_runs/targets_check_conformer/adamw_run_0/librispeech_conformer_jax/trial_1/hparams.json.
I1005 22:07:18.358663 139940046329664 submission_runner.py:191] Initializing dataset.
I1005 22:07:18.358869 139940046329664 submission_runner.py:198] Initializing model.
I1005 22:07:23.259160 139940046329664 submission_runner.py:232] Initializing optimizer.
I1005 22:07:24.590917 139940046329664 submission_runner.py:239] Initializing metrics bundle.
I1005 22:07:24.591140 139940046329664 submission_runner.py:257] Initializing checkpoint and logger.
I1005 22:07:24.592758 139940046329664 checkpoints.py:915] Found no checkpoint files in /experiment_runs/targets_check_conformer/adamw_run_0/librispeech_conformer_jax/trial_1 with prefix checkpoint_
I1005 22:07:24.592905 139940046329664 submission_runner.py:277] Saving meta data to /experiment_runs/targets_check_conformer/adamw_run_0/librispeech_conformer_jax/trial_1/meta_data_0.json.
I1005 22:07:24.593153 139940046329664 logger_utils.py:257] Unable to record workload.train_mean information. Continuing without it.
I1005 22:07:24.593219 139940046329664 logger_utils.py:257] Unable to record workload.train_stddev information. Continuing without it.
fatal: detected dubious ownership in repository at '/algorithmic-efficiency'
To add an exception for this directory, call:

	git config --global --add safe.directory /algorithmic-efficiency
I1005 22:07:24.923699 139940046329664 logger_utils.py:220] Unable to record git information. Continuing without it.
I1005 22:07:25.229140 139940046329664 submission_runner.py:280] Saving flags to /experiment_runs/targets_check_conformer/adamw_run_0/librispeech_conformer_jax/trial_1/flags_0.json.
I1005 22:07:25.246841 139940046329664 submission_runner.py:290] Starting training loop.
I1005 22:07:25.539871 139940046329664 input_pipeline.py:20] Loading split = train-clean-100
I1005 22:07:25.578957 139940046329664 input_pipeline.py:20] Loading split = train-clean-360
I1005 22:07:25.982892 139940046329664 input_pipeline.py:20] Loading split = train-other-500
2023-10-05 22:08:36.548809: E external/xla/xla/service/rendezvous.cc:31] This thread has been waiting for 10 seconds and may be stuck:
2023-10-05 22:08:39.475551: E external/xla/xla/service/rendezvous.cc:36] Thread is unstuck! Warning above was a false-positive. Perhaps the timeout is too short.
/usr/local/lib/python3.8/dist-packages/jax/_src/interpreters/mlir.py:582: UserWarning: Some donated buffers were not usable: ShapedArray(float32[512]), ShapedArray(float32[512]), ShapedArray(float32[512]), ShapedArray(float32[512]), ShapedArray(float32[512]), ShapedArray(float32[512]), ShapedArray(float32[512]), ShapedArray(float32[512]).
See an explanation at https://jax.readthedocs.io/en/latest/faq.html#buffer-donation.
  warnings.warn(f"Some donated buffers were not usable: {', '.join(unused_donations)}.\n{msg}")
I1005 22:08:41.493432 139763839399680 logging_writer.py:48] [0] global_step=0, grad_norm=39.58601379394531, loss=32.93434143066406
I1005 22:08:41.531723 139940046329664 spec.py:321] Evaluating on the training split.
I1005 22:08:41.700916 139940046329664 input_pipeline.py:20] Loading split = train-clean-100
I1005 22:08:41.736228 139940046329664 input_pipeline.py:20] Loading split = train-clean-360
I1005 22:08:42.141619 139940046329664 input_pipeline.py:20] Loading split = train-other-500
/usr/local/lib/python3.8/dist-packages/jax/_src/ops/scatter.py:92: FutureWarning: scatter inputs have incompatible types: cannot safely cast value from dtype=float32 to dtype=int32. In future JAX releases this will result in an error.
  warnings.warn("scatter inputs have incompatible types: cannot safely cast "
I1005 22:10:01.553509 139940046329664 spec.py:333] Evaluating on the validation split.
I1005 22:10:01.702475 139940046329664 input_pipeline.py:20] Loading split = dev-clean
I1005 22:10:01.708115 139940046329664 input_pipeline.py:20] Loading split = dev-other
I1005 22:10:53.292864 139940046329664 spec.py:349] Evaluating on the test split.
I1005 22:10:53.414321 139940046329664 input_pipeline.py:20] Loading split = test-clean
I1005 22:11:30.284063 139940046329664 submission_runner.py:381] Time since start: 245.03s, 	Step: 1, 	{'train/ctc_loss': Array(31.94961, dtype=float32), 'train/wer': 1.3229025675197301, 'validation/ctc_loss': Array(30.927902, dtype=float32), 'validation/wer': 0.9735356829298883, 'validation/num_examples': 5348, 'test/ctc_loss': Array(30.94005, dtype=float32), 'test/wer': 1.0188288343184448, 'test/num_examples': 2472, 'score': 76.28481006622314, 'total_duration': 245.03448510169983, 'accumulated_submission_time': 76.28481006622314, 'accumulated_eval_time': 168.74962043762207, 'accumulated_logging_time': 0}
I1005 22:11:30.308649 139758068037376 logging_writer.py:48] [1] accumulated_eval_time=168.749620, accumulated_logging_time=0, accumulated_submission_time=76.284810, global_step=1, preemption_count=0, score=76.284810, test/ctc_loss=30.94005012512207, test/num_examples=2472, test/wer=1.018829, total_duration=245.034485, train/ctc_loss=31.949609756469727, train/wer=1.322903, validation/ctc_loss=30.927902221679688, validation/num_examples=5348, validation/wer=0.973536
I1005 22:11:53.089860 139766012786432 logging_writer.py:48] [1] global_step=1, grad_norm=40.8138313293457, loss=33.0535888671875
I1005 22:11:53.918935 139766021179136 logging_writer.py:48] [2] global_step=2, grad_norm=42.871116638183594, loss=32.926151275634766
I1005 22:11:54.739210 139766012786432 logging_writer.py:48] [3] global_step=3, grad_norm=59.00932312011719, loss=32.00989532470703
I1005 22:11:55.626254 139766021179136 logging_writer.py:48] [4] global_step=4, grad_norm=61.47758483886719, loss=31.4366397857666
I1005 22:11:56.512684 139766012786432 logging_writer.py:48] [5] global_step=5, grad_norm=67.40351867675781, loss=30.279619216918945
I1005 22:11:57.395717 139766021179136 logging_writer.py:48] [6] global_step=6, grad_norm=69.18956756591797, loss=29.200483322143555
I1005 22:11:58.277707 139766012786432 logging_writer.py:48] [7] global_step=7, grad_norm=68.42890930175781, loss=28.019454956054688
I1005 22:11:59.173846 139766021179136 logging_writer.py:48] [8] global_step=8, grad_norm=66.79206848144531, loss=26.46653175354004
I1005 22:12:00.062476 139766012786432 logging_writer.py:48] [9] global_step=9, grad_norm=62.73528289794922, loss=23.91237449645996
I1005 22:12:00.947925 139766021179136 logging_writer.py:48] [10] global_step=10, grad_norm=58.69977951049805, loss=22.532480239868164
I1005 22:12:01.827331 139766012786432 logging_writer.py:48] [11] global_step=11, grad_norm=63.90239334106445, loss=21.710569381713867
I1005 22:12:02.731755 139766021179136 logging_writer.py:48] [12] global_step=12, grad_norm=67.87503814697266, loss=20.409414291381836
I1005 22:12:03.619225 139766012786432 logging_writer.py:48] [13] global_step=13, grad_norm=77.46808624267578, loss=18.829866409301758
I1005 22:12:04.520334 139766021179136 logging_writer.py:48] [14] global_step=14, grad_norm=82.83203125, loss=16.27117156982422
I1005 22:12:05.410612 139766012786432 logging_writer.py:48] [15] global_step=15, grad_norm=97.65803527832031, loss=13.746003150939941
I1005 22:12:06.307632 139766021179136 logging_writer.py:48] [16] global_step=16, grad_norm=94.74571228027344, loss=10.253055572509766
I1005 22:12:07.196816 139766012786432 logging_writer.py:48] [17] global_step=17, grad_norm=39.935306549072266, loss=7.8723015785217285
I1005 22:12:08.098856 139766021179136 logging_writer.py:48] [18] global_step=18, grad_norm=4.939671993255615, loss=7.1986470222473145
I1005 22:12:08.983505 139766012786432 logging_writer.py:48] [19] global_step=19, grad_norm=14.81469440460205, loss=7.35519552230835
I1005 22:12:09.886063 139766021179136 logging_writer.py:48] [20] global_step=20, grad_norm=19.953115463256836, loss=7.632798671722412
I1005 22:12:10.775678 139766012786432 logging_writer.py:48] [21] global_step=21, grad_norm=21.974023818969727, loss=7.852924346923828
I1005 22:12:11.672153 139766021179136 logging_writer.py:48] [22] global_step=22, grad_norm=22.44634437561035, loss=7.928756237030029
I1005 22:12:12.560942 139766012786432 logging_writer.py:48] [23] global_step=23, grad_norm=21.804887771606445, loss=7.801271915435791
I1005 22:12:13.459398 139766021179136 logging_writer.py:48] [24] global_step=24, grad_norm=20.568601608276367, loss=7.604844093322754
I1005 22:12:14.348389 139766012786432 logging_writer.py:48] [25] global_step=25, grad_norm=17.97760009765625, loss=7.333439826965332
I1005 22:12:15.247252 139766021179136 logging_writer.py:48] [26] global_step=26, grad_norm=12.12370491027832, loss=7.02457332611084
I1005 22:12:16.134796 139766012786432 logging_writer.py:48] [27] global_step=27, grad_norm=3.446974515914917, loss=6.856653690338135
I1005 22:12:17.036737 139766021179136 logging_writer.py:48] [28] global_step=28, grad_norm=11.513507843017578, loss=6.913245677947998
I1005 22:12:17.926953 139766012786432 logging_writer.py:48] [29] global_step=29, grad_norm=21.801359176635742, loss=7.0702619552612305
I1005 22:12:18.822272 139766021179136 logging_writer.py:48] [30] global_step=30, grad_norm=22.113840103149414, loss=7.0622711181640625
I1005 22:12:19.706681 139766012786432 logging_writer.py:48] [31] global_step=31, grad_norm=13.108912467956543, loss=6.851774215698242
I1005 22:12:20.608935 139766021179136 logging_writer.py:48] [32] global_step=32, grad_norm=4.173276901245117, loss=6.716833114624023
I1005 22:12:21.498965 139766012786432 logging_writer.py:48] [33] global_step=33, grad_norm=4.970746040344238, loss=6.694594383239746
I1005 22:12:22.393634 139766021179136 logging_writer.py:48] [34] global_step=34, grad_norm=8.061722755432129, loss=6.709537506103516
I1005 22:12:23.282240 139766012786432 logging_writer.py:48] [35] global_step=35, grad_norm=9.454004287719727, loss=6.7114667892456055
I1005 22:12:24.185549 139766021179136 logging_writer.py:48] [36] global_step=36, grad_norm=8.621014595031738, loss=6.663563251495361
I1005 22:12:25.078224 139766012786432 logging_writer.py:48] [37] global_step=37, grad_norm=5.373311996459961, loss=6.585628032684326
I1005 22:12:25.974031 139766021179136 logging_writer.py:48] [38] global_step=38, grad_norm=1.9345154762268066, loss=6.507232666015625
I1005 22:12:26.860979 139766012786432 logging_writer.py:48] [39] global_step=39, grad_norm=5.4011383056640625, loss=6.49893045425415
I1005 22:12:27.755940 139766021179136 logging_writer.py:48] [40] global_step=40, grad_norm=8.241910934448242, loss=6.49444055557251
I1005 22:12:28.643191 139766012786432 logging_writer.py:48] [41] global_step=41, grad_norm=6.967083930969238, loss=6.417523384094238
I1005 22:12:29.538645 139766021179136 logging_writer.py:48] [42] global_step=42, grad_norm=3.1105546951293945, loss=6.382075309753418
I1005 22:12:30.436196 139766012786432 logging_writer.py:48] [43] global_step=43, grad_norm=2.27146577835083, loss=6.325110912322998
I1005 22:12:31.334338 139766021179136 logging_writer.py:48] [44] global_step=44, grad_norm=4.142608642578125, loss=6.3042473793029785
I1005 22:12:32.232705 139766012786432 logging_writer.py:48] [45] global_step=45, grad_norm=3.7814321517944336, loss=6.287062168121338
I1005 22:12:33.124126 139766021179136 logging_writer.py:48] [46] global_step=46, grad_norm=1.1619291305541992, loss=6.248551368713379
I1005 22:12:34.025151 139766012786432 logging_writer.py:48] [47] global_step=47, grad_norm=3.238323450088501, loss=6.238059997558594
I1005 22:12:34.925196 139766021179136 logging_writer.py:48] [48] global_step=48, grad_norm=4.125179290771484, loss=6.197656154632568
I1005 22:12:35.820566 139766012786432 logging_writer.py:48] [49] global_step=49, grad_norm=2.0978360176086426, loss=6.187483787536621
I1005 22:12:36.715757 139766021179136 logging_writer.py:48] [50] global_step=50, grad_norm=2.7039995193481445, loss=6.150317668914795
I1005 22:12:37.619092 139766012786432 logging_writer.py:48] [51] global_step=51, grad_norm=3.0739824771881104, loss=6.139758110046387
I1005 22:12:38.520731 139766021179136 logging_writer.py:48] [52] global_step=52, grad_norm=0.8027873635292053, loss=6.109993934631348
I1005 22:12:39.415053 139766012786432 logging_writer.py:48] [53] global_step=53, grad_norm=2.7685883045196533, loss=6.098771572113037
I1005 22:12:40.315208 139766021179136 logging_writer.py:48] [54] global_step=54, grad_norm=1.5145004987716675, loss=6.043721675872803
I1005 22:12:41.215036 139766012786432 logging_writer.py:48] [55] global_step=55, grad_norm=1.4452967643737793, loss=6.031503677368164
I1005 22:12:42.108743 139766021179136 logging_writer.py:48] [56] global_step=56, grad_norm=1.406294345855713, loss=6.027649402618408
I1005 22:12:43.003504 139766012786432 logging_writer.py:48] [57] global_step=57, grad_norm=1.3467408418655396, loss=6.003870964050293
I1005 22:12:43.896808 139766021179136 logging_writer.py:48] [58] global_step=58, grad_norm=1.3256996870040894, loss=5.998232364654541
I1005 22:12:44.797608 139766012786432 logging_writer.py:48] [59] global_step=59, grad_norm=1.5330390930175781, loss=5.982335567474365
I1005 22:12:45.697386 139766021179136 logging_writer.py:48] [60] global_step=60, grad_norm=1.178654432296753, loss=5.96671199798584
I1005 22:12:46.587699 139766012786432 logging_writer.py:48] [61] global_step=61, grad_norm=0.7466261386871338, loss=5.952420711517334
I1005 22:12:47.480201 139766021179136 logging_writer.py:48] [62] global_step=62, grad_norm=0.5323776602745056, loss=5.927072525024414
I1005 22:12:48.378110 139766012786432 logging_writer.py:48] [63] global_step=63, grad_norm=0.7641686201095581, loss=5.918994903564453
I1005 22:12:49.285226 139766021179136 logging_writer.py:48] [64] global_step=64, grad_norm=0.8097935914993286, loss=5.893091678619385
I1005 22:12:50.176051 139766012786432 logging_writer.py:48] [65] global_step=65, grad_norm=1.1860876083374023, loss=5.892799377441406
I1005 22:12:51.066611 139766021179136 logging_writer.py:48] [66] global_step=66, grad_norm=1.543397068977356, loss=5.885105609893799
I1005 22:12:51.958636 139766012786432 logging_writer.py:48] [67] global_step=67, grad_norm=1.774491786956787, loss=5.845864772796631
I1005 22:12:52.859006 139766021179136 logging_writer.py:48] [68] global_step=68, grad_norm=1.180456280708313, loss=5.876891613006592
I1005 22:12:53.751144 139766012786432 logging_writer.py:48] [69] global_step=69, grad_norm=0.46522805094718933, loss=5.841731071472168
I1005 22:12:54.648731 139766021179136 logging_writer.py:48] [70] global_step=70, grad_norm=3.348452091217041, loss=5.844852924346924
I1005 22:12:55.545168 139766012786432 logging_writer.py:48] [71] global_step=71, grad_norm=7.633528709411621, loss=5.9061174392700195
I1005 22:12:56.448380 139766021179136 logging_writer.py:48] [72] global_step=72, grad_norm=8.666183471679688, loss=5.918850898742676
I1005 22:12:57.336835 139766012786432 logging_writer.py:48] [73] global_step=73, grad_norm=3.245394468307495, loss=5.8697190284729
I1005 22:12:58.233761 139766021179136 logging_writer.py:48] [74] global_step=74, grad_norm=4.790818691253662, loss=5.870203495025635
I1005 22:12:59.133212 139766012786432 logging_writer.py:48] [75] global_step=75, grad_norm=6.9376959800720215, loss=5.8881940841674805
I1005 22:13:00.035620 139766021179136 logging_writer.py:48] [76] global_step=76, grad_norm=1.1549670696258545, loss=5.841891288757324
I1005 22:13:00.927398 139766012786432 logging_writer.py:48] [77] global_step=77, grad_norm=4.561793327331543, loss=5.858073711395264
I1005 22:13:01.827091 139766021179136 logging_writer.py:48] [78] global_step=78, grad_norm=2.7619988918304443, loss=5.843212127685547
I1005 22:13:02.714465 139766012786432 logging_writer.py:48] [79] global_step=79, grad_norm=2.565322160720825, loss=5.8484416007995605
I1005 22:13:03.615728 139766021179136 logging_writer.py:48] [80] global_step=80, grad_norm=3.347857713699341, loss=5.85396671295166
I1005 22:13:04.515750 139766012786432 logging_writer.py:48] [81] global_step=81, grad_norm=0.6196226477622986, loss=5.832937240600586
I1005 22:13:05.414074 139766021179136 logging_writer.py:48] [82] global_step=82, grad_norm=4.693092346191406, loss=5.869611740112305
I1005 22:13:06.317306 139766012786432 logging_writer.py:48] [83] global_step=83, grad_norm=4.590268135070801, loss=5.852445125579834
I1005 22:13:07.207305 139766021179136 logging_writer.py:48] [84] global_step=84, grad_norm=0.9099304676055908, loss=5.814778804779053
I1005 22:13:08.108939 139766012786432 logging_writer.py:48] [85] global_step=85, grad_norm=5.619983673095703, loss=5.825607776641846
I1005 22:13:09.001219 139766021179136 logging_writer.py:48] [86] global_step=86, grad_norm=3.566513776779175, loss=5.841541290283203
I1005 22:13:09.901108 139766012786432 logging_writer.py:48] [87] global_step=87, grad_norm=2.202122688293457, loss=5.8446760177612305
I1005 22:13:10.788613 139766021179136 logging_writer.py:48] [88] global_step=88, grad_norm=4.780686378479004, loss=5.833339691162109
I1005 22:13:11.676106 139766012786432 logging_writer.py:48] [89] global_step=89, grad_norm=1.8760956525802612, loss=5.83237886428833
I1005 22:13:12.568684 139766021179136 logging_writer.py:48] [90] global_step=90, grad_norm=2.904179096221924, loss=5.842647552490234
I1005 22:13:13.465889 139766012786432 logging_writer.py:48] [91] global_step=91, grad_norm=4.919486045837402, loss=5.85440731048584
I1005 22:13:14.356731 139766021179136 logging_writer.py:48] [92] global_step=92, grad_norm=2.246640682220459, loss=5.844020843505859
I1005 22:13:15.245921 139766012786432 logging_writer.py:48] [93] global_step=93, grad_norm=2.972881317138672, loss=5.79671573638916
I1005 22:13:16.141335 139766021179136 logging_writer.py:48] [94] global_step=94, grad_norm=6.561995506286621, loss=5.876070022583008
I1005 22:13:17.035933 139766012786432 logging_writer.py:48] [95] global_step=95, grad_norm=4.583015441894531, loss=5.8301100730896
I1005 22:13:17.921891 139766021179136 logging_writer.py:48] [96] global_step=96, grad_norm=2.284100294113159, loss=5.8231611251831055
I1005 22:13:18.810991 139766012786432 logging_writer.py:48] [97] global_step=97, grad_norm=6.626131057739258, loss=5.854617595672607
I1005 22:13:19.703323 139766021179136 logging_writer.py:48] [98] global_step=98, grad_norm=2.6889288425445557, loss=5.82315731048584
I1005 22:13:20.602203 139766012786432 logging_writer.py:48] [99] global_step=99, grad_norm=4.340303421020508, loss=5.83104133605957
I1005 22:13:21.489667 139766021179136 logging_writer.py:48] [100] global_step=100, grad_norm=5.269335746765137, loss=5.84014368057251
I1005 22:18:27.902496 139766012786432 logging_writer.py:48] [500] global_step=500, grad_norm=0.9220912456512451, loss=5.49644660949707
I1005 22:25:29.907506 139766021179136 logging_writer.py:48] [1000] global_step=1000, grad_norm=0.6871592402458191, loss=3.5782949924468994
I1005 22:31:58.911156 139766071535360 logging_writer.py:48] [1500] global_step=1500, grad_norm=0.9882235527038574, loss=2.7662277221679688
I1005 22:35:30.573927 139940046329664 spec.py:321] Evaluating on the training split.
I1005 22:36:20.028051 139940046329664 spec.py:333] Evaluating on the validation split.
I1005 22:37:09.971193 139940046329664 spec.py:349] Evaluating on the test split.
I1005 22:37:34.847535 139940046329664 submission_runner.py:381] Time since start: 1809.59s, 	Step: 1751, 	{'train/ctc_loss': Array(2.7256203, dtype=float32), 'train/wer': 0.6026188955943235, 'validation/ctc_loss': Array(3.2158542, dtype=float32), 'validation/wer': 0.6444152862063309, 'validation/num_examples': 5348, 'test/ctc_loss': Array(2.8580754, dtype=float32), 'test/wer': 0.596287043243353, 'test/num_examples': 2472, 'score': 1516.502548456192, 'total_duration': 1809.5943443775177, 'accumulated_submission_time': 1516.502548456192, 'accumulated_eval_time': 293.01696825027466, 'accumulated_logging_time': 0.03876447677612305}
I1005 22:37:34.899935 139766071535360 logging_writer.py:48] [1751] accumulated_eval_time=293.016968, accumulated_logging_time=0.038764, accumulated_submission_time=1516.502548, global_step=1751, preemption_count=0, score=1516.502548, test/ctc_loss=2.8580753803253174, test/num_examples=2472, test/wer=0.596287, total_duration=1809.594344, train/ctc_loss=2.7256202697753906, train/wer=0.602619, validation/ctc_loss=3.2158541679382324, validation/num_examples=5348, validation/wer=0.644415
I1005 22:40:44.721282 139766063142656 logging_writer.py:48] [2000] global_step=2000, grad_norm=1.2277706861495972, loss=2.498420476913452
I1005 22:47:08.746856 139766071535360 logging_writer.py:48] [2500] global_step=2500, grad_norm=0.7655406594276428, loss=2.2276976108551025
I1005 22:54:13.781863 139766063142656 logging_writer.py:48] [3000] global_step=3000, grad_norm=0.8463326692581177, loss=2.169772148132324
I1005 23:00:44.965721 139766726895360 logging_writer.py:48] [3500] global_step=3500, grad_norm=1.0308865308761597, loss=2.03836727142334
I1005 23:01:35.457501 139940046329664 spec.py:321] Evaluating on the training split.
I1005 23:02:28.279126 139940046329664 spec.py:333] Evaluating on the validation split.
I1005 23:03:19.360853 139940046329664 spec.py:349] Evaluating on the test split.
I1005 23:03:45.148648 139940046329664 submission_runner.py:381] Time since start: 3379.90s, 	Step: 3562, 	{'train/ctc_loss': Array(0.8245935, dtype=float32), 'train/wer': 0.2797645366646246, 'validation/ctc_loss': Array(1.1686907, dtype=float32), 'validation/wer': 0.34073652423081746, 'validation/num_examples': 5348, 'test/ctc_loss': Array(0.8596292, dtype=float32), 'test/wer': 0.28279812321004205, 'test/num_examples': 2472, 'score': 2957.0092322826385, 'total_duration': 3379.896076440811, 'accumulated_submission_time': 2957.0092322826385, 'accumulated_eval_time': 422.70243549346924, 'accumulated_logging_time': 0.10651803016662598}
I1005 23:03:45.183679 139766726895360 logging_writer.py:48] [3562] accumulated_eval_time=422.702435, accumulated_logging_time=0.106518, accumulated_submission_time=2957.009232, global_step=3562, preemption_count=0, score=2957.009232, test/ctc_loss=0.859629213809967, test/num_examples=2472, test/wer=0.282798, total_duration=3379.896076, train/ctc_loss=0.8245934844017029, train/wer=0.279765, validation/ctc_loss=1.1686906814575195, validation/num_examples=5348, validation/wer=0.340737
I1005 23:09:31.239701 139766718502656 logging_writer.py:48] [4000] global_step=4000, grad_norm=0.7150818109512329, loss=2.0543158054351807
I1005 23:16:05.425388 139766071535360 logging_writer.py:48] [4500] global_step=4500, grad_norm=0.8984445333480835, loss=1.9686079025268555
I1005 23:23:16.296489 139766063142656 logging_writer.py:48] [5000] global_step=5000, grad_norm=0.6409501433372498, loss=2.0077431201934814
I1005 23:27:45.585147 139940046329664 spec.py:321] Evaluating on the training split.
I1005 23:28:39.452828 139940046329664 spec.py:333] Evaluating on the validation split.
I1005 23:29:30.648762 139940046329664 spec.py:349] Evaluating on the test split.
I1005 23:29:57.091135 139940046329664 submission_runner.py:381] Time since start: 4951.84s, 	Step: 5335, 	{'train/ctc_loss': Array(0.6061016, dtype=float32), 'train/wer': 0.21673492839107905, 'validation/ctc_loss': Array(0.9558972, dtype=float32), 'validation/wer': 0.2871711256259105, 'validation/num_examples': 5348, 'test/ctc_loss': Array(0.6753387, dtype=float32), 'test/wer': 0.22704283712144294, 'test/num_examples': 2472, 'score': 4397.359958410263, 'total_duration': 4951.837518215179, 'accumulated_submission_time': 4397.359958410263, 'accumulated_eval_time': 554.2018940448761, 'accumulated_logging_time': 0.15749287605285645}
I1005 23:29:57.121021 139766143215360 logging_writer.py:48] [5335] accumulated_eval_time=554.201894, accumulated_logging_time=0.157493, accumulated_submission_time=4397.359958, global_step=5335, preemption_count=0, score=4397.359958, test/ctc_loss=0.6753386855125427, test/num_examples=2472, test/wer=0.227043, total_duration=4951.837518, train/ctc_loss=0.6061015725135803, train/wer=0.216735, validation/ctc_loss=0.9558972120285034, validation/num_examples=5348, validation/wer=0.287171
I1005 23:32:04.877345 139766134822656 logging_writer.py:48] [5500] global_step=5500, grad_norm=0.830278754234314, loss=1.9040253162384033
I1005 23:39:03.506618 139766143215360 logging_writer.py:48] [6000] global_step=6000, grad_norm=0.9020941257476807, loss=1.9058266878128052
I1005 23:45:47.111254 139765487855360 logging_writer.py:48] [6500] global_step=6500, grad_norm=0.7820577621459961, loss=1.8265331983566284
I1005 23:53:00.112402 139765479462656 logging_writer.py:48] [7000] global_step=7000, grad_norm=0.6821114420890808, loss=1.836199402809143
I1005 23:53:57.459646 139940046329664 spec.py:321] Evaluating on the training split.
I1005 23:54:51.627364 139940046329664 spec.py:333] Evaluating on the validation split.
I1005 23:55:42.641519 139940046329664 spec.py:349] Evaluating on the test split.
I1005 23:56:08.904347 139940046329664 submission_runner.py:381] Time since start: 6523.65s, 	Step: 7066, 	{'train/ctc_loss': Array(0.5741389, dtype=float32), 'train/wer': 0.20477227743509724, 'validation/ctc_loss': Array(0.903562, dtype=float32), 'validation/wer': 0.2718887784735019, 'validation/num_examples': 5348, 'test/ctc_loss': Array(0.618618, dtype=float32), 'test/wer': 0.2110170007921516, 'test/num_examples': 2472, 'score': 5837.648542642593, 'total_duration': 6523.650816202164, 'accumulated_submission_time': 5837.648542642593, 'accumulated_eval_time': 685.6399669647217, 'accumulated_logging_time': 0.20297455787658691}
I1005 23:56:08.938861 139765487855360 logging_writer.py:48] [7066] accumulated_eval_time=685.639967, accumulated_logging_time=0.202975, accumulated_submission_time=5837.648543, global_step=7066, preemption_count=0, score=5837.648543, test/ctc_loss=0.6186180114746094, test/num_examples=2472, test/wer=0.211017, total_duration=6523.650816, train/ctc_loss=0.574138879776001, train/wer=0.204772, validation/ctc_loss=0.9035620093345642, validation/num_examples=5348, validation/wer=0.271889
I1006 00:01:45.987912 139766143215360 logging_writer.py:48] [7500] global_step=7500, grad_norm=0.6433973908424377, loss=1.8006715774536133
I1006 00:09:13.200959 139766134822656 logging_writer.py:48] [8000] global_step=8000, grad_norm=0.8014573454856873, loss=1.8063322305679321
I1006 00:16:11.760252 139767382255360 logging_writer.py:48] [8500] global_step=8500, grad_norm=0.8512009978294373, loss=1.8448858261108398
I1006 00:20:09.552326 139940046329664 spec.py:321] Evaluating on the training split.
I1006 00:21:02.730728 139940046329664 spec.py:333] Evaluating on the validation split.
I1006 00:21:53.845356 139940046329664 spec.py:349] Evaluating on the test split.
I1006 00:22:19.780506 139940046329664 submission_runner.py:381] Time since start: 8094.53s, 	Step: 8781, 	{'train/ctc_loss': Array(0.56861055, dtype=float32), 'train/wer': 0.20198308291113093, 'validation/ctc_loss': Array(0.89218795, dtype=float32), 'validation/wer': 0.2682032629354842, 'validation/num_examples': 5348, 'test/ctc_loss': Array(0.60752237, dtype=float32), 'test/wer': 0.20583754798610687, 'test/num_examples': 2472, 'score': 7278.211523532867, 'total_duration': 8094.526681423187, 'accumulated_submission_time': 7278.211523532867, 'accumulated_eval_time': 815.8612408638, 'accumulated_logging_time': 0.25385284423828125}
I1006 00:22:19.817772 139767382255360 logging_writer.py:48] [8781] accumulated_eval_time=815.861241, accumulated_logging_time=0.253853, accumulated_submission_time=7278.211524, global_step=8781, preemption_count=0, score=7278.211524, test/ctc_loss=0.6075223684310913, test/num_examples=2472, test/wer=0.205838, total_duration=8094.526681, train/ctc_loss=0.5686105489730835, train/wer=0.201983, validation/ctc_loss=0.8921879529953003, validation/num_examples=5348, validation/wer=0.268203
I1006 00:25:06.901736 139767373862656 logging_writer.py:48] [9000] global_step=9000, grad_norm=1.0235596895217896, loss=1.9138215780258179
I1006 00:32:06.300342 139767382255360 logging_writer.py:48] [9500] global_step=9500, grad_norm=0.7213912606239319, loss=1.7911697626113892
I1006 00:39:14.847612 139767373862656 logging_writer.py:48] [10000] global_step=10000, grad_norm=0.8737516403198242, loss=1.8486766815185547
I1006 00:46:20.764750 139767382255360 logging_writer.py:48] [10500] global_step=10500, grad_norm=0.8399879932403564, loss=1.79802668094635
I1006 00:46:20.776958 139940046329664 spec.py:321] Evaluating on the training split.
I1006 00:47:14.537419 139940046329664 spec.py:333] Evaluating on the validation split.
I1006 00:48:06.490074 139940046329664 spec.py:349] Evaluating on the test split.
I1006 00:48:32.672629 139940046329664 submission_runner.py:381] Time since start: 9667.42s, 	Step: 10501, 	{'train/ctc_loss': Array(0.5637794, dtype=float32), 'train/wer': 0.1968461091165158, 'validation/ctc_loss': Array(0.8574523, dtype=float32), 'validation/wer': 0.25825623016141014, 'validation/num_examples': 5348, 'test/ctc_loss': Array(0.5773397, dtype=float32), 'test/wer': 0.193386549671968, 'test/num_examples': 2472, 'score': 8719.117112636566, 'total_duration': 9667.419454574585, 'accumulated_submission_time': 8719.117112636566, 'accumulated_eval_time': 947.7506108283997, 'accumulated_logging_time': 0.3097681999206543}
I1006 00:48:32.708963 139766368495360 logging_writer.py:48] [10501] accumulated_eval_time=947.750611, accumulated_logging_time=0.309768, accumulated_submission_time=8719.117113, global_step=10501, preemption_count=0, score=8719.117113, test/ctc_loss=0.5773397088050842, test/num_examples=2472, test/wer=0.193387, total_duration=9667.419455, train/ctc_loss=0.5637794137001038, train/wer=0.196846, validation/ctc_loss=0.8574522733688354, validation/num_examples=5348, validation/wer=0.258256
I1006 00:55:20.754658 139766360102656 logging_writer.py:48] [11000] global_step=11000, grad_norm=0.6860331892967224, loss=1.7698472738265991
I1006 01:02:29.426812 139766040815360 logging_writer.py:48] [11500] global_step=11500, grad_norm=0.6559005975723267, loss=1.876125693321228
I1006 01:09:33.951912 139766032422656 logging_writer.py:48] [12000] global_step=12000, grad_norm=0.7743821740150452, loss=1.8083709478378296
I1006 01:12:33.267705 139940046329664 spec.py:321] Evaluating on the training split.
I1006 01:13:27.193998 139940046329664 spec.py:333] Evaluating on the validation split.
I1006 01:14:18.656556 139940046329664 spec.py:349] Evaluating on the test split.
I1006 01:14:44.877446 139940046329664 submission_runner.py:381] Time since start: 11239.62s, 	Step: 12199, 	{'train/ctc_loss': Array(0.49871895, dtype=float32), 'train/wer': 0.1786633484355391, 'validation/ctc_loss': Array(0.7981695, dtype=float32), 'validation/wer': 0.24418952425976131, 'validation/num_examples': 5348, 'test/ctc_loss': Array(0.536767, dtype=float32), 'test/wer': 0.18266203562651068, 'test/num_examples': 2472, 'score': 10159.62468123436, 'total_duration': 11239.621859788895, 'accumulated_submission_time': 10159.62468123436, 'accumulated_eval_time': 1079.3516917228699, 'accumulated_logging_time': 0.363588809967041}
I1006 01:14:44.911862 139767382255360 logging_writer.py:48] [12199] accumulated_eval_time=1079.351692, accumulated_logging_time=0.363589, accumulated_submission_time=10159.624681, global_step=12199, preemption_count=0, score=10159.624681, test/ctc_loss=0.5367670059204102, test/num_examples=2472, test/wer=0.182662, total_duration=11239.621860, train/ctc_loss=0.4987189471721649, train/wer=0.178663, validation/ctc_loss=0.7981694936752319, validation/num_examples=5348, validation/wer=0.244190
I1006 01:18:37.441588 139766296815360 logging_writer.py:48] [12500] global_step=12500, grad_norm=0.7672829031944275, loss=1.7652299404144287
I1006 01:25:41.547771 139766288422656 logging_writer.py:48] [13000] global_step=13000, grad_norm=0.8523078560829163, loss=1.7926381826400757
I1006 01:32:56.838681 139766296815360 logging_writer.py:48] [13500] global_step=13500, grad_norm=0.7626497149467468, loss=1.7413413524627686
I1006 01:38:45.737432 139940046329664 spec.py:321] Evaluating on the training split.
I1006 01:39:41.141230 139940046329664 spec.py:333] Evaluating on the validation split.
I1006 01:40:33.413347 139940046329664 spec.py:349] Evaluating on the test split.
I1006 01:40:59.787303 139940046329664 submission_runner.py:381] Time since start: 12814.53s, 	Step: 13928, 	{'train/ctc_loss': Array(0.4494891, dtype=float32), 'train/wer': 0.16481447775553187, 'validation/ctc_loss': Array(0.7822567, dtype=float32), 'validation/wer': 0.2379376549701396, 'validation/num_examples': 5348, 'test/ctc_loss': Array(0.5177803, dtype=float32), 'test/wer': 0.17717790912599274, 'test/num_examples': 2472, 'score': 11600.400096654892, 'total_duration': 12814.532217264175, 'accumulated_submission_time': 11600.400096654892, 'accumulated_eval_time': 1213.3933968544006, 'accumulated_logging_time': 0.4132654666900635}
I1006 01:40:59.836295 139767054575360 logging_writer.py:48] [13928] accumulated_eval_time=1213.393397, accumulated_logging_time=0.413265, accumulated_submission_time=11600.400097, global_step=13928, preemption_count=0, score=11600.400097, test/ctc_loss=0.5177803039550781, test/num_examples=2472, test/wer=0.177178, total_duration=12814.532217, train/ctc_loss=0.4494890868663788, train/wer=0.164814, validation/ctc_loss=0.7822567224502563, validation/num_examples=5348, validation/wer=0.237938
I1006 01:41:55.113057 139767046182656 logging_writer.py:48] [14000] global_step=14000, grad_norm=0.6216216683387756, loss=1.752335786819458
I1006 01:48:50.692190 139766726895360 logging_writer.py:48] [14500] global_step=14500, grad_norm=0.928392767906189, loss=1.7896926403045654
I1006 01:55:39.765431 139766718502656 logging_writer.py:48] [15000] global_step=15000, grad_norm=0.7185155749320984, loss=1.7415868043899536
I1006 02:03:00.647168 139766726895360 logging_writer.py:48] [15500] global_step=15500, grad_norm=0.833633303642273, loss=1.9268347024917603
I1006 02:04:59.861577 139940046329664 spec.py:321] Evaluating on the training split.
I1006 02:05:53.866447 139940046329664 spec.py:333] Evaluating on the validation split.
I1006 02:06:45.436513 139940046329664 spec.py:349] Evaluating on the test split.
I1006 02:07:11.255189 139940046329664 submission_runner.py:381] Time since start: 14386.00s, 	Step: 15658, 	{'train/ctc_loss': Array(0.45198792, dtype=float32), 'train/wer': 0.16214907777346266, 'validation/ctc_loss': Array(0.787391, dtype=float32), 'validation/wer': 0.23738772202336733, 'validation/num_examples': 5348, 'test/ctc_loss': Array(0.5246585, dtype=float32), 'test/wer': 0.17776694493530762, 'test/num_examples': 2472, 'score': 13040.367740154266, 'total_duration': 14386.001607179642, 'accumulated_submission_time': 13040.367740154266, 'accumulated_eval_time': 1344.7803456783295, 'accumulated_logging_time': 0.4857804775238037}
I1006 02:07:11.294390 139766798575360 logging_writer.py:48] [15658] accumulated_eval_time=1344.780346, accumulated_logging_time=0.485780, accumulated_submission_time=13040.367740, global_step=15658, preemption_count=0, score=13040.367740, test/ctc_loss=0.5246585011482239, test/num_examples=2472, test/wer=0.177767, total_duration=14386.001607, train/ctc_loss=0.4519879221916199, train/wer=0.162149, validation/ctc_loss=0.7873910069465637, validation/num_examples=5348, validation/wer=0.237388
I1006 02:11:39.387055 139766790182656 logging_writer.py:48] [16000] global_step=16000, grad_norm=1.9288259744644165, loss=1.7048907279968262
I1006 02:19:04.986359 139766798575360 logging_writer.py:48] [16500] global_step=16500, grad_norm=0.8140977621078491, loss=1.7135343551635742
I1006 02:25:53.068474 139766790182656 logging_writer.py:48] [17000] global_step=17000, grad_norm=0.960625946521759, loss=1.7620874643325806
I1006 02:31:11.369779 139940046329664 spec.py:321] Evaluating on the training split.
I1006 02:32:05.271547 139940046329664 spec.py:333] Evaluating on the validation split.
I1006 02:32:56.232782 139940046329664 spec.py:349] Evaluating on the test split.
I1006 02:33:22.818774 139940046329664 submission_runner.py:381] Time since start: 15957.56s, 	Step: 17355, 	{'train/ctc_loss': Array(0.4404222, dtype=float32), 'train/wer': 0.16333184960341507, 'validation/ctc_loss': Array(0.7596358, dtype=float32), 'validation/wer': 0.22991056353655123, 'validation/num_examples': 5348, 'test/ctc_loss': Array(0.497719, dtype=float32), 'test/wer': 0.1716125363069486, 'test/num_examples': 2472, 'score': 14480.394287109375, 'total_duration': 15957.563787937164, 'accumulated_submission_time': 14480.394287109375, 'accumulated_eval_time': 1476.2212626934052, 'accumulated_logging_time': 0.5393185615539551}
I1006 02:33:22.857568 139766952175360 logging_writer.py:48] [17355] accumulated_eval_time=1476.221263, accumulated_logging_time=0.539319, accumulated_submission_time=14480.394287, global_step=17355, preemption_count=0, score=14480.394287, test/ctc_loss=0.4977189898490906, test/num_examples=2472, test/wer=0.171613, total_duration=15957.563788, train/ctc_loss=0.4404222071170807, train/wer=0.163332, validation/ctc_loss=0.7596358060836792, validation/num_examples=5348, validation/wer=0.229911
I1006 02:35:13.567720 139766943782656 logging_writer.py:48] [17500] global_step=17500, grad_norm=0.8558117747306824, loss=1.7217414379119873
I1006 02:42:05.958669 139765641455360 logging_writer.py:48] [18000] global_step=18000, grad_norm=0.8843591809272766, loss=1.660866618156433
I1006 02:49:28.758706 139765633062656 logging_writer.py:48] [18500] global_step=18500, grad_norm=0.7633025050163269, loss=1.7458370923995972
I1006 02:56:17.286343 139766952175360 logging_writer.py:48] [19000] global_step=19000, grad_norm=0.6946806907653809, loss=1.6842916011810303
I1006 02:57:23.277218 139940046329664 spec.py:321] Evaluating on the training split.
I1006 02:58:17.757794 139940046329664 spec.py:333] Evaluating on the validation split.
I1006 02:59:09.121047 139940046329664 spec.py:349] Evaluating on the test split.
I1006 02:59:36.180452 139940046329664 submission_runner.py:381] Time since start: 17530.93s, 	Step: 19075, 	{'train/ctc_loss': Array(0.45637897, dtype=float32), 'train/wer': 0.16236812184351782, 'validation/ctc_loss': Array(0.76461565, dtype=float32), 'validation/wer': 0.2316375459483449, 'validation/num_examples': 5348, 'test/ctc_loss': Array(0.50437593, dtype=float32), 'test/wer': 0.17088131944021287, 'test/num_examples': 2472, 'score': 15920.762355089188, 'total_duration': 17530.92565011978, 'accumulated_submission_time': 15920.762355089188, 'accumulated_eval_time': 1609.1165940761566, 'accumulated_logging_time': 0.5944809913635254}
I1006 02:59:36.218140 139767382255360 logging_writer.py:48] [19075] accumulated_eval_time=1609.116594, accumulated_logging_time=0.594481, accumulated_submission_time=15920.762355, global_step=19075, preemption_count=0, score=15920.762355, test/ctc_loss=0.5043759346008301, test/num_examples=2472, test/wer=0.170881, total_duration=17530.925650, train/ctc_loss=0.4563789665699005, train/wer=0.162368, validation/ctc_loss=0.7646156549453735, validation/num_examples=5348, validation/wer=0.231638
I1006 03:05:22.508814 139767373862656 logging_writer.py:48] [19500] global_step=19500, grad_norm=0.9240291118621826, loss=1.7419989109039307
I1006 03:12:10.978314 139766399215360 logging_writer.py:48] [20000] global_step=20000, grad_norm=0.8490087985992432, loss=1.7231417894363403
I1006 03:19:36.817064 139766390822656 logging_writer.py:48] [20500] global_step=20500, grad_norm=0.8668757677078247, loss=1.7205151319503784
I1006 03:23:36.413982 139940046329664 spec.py:321] Evaluating on the training split.
I1006 03:24:32.368902 139940046329664 spec.py:333] Evaluating on the validation split.
I1006 03:25:25.062253 139940046329664 spec.py:349] Evaluating on the test split.
I1006 03:25:51.349167 139940046329664 submission_runner.py:381] Time since start: 19106.10s, 	Step: 20796, 	{'train/ctc_loss': Array(0.4362161, dtype=float32), 'train/wer': 0.1533753660273828, 'validation/ctc_loss': Array(0.71568817, dtype=float32), 'validation/wer': 0.21615259192080966, 'validation/num_examples': 5348, 'test/ctc_loss': Array(0.4647225, dtype=float32), 'test/wer': 0.158653748502021, 'test/num_examples': 2472, 'score': 17360.907459020615, 'total_duration': 19106.095099449158, 'accumulated_submission_time': 17360.907459020615, 'accumulated_eval_time': 1744.044807434082, 'accumulated_logging_time': 0.647216796875}
I1006 03:25:51.381332 139766399215360 logging_writer.py:48] [20796] accumulated_eval_time=1744.044807, accumulated_logging_time=0.647217, accumulated_submission_time=17360.907459, global_step=20796, preemption_count=0, score=17360.907459, test/ctc_loss=0.46472251415252686, test/num_examples=2472, test/wer=0.158654, total_duration=19106.095099, train/ctc_loss=0.4362160861492157, train/wer=0.153375, validation/ctc_loss=0.715688169002533, validation/num_examples=5348, validation/wer=0.216153
I1006 03:28:26.952522 139766390822656 logging_writer.py:48] [21000] global_step=21000, grad_norm=0.8634470105171204, loss=1.6286832094192505
I1006 03:35:45.505535 139766399215360 logging_writer.py:48] [21500] global_step=21500, grad_norm=0.8043419122695923, loss=1.5984784364700317
I1006 03:42:37.615128 139767382255360 logging_writer.py:48] [22000] global_step=22000, grad_norm=1.0529117584228516, loss=1.6226043701171875
I1006 03:49:52.775164 139940046329664 spec.py:321] Evaluating on the training split.
I1006 03:50:48.166940 139940046329664 spec.py:333] Evaluating on the validation split.
I1006 03:51:39.831947 139940046329664 spec.py:349] Evaluating on the test split.
I1006 03:52:06.492844 139940046329664 submission_runner.py:381] Time since start: 20681.24s, 	Step: 22494, 	{'train/ctc_loss': Array(0.40687972, dtype=float32), 'train/wer': 0.1458843502417944, 'validation/ctc_loss': Array(0.6818462, dtype=float32), 'validation/wer': 0.20696774691506914, 'validation/num_examples': 5348, 'test/ctc_loss': Array(0.43468878, dtype=float32), 'test/wer': 0.14715739443056486, 'test/num_examples': 2472, 'score': 18802.25049972534, 'total_duration': 20681.236469745636, 'accumulated_submission_time': 18802.25049972534, 'accumulated_eval_time': 1877.7530903816223, 'accumulated_logging_time': 0.6952602863311768}
I1006 03:52:06.530264 139766798575360 logging_writer.py:48] [22494] accumulated_eval_time=1877.753090, accumulated_logging_time=0.695260, accumulated_submission_time=18802.250500, global_step=22494, preemption_count=0, score=18802.250500, test/ctc_loss=0.4346887767314911, test/num_examples=2472, test/wer=0.147157, total_duration=20681.236470, train/ctc_loss=0.406879723072052, train/wer=0.145884, validation/ctc_loss=0.6818462014198303, validation/num_examples=5348, validation/wer=0.206968
I1006 03:52:11.963018 139766790182656 logging_writer.py:48] [22500] global_step=22500, grad_norm=0.8029245138168335, loss=1.6483097076416016
I1006 03:58:42.911082 139766470895360 logging_writer.py:48] [23000] global_step=23000, grad_norm=0.8446764349937439, loss=1.6091134548187256
I1006 04:06:10.285714 139766462502656 logging_writer.py:48] [23500] global_step=23500, grad_norm=0.7883581519126892, loss=1.6033731698989868
I1006 04:13:07.543713 139766798575360 logging_writer.py:48] [24000] global_step=24000, grad_norm=0.7952093482017517, loss=1.6892071962356567
I1006 04:16:06.840630 139940046329664 spec.py:321] Evaluating on the training split.
I1006 04:17:01.371476 139940046329664 spec.py:333] Evaluating on the validation split.
I1006 04:17:53.920195 139940046329664 spec.py:349] Evaluating on the test split.
I1006 04:18:20.533900 139940046329664 submission_runner.py:381] Time since start: 22255.28s, 	Step: 24208, 	{'train/ctc_loss': Array(0.37764597, dtype=float32), 'train/wer': 0.1365915713018876, 'validation/ctc_loss': Array(0.6665316, dtype=float32), 'validation/wer': 0.20487414253876063, 'validation/num_examples': 5348, 'test/ctc_loss': Array(0.42705417, dtype=float32), 'test/wer': 0.14707614811203867, 'test/num_examples': 2472, 'score': 20242.508354902267, 'total_duration': 22255.280361413956, 'accumulated_submission_time': 20242.508354902267, 'accumulated_eval_time': 2011.4397547245026, 'accumulated_logging_time': 0.7499113082885742}
I1006 04:18:20.568329 139766798575360 logging_writer.py:48] [24208] accumulated_eval_time=2011.439755, accumulated_logging_time=0.749911, accumulated_submission_time=20242.508355, global_step=24208, preemption_count=0, score=20242.508355, test/ctc_loss=0.42705416679382324, test/num_examples=2472, test/wer=0.147076, total_duration=22255.280361, train/ctc_loss=0.37764596939086914, train/wer=0.136592, validation/ctc_loss=0.6665316224098206, validation/num_examples=5348, validation/wer=0.204874
I1006 04:22:11.786410 139766790182656 logging_writer.py:48] [24500] global_step=24500, grad_norm=1.0273730754852295, loss=1.67042076587677
I1006 04:29:06.086587 139766470895360 logging_writer.py:48] [25000] global_step=25000, grad_norm=1.0296344757080078, loss=1.62229323387146
I1006 04:36:21.830227 139766462502656 logging_writer.py:48] [25500] global_step=25500, grad_norm=0.8559656143188477, loss=1.6075143814086914
I1006 04:42:20.873723 139940046329664 spec.py:321] Evaluating on the training split.
I1006 04:43:15.672938 139940046329664 spec.py:333] Evaluating on the validation split.
I1006 04:44:08.774786 139940046329664 spec.py:349] Evaluating on the test split.
I1006 04:44:35.493538 139940046329664 submission_runner.py:381] Time since start: 23830.24s, 	Step: 25927, 	{'train/ctc_loss': Array(0.3637589, dtype=float32), 'train/wer': 0.132757766243251, 'validation/ctc_loss': Array(0.6636227, dtype=float32), 'validation/wer': 0.20230778878715666, 'validation/num_examples': 5348, 'test/ctc_loss': Array(0.4158733, dtype=float32), 'test/wer': 0.14287165112830824, 'test/num_examples': 2472, 'score': 21682.76216006279, 'total_duration': 23830.239624500275, 'accumulated_submission_time': 21682.76216006279, 'accumulated_eval_time': 2146.0527267456055, 'accumulated_logging_time': 0.801091194152832}
I1006 04:44:35.528683 139766470895360 logging_writer.py:48] [25927] accumulated_eval_time=2146.052727, accumulated_logging_time=0.801091, accumulated_submission_time=21682.762160, global_step=25927, preemption_count=0, score=21682.762160, test/ctc_loss=0.41587328910827637, test/num_examples=2472, test/wer=0.142872, total_duration=23830.239625, train/ctc_loss=0.3637588918209076, train/wer=0.132758, validation/ctc_loss=0.6636226773262024, validation/num_examples=5348, validation/wer=0.202308
I1006 04:45:31.729826 139766462502656 logging_writer.py:48] [26000] global_step=26000, grad_norm=0.8480309844017029, loss=1.5009453296661377
I1006 04:52:26.556159 139766470895360 logging_writer.py:48] [26500] global_step=26500, grad_norm=0.6501005291938782, loss=1.6257723569869995
I1006 04:59:33.716096 139766470895360 logging_writer.py:48] [27000] global_step=27000, grad_norm=0.7184389233589172, loss=1.5643845796585083
I1006 05:06:48.447904 139766462502656 logging_writer.py:48] [27500] global_step=27500, grad_norm=0.8693349361419678, loss=1.5577551126480103
I1006 05:08:36.165897 139940046329664 spec.py:321] Evaluating on the training split.
I1006 05:09:32.238576 139940046329664 spec.py:333] Evaluating on the validation split.
I1006 05:10:24.148649 139940046329664 spec.py:349] Evaluating on the test split.
