python3 submission_runner.py --framework=jax --workload=librispeech_conformer --submission_path=reference_algorithms/target_setting_algorithms/jax_adamw.py --tuning_search_space=reference_algorithms/target_setting_algorithms/librispeech_conformer/tuning_search_space.json --data_dir=/data/librispeech --num_tuning_trials=1 --experiment_dir=/experiment_runs --experiment_name=targets_check_conformer/adamw_run12 --overwrite=true --save_checkpoints=false --max_global_steps=60000 --librispeech_tokenizer_vocab_path=/data/librispeech/spm_model.vocab 2>&1 | tee -a /logs/librispeech_conformer_jax_10-13-2023-02-17-11.log
2023-10-13 02:17:16.515493: W tensorflow/compiler/tf2tensorrt/utils/py_utils.cc:38] TF-TRT Warning: Could not find TensorRT
I1013 02:17:35.689544 140673456789312 logger_utils.py:76] Creating experiment directory at /experiment_runs/targets_check_conformer/adamw_run12/librispeech_conformer_jax.
I1013 02:17:36.628971 140673456789312 xla_bridge.py:455] Unable to initialize backend 'rocm': NOT_FOUND: Could not find registered platform with name: "rocm". Available platform names are: Interpreter CUDA Host
I1013 02:17:36.629647 140673456789312 xla_bridge.py:455] Unable to initialize backend 'tpu': module 'jaxlib.xla_extension' has no attribute 'get_tpu_client'
I1013 02:17:36.629795 140673456789312 xla_bridge.py:455] Unable to initialize backend 'plugin': xla_extension has no attributes named get_plugin_device_client. Compile TensorFlow with //tensorflow/compiler/xla/python:enable_plugin_device set to true (defaults to false) to enable this.
I1013 02:17:36.635937 140673456789312 submission_runner.py:523] Using RNG seed 1146653876
I1013 02:17:42.758644 140673456789312 submission_runner.py:532] --- Tuning run 1/1 ---
I1013 02:17:42.758867 140673456789312 submission_runner.py:537] Creating tuning directory at /experiment_runs/targets_check_conformer/adamw_run12/librispeech_conformer_jax/trial_1.
I1013 02:17:42.759200 140673456789312 logger_utils.py:92] Saving hparams to /experiment_runs/targets_check_conformer/adamw_run12/librispeech_conformer_jax/trial_1/hparams.json.
I1013 02:17:42.942722 140673456789312 submission_runner.py:200] Initializing dataset.
I1013 02:17:42.942925 140673456789312 submission_runner.py:207] Initializing model.
I1013 02:17:47.672294 140673456789312 submission_runner.py:241] Initializing optimizer.
I1013 02:17:48.903367 140673456789312 submission_runner.py:248] Initializing metrics bundle.
I1013 02:17:48.903568 140673456789312 submission_runner.py:266] Initializing checkpoint and logger.
I1013 02:17:48.904695 140673456789312 checkpoints.py:915] Found no checkpoint files in /experiment_runs/targets_check_conformer/adamw_run12/librispeech_conformer_jax/trial_1 with prefix checkpoint_
I1013 02:17:48.904829 140673456789312 submission_runner.py:286] Saving meta data to /experiment_runs/targets_check_conformer/adamw_run12/librispeech_conformer_jax/trial_1/meta_data_0.json.
I1013 02:17:48.905005 140673456789312 logger_utils.py:257] Unable to record workload.train_mean information. Continuing without it.
I1013 02:17:48.905063 140673456789312 logger_utils.py:257] Unable to record workload.train_stddev information. Continuing without it.
I1013 02:17:49.735482 140673456789312 submission_runner.py:289] Saving flags to /experiment_runs/targets_check_conformer/adamw_run12/librispeech_conformer_jax/trial_1/flags_0.json.
I1013 02:17:49.749461 140673456789312 submission_runner.py:299] Starting training loop.
I1013 02:17:50.043477 140673456789312 input_pipeline.py:20] Loading split = train-clean-100
I1013 02:17:50.086771 140673456789312 input_pipeline.py:20] Loading split = train-clean-360
I1013 02:17:50.486718 140673456789312 input_pipeline.py:20] Loading split = train-other-500
2023-10-13 02:19:01.423277: E external/xla/xla/service/rendezvous.cc:31] This thread has been waiting for 10 seconds and may be stuck:
2023-10-13 02:19:04.269914: E external/xla/xla/service/rendezvous.cc:36] Thread is unstuck! Warning above was a false-positive. Perhaps the timeout is too short.
/usr/local/lib/python3.8/dist-packages/jax/_src/interpreters/mlir.py:582: UserWarning: Some donated buffers were not usable: ShapedArray(float32[512]), ShapedArray(float32[512]), ShapedArray(float32[512]), ShapedArray(float32[512]), ShapedArray(float32[512]), ShapedArray(float32[512]), ShapedArray(float32[512]), ShapedArray(float32[512]).
See an explanation at https://jax.readthedocs.io/en/latest/faq.html#buffer-donation.
  warnings.warn(f"Some donated buffers were not usable: {', '.join(unused_donations)}.\n{msg}")
I1013 02:19:06.308236 140497800652544 logging_writer.py:48] [0] global_step=0, grad_norm=41.40178298950195, loss=32.313846588134766
I1013 02:19:06.346370 140673456789312 spec.py:321] Evaluating on the training split.
I1013 02:19:06.514428 140673456789312 input_pipeline.py:20] Loading split = train-clean-100
I1013 02:19:06.549881 140673456789312 input_pipeline.py:20] Loading split = train-clean-360
I1013 02:19:06.947338 140673456789312 input_pipeline.py:20] Loading split = train-other-500
/usr/local/lib/python3.8/dist-packages/jax/_src/ops/scatter.py:92: FutureWarning: scatter inputs have incompatible types: cannot safely cast value from dtype=float32 to dtype=int32. In future JAX releases this will result in an error.
  warnings.warn("scatter inputs have incompatible types: cannot safely cast "
I1013 02:20:19.223456 140673456789312 spec.py:333] Evaluating on the validation split.
I1013 02:20:19.337945 140673456789312 input_pipeline.py:20] Loading split = dev-clean
I1013 02:20:19.342975 140673456789312 input_pipeline.py:20] Loading split = dev-other
I1013 02:21:20.450541 140673456789312 spec.py:349] Evaluating on the test split.
I1013 02:21:20.565864 140673456789312 input_pipeline.py:20] Loading split = test-clean
I1013 02:21:56.939800 140673456789312 submission_runner.py:393] Time since start: 247.19s, 	Step: 1, 	{'train/ctc_loss': Array(31.26119, dtype=float32), 'train/wer': 1.1754107406867542, 'validation/ctc_loss': Array(30.911684, dtype=float32), 'validation/wer': 1.2526043426629465, 'validation/num_examples': 5348, 'test/ctc_loss': Array(30.850784, dtype=float32), 'test/wer': 1.2688034448439056, 'test/num_examples': 2472, 'score': 76.59682488441467, 'total_duration': 247.18804740905762, 'accumulated_submission_time': 76.59682488441467, 'accumulated_eval_time': 170.59115362167358, 'accumulated_logging_time': 0}
I1013 02:21:56.967645 140491962181376 logging_writer.py:48] [1] accumulated_eval_time=170.591154, accumulated_logging_time=0, accumulated_submission_time=76.596825, global_step=1, preemption_count=0, score=76.596825, test/ctc_loss=30.850784301757812, test/num_examples=2472, test/wer=1.268803, total_duration=247.188047, train/ctc_loss=31.26119041442871, train/wer=1.175411, validation/ctc_loss=30.911684036254883, validation/num_examples=5348, validation/wer=1.252604
I1013 02:22:18.734202 140499370059520 logging_writer.py:48] [1] global_step=1, grad_norm=42.02229690551758, loss=32.31010437011719
I1013 02:22:19.612928 140499378452224 logging_writer.py:48] [2] global_step=2, grad_norm=44.766510009765625, loss=31.457828521728516
I1013 02:22:20.419892 140499370059520 logging_writer.py:48] [3] global_step=3, grad_norm=42.27846908569336, loss=31.607458114624023
I1013 02:22:21.231538 140499378452224 logging_writer.py:48] [4] global_step=4, grad_norm=50.76101303100586, loss=31.11288070678711
I1013 02:22:22.105278 140499370059520 logging_writer.py:48] [5] global_step=5, grad_norm=47.48152542114258, loss=30.6267147064209
I1013 02:22:22.997527 140499378452224 logging_writer.py:48] [6] global_step=6, grad_norm=42.534690856933594, loss=29.598995208740234
I1013 02:22:23.867084 140499370059520 logging_writer.py:48] [7] global_step=7, grad_norm=42.50325393676758, loss=29.386106491088867
I1013 02:22:24.739190 140499378452224 logging_writer.py:48] [8] global_step=8, grad_norm=39.56875228881836, loss=27.763080596923828
I1013 02:22:25.614188 140499370059520 logging_writer.py:48] [9] global_step=9, grad_norm=40.167564392089844, loss=27.39317512512207
I1013 02:22:26.494272 140499378452224 logging_writer.py:48] [10] global_step=10, grad_norm=45.30274200439453, loss=27.11333465576172
I1013 02:22:27.372394 140499370059520 logging_writer.py:48] [11] global_step=11, grad_norm=40.2135009765625, loss=24.85491371154785
I1013 02:22:28.245531 140499378452224 logging_writer.py:48] [12] global_step=12, grad_norm=35.50452423095703, loss=25.235877990722656
I1013 02:22:29.135109 140499370059520 logging_writer.py:48] [13] global_step=13, grad_norm=38.18304443359375, loss=24.79793930053711
I1013 02:22:30.013556 140499378452224 logging_writer.py:48] [14] global_step=14, grad_norm=29.935678482055664, loss=23.765666961669922
I1013 02:22:30.887823 140499370059520 logging_writer.py:48] [15] global_step=15, grad_norm=32.08018112182617, loss=22.427562713623047
I1013 02:22:31.760961 140499378452224 logging_writer.py:48] [16] global_step=16, grad_norm=29.18520736694336, loss=21.556306838989258
I1013 02:22:32.640266 140499370059520 logging_writer.py:48] [17] global_step=17, grad_norm=35.23054122924805, loss=21.156349182128906
I1013 02:22:33.527443 140499378452224 logging_writer.py:48] [18] global_step=18, grad_norm=52.17269515991211, loss=19.24856948852539
I1013 02:22:34.406572 140499370059520 logging_writer.py:48] [19] global_step=19, grad_norm=52.60915756225586, loss=18.578386306762695
I1013 02:22:35.288726 140499378452224 logging_writer.py:48] [20] global_step=20, grad_norm=31.371719360351562, loss=17.700843811035156
I1013 02:22:36.166322 140499370059520 logging_writer.py:48] [21] global_step=21, grad_norm=34.27324676513672, loss=16.025390625
I1013 02:22:37.046212 140499378452224 logging_writer.py:48] [22] global_step=22, grad_norm=41.59488296508789, loss=14.994205474853516
I1013 02:22:37.919555 140499370059520 logging_writer.py:48] [23] global_step=23, grad_norm=23.302093505859375, loss=12.853856086730957
I1013 02:22:38.789808 140499378452224 logging_writer.py:48] [24] global_step=24, grad_norm=24.06871795654297, loss=12.870381355285645
I1013 02:22:39.670670 140499370059520 logging_writer.py:48] [25] global_step=25, grad_norm=83.50885772705078, loss=11.65304183959961
I1013 02:22:40.550075 140499378452224 logging_writer.py:48] [26] global_step=26, grad_norm=60.04518127441406, loss=8.63079833984375
I1013 02:22:41.433108 140499370059520 logging_writer.py:48] [27] global_step=27, grad_norm=8.596192359924316, loss=7.449828147888184
I1013 02:22:42.300427 140499378452224 logging_writer.py:48] [28] global_step=28, grad_norm=18.1157169342041, loss=7.6772332191467285
I1013 02:22:43.184058 140499370059520 logging_writer.py:48] [29] global_step=29, grad_norm=21.969158172607422, loss=8.027304649353027
I1013 02:22:44.069171 140499378452224 logging_writer.py:48] [30] global_step=30, grad_norm=22.735368728637695, loss=8.115500450134277
I1013 02:22:44.941280 140499370059520 logging_writer.py:48] [31] global_step=31, grad_norm=22.382612228393555, loss=8.006331443786621
I1013 02:22:45.820690 140499378452224 logging_writer.py:48] [32] global_step=32, grad_norm=20.244638442993164, loss=7.651935577392578
I1013 02:22:46.709157 140499370059520 logging_writer.py:48] [33] global_step=33, grad_norm=15.026824951171875, loss=7.237816333770752
I1013 02:22:47.593371 140499378452224 logging_writer.py:48] [34] global_step=34, grad_norm=3.0714879035949707, loss=6.975523471832275
I1013 02:22:48.474955 140499370059520 logging_writer.py:48] [35] global_step=35, grad_norm=17.78605842590332, loss=7.148240089416504
I1013 02:22:49.352001 140499378452224 logging_writer.py:48] [36] global_step=36, grad_norm=26.814050674438477, loss=7.300283432006836
I1013 02:22:50.234879 140499370059520 logging_writer.py:48] [37] global_step=37, grad_norm=18.52500343322754, loss=7.072397232055664
I1013 02:22:51.113298 140499378452224 logging_writer.py:48] [38] global_step=38, grad_norm=5.291647434234619, loss=6.85448694229126
I1013 02:22:51.992218 140499370059520 logging_writer.py:48] [39] global_step=39, grad_norm=5.381949424743652, loss=6.82460355758667
I1013 02:22:52.868824 140499378452224 logging_writer.py:48] [40] global_step=40, grad_norm=10.16444206237793, loss=6.866337776184082
I1013 02:22:53.750742 140499370059520 logging_writer.py:48] [41] global_step=41, grad_norm=10.938482284545898, loss=6.852321624755859
I1013 02:22:54.625812 140499378452224 logging_writer.py:48] [42] global_step=42, grad_norm=9.466038703918457, loss=6.750646591186523
I1013 02:22:55.501447 140499370059520 logging_writer.py:48] [43] global_step=43, grad_norm=5.802647590637207, loss=6.641071319580078
I1013 02:22:56.381181 140499378452224 logging_writer.py:48] [44] global_step=44, grad_norm=1.9745591878890991, loss=6.573012828826904
I1013 02:22:57.264811 140499370059520 logging_writer.py:48] [45] global_step=45, grad_norm=8.688907623291016, loss=6.590483665466309
I1013 02:22:58.139503 140499378452224 logging_writer.py:48] [46] global_step=46, grad_norm=9.794042587280273, loss=6.5590925216674805
I1013 02:22:59.019999 140499370059520 logging_writer.py:48] [47] global_step=47, grad_norm=7.478456974029541, loss=6.485563278198242
I1013 02:22:59.910491 140499378452224 logging_writer.py:48] [48] global_step=48, grad_norm=2.3249099254608154, loss=6.410501003265381
I1013 02:23:00.792494 140499370059520 logging_writer.py:48] [49] global_step=49, grad_norm=3.105792284011841, loss=6.391866683959961
I1013 02:23:01.669294 140499378452224 logging_writer.py:48] [50] global_step=50, grad_norm=5.223236560821533, loss=6.385242462158203
I1013 02:23:02.603356 140499370059520 logging_writer.py:48] [51] global_step=51, grad_norm=4.651615142822266, loss=6.315053462982178
I1013 02:23:03.479874 140499378452224 logging_writer.py:48] [52] global_step=52, grad_norm=1.3004292249679565, loss=6.267529010772705
I1013 02:23:04.357289 140499370059520 logging_writer.py:48] [53] global_step=53, grad_norm=4.37558126449585, loss=6.26411247253418
I1013 02:23:05.236850 140499378452224 logging_writer.py:48] [54] global_step=54, grad_norm=5.514388084411621, loss=6.244194030761719
I1013 02:23:06.123707 140499370059520 logging_writer.py:48] [55] global_step=55, grad_norm=2.26278018951416, loss=6.181306838989258
I1013 02:23:07.003368 140499378452224 logging_writer.py:48] [56] global_step=56, grad_norm=2.2283568382263184, loss=6.158157825469971
I1013 02:23:07.874686 140499370059520 logging_writer.py:48] [57] global_step=57, grad_norm=2.9280450344085693, loss=6.133838653564453
I1013 02:23:08.753011 140499378452224 logging_writer.py:48] [58] global_step=58, grad_norm=1.0367236137390137, loss=6.119275093078613
I1013 02:23:09.629578 140499370059520 logging_writer.py:48] [59] global_step=59, grad_norm=2.3301753997802734, loss=6.086455821990967
I1013 02:23:10.509898 140499378452224 logging_writer.py:48] [60] global_step=60, grad_norm=2.560457944869995, loss=6.079959869384766
I1013 02:23:11.397783 140499370059520 logging_writer.py:48] [61] global_step=61, grad_norm=0.6706086993217468, loss=6.0433030128479
I1013 02:23:12.276690 140499378452224 logging_writer.py:48] [62] global_step=62, grad_norm=1.8277864456176758, loss=6.040234565734863
I1013 02:23:13.155137 140499370059520 logging_writer.py:48] [63] global_step=63, grad_norm=0.7567006349563599, loss=6.016827583312988
I1013 02:23:14.031890 140499378452224 logging_writer.py:48] [64] global_step=64, grad_norm=1.7704468965530396, loss=6.007334232330322
I1013 02:23:14.904803 140499370059520 logging_writer.py:48] [65] global_step=65, grad_norm=0.893929123878479, loss=5.986946105957031
I1013 02:23:15.781434 140499378452224 logging_writer.py:48] [66] global_step=66, grad_norm=1.4653621912002563, loss=5.976729393005371
I1013 02:23:16.650655 140499370059520 logging_writer.py:48] [67] global_step=67, grad_norm=0.5685520768165588, loss=5.942347526550293
I1013 02:23:17.532273 140499378452224 logging_writer.py:48] [68] global_step=68, grad_norm=1.413508415222168, loss=5.963184356689453
I1013 02:23:18.415118 140499370059520 logging_writer.py:48] [69] global_step=69, grad_norm=0.6924107074737549, loss=5.927145481109619
I1013 02:23:19.295049 140499378452224 logging_writer.py:48] [70] global_step=70, grad_norm=1.852013349533081, loss=5.907293796539307
I1013 02:23:20.165002 140499370059520 logging_writer.py:48] [71] global_step=71, grad_norm=3.1577532291412354, loss=5.905645370483398
I1013 02:23:21.041165 140499378452224 logging_writer.py:48] [72] global_step=72, grad_norm=0.804318368434906, loss=5.899625301361084
I1013 02:23:21.912775 140499370059520 logging_writer.py:48] [73] global_step=73, grad_norm=3.6472373008728027, loss=5.890336513519287
I1013 02:23:22.792815 140499378452224 logging_writer.py:48] [74] global_step=74, grad_norm=6.581387996673584, loss=5.895428657531738
I1013 02:23:23.676244 140499370059520 logging_writer.py:48] [75] global_step=75, grad_norm=4.162412643432617, loss=5.893196105957031
I1013 02:23:24.555636 140499378452224 logging_writer.py:48] [76] global_step=76, grad_norm=2.038715124130249, loss=5.841463565826416
I1013 02:23:25.432991 140499370059520 logging_writer.py:48] [77] global_step=77, grad_norm=5.619339942932129, loss=5.867969036102295
I1013 02:23:26.307570 140499378452224 logging_writer.py:48] [78] global_step=78, grad_norm=2.8736181259155273, loss=5.873164176940918
I1013 02:23:27.176659 140499370059520 logging_writer.py:48] [79] global_step=79, grad_norm=3.152463912963867, loss=5.860579967498779
I1013 02:23:28.055014 140499378452224 logging_writer.py:48] [80] global_step=80, grad_norm=6.691169261932373, loss=5.885600566864014
I1013 02:23:28.929930 140499370059520 logging_writer.py:48] [81] global_step=81, grad_norm=4.555557727813721, loss=5.843717575073242
I1013 02:23:29.821872 140499378452224 logging_writer.py:48] [82] global_step=82, grad_norm=1.6495693922042847, loss=5.847328186035156
I1013 02:23:30.714320 140499370059520 logging_writer.py:48] [83] global_step=83, grad_norm=6.0522990226745605, loss=5.866812705993652
I1013 02:23:31.585416 140499378452224 logging_writer.py:48] [84] global_step=84, grad_norm=3.903898239135742, loss=5.849438190460205
I1013 02:23:32.462695 140499370059520 logging_writer.py:48] [85] global_step=85, grad_norm=1.491225004196167, loss=5.836171627044678
I1013 02:23:33.342426 140499378452224 logging_writer.py:48] [86] global_step=86, grad_norm=3.594545364379883, loss=5.859848976135254
I1013 02:23:34.218209 140499370059520 logging_writer.py:48] [87] global_step=87, grad_norm=1.6084277629852295, loss=5.827003002166748
I1013 02:23:35.095321 140499378452224 logging_writer.py:48] [88] global_step=88, grad_norm=1.5249196290969849, loss=5.823178291320801
I1013 02:23:35.984526 140499370059520 logging_writer.py:48] [89] global_step=89, grad_norm=3.812370538711548, loss=5.836938381195068
I1013 02:23:36.863929 140499378452224 logging_writer.py:48] [90] global_step=90, grad_norm=4.029290199279785, loss=5.844444751739502
I1013 02:23:37.746475 140499370059520 logging_writer.py:48] [91] global_step=91, grad_norm=1.5097347497940063, loss=5.842737197875977
I1013 02:23:38.622796 140499378452224 logging_writer.py:48] [92] global_step=92, grad_norm=1.4297044277191162, loss=5.812060356140137
I1013 02:23:39.502306 140499370059520 logging_writer.py:48] [93] global_step=93, grad_norm=1.9727104902267456, loss=5.815707206726074
I1013 02:23:40.380119 140499378452224 logging_writer.py:48] [94] global_step=94, grad_norm=0.8218197822570801, loss=5.821255207061768
I1013 02:23:41.253309 140499370059520 logging_writer.py:48] [95] global_step=95, grad_norm=1.0170375108718872, loss=5.836075782775879
I1013 02:23:42.136446 140499378452224 logging_writer.py:48] [96] global_step=96, grad_norm=2.8899126052856445, loss=5.826525688171387
I1013 02:23:43.027046 140499370059520 logging_writer.py:48] [97] global_step=97, grad_norm=4.883115768432617, loss=5.830665588378906
I1013 02:23:43.909487 140499378452224 logging_writer.py:48] [98] global_step=98, grad_norm=5.282373428344727, loss=5.863128662109375
I1013 02:23:44.779865 140499370059520 logging_writer.py:48] [99] global_step=99, grad_norm=2.1484434604644775, loss=5.827138423919678
I1013 02:23:45.648878 140499378452224 logging_writer.py:48] [100] global_step=100, grad_norm=2.1356122493743896, loss=5.828464031219482
I1013 02:28:48.342963 140499370059520 logging_writer.py:48] [500] global_step=500, grad_norm=2.059166431427002, loss=4.1119842529296875
I1013 02:35:06.544000 140499378452224 logging_writer.py:48] [1000] global_step=1000, grad_norm=0.6281174421310425, loss=2.80876088142395
I1013 02:41:27.380522 140500092561152 logging_writer.py:48] [1500] global_step=1500, grad_norm=0.8101271986961365, loss=2.333270788192749
I1013 02:45:57.577373 140673456789312 spec.py:321] Evaluating on the training split.
I1013 02:46:47.766471 140673456789312 spec.py:333] Evaluating on the validation split.
I1013 02:47:34.406251 140673456789312 spec.py:349] Evaluating on the test split.
I1013 02:47:57.824800 140673456789312 submission_runner.py:393] Time since start: 1808.07s, 	Step: 1859, 	{'train/ctc_loss': Array(1.823575, dtype=float32), 'train/wer': 0.4623746163827728, 'validation/ctc_loss': Array(2.333378, dtype=float32), 'validation/wer': 0.5039921990403274, 'validation/num_examples': 5348, 'test/ctc_loss': Array(1.9621372, dtype=float32), 'test/wer': 0.4548981374281478, 'test/num_examples': 2472, 'score': 1517.1216580867767, 'total_duration': 1808.0695090293884, 'accumulated_submission_time': 1517.1216580867767, 'accumulated_eval_time': 290.83280849456787, 'accumulated_logging_time': 0.04293513298034668}
I1013 02:47:57.859680 140500092561152 logging_writer.py:48] [1859] accumulated_eval_time=290.832808, accumulated_logging_time=0.042935, accumulated_submission_time=1517.121658, global_step=1859, preemption_count=0, score=1517.121658, test/ctc_loss=1.962137222290039, test/num_examples=2472, test/wer=0.454898, total_duration=1808.069509, train/ctc_loss=1.8235750198364258, train/wer=0.462375, validation/ctc_loss=2.3333780765533447, validation/num_examples=5348, validation/wer=0.503992
I1013 02:49:44.908896 140500084168448 logging_writer.py:48] [2000] global_step=2000, grad_norm=0.6827175617218018, loss=2.081801176071167
I1013 02:56:05.513844 140500092561152 logging_writer.py:48] [2500] global_step=2500, grad_norm=0.6392225027084351, loss=1.9972838163375854
I1013 03:02:23.290429 140500084168448 logging_writer.py:48] [3000] global_step=3000, grad_norm=1.085196852684021, loss=2.0130867958068848
I1013 03:08:43.778568 140500747921152 logging_writer.py:48] [3500] global_step=3500, grad_norm=0.5750457048416138, loss=1.8996464014053345
I1013 03:11:58.080355 140673456789312 spec.py:321] Evaluating on the training split.
I1013 03:12:49.339840 140673456789312 spec.py:333] Evaluating on the validation split.
I1013 03:13:37.460956 140673456789312 spec.py:349] Evaluating on the test split.
I1013 03:14:01.816673 140673456789312 submission_runner.py:393] Time since start: 3372.06s, 	Step: 3759, 	{'train/ctc_loss': Array(0.6583183, dtype=float32), 'train/wer': 0.22827158191939909, 'validation/ctc_loss': Array(0.9888188, dtype=float32), 'validation/wer': 0.2907402222501134, 'validation/num_examples': 5348, 'test/ctc_loss': Array(0.6888168, dtype=float32), 'test/wer': 0.2310035951495948, 'test/num_examples': 2472, 'score': 2957.25461769104, 'total_duration': 3372.0592234134674, 'accumulated_submission_time': 2957.25461769104, 'accumulated_eval_time': 414.56118083000183, 'accumulated_logging_time': 0.09320473670959473}
I1013 03:14:01.866131 140500747921152 logging_writer.py:48] [3759] accumulated_eval_time=414.561181, accumulated_logging_time=0.093205, accumulated_submission_time=2957.254618, global_step=3759, preemption_count=0, score=2957.254618, test/ctc_loss=0.6888167858123779, test/num_examples=2472, test/wer=0.231004, total_duration=3372.059223, train/ctc_loss=0.658318281173706, train/wer=0.228272, validation/ctc_loss=0.9888188242912292, validation/num_examples=5348, validation/wer=0.290740
I1013 03:17:04.084949 140500739528448 logging_writer.py:48] [4000] global_step=4000, grad_norm=0.6151741147041321, loss=1.841366171836853
I1013 03:23:24.301191 140500747921152 logging_writer.py:48] [4500] global_step=4500, grad_norm=0.6519114375114441, loss=1.8409147262573242
I1013 03:29:41.083039 140500739528448 logging_writer.py:48] [5000] global_step=5000, grad_norm=0.7549759745597839, loss=1.8353654146194458
I1013 03:36:00.892666 140500747921152 logging_writer.py:48] [5500] global_step=5500, grad_norm=0.7095142006874084, loss=1.7992023229599
I1013 03:38:02.111912 140673456789312 spec.py:321] Evaluating on the training split.
I1013 03:38:54.042840 140673456789312 spec.py:333] Evaluating on the validation split.
I1013 03:39:42.216766 140673456789312 spec.py:349] Evaluating on the test split.
I1013 03:40:06.557321 140673456789312 submission_runner.py:393] Time since start: 4936.80s, 	Step: 5662, 	{'train/ctc_loss': Array(0.5001109, dtype=float32), 'train/wer': 0.17819736335794972, 'validation/ctc_loss': Array(0.83646595, dtype=float32), 'validation/wer': 0.24894522915319037, 'validation/num_examples': 5348, 'test/ctc_loss': Array(0.56430906, dtype=float32), 'test/wer': 0.18607438100461074, 'test/num_examples': 2472, 'score': 4397.406131744385, 'total_duration': 4936.801326990128, 'accumulated_submission_time': 4397.406131744385, 'accumulated_eval_time': 539.0001018047333, 'accumulated_logging_time': 0.1638789176940918}
I1013 03:40:06.591741 140500164241152 logging_writer.py:48] [5662] accumulated_eval_time=539.000102, accumulated_logging_time=0.163879, accumulated_submission_time=4397.406132, global_step=5662, preemption_count=0, score=4397.406132, test/ctc_loss=0.5643090605735779, test/num_examples=2472, test/wer=0.186074, total_duration=4936.801327, train/ctc_loss=0.500110924243927, train/wer=0.178197, validation/ctc_loss=0.8364659547805786, validation/num_examples=5348, validation/wer=0.248945
I1013 03:44:21.852787 140500155848448 logging_writer.py:48] [6000] global_step=6000, grad_norm=0.7316122651100159, loss=1.7571423053741455
I1013 03:50:41.528273 140500164241152 logging_writer.py:48] [6500] global_step=6500, grad_norm=0.7562639713287354, loss=1.7455843687057495
I1013 03:56:58.285369 140500155848448 logging_writer.py:48] [7000] global_step=7000, grad_norm=0.6398801803588867, loss=1.7420482635498047
I1013 04:03:18.465925 140500164241152 logging_writer.py:48] [7500] global_step=7500, grad_norm=0.6443536281585693, loss=1.7111250162124634
I1013 04:04:07.250661 140673456789312 spec.py:321] Evaluating on the training split.
I1013 04:04:59.645591 140673456789312 spec.py:333] Evaluating on the validation split.
I1013 04:05:48.789459 140673456789312 spec.py:349] Evaluating on the test split.
I1013 04:06:13.875537 140673456789312 submission_runner.py:393] Time since start: 6504.12s, 	Step: 7566, 	{'train/ctc_loss': Array(0.46576366, dtype=float32), 'train/wer': 0.16242184963713097, 'validation/ctc_loss': Array(0.7752064, dtype=float32), 'validation/wer': 0.23147030711451383, 'validation/num_examples': 5348, 'test/ctc_loss': Array(0.50696874, dtype=float32), 'test/wer': 0.16913452359189973, 'test/num_examples': 2472, 'score': 5837.976397037506, 'total_duration': 6504.11940073967, 'accumulated_submission_time': 5837.976397037506, 'accumulated_eval_time': 665.6183609962463, 'accumulated_logging_time': 0.2127223014831543}
I1013 04:06:13.907769 140499652237056 logging_writer.py:48] [7566] accumulated_eval_time=665.618361, accumulated_logging_time=0.212722, accumulated_submission_time=5837.976397, global_step=7566, preemption_count=0, score=5837.976397, test/ctc_loss=0.5069687366485596, test/num_examples=2472, test/wer=0.169135, total_duration=6504.119401, train/ctc_loss=0.465763658285141, train/wer=0.162422, validation/ctc_loss=0.7752063870429993, validation/num_examples=5348, validation/wer=0.231470
I1013 04:11:41.705023 140499643844352 logging_writer.py:48] [8000] global_step=8000, grad_norm=0.6406005620956421, loss=1.7012509107589722
I1013 04:18:16.523010 140499652237056 logging_writer.py:48] [8500] global_step=8500, grad_norm=0.7696448564529419, loss=1.7091017961502075
I1013 04:24:41.932730 140499643844352 logging_writer.py:48] [9000] global_step=9000, grad_norm=0.6661743521690369, loss=1.679140567779541
I1013 04:30:14.448051 140673456789312 spec.py:321] Evaluating on the training split.
I1013 04:31:06.617234 140673456789312 spec.py:333] Evaluating on the validation split.
I1013 04:31:55.125630 140673456789312 spec.py:349] Evaluating on the test split.
I1013 04:32:19.917761 140673456789312 submission_runner.py:393] Time since start: 8070.16s, 	Step: 9416, 	{'train/ctc_loss': Array(0.44879016, dtype=float32), 'train/wer': 0.1574235143186414, 'validation/ctc_loss': Array(0.7413137, dtype=float32), 'validation/wer': 0.22210529364627282, 'validation/num_examples': 5348, 'test/ctc_loss': Array(0.48560467, dtype=float32), 'test/wer': 0.16393475920622347, 'test/num_examples': 2472, 'score': 7278.4315865039825, 'total_duration': 8070.162228822708, 'accumulated_submission_time': 7278.4315865039825, 'accumulated_eval_time': 791.0822207927704, 'accumulated_logging_time': 0.25879669189453125}
I1013 04:32:19.950124 140499867277056 logging_writer.py:48] [9416] accumulated_eval_time=791.082221, accumulated_logging_time=0.258797, accumulated_submission_time=7278.431587, global_step=9416, preemption_count=0, score=7278.431587, test/ctc_loss=0.4856046736240387, test/num_examples=2472, test/wer=0.163935, total_duration=8070.162229, train/ctc_loss=0.44879016280174255, train/wer=0.157424, validation/ctc_loss=0.7413136959075928, validation/num_examples=5348, validation/wer=0.222105
I1013 04:33:23.892219 140499858884352 logging_writer.py:48] [9500] global_step=9500, grad_norm=1.1510478258132935, loss=1.7281920909881592
I1013 04:39:41.153702 140499867277056 logging_writer.py:48] [10000] global_step=10000, grad_norm=0.5695053339004517, loss=1.7273536920547485
I1013 04:46:17.342424 140499867277056 logging_writer.py:48] [10500] global_step=10500, grad_norm=0.9670456647872925, loss=1.6614055633544922
I1013 04:52:38.580087 140499858884352 logging_writer.py:48] [11000] global_step=11000, grad_norm=0.7960590720176697, loss=1.7650747299194336
I1013 04:56:20.038836 140673456789312 spec.py:321] Evaluating on the training split.
I1013 04:57:12.975115 140673456789312 spec.py:333] Evaluating on the validation split.
I1013 04:58:01.773526 140673456789312 spec.py:349] Evaluating on the test split.
I1013 04:58:26.554641 140673456789312 submission_runner.py:393] Time since start: 9636.80s, 	Step: 11273, 	{'train/ctc_loss': Array(0.451032, dtype=float32), 'train/wer': 0.15410960731071052, 'validation/ctc_loss': Array(0.7257357, dtype=float32), 'validation/wer': 0.2137443640962762, 'validation/num_examples': 5348, 'test/ctc_loss': Array(0.46346053, dtype=float32), 'test/wer': 0.15408364308492273, 'test/num_examples': 2472, 'score': 8718.429273843765, 'total_duration': 9636.798786640167, 'accumulated_submission_time': 8718.429273843765, 'accumulated_eval_time': 917.5916821956635, 'accumulated_logging_time': 0.3092501163482666}
I1013 04:58:26.587959 140500747921152 logging_writer.py:48] [11273] accumulated_eval_time=917.591682, accumulated_logging_time=0.309250, accumulated_submission_time=8718.429274, global_step=11273, preemption_count=0, score=8718.429274, test/ctc_loss=0.4634605348110199, test/num_examples=2472, test/wer=0.154084, total_duration=9636.798787, train/ctc_loss=0.45103201270103455, train/wer=0.154110, validation/ctc_loss=0.7257357239723206, validation/num_examples=5348, validation/wer=0.213744
I1013 05:01:21.408589 140499877521152 logging_writer.py:48] [11500] global_step=11500, grad_norm=0.7251985669136047, loss=1.6512531042099
I1013 05:07:38.580144 140499869128448 logging_writer.py:48] [12000] global_step=12000, grad_norm=0.7747734189033508, loss=1.714248776435852
I1013 05:14:10.408011 140499877521152 logging_writer.py:48] [12500] global_step=12500, grad_norm=0.719656229019165, loss=1.6266577243804932
I1013 05:20:27.813282 140499869128448 logging_writer.py:48] [13000] global_step=13000, grad_norm=0.6631949543952942, loss=1.62504243850708
I1013 05:22:26.745111 140673456789312 spec.py:321] Evaluating on the training split.
I1013 05:23:19.475118 140673456789312 spec.py:333] Evaluating on the validation split.
I1013 05:24:08.298227 140673456789312 spec.py:349] Evaluating on the test split.
I1013 05:24:32.935946 140673456789312 submission_runner.py:393] Time since start: 11203.18s, 	Step: 13159, 	{'train/ctc_loss': Array(0.40789133, dtype=float32), 'train/wer': 0.14170016803862762, 'validation/ctc_loss': Array(0.6824526, dtype=float32), 'validation/wer': 0.2025546211996872, 'validation/num_examples': 5348, 'test/ctc_loss': Array(0.4475893, dtype=float32), 'test/wer': 0.14845733552698392, 'test/num_examples': 2472, 'score': 10158.496913194656, 'total_duration': 11203.180178165436, 'accumulated_submission_time': 10158.496913194656, 'accumulated_eval_time': 1043.7762591838837, 'accumulated_logging_time': 0.35781049728393555}
I1013 05:24:32.967920 140499877521152 logging_writer.py:48] [13159] accumulated_eval_time=1043.776259, accumulated_logging_time=0.357810, accumulated_submission_time=10158.496913, global_step=13159, preemption_count=0, score=10158.496913, test/ctc_loss=0.44758930802345276, test/num_examples=2472, test/wer=0.148457, total_duration=11203.180178, train/ctc_loss=0.40789133310317993, train/wer=0.141700, validation/ctc_loss=0.6824526190757751, validation/num_examples=5348, validation/wer=0.202555
I1013 05:28:53.668219 140500747921152 logging_writer.py:48] [13500] global_step=13500, grad_norm=0.5899582505226135, loss=1.6700439453125
I1013 05:35:11.062793 140500739528448 logging_writer.py:48] [14000] global_step=14000, grad_norm=0.8071114420890808, loss=1.5989396572113037
I1013 05:41:46.729985 140499877521152 logging_writer.py:48] [14500] global_step=14500, grad_norm=0.6715312600135803, loss=1.6363391876220703
I1013 05:48:03.183994 140499869128448 logging_writer.py:48] [15000] global_step=15000, grad_norm=1.106603741645813, loss=1.5885014533996582
I1013 05:48:33.002471 140673456789312 spec.py:321] Evaluating on the training split.
I1013 05:49:26.205568 140673456789312 spec.py:333] Evaluating on the validation split.
I1013 05:50:14.655158 140673456789312 spec.py:349] Evaluating on the test split.
I1013 05:50:39.405202 140673456789312 submission_runner.py:393] Time since start: 12769.65s, 	Step: 15041, 	{'train/ctc_loss': Array(0.36828592, dtype=float32), 'train/wer': 0.13233833433006578, 'validation/ctc_loss': Array(0.6705605, dtype=float32), 'validation/wer': 0.20003475675101615, 'validation/num_examples': 5348, 'test/ctc_loss': Array(0.43684083, dtype=float32), 'test/wer': 0.14614181544898747, 'test/num_examples': 2472, 'score': 11598.443712949753, 'total_duration': 12769.64871764183, 'accumulated_submission_time': 11598.443712949753, 'accumulated_eval_time': 1170.1720054149628, 'accumulated_logging_time': 0.4033846855163574}
I1013 05:50:39.441235 140499662481152 logging_writer.py:48] [15041] accumulated_eval_time=1170.172005, accumulated_logging_time=0.403385, accumulated_submission_time=11598.443713, global_step=15041, preemption_count=0, score=11598.443713, test/ctc_loss=0.43684083223342896, test/num_examples=2472, test/wer=0.146142, total_duration=12769.648718, train/ctc_loss=0.3682859241962433, train/wer=0.132338, validation/ctc_loss=0.6705604791641235, validation/num_examples=5348, validation/wer=0.200035
I1013 05:56:28.583035 140500747921152 logging_writer.py:48] [15500] global_step=15500, grad_norm=0.7630288004875183, loss=1.597916603088379
I1013 06:02:45.073221 140500739528448 logging_writer.py:48] [16000] global_step=16000, grad_norm=0.5968822240829468, loss=1.5462146997451782
I1013 06:09:21.304064 140499662481152 logging_writer.py:48] [16500] global_step=16500, grad_norm=0.6969853043556213, loss=1.581013798713684
I1013 06:14:39.425627 140673456789312 spec.py:321] Evaluating on the training split.
I1013 06:15:32.021524 140673456789312 spec.py:333] Evaluating on the validation split.
I1013 06:16:20.985123 140673456789312 spec.py:349] Evaluating on the test split.
I1013 06:16:45.809011 140673456789312 submission_runner.py:393] Time since start: 14336.05s, 	Step: 16924, 	{'train/ctc_loss': Array(0.34190282, dtype=float32), 'train/wer': 0.11814182125776058, 'validation/ctc_loss': Array(0.65478075, dtype=float32), 'validation/wer': 0.1915965899765392, 'validation/num_examples': 5348, 'test/ctc_loss': Array(0.4151378, dtype=float32), 'test/wer': 0.1373469014685272, 'test/num_examples': 2472, 'score': 13038.340107679367, 'total_duration': 14336.052446603775, 'accumulated_submission_time': 13038.340107679367, 'accumulated_eval_time': 1296.548362493515, 'accumulated_logging_time': 0.4521961212158203}
I1013 06:16:45.857069 140499949201152 logging_writer.py:48] [16924] accumulated_eval_time=1296.548362, accumulated_logging_time=0.452196, accumulated_submission_time=13038.340108, global_step=16924, preemption_count=0, score=13038.340108, test/ctc_loss=0.41513779759407043, test/num_examples=2472, test/wer=0.137347, total_duration=14336.052447, train/ctc_loss=0.34190282225608826, train/wer=0.118142, validation/ctc_loss=0.6547807455062866, validation/num_examples=5348, validation/wer=0.191597
I1013 06:17:43.778631 140499940808448 logging_writer.py:48] [17000] global_step=17000, grad_norm=0.7369380593299866, loss=1.618430256843567
I1013 06:24:02.841998 140499949201152 logging_writer.py:48] [17500] global_step=17500, grad_norm=0.7634440660476685, loss=1.5653109550476074
I1013 06:30:22.914048 140499949201152 logging_writer.py:48] [18000] global_step=18000, grad_norm=0.6706106066703796, loss=1.5779716968536377
I1013 06:36:54.819080 140499940808448 logging_writer.py:48] [18500] global_step=18500, grad_norm=0.6332652568817139, loss=1.5383144617080688
I1013 06:40:46.103393 140673456789312 spec.py:321] Evaluating on the training split.
I1013 06:41:38.980491 140673456789312 spec.py:333] Evaluating on the validation split.
I1013 06:42:27.809309 140673456789312 spec.py:349] Evaluating on the test split.
I1013 06:42:52.388280 140673456789312 submission_runner.py:393] Time since start: 15902.63s, 	Step: 18800, 	{'train/ctc_loss': Array(0.35107782, dtype=float32), 'train/wer': 0.1257702435283455, 'validation/ctc_loss': Array(0.6287276, dtype=float32), 'validation/wer': 0.18711683095667958, 'validation/num_examples': 5348, 'test/ctc_loss': Array(0.39819273, dtype=float32), 'test/wer': 0.13421891820526882, 'test/num_examples': 2472, 'score': 14478.491617918015, 'total_duration': 15902.633050203323, 'accumulated_submission_time': 14478.491617918015, 'accumulated_eval_time': 1422.827733039856, 'accumulated_logging_time': 0.520374059677124}
I1013 06:42:52.421893 140499949201152 logging_writer.py:48] [18800] accumulated_eval_time=1422.827733, accumulated_logging_time=0.520374, accumulated_submission_time=14478.491618, global_step=18800, preemption_count=0, score=14478.491618, test/ctc_loss=0.39819273352622986, test/num_examples=2472, test/wer=0.134219, total_duration=15902.633050, train/ctc_loss=0.3510778248310089, train/wer=0.125770, validation/ctc_loss=0.6287276148796082, validation/num_examples=5348, validation/wer=0.187117
I1013 06:45:23.634531 140499940808448 logging_writer.py:48] [19000] global_step=19000, grad_norm=0.7910780310630798, loss=1.5814425945281982
I1013 06:51:45.137922 140499949201152 logging_writer.py:48] [19500] global_step=19500, grad_norm=0.8182827234268188, loss=1.57815682888031
I1013 06:58:09.160823 140499949201152 logging_writer.py:48] [20000] global_step=20000, grad_norm=0.7904201745986938, loss=1.5438730716705322
I1013 07:04:33.574942 140499940808448 logging_writer.py:48] [20500] global_step=20500, grad_norm=0.6747559309005737, loss=1.529921531677246
I1013 07:06:53.075994 140673456789312 spec.py:321] Evaluating on the training split.
I1013 07:07:46.665049 140673456789312 spec.py:333] Evaluating on the validation split.
I1013 07:08:36.185257 140673456789312 spec.py:349] Evaluating on the test split.
I1013 07:09:00.972461 140673456789312 submission_runner.py:393] Time since start: 17471.22s, 	Step: 20674, 	{'train/ctc_loss': Array(0.35100877, dtype=float32), 'train/wer': 0.1229593590523282, 'validation/ctc_loss': Array(0.62338454, dtype=float32), 'validation/wer': 0.1874643984668411, 'validation/num_examples': 5348, 'test/ctc_loss': Array(0.390619, dtype=float32), 'test/wer': 0.13167997075132534, 'test/num_examples': 2472, 'score': 15919.052374124527, 'total_duration': 17471.21564912796, 'accumulated_submission_time': 15919.052374124527, 'accumulated_eval_time': 1550.7171084880829, 'accumulated_logging_time': 0.569277286529541}
I1013 07:09:01.008845 140500532881152 logging_writer.py:48] [20674] accumulated_eval_time=1550.717108, accumulated_logging_time=0.569277, accumulated_submission_time=15919.052374, global_step=20674, preemption_count=0, score=15919.052374, test/ctc_loss=0.3906190097332001, test/num_examples=2472, test/wer=0.131680, total_duration=17471.215649, train/ctc_loss=0.3510087728500366, train/wer=0.122959, validation/ctc_loss=0.6233845353126526, validation/num_examples=5348, validation/wer=0.187464
I1013 07:13:07.174699 140500524488448 logging_writer.py:48] [21000] global_step=21000, grad_norm=0.8572317361831665, loss=1.4469448328018188
I1013 07:19:27.202337 140500532881152 logging_writer.py:48] [21500] global_step=21500, grad_norm=0.7427913546562195, loss=1.5788371562957764
I1013 07:25:54.001449 140500205201152 logging_writer.py:48] [22000] global_step=22000, grad_norm=0.6329600214958191, loss=1.4881867170333862
I1013 07:32:17.899592 140500196808448 logging_writer.py:48] [22500] global_step=22500, grad_norm=0.6724984645843506, loss=1.5238863229751587
I1013 07:33:01.404238 140673456789312 spec.py:321] Evaluating on the training split.
I1013 07:33:54.986854 140673456789312 spec.py:333] Evaluating on the validation split.
I1013 07:34:44.287545 140673456789312 spec.py:349] Evaluating on the test split.
I1013 07:35:09.310326 140673456789312 submission_runner.py:393] Time since start: 19039.55s, 	Step: 22556, 	{'train/ctc_loss': Array(0.3452498, dtype=float32), 'train/wer': 0.1197615216186984, 'validation/ctc_loss': Array(0.60689515, dtype=float32), 'validation/wer': 0.17908415961072438, 'validation/num_examples': 5348, 'test/ctc_loss': Array(0.37766132, dtype=float32), 'test/wer': 0.12617553267117584, 'test/num_examples': 2472, 'score': 17359.355275392532, 'total_duration': 19039.554783821106, 'accumulated_submission_time': 17359.355275392532, 'accumulated_eval_time': 1678.617175102234, 'accumulated_logging_time': 0.6200308799743652}
I1013 07:35:09.345175 140500205201152 logging_writer.py:48] [22556] accumulated_eval_time=1678.617175, accumulated_logging_time=0.620031, accumulated_submission_time=17359.355275, global_step=22556, preemption_count=0, score=17359.355275, test/ctc_loss=0.3776613175868988, test/num_examples=2472, test/wer=0.126176, total_duration=19039.554784, train/ctc_loss=0.34524980187416077, train/wer=0.119762, validation/ctc_loss=0.6068951487541199, validation/num_examples=5348, validation/wer=0.179084
I1013 07:40:47.439092 140499293841152 logging_writer.py:48] [23000] global_step=23000, grad_norm=0.8004098534584045, loss=1.5149681568145752
I1013 07:47:15.339238 140499285448448 logging_writer.py:48] [23500] global_step=23500, grad_norm=0.8395155072212219, loss=1.4463218450546265
I1013 07:53:44.651298 140499293841152 logging_writer.py:48] [24000] global_step=24000, grad_norm=0.6118087768554688, loss=1.4893081188201904
I1013 07:59:09.642671 140673456789312 spec.py:321] Evaluating on the training split.
I1013 08:00:06.764649 140673456789312 spec.py:333] Evaluating on the validation split.
I1013 08:00:55.875563 140673456789312 spec.py:349] Evaluating on the test split.
I1013 08:01:21.004222 140673456789312 submission_runner.py:393] Time since start: 20611.25s, 	Step: 24432, 	{'train/ctc_loss': Array(0.3137263, dtype=float32), 'train/wer': 0.10891552628871283, 'validation/ctc_loss': Array(0.56719977, dtype=float32), 'validation/wer': 0.16800061789779586, 'validation/num_examples': 5348, 'test/ctc_loss': Array(0.35258034, dtype=float32), 'test/wer': 0.11549164178498161, 'test/num_examples': 2472, 'score': 18799.559829235077, 'total_duration': 20611.24811911583, 'accumulated_submission_time': 18799.559829235077, 'accumulated_eval_time': 1809.9721534252167, 'accumulated_logging_time': 0.6716907024383545}
I1013 08:01:21.044528 140500532881152 logging_writer.py:48] [24432] accumulated_eval_time=1809.972153, accumulated_logging_time=0.671691, accumulated_submission_time=18799.559829, global_step=24432, preemption_count=0, score=18799.559829, test/ctc_loss=0.35258033871650696, test/num_examples=2472, test/wer=0.115492, total_duration=20611.248119, train/ctc_loss=0.3137263059616089, train/wer=0.108916, validation/ctc_loss=0.5671997666358948, validation/num_examples=5348, validation/wer=0.168001
I1013 08:02:13.299127 140500524488448 logging_writer.py:48] [24500] global_step=24500, grad_norm=0.7656955122947693, loss=1.4856549501419067
I1013 08:08:33.254384 140500532881152 logging_writer.py:48] [25000] global_step=25000, grad_norm=0.7519541382789612, loss=1.483593225479126
I1013 08:15:01.737760 140500524488448 logging_writer.py:48] [25500] global_step=25500, grad_norm=0.6771957278251648, loss=1.4170286655426025
I1013 08:21:34.949120 140500532881152 logging_writer.py:48] [26000] global_step=26000, grad_norm=0.692046046257019, loss=1.4844340085983276
I1013 08:25:21.331167 140673456789312 spec.py:321] Evaluating on the training split.
I1013 08:26:14.654712 140673456789312 spec.py:333] Evaluating on the validation split.
I1013 08:27:03.952650 140673456789312 spec.py:349] Evaluating on the test split.
I1013 08:27:28.724126 140673456789312 submission_runner.py:393] Time since start: 22178.97s, 	Step: 26302, 	{'train/ctc_loss': Array(0.2906842, dtype=float32), 'train/wer': 0.10294645496389511, 'validation/ctc_loss': Array(0.56886786, dtype=float32), 'validation/wer': 0.16756615851009393, 'validation/num_examples': 5348, 'test/ctc_loss': Array(0.34685555, dtype=float32), 'test/wer': 0.11388702699408933, 'test/num_examples': 2472, 'score': 20239.755044221878, 'total_duration': 22178.966100931168, 'accumulated_submission_time': 20239.755044221878, 'accumulated_eval_time': 1937.356656074524, 'accumulated_logging_time': 0.7264351844787598}
I1013 08:27:28.759835 140500241041152 logging_writer.py:48] [26302] accumulated_eval_time=1937.356656, accumulated_logging_time=0.726435, accumulated_submission_time=20239.755044, global_step=26302, preemption_count=0, score=20239.755044, test/ctc_loss=0.3468555510044098, test/num_examples=2472, test/wer=0.113887, total_duration=22178.966101, train/ctc_loss=0.29068419337272644, train/wer=0.102946, validation/ctc_loss=0.5688678622245789, validation/num_examples=5348, validation/wer=0.167566
I1013 08:29:58.616582 140500232648448 logging_writer.py:48] [26500] global_step=26500, grad_norm=0.7578094005584717, loss=1.4379302263259888
I1013 08:36:19.133663 140500241041152 logging_writer.py:48] [27000] global_step=27000, grad_norm=0.7950414419174194, loss=1.4938257932662964
I1013 08:42:39.311459 140500232648448 logging_writer.py:48] [27500] global_step=27500, grad_norm=0.8681051731109619, loss=1.4379240274429321
I1013 08:49:17.666508 140500241041152 logging_writer.py:48] [28000] global_step=28000, grad_norm=0.7536419034004211, loss=1.4306284189224243
I1013 08:51:29.322027 140673456789312 spec.py:321] Evaluating on the training split.
I1013 08:52:22.970071 140673456789312 spec.py:333] Evaluating on the validation split.
I1013 08:53:12.171480 140673456789312 spec.py:349] Evaluating on the test split.
I1013 08:53:37.119857 140673456789312 submission_runner.py:393] Time since start: 23747.36s, 	Step: 28176, 	{'train/ctc_loss': Array(0.27847216, dtype=float32), 'train/wer': 0.09994000886825426, 'validation/ctc_loss': Array(0.55278903, dtype=float32), 'validation/wer': 0.1636560240207768, 'validation/num_examples': 5348, 'test/ctc_loss': Array(0.3358176, dtype=float32), 'test/wer': 0.11155119533646132, 'test/num_examples': 2472, 'score': 21680.22256922722, 'total_duration': 23747.363839149475, 'accumulated_submission_time': 21680.22256922722, 'accumulated_eval_time': 2065.1480174064636, 'accumulated_logging_time': 0.780937910079956}
I1013 08:53:37.158983 140500317841152 logging_writer.py:48] [28176] accumulated_eval_time=2065.148017, accumulated_logging_time=0.780938, accumulated_submission_time=21680.222569, global_step=28176, preemption_count=0, score=21680.222569, test/ctc_loss=0.3358176052570343, test/num_examples=2472, test/wer=0.111551, total_duration=23747.363839, train/ctc_loss=0.2784721553325653, train/wer=0.099940, validation/ctc_loss=0.552789032459259, validation/num_examples=5348, validation/wer=0.163656
I1013 08:57:41.560200 140500309448448 logging_writer.py:48] [28500] global_step=28500, grad_norm=0.8276407718658447, loss=1.3604580163955688
I1013 09:04:07.158674 140499990161152 logging_writer.py:48] [29000] global_step=29000, grad_norm=0.8898130655288696, loss=1.4016931056976318
I1013 09:10:23.746364 140499981768448 logging_writer.py:48] [29500] global_step=29500, grad_norm=0.6434245109558105, loss=1.4161800146102905
I1013 09:17:03.423469 140500317841152 logging_writer.py:48] [30000] global_step=30000, grad_norm=0.7306488752365112, loss=1.3663311004638672
I1013 09:17:37.731298 140673456789312 spec.py:321] Evaluating on the training split.
I1013 09:18:31.737554 140673456789312 spec.py:333] Evaluating on the validation split.
I1013 09:19:21.000415 140673456789312 spec.py:349] Evaluating on the test split.
