I0502 00:10:57.302081 139985718949696 submission_runner.py:415] Time since start: 7536.96s, 	Step: 15732, 	{'train/accuracy': 0.03847656026482582, 'train/loss': 5.756903171539307, 'validation/accuracy': 0.03641999885439873, 'validation/loss': 5.786839962005615, 'validation/num_examples': 50000, 'test/accuracy': 0.029500002041459084, 'test/loss': 5.902904033660889, 'test/num_examples': 10000, 'score': 7214.822942972183, 'total_duration': 7536.961553573608, 'accumulated_submission_time': 7214.822942972183, 'accumulated_eval_time': 321.27693605422974, 'accumulated_logging_time': 0.5539584159851074}
I0502 00:10:57.317677 139758386779904 logging_writer.py:48] [15732] accumulated_eval_time=321.276936, accumulated_logging_time=0.553958, accumulated_submission_time=7214.822943, global_step=15732, preemption_count=0, score=7214.822943, test/accuracy=0.029500, test/loss=5.902904, test/num_examples=10000, total_duration=7536.961554, train/accuracy=0.038477, train/loss=5.756903, validation/accuracy=0.036420, validation/loss=5.786840, validation/num_examples=50000
I0502 00:11:29.496730 139758302918400 logging_writer.py:48] [15800] global_step=15800, grad_norm=0.6437731981277466, loss=6.12530517578125
I0502 00:12:15.316673 139758386779904 logging_writer.py:48] [15900] global_step=15900, grad_norm=0.6770129203796387, loss=6.147876739501953
I0502 00:13:01.028506 139758302918400 logging_writer.py:48] [16000] global_step=16000, grad_norm=0.7562774419784546, loss=6.139303684234619
I0502 00:13:46.843506 139758386779904 logging_writer.py:48] [16100] global_step=16100, grad_norm=0.5663551688194275, loss=6.4952168464660645
I0502 00:14:32.557732 139758302918400 logging_writer.py:48] [16200] global_step=16200, grad_norm=0.6447330117225647, loss=6.110673904418945
I0502 00:15:18.356076 139758386779904 logging_writer.py:48] [16300] global_step=16300, grad_norm=0.6740162968635559, loss=6.078279495239258
I0502 00:16:04.122163 139758302918400 logging_writer.py:48] [16400] global_step=16400, grad_norm=0.6084292531013489, loss=6.4215240478515625
I0502 00:16:50.708884 139758386779904 logging_writer.py:48] [16500] global_step=16500, grad_norm=0.6510406136512756, loss=6.259418487548828
I0502 00:17:36.545137 139758302918400 logging_writer.py:48] [16600] global_step=16600, grad_norm=0.7660781145095825, loss=6.097846508026123
I0502 00:17:57.617650 139985718949696 spec.py:298] Evaluating on the training split.
I0502 00:18:07.277073 139985718949696 spec.py:310] Evaluating on the validation split.
I0502 00:18:15.235847 139985718949696 spec.py:326] Evaluating on the test split.
I0502 00:18:16.968626 139985718949696 submission_runner.py:415] Time since start: 7976.63s, 	Step: 16647, 	{'train/accuracy': 0.05453125014901161, 'train/loss': 5.520346641540527, 'validation/accuracy': 0.05297999829053879, 'validation/loss': 5.546545028686523, 'validation/num_examples': 50000, 'test/accuracy': 0.04200000315904617, 'test/loss': 5.695729732513428, 'test/num_examples': 10000, 'score': 7635.063677787781, 'total_duration': 7976.628078222275, 'accumulated_submission_time': 7635.063677787781, 'accumulated_eval_time': 340.6278612613678, 'accumulated_logging_time': 0.6102526187896729}
I0502 00:18:16.986509 139758386779904 logging_writer.py:48] [16647] accumulated_eval_time=340.627861, accumulated_logging_time=0.610253, accumulated_submission_time=7635.063678, global_step=16647, preemption_count=0, score=7635.063678, test/accuracy=0.042000, test/loss=5.695730, test/num_examples=10000, total_duration=7976.628078, train/accuracy=0.054531, train/loss=5.520347, validation/accuracy=0.052980, validation/loss=5.546545, validation/num_examples=50000
I0502 00:18:42.324463 139758302918400 logging_writer.py:48] [16700] global_step=16700, grad_norm=0.6173660159111023, loss=6.182088851928711
I0502 00:19:28.216968 139758386779904 logging_writer.py:48] [16800] global_step=16800, grad_norm=0.5653017163276672, loss=6.5678253173828125
I0502 00:20:13.741012 139758302918400 logging_writer.py:48] [16900] global_step=16900, grad_norm=0.6406274437904358, loss=6.46104097366333
I0502 00:20:59.136697 139758386779904 logging_writer.py:48] [17000] global_step=17000, grad_norm=0.7320423722267151, loss=5.9262003898620605
I0502 00:21:44.777705 139758302918400 logging_writer.py:48] [17100] global_step=17100, grad_norm=0.7273412346839905, loss=6.003969192504883
I0502 00:22:30.386487 139758386779904 logging_writer.py:48] [17200] global_step=17200, grad_norm=0.7371804118156433, loss=5.902490615844727
I0502 00:23:16.295012 139758302918400 logging_writer.py:48] [17300] global_step=17300, grad_norm=0.7792418599128723, loss=6.052150726318359
I0502 00:24:02.202894 139758386779904 logging_writer.py:48] [17400] global_step=17400, grad_norm=0.6580854654312134, loss=6.222383499145508
I0502 00:24:48.674431 139758302918400 logging_writer.py:48] [17500] global_step=17500, grad_norm=0.8891423940658569, loss=5.847095966339111
I0502 00:25:17.067508 139985718949696 spec.py:298] Evaluating on the training split.
I0502 00:25:26.842047 139985718949696 spec.py:310] Evaluating on the validation split.
I0502 00:25:35.265430 139985718949696 spec.py:326] Evaluating on the test split.
I0502 00:25:36.989968 139985718949696 submission_runner.py:415] Time since start: 8416.65s, 	Step: 17563, 	{'train/accuracy': 0.07349608838558197, 'train/loss': 5.310449600219727, 'validation/accuracy': 0.06675999611616135, 'validation/loss': 5.352139949798584, 'validation/num_examples': 50000, 'test/accuracy': 0.052400004118680954, 'test/loss': 5.5176520347595215, 'test/num_examples': 10000, 'score': 8055.113179206848, 'total_duration': 8416.649431705475, 'accumulated_submission_time': 8055.113179206848, 'accumulated_eval_time': 360.55031657218933, 'accumulated_logging_time': 0.6408324241638184}
I0502 00:25:37.008587 139758386779904 logging_writer.py:48] [17563] accumulated_eval_time=360.550317, accumulated_logging_time=0.640832, accumulated_submission_time=8055.113179, global_step=17563, preemption_count=0, score=8055.113179, test/accuracy=0.052400, test/loss=5.517652, test/num_examples=10000, total_duration=8416.649432, train/accuracy=0.073496, train/loss=5.310450, validation/accuracy=0.066760, validation/loss=5.352140, validation/num_examples=50000
I0502 00:25:55.295058 139758302918400 logging_writer.py:48] [17600] global_step=17600, grad_norm=0.8381548523902893, loss=5.890196800231934
I0502 00:26:41.441263 139758386779904 logging_writer.py:48] [17700] global_step=17700, grad_norm=0.7850024104118347, loss=5.840459823608398
I0502 00:27:27.421178 139758302918400 logging_writer.py:48] [17800] global_step=17800, grad_norm=0.6328697204589844, loss=6.594515323638916
I0502 00:28:13.134683 139758386779904 logging_writer.py:48] [17900] global_step=17900, grad_norm=0.7462328672409058, loss=5.902547836303711
I0502 00:28:58.881398 139758302918400 logging_writer.py:48] [18000] global_step=18000, grad_norm=0.6451008915901184, loss=6.578506946563721
I0502 00:29:44.752840 139758386779904 logging_writer.py:48] [18100] global_step=18100, grad_norm=0.9789767265319824, loss=5.841488838195801
I0502 00:30:30.486346 139758302918400 logging_writer.py:48] [18200] global_step=18200, grad_norm=0.8073418736457825, loss=5.8045334815979
I0502 00:31:16.333954 139758386779904 logging_writer.py:48] [18300] global_step=18300, grad_norm=0.6296516060829163, loss=6.435031414031982
I0502 00:32:02.014510 139758302918400 logging_writer.py:48] [18400] global_step=18400, grad_norm=0.6978539228439331, loss=6.463181495666504
I0502 00:32:37.223376 139985718949696 spec.py:298] Evaluating on the training split.
I0502 00:32:46.723596 139985718949696 spec.py:310] Evaluating on the validation split.
I0502 00:32:55.276940 139985718949696 spec.py:326] Evaluating on the test split.
I0502 00:32:57.016488 139985718949696 submission_runner.py:415] Time since start: 8856.67s, 	Step: 18477, 	{'train/accuracy': 0.0935351550579071, 'train/loss': 5.113314628601074, 'validation/accuracy': 0.08619999885559082, 'validation/loss': 5.15183162689209, 'validation/num_examples': 50000, 'test/accuracy': 0.06620000302791595, 'test/loss': 5.359890937805176, 'test/num_examples': 10000, 'score': 8475.274995326996, 'total_duration': 8856.66515469551, 'accumulated_submission_time': 8475.274995326996, 'accumulated_eval_time': 380.33263206481934, 'accumulated_logging_time': 0.6940550804138184}
I0502 00:32:57.035410 139758386779904 logging_writer.py:48] [18477] accumulated_eval_time=380.332632, accumulated_logging_time=0.694055, accumulated_submission_time=8475.274995, global_step=18477, preemption_count=0, score=8475.274995, test/accuracy=0.066200, test/loss=5.359891, test/num_examples=10000, total_duration=8856.665155, train/accuracy=0.093535, train/loss=5.113315, validation/accuracy=0.086200, validation/loss=5.151832, validation/num_examples=50000
I0502 00:33:08.587806 139758302918400 logging_writer.py:48] [18500] global_step=18500, grad_norm=0.7241341471672058, loss=6.498069763183594
I0502 00:33:55.099002 139758386779904 logging_writer.py:48] [18600] global_step=18600, grad_norm=0.797296941280365, loss=5.71583366394043
I0502 00:34:41.102676 139758302918400 logging_writer.py:48] [18700] global_step=18700, grad_norm=1.009987235069275, loss=5.791073799133301
I0502 00:35:26.999141 139758386779904 logging_writer.py:48] [18800] global_step=18800, grad_norm=0.8115032315254211, loss=5.737992763519287
I0502 00:36:13.006077 139758302918400 logging_writer.py:48] [18900] global_step=18900, grad_norm=0.8281052708625793, loss=6.244091987609863
I0502 00:36:59.167008 139758386779904 logging_writer.py:48] [19000] global_step=19000, grad_norm=0.7835882306098938, loss=5.767659664154053
I0502 00:37:44.899020 139758302918400 logging_writer.py:48] [19100] global_step=19100, grad_norm=0.8027037382125854, loss=5.639796257019043
I0502 00:38:30.873392 139758386779904 logging_writer.py:48] [19200] global_step=19200, grad_norm=0.8877454400062561, loss=5.697988510131836
I0502 00:39:16.895939 139758302918400 logging_writer.py:48] [19300] global_step=19300, grad_norm=0.7634671330451965, loss=6.314820766448975
I0502 00:39:57.123317 139985718949696 spec.py:298] Evaluating on the training split.
I0502 00:40:07.433606 139985718949696 spec.py:310] Evaluating on the validation split.
I0502 00:40:15.939440 139985718949696 spec.py:326] Evaluating on the test split.
I0502 00:40:17.684608 139985718949696 submission_runner.py:415] Time since start: 9297.33s, 	Step: 19389, 	{'train/accuracy': 0.11347655951976776, 'train/loss': 4.906436443328857, 'validation/accuracy': 0.10415999591350555, 'validation/loss': 4.951474666595459, 'validation/num_examples': 50000, 'test/accuracy': 0.08130000531673431, 'test/loss': 5.182310581207275, 'test/num_examples': 10000, 'score': 8895.328304290771, 'total_duration': 9297.334980487823, 'accumulated_submission_time': 8895.328304290771, 'accumulated_eval_time': 400.88481545448303, 'accumulated_logging_time': 0.7288496494293213}
I0502 00:40:17.707514 139758386779904 logging_writer.py:48] [19389] accumulated_eval_time=400.884815, accumulated_logging_time=0.728850, accumulated_submission_time=8895.328304, global_step=19389, preemption_count=0, score=8895.328304, test/accuracy=0.081300, test/loss=5.182311, test/num_examples=10000, total_duration=9297.334980, train/accuracy=0.113477, train/loss=4.906436, validation/accuracy=0.104160, validation/loss=4.951475, validation/num_examples=50000
I0502 00:40:23.511242 139758302918400 logging_writer.py:48] [19400] global_step=19400, grad_norm=0.8060910105705261, loss=5.666854381561279
I0502 00:41:10.203830 139758386779904 logging_writer.py:48] [19500] global_step=19500, grad_norm=0.7732776999473572, loss=5.625032424926758
I0502 00:41:56.415246 139758302918400 logging_writer.py:48] [19600] global_step=19600, grad_norm=0.8155380487442017, loss=5.727260589599609
I0502 00:42:42.306468 139758386779904 logging_writer.py:48] [19700] global_step=19700, grad_norm=1.05254065990448, loss=5.537300109863281
I0502 00:43:28.050437 139758302918400 logging_writer.py:48] [19800] global_step=19800, grad_norm=0.8386049270629883, loss=5.480841636657715
I0502 00:44:13.973882 139758386779904 logging_writer.py:48] [19900] global_step=19900, grad_norm=0.9076865911483765, loss=5.597660064697266
I0502 00:44:59.834552 139758302918400 logging_writer.py:48] [20000] global_step=20000, grad_norm=0.9714471101760864, loss=5.602977752685547
I0502 00:45:45.577706 139758386779904 logging_writer.py:48] [20100] global_step=20100, grad_norm=1.0755889415740967, loss=5.494285583496094
I0502 00:46:31.369709 139758302918400 logging_writer.py:48] [20200] global_step=20200, grad_norm=0.6971429586410522, loss=6.521095275878906
I0502 00:47:17.533885 139758386779904 logging_writer.py:48] [20300] global_step=20300, grad_norm=0.7915282845497131, loss=5.641360282897949
I0502 00:47:17.985342 139985718949696 spec.py:298] Evaluating on the training split.
I0502 00:47:28.466731 139985718949696 spec.py:310] Evaluating on the validation split.
I0502 00:47:37.326703 139985718949696 spec.py:326] Evaluating on the test split.
I0502 00:47:39.079095 139985718949696 submission_runner.py:415] Time since start: 9738.73s, 	Step: 20302, 	{'train/accuracy': 0.1340624988079071, 'train/loss': 4.724271774291992, 'validation/accuracy': 0.12409999966621399, 'validation/loss': 4.783267498016357, 'validation/num_examples': 50000, 'test/accuracy': 0.1007000058889389, 'test/loss': 5.04459285736084, 'test/num_examples': 10000, 'score': 9315.569348096848, 'total_duration': 9738.731276273727, 'accumulated_submission_time': 9315.569348096848, 'accumulated_eval_time': 421.971239566803, 'accumulated_logging_time': 0.7700347900390625}
I0502 00:47:39.097304 139758302918400 logging_writer.py:48] [20302] accumulated_eval_time=421.971240, accumulated_logging_time=0.770035, accumulated_submission_time=9315.569348, global_step=20302, preemption_count=0, score=9315.569348, test/accuracy=0.100700, test/loss=5.044593, test/num_examples=10000, total_duration=9738.731276, train/accuracy=0.134062, train/loss=4.724272, validation/accuracy=0.124100, validation/loss=4.783267, validation/num_examples=50000
I0502 00:48:25.570935 139758386779904 logging_writer.py:48] [20400] global_step=20400, grad_norm=0.8916990756988525, loss=5.491175651550293
I0502 00:49:11.857630 139758302918400 logging_writer.py:48] [20500] global_step=20500, grad_norm=0.8890467286109924, loss=5.460972785949707
I0502 00:49:57.743608 139758386779904 logging_writer.py:48] [20600] global_step=20600, grad_norm=0.7284297347068787, loss=6.476830005645752
I0502 00:50:43.671448 139758302918400 logging_writer.py:48] [20700] global_step=20700, grad_norm=0.7918002605438232, loss=6.144053936004639
I0502 00:51:29.542814 139758386779904 logging_writer.py:48] [20800] global_step=20800, grad_norm=1.033349871635437, loss=5.407866954803467
I0502 00:52:15.461482 139758302918400 logging_writer.py:48] [20900] global_step=20900, grad_norm=1.1281036138534546, loss=5.529259204864502
I0502 00:53:01.207082 139758386779904 logging_writer.py:48] [21000] global_step=21000, grad_norm=1.0213569402694702, loss=5.356630325317383
I0502 00:53:47.007380 139758302918400 logging_writer.py:48] [21100] global_step=21100, grad_norm=0.9538618326187134, loss=5.366150379180908
I0502 00:54:32.796603 139758386779904 logging_writer.py:48] [21200] global_step=21200, grad_norm=0.8956856727600098, loss=5.768935680389404
I0502 00:54:39.269792 139985718949696 spec.py:298] Evaluating on the training split.
I0502 00:54:49.873357 139985718949696 spec.py:310] Evaluating on the validation split.
I0502 00:54:58.226951 139985718949696 spec.py:326] Evaluating on the test split.
I0502 00:54:59.973765 139985718949696 submission_runner.py:415] Time since start: 10179.63s, 	Step: 21215, 	{'train/accuracy': 0.1669921875, 'train/loss': 4.492825031280518, 'validation/accuracy': 0.15060000121593475, 'validation/loss': 4.573497295379639, 'validation/num_examples': 50000, 'test/accuracy': 0.11550000309944153, 'test/loss': 4.872710704803467, 'test/num_examples': 10000, 'score': 9735.70060300827, 'total_duration': 10179.627565860748, 'accumulated_submission_time': 9735.70060300827, 'accumulated_eval_time': 442.6695284843445, 'accumulated_logging_time': 0.8109028339385986}
I0502 00:54:59.997313 139758302918400 logging_writer.py:48] [21215] accumulated_eval_time=442.669528, accumulated_logging_time=0.810903, accumulated_submission_time=9735.700603, global_step=21215, preemption_count=0, score=9735.700603, test/accuracy=0.115500, test/loss=4.872711, test/num_examples=10000, total_duration=10179.627566, train/accuracy=0.166992, train/loss=4.492825, validation/accuracy=0.150600, validation/loss=4.573497, validation/num_examples=50000
I0502 00:55:40.289044 139758386779904 logging_writer.py:48] [21300] global_step=21300, grad_norm=0.7914204597473145, loss=6.050711154937744
I0502 00:56:26.349394 139758302918400 logging_writer.py:48] [21400] global_step=21400, grad_norm=1.0933600664138794, loss=5.302413463592529
I0502 00:57:12.315434 139758386779904 logging_writer.py:48] [21500] global_step=21500, grad_norm=0.9399004578590393, loss=5.379623889923096
I0502 00:57:58.686357 139758302918400 logging_writer.py:48] [21600] global_step=21600, grad_norm=0.7143374681472778, loss=6.471144676208496
I0502 00:58:44.659244 139758386779904 logging_writer.py:48] [21700] global_step=21700, grad_norm=0.9727265238761902, loss=5.46724796295166
I0502 00:59:30.776307 139758302918400 logging_writer.py:48] [21800] global_step=21800, grad_norm=1.0783318281173706, loss=5.262448310852051
I0502 01:00:16.620415 139758386779904 logging_writer.py:48] [21900] global_step=21900, grad_norm=0.8763551115989685, loss=6.051217079162598
I0502 01:01:02.504799 139758302918400 logging_writer.py:48] [22000] global_step=22000, grad_norm=0.9562700986862183, loss=5.32853889465332
I0502 01:01:48.498930 139758386779904 logging_writer.py:48] [22100] global_step=22100, grad_norm=0.9577153325080872, loss=5.175839424133301
I0502 01:02:00.359025 139985718949696 spec.py:298] Evaluating on the training split.
I0502 01:02:09.906071 139985718949696 spec.py:310] Evaluating on the validation split.
I0502 01:02:19.412489 139985718949696 spec.py:326] Evaluating on the test split.
I0502 01:02:21.142703 139985718949696 submission_runner.py:415] Time since start: 10620.80s, 	Step: 22127, 	{'train/accuracy': 0.18605467677116394, 'train/loss': 4.303596496582031, 'validation/accuracy': 0.17387999594211578, 'validation/loss': 4.3748369216918945, 'validation/num_examples': 50000, 'test/accuracy': 0.1340000033378601, 'test/loss': 4.688068866729736, 'test/num_examples': 10000, 'score': 10156.019765615463, 'total_duration': 10620.801187753677, 'accumulated_submission_time': 10156.019765615463, 'accumulated_eval_time': 463.4522132873535, 'accumulated_logging_time': 0.8583340644836426}
I0502 01:02:21.156270 139758302918400 logging_writer.py:48] [22127] accumulated_eval_time=463.452213, accumulated_logging_time=0.858334, accumulated_submission_time=10156.019766, global_step=22127, preemption_count=0, score=10156.019766, test/accuracy=0.134000, test/loss=4.688069, test/num_examples=10000, total_duration=10620.801188, train/accuracy=0.186055, train/loss=4.303596, validation/accuracy=0.173880, validation/loss=4.374837, validation/num_examples=50000
I0502 01:02:55.624904 139758386779904 logging_writer.py:48] [22200] global_step=22200, grad_norm=0.9564436078071594, loss=5.352514743804932
I0502 01:03:41.780546 139758302918400 logging_writer.py:48] [22300] global_step=22300, grad_norm=0.8116242289543152, loss=5.282059192657471
I0502 01:04:27.370416 139758386779904 logging_writer.py:48] [22400] global_step=22400, grad_norm=0.9521466493606567, loss=5.194684982299805
I0502 01:05:13.102691 139758302918400 logging_writer.py:48] [22500] global_step=22500, grad_norm=1.1839901208877563, loss=5.1770830154418945
I0502 01:05:59.210195 139758386779904 logging_writer.py:48] [22600] global_step=22600, grad_norm=0.9531626105308533, loss=5.077528476715088
I0502 01:06:45.001842 139758302918400 logging_writer.py:48] [22700] global_step=22700, grad_norm=0.9935293793678284, loss=5.678896903991699
I0502 01:07:30.717828 139758386779904 logging_writer.py:48] [22800] global_step=22800, grad_norm=1.171992301940918, loss=5.129392147064209
I0502 01:08:16.598442 139758302918400 logging_writer.py:48] [22900] global_step=22900, grad_norm=0.880057692527771, loss=6.351154327392578
I0502 01:09:02.187519 139758386779904 logging_writer.py:48] [23000] global_step=23000, grad_norm=0.8230978846549988, loss=6.326313495635986
I0502 01:09:21.389045 139985718949696 spec.py:298] Evaluating on the training split.
I0502 01:09:29.419688 139985718949696 spec.py:310] Evaluating on the validation split.
I0502 01:09:39.182732 139985718949696 spec.py:326] Evaluating on the test split.
I0502 01:09:40.927901 139985718949696 submission_runner.py:415] Time since start: 11060.59s, 	Step: 23043, 	{'train/accuracy': 0.2113085836172104, 'train/loss': 4.099295616149902, 'validation/accuracy': 0.20031999051570892, 'validation/loss': 4.17698335647583, 'validation/num_examples': 50000, 'test/accuracy': 0.15560001134872437, 'test/loss': 4.518993377685547, 'test/num_examples': 10000, 'score': 10576.22094798088, 'total_duration': 11060.586032390594, 'accumulated_submission_time': 10576.22094798088, 'accumulated_eval_time': 482.98971581459045, 'accumulated_logging_time': 0.8849108219146729}
I0502 01:09:40.947194 139758302918400 logging_writer.py:48] [23043] accumulated_eval_time=482.989716, accumulated_logging_time=0.884911, accumulated_submission_time=10576.220948, global_step=23043, preemption_count=0, score=10576.220948, test/accuracy=0.155600, test/loss=4.518993, test/num_examples=10000, total_duration=11060.586032, train/accuracy=0.211309, train/loss=4.099296, validation/accuracy=0.200320, validation/loss=4.176983, validation/num_examples=50000
I0502 01:10:08.111812 139758386779904 logging_writer.py:48] [23100] global_step=23100, grad_norm=1.0531965494155884, loss=5.151101112365723
I0502 01:10:54.287371 139758302918400 logging_writer.py:48] [23200] global_step=23200, grad_norm=1.1763216257095337, loss=5.254220008850098
I0502 01:11:40.047147 139758386779904 logging_writer.py:48] [23300] global_step=23300, grad_norm=1.0720564126968384, loss=5.048816680908203
I0502 01:12:26.157056 139758302918400 logging_writer.py:48] [23400] global_step=23400, grad_norm=0.8672148585319519, loss=5.383194923400879
I0502 01:13:12.157198 139758386779904 logging_writer.py:48] [23500] global_step=23500, grad_norm=0.8001561760902405, loss=6.360879421234131
I0502 01:13:58.451502 139758302918400 logging_writer.py:48] [23600] global_step=23600, grad_norm=0.8885576128959656, loss=5.767280101776123
I0502 01:14:44.388845 139758386779904 logging_writer.py:48] [23700] global_step=23700, grad_norm=1.0590789318084717, loss=5.2029290199279785
I0502 01:15:30.052347 139758302918400 logging_writer.py:48] [23800] global_step=23800, grad_norm=1.2118743658065796, loss=5.135852813720703
I0502 01:16:15.801659 139758386779904 logging_writer.py:48] [23900] global_step=23900, grad_norm=1.0142618417739868, loss=5.337015151977539
I0502 01:16:41.098451 139985718949696 spec.py:298] Evaluating on the training split.
I0502 01:16:48.992453 139985718949696 spec.py:310] Evaluating on the validation split.
I0502 01:16:58.767688 139985718949696 spec.py:326] Evaluating on the test split.
I0502 01:17:00.491602 139985718949696 submission_runner.py:415] Time since start: 11500.15s, 	Step: 23956, 	{'train/accuracy': 0.23869140446186066, 'train/loss': 3.954511880874634, 'validation/accuracy': 0.21701999008655548, 'validation/loss': 4.059271335601807, 'validation/num_examples': 50000, 'test/accuracy': 0.1615000069141388, 'test/loss': 4.447052001953125, 'test/num_examples': 10000, 'score': 10996.339548110962, 'total_duration': 11500.149591684341, 'accumulated_submission_time': 10996.339548110962, 'accumulated_eval_time': 502.38133811950684, 'accumulated_logging_time': 0.9184000492095947}
I0502 01:17:00.511961 139758302918400 logging_writer.py:48] [23956] accumulated_eval_time=502.381338, accumulated_logging_time=0.918400, accumulated_submission_time=10996.339548, global_step=23956, preemption_count=0, score=10996.339548, test/accuracy=0.161500, test/loss=4.447052, test/num_examples=10000, total_duration=11500.149592, train/accuracy=0.238691, train/loss=3.954512, validation/accuracy=0.217020, validation/loss=4.059271, validation/num_examples=50000
I0502 01:17:21.782576 139758386779904 logging_writer.py:48] [24000] global_step=24000, grad_norm=1.1100366115570068, loss=5.00653076171875
I0502 01:18:08.156387 139758302918400 logging_writer.py:48] [24100] global_step=24100, grad_norm=0.8823668956756592, loss=5.733781337738037
I0502 01:18:54.107861 139758386779904 logging_writer.py:48] [24200] global_step=24200, grad_norm=0.7119519710540771, loss=6.338906764984131
I0502 01:19:39.936634 139758302918400 logging_writer.py:48] [24300] global_step=24300, grad_norm=0.9979604482650757, loss=5.552962303161621
I0502 01:20:25.618094 139758386779904 logging_writer.py:48] [24400] global_step=24400, grad_norm=0.8776686191558838, loss=6.300815105438232
I0502 01:21:11.405119 139758302918400 logging_writer.py:48] [24500] global_step=24500, grad_norm=1.0544146299362183, loss=4.999795436859131
I0502 01:21:57.521117 139758386779904 logging_writer.py:48] [24600] global_step=24600, grad_norm=0.7561739087104797, loss=5.94065523147583
I0502 01:22:43.689502 139758302918400 logging_writer.py:48] [24700] global_step=24700, grad_norm=1.1132738590240479, loss=4.962490081787109
I0502 01:23:29.668438 139758386779904 logging_writer.py:48] [24800] global_step=24800, grad_norm=0.9146670699119568, loss=6.345283031463623
I0502 01:24:00.746866 139985718949696 spec.py:298] Evaluating on the training split.
I0502 01:24:08.984314 139985718949696 spec.py:310] Evaluating on the validation split.
I0502 01:24:18.857558 139985718949696 spec.py:326] Evaluating on the test split.
I0502 01:24:20.590652 139985718949696 submission_runner.py:415] Time since start: 11940.25s, 	Step: 24869, 	{'train/accuracy': 0.26126953959465027, 'train/loss': 3.7425291538238525, 'validation/accuracy': 0.24473999440670013, 'validation/loss': 3.8421661853790283, 'validation/num_examples': 50000, 'test/accuracy': 0.18380001187324524, 'test/loss': 4.258681297302246, 'test/num_examples': 10000, 'score': 11416.541731834412, 'total_duration': 11940.249184846878, 'accumulated_submission_time': 11416.541731834412, 'accumulated_eval_time': 522.2241768836975, 'accumulated_logging_time': 0.9525105953216553}
I0502 01:24:20.604464 139758302918400 logging_writer.py:48] [24869] accumulated_eval_time=522.224177, accumulated_logging_time=0.952511, accumulated_submission_time=11416.541732, global_step=24869, preemption_count=0, score=11416.541732, test/accuracy=0.183800, test/loss=4.258681, test/num_examples=10000, total_duration=11940.249185, train/accuracy=0.261270, train/loss=3.742529, validation/accuracy=0.244740, validation/loss=3.842166, validation/num_examples=50000
I0502 01:24:35.749294 139758386779904 logging_writer.py:48] [24900] global_step=24900, grad_norm=1.0544246435165405, loss=4.982049942016602
I0502 01:25:21.680062 139758302918400 logging_writer.py:48] [25000] global_step=25000, grad_norm=0.8965173959732056, loss=6.024891376495361
I0502 01:26:07.363614 139758386779904 logging_writer.py:48] [25100] global_step=25100, grad_norm=1.107765555381775, loss=4.929478645324707
I0502 01:26:53.236230 139758302918400 logging_writer.py:48] [25200] global_step=25200, grad_norm=1.1041234731674194, loss=4.87536096572876
I0502 01:27:39.124246 139758386779904 logging_writer.py:48] [25300] global_step=25300, grad_norm=1.1695054769515991, loss=4.857604503631592
I0502 01:28:25.186648 139758302918400 logging_writer.py:48] [25400] global_step=25400, grad_norm=1.0645413398742676, loss=4.875051975250244
I0502 01:29:11.040857 139758386779904 logging_writer.py:48] [25500] global_step=25500, grad_norm=1.2041456699371338, loss=4.811010837554932
I0502 01:29:57.302280 139758302918400 logging_writer.py:48] [25600] global_step=25600, grad_norm=1.0979191064834595, loss=5.012267112731934
I0502 01:30:43.033489 139758386779904 logging_writer.py:48] [25700] global_step=25700, grad_norm=1.1816048622131348, loss=4.9400315284729
I0502 01:31:20.670222 139985718949696 spec.py:298] Evaluating on the training split.
I0502 01:31:28.637419 139985718949696 spec.py:310] Evaluating on the validation split.
I0502 01:31:38.453783 139985718949696 spec.py:326] Evaluating on the test split.
I0502 01:31:40.182153 139985718949696 submission_runner.py:415] Time since start: 12379.84s, 	Step: 25783, 	{'train/accuracy': 0.2789257764816284, 'train/loss': 3.6430723667144775, 'validation/accuracy': 0.2633799910545349, 'validation/loss': 3.73403000831604, 'validation/num_examples': 50000, 'test/accuracy': 0.2006000131368637, 'test/loss': 4.163596153259277, 'test/num_examples': 10000, 'score': 11836.578191518784, 'total_duration': 12379.840129852295, 'accumulated_submission_time': 11836.578191518784, 'accumulated_eval_time': 541.7346119880676, 'accumulated_logging_time': 0.9769608974456787}
I0502 01:31:40.202619 139758302918400 logging_writer.py:48] [25783] accumulated_eval_time=541.734612, accumulated_logging_time=0.976961, accumulated_submission_time=11836.578192, global_step=25783, preemption_count=0, score=11836.578192, test/accuracy=0.200600, test/loss=4.163596, test/num_examples=10000, total_duration=12379.840130, train/accuracy=0.278926, train/loss=3.643072, validation/accuracy=0.263380, validation/loss=3.734030, validation/num_examples=50000
I0502 01:31:48.813325 139758386779904 logging_writer.py:48] [25800] global_step=25800, grad_norm=1.1941906213760376, loss=4.635788440704346
I0502 01:32:35.325650 139758302918400 logging_writer.py:48] [25900] global_step=25900, grad_norm=1.0622564554214478, loss=5.287191390991211
I0502 01:33:21.273431 139758386779904 logging_writer.py:48] [26000] global_step=26000, grad_norm=1.1309678554534912, loss=4.681864261627197
I0502 01:34:07.015820 139758302918400 logging_writer.py:48] [26100] global_step=26100, grad_norm=0.968515157699585, loss=5.259915828704834
I0502 01:34:52.825835 139758386779904 logging_writer.py:48] [26200] global_step=26200, grad_norm=1.0776774883270264, loss=6.32039737701416
I0502 01:35:38.931840 139758302918400 logging_writer.py:48] [26300] global_step=26300, grad_norm=1.0858426094055176, loss=4.936084270477295
I0502 01:36:24.646336 139758386779904 logging_writer.py:48] [26400] global_step=26400, grad_norm=1.2781391143798828, loss=4.809546947479248
I0502 01:37:10.840079 139758302918400 logging_writer.py:48] [26500] global_step=26500, grad_norm=1.026536226272583, loss=5.457529067993164
I0502 01:37:57.348741 139758386779904 logging_writer.py:48] [26600] global_step=26600, grad_norm=1.2400046586990356, loss=4.741820812225342
I0502 01:38:40.533560 139985718949696 spec.py:298] Evaluating on the training split.
I0502 01:38:48.621020 139985718949696 spec.py:310] Evaluating on the validation split.
I0502 01:38:58.455052 139985718949696 spec.py:326] Evaluating on the test split.
I0502 01:39:00.189399 139985718949696 submission_runner.py:415] Time since start: 12819.85s, 	Step: 26695, 	{'train/accuracy': 0.3047265410423279, 'train/loss': 3.473586320877075, 'validation/accuracy': 0.28007999062538147, 'validation/loss': 3.6065399646759033, 'validation/num_examples': 50000, 'test/accuracy': 0.21490001678466797, 'test/loss': 4.067553997039795, 'test/num_examples': 10000, 'score': 12256.875454902649, 'total_duration': 12819.847035884857, 'accumulated_submission_time': 12256.875454902649, 'accumulated_eval_time': 561.3886034488678, 'accumulated_logging_time': 1.0120232105255127}
I0502 01:39:00.210062 139758302918400 logging_writer.py:48] [26695] accumulated_eval_time=561.388603, accumulated_logging_time=1.012023, accumulated_submission_time=12256.875455, global_step=26695, preemption_count=0, score=12256.875455, test/accuracy=0.214900, test/loss=4.067554, test/num_examples=10000, total_duration=12819.847036, train/accuracy=0.304727, train/loss=3.473586, validation/accuracy=0.280080, validation/loss=3.606540, validation/num_examples=50000
I0502 01:39:03.078563 139758386779904 logging_writer.py:48] [26700] global_step=26700, grad_norm=1.2007315158843994, loss=4.664775371551514
I0502 01:39:49.425165 139758302918400 logging_writer.py:48] [26800] global_step=26800, grad_norm=0.888131320476532, loss=5.957973480224609
I0502 01:40:35.623606 139758386779904 logging_writer.py:48] [26900] global_step=26900, grad_norm=1.1962592601776123, loss=4.5613789558410645
I0502 01:41:21.676862 139758302918400 logging_writer.py:48] [27000] global_step=27000, grad_norm=1.1890215873718262, loss=4.6749982833862305
I0502 01:42:07.895421 139758386779904 logging_writer.py:48] [27100] global_step=27100, grad_norm=0.9884095788002014, loss=5.639165878295898
I0502 01:42:53.760044 139758302918400 logging_writer.py:48] [27200] global_step=27200, grad_norm=1.1233912706375122, loss=5.313177108764648
I0502 01:43:39.786165 139758386779904 logging_writer.py:48] [27300] global_step=27300, grad_norm=1.1170017719268799, loss=4.8705058097839355
I0502 01:44:25.611285 139758302918400 logging_writer.py:48] [27400] global_step=27400, grad_norm=1.1071165800094604, loss=4.724869251251221
I0502 01:45:11.611511 139758386779904 logging_writer.py:48] [27500] global_step=27500, grad_norm=1.2264106273651123, loss=4.748507022857666
I0502 01:45:57.362044 139758302918400 logging_writer.py:48] [27600] global_step=27600, grad_norm=1.2933266162872314, loss=4.637942314147949
I0502 01:46:00.588079 139985718949696 spec.py:298] Evaluating on the training split.
I0502 01:46:08.662399 139985718949696 spec.py:310] Evaluating on the validation split.
I0502 01:46:18.402156 139985718949696 spec.py:326] Evaluating on the test split.
I0502 01:46:20.124510 139985718949696 submission_runner.py:415] Time since start: 13259.78s, 	Step: 27608, 	{'train/accuracy': 0.3232421875, 'train/loss': 3.352670431137085, 'validation/accuracy': 0.3027999997138977, 'validation/loss': 3.4646828174591064, 'validation/num_examples': 50000, 'test/accuracy': 0.2297000139951706, 'test/loss': 3.9299354553222656, 'test/num_examples': 10000, 'score': 12677.220152139664, 'total_duration': 13259.782879114151, 'accumulated_submission_time': 12677.220152139664, 'accumulated_eval_time': 580.9238889217377, 'accumulated_logging_time': 1.0475108623504639}
I0502 01:46:20.138804 139758386779904 logging_writer.py:48] [27608] accumulated_eval_time=580.923889, accumulated_logging_time=1.047511, accumulated_submission_time=12677.220152, global_step=27608, preemption_count=0, score=12677.220152, test/accuracy=0.229700, test/loss=3.929935, test/num_examples=10000, total_duration=13259.782879, train/accuracy=0.323242, train/loss=3.352670, validation/accuracy=0.302800, validation/loss=3.464683, validation/num_examples=50000
I0502 01:47:03.940782 139758302918400 logging_writer.py:48] [27700] global_step=27700, grad_norm=1.1991162300109863, loss=4.584865570068359
I0502 01:47:49.959618 139758386779904 logging_writer.py:48] [27800] global_step=27800, grad_norm=1.0756767988204956, loss=4.566934585571289
I0502 01:48:35.775774 139758302918400 logging_writer.py:48] [27900] global_step=27900, grad_norm=1.3742762804031372, loss=4.614507675170898
I0502 01:49:21.393624 139985718949696 spec.py:298] Evaluating on the training split.
I0502 01:49:29.483034 139985718949696 spec.py:310] Evaluating on the validation split.
I0502 01:49:39.334213 139985718949696 spec.py:326] Evaluating on the test split.
I0502 01:49:41.064147 139985718949696 submission_runner.py:415] Time since start: 13460.72s, 	Step: 28000, 	{'train/accuracy': 0.33927732706069946, 'train/loss': 3.3142194747924805, 'validation/accuracy': 0.3077400028705597, 'validation/loss': 3.472968339920044, 'validation/num_examples': 50000, 'test/accuracy': 0.233800008893013, 'test/loss': 3.940352201461792, 'test/num_examples': 10000, 'score': 12858.452586650848, 'total_duration': 13460.722616434097, 'accumulated_submission_time': 12858.452586650848, 'accumulated_eval_time': 600.5933916568756, 'accumulated_logging_time': 1.0756964683532715}
I0502 01:49:41.077297 139758386779904 logging_writer.py:48] [28000] accumulated_eval_time=600.593392, accumulated_logging_time=1.075696, accumulated_submission_time=12858.452587, global_step=28000, preemption_count=0, score=12858.452587, test/accuracy=0.233800, test/loss=3.940352, test/num_examples=10000, total_duration=13460.722616, train/accuracy=0.339277, train/loss=3.314219, validation/accuracy=0.307740, validation/loss=3.472968, validation/num_examples=50000
I0502 01:49:41.101512 139758302918400 logging_writer.py:48] [28000] global_step=28000, preemption_count=0, score=12858.452587
I0502 01:49:41.381398 139985718949696 checkpoints.py:356] Saving checkpoint at step: 28000
I0502 01:49:42.829408 139985718949696 checkpoints.py:317] Saved checkpoint at /experiment_runs/timing_fancy_2/timing_lamb/imagenet_vit_jax/trial_1/checkpoint_28000
I0502 01:49:42.856230 139985718949696 checkpoint_utils.py:240] Saved checkpoint to /experiment_runs/timing_fancy_2/timing_lamb/imagenet_vit_jax/trial_1/checkpoint_28000.
I0502 01:49:43.266814 139985718949696 submission_runner.py:578] Tuning trial 1/1
I0502 01:49:43.267056 139985718949696 submission_runner.py:579] Hyperparameters: Hyperparameters(learning_rate=0.0019814680146414726, one_minus_beta1=0.19395352613343847, beta2=0.999, warmup_factor=0.05, weight_decay=0.002578922011395245, label_smoothing=0.1, dropout_rate=0.0)
