python3 submission_runner.py --framework=jax --workload=imagenet_resnet --submission_path=baselines/shampoo/jax/submission.py --tuning_search_space=baselines/shampoo/tuning_search_space.json --data_dir=/data/imagenet/jax --num_tuning_trials=1 --experiment_dir=/experiment_runs --experiment_name=timing_fancy_2/timing_shampoo --overwrite=True --save_checkpoints=False --max_global_steps=28000 --imagenet_v2_data_dir=/data/imagenet/jax 2>&1 | tee -a /logs/imagenet_resnet_jax_05-01-2023-19-20-26.log
I0501 19:20:48.869476 139795264595776 logger_utils.py:76] Creating experiment directory at /experiment_runs/timing_fancy_2/timing_shampoo/imagenet_resnet_jax.
I0501 19:20:48.975681 139795264595776 xla_bridge.py:345] Unable to initialize backend 'tpu_driver': NOT_FOUND: Unable to find driver in registry given worker: 
I0501 19:20:49.848929 139795264595776 xla_bridge.py:345] Unable to initialize backend 'rocm': NOT_FOUND: Could not find registered platform with name: "rocm". Available platform names are: CUDA Interpreter Host
I0501 19:20:49.849493 139795264595776 xla_bridge.py:345] Unable to initialize backend 'tpu': module 'jaxlib.xla_extension' has no attribute 'get_tpu_client'
I0501 19:20:49.853239 139795264595776 submission_runner.py:538] Using RNG seed 493750475
I0501 19:20:52.429991 139795264595776 submission_runner.py:547] --- Tuning run 1/1 ---
I0501 19:20:52.430217 139795264595776 submission_runner.py:552] Creating tuning directory at /experiment_runs/timing_fancy_2/timing_shampoo/imagenet_resnet_jax/trial_1.
I0501 19:20:52.430518 139795264595776 logger_utils.py:92] Saving hparams to /experiment_runs/timing_fancy_2/timing_shampoo/imagenet_resnet_jax/trial_1/hparams.json.
I0501 19:20:52.553514 139795264595776 submission_runner.py:241] Initializing dataset.
I0501 19:20:52.575250 139795264595776 dataset_info.py:566] Load dataset info from /data/imagenet/jax/imagenet2012/5.1.0
I0501 19:20:52.588676 139795264595776 dataset_info.py:642] Field info.splits from disk and from code do not match. Keeping the one from code.
I0501 19:20:52.588782 139795264595776 dataset_info.py:642] Field info.supervised_keys from disk and from code do not match. Keeping the one from code.
I0501 19:20:52.850085 139795264595776 logging_logger.py:49] Constructing tf.data.Dataset imagenet2012 for split train, from /data/imagenet/jax/imagenet2012/5.1.0
I0501 19:20:53.922096 139795264595776 submission_runner.py:248] Initializing model.
I0501 19:21:05.455935 139795264595776 submission_runner.py:258] Initializing optimizer.
I0501 19:21:20.401264 139795264595776 submission_runner.py:265] Initializing metrics bundle.
I0501 19:21:20.401457 139795264595776 submission_runner.py:282] Initializing checkpoint and logger.
I0501 19:21:20.402434 139795264595776 checkpoints.py:466] Found no checkpoint files in /experiment_runs/timing_fancy_2/timing_shampoo/imagenet_resnet_jax/trial_1 with prefix checkpoint_
I0501 19:21:21.119896 139795264595776 submission_runner.py:303] Saving meta data to /experiment_runs/timing_fancy_2/timing_shampoo/imagenet_resnet_jax/trial_1/meta_data_0.json.
I0501 19:21:21.120779 139795264595776 submission_runner.py:306] Saving flags to /experiment_runs/timing_fancy_2/timing_shampoo/imagenet_resnet_jax/trial_1/flags_0.json.
I0501 19:21:21.125413 139795264595776 submission_runner.py:318] Starting training loop.
/algorithmic-efficiency/baselines/shampoo/jax/distributed_shampoo.py:812: UserWarning: Explicitly requested dtype <class 'jax.numpy.float64'> requested in astype is not available, and will be truncated to dtype float32. To enable more dtypes, set the jax_enable_x64 configuration option or the JAX_ENABLE_X64 shell environment variable. See https://github.com/google/jax#current-gotchas for more.
  matrix = matrix.astype(_MAT_INV_PTH_ROOT_DTYPE)
/algorithmic-efficiency/baselines/shampoo/jax/distributed_shampoo.py:813: UserWarning: Explicitly requested dtype <class 'jax.numpy.float64'> requested in asarray is not available, and will be truncated to dtype float32. To enable more dtypes, set the jax_enable_x64 configuration option or the JAX_ENABLE_X64 shell environment variable. See https://github.com/google/jax#current-gotchas for more.
  alpha = jnp.asarray(-1.0 / p, _MAT_INV_PTH_ROOT_DTYPE)
/algorithmic-efficiency/baselines/shampoo/jax/distributed_shampoo.py:814: UserWarning: Explicitly requested dtype <class 'jax.numpy.float64'> requested in eye is not available, and will be truncated to dtype float32. To enable more dtypes, set the jax_enable_x64 configuration option or the JAX_ENABLE_X64 shell environment variable. See https://github.com/google/jax#current-gotchas for more.
  identity = jnp.eye(matrix_size, dtype=_MAT_INV_PTH_ROOT_DTYPE)
I0501 19:24:25.370571 139617621759744 logging_writer.py:48] [0] global_step=0, grad_norm=0.6001937389373779, loss=6.932651519775391
I0501 19:24:25.436400 139795264595776 spec.py:298] Evaluating on the training split.
I0501 19:24:25.932067 139795264595776 dataset_info.py:566] Load dataset info from /data/imagenet/jax/imagenet2012/5.1.0
I0501 19:24:25.938809 139795264595776 dataset_info.py:642] Field info.splits from disk and from code do not match. Keeping the one from code.
I0501 19:24:25.938927 139795264595776 dataset_info.py:642] Field info.supervised_keys from disk and from code do not match. Keeping the one from code.
I0501 19:24:25.998974 139795264595776 logging_logger.py:49] Constructing tf.data.Dataset imagenet2012 for split train, from /data/imagenet/jax/imagenet2012/5.1.0
I0501 19:24:37.875521 139795264595776 spec.py:310] Evaluating on the validation split.
I0501 19:24:38.602655 139795264595776 dataset_info.py:566] Load dataset info from /data/imagenet/jax/imagenet2012/5.1.0
I0501 19:24:38.633316 139795264595776 dataset_info.py:642] Field info.splits from disk and from code do not match. Keeping the one from code.
I0501 19:24:38.633585 139795264595776 dataset_info.py:642] Field info.supervised_keys from disk and from code do not match. Keeping the one from code.
I0501 19:24:38.682675 139795264595776 logging_logger.py:49] Constructing tf.data.Dataset imagenet2012 for split validation, from /data/imagenet/jax/imagenet2012/5.1.0
I0501 19:24:57.078285 139795264595776 spec.py:326] Evaluating on the test split.
I0501 19:24:57.539444 139795264595776 dataset_info.py:566] Load dataset info from /data/imagenet/jax/imagenet_v2/matched-frequency/3.0.0
I0501 19:24:57.544228 139795264595776 dataset_builder.py:510] Reusing dataset imagenet_v2 (/data/imagenet/jax/imagenet_v2/matched-frequency/3.0.0)
I0501 19:24:57.574360 139795264595776 logging_logger.py:49] Constructing tf.data.Dataset imagenet_v2 for split test, from /data/imagenet/jax/imagenet_v2/matched-frequency/3.0.0
I0501 19:25:07.312267 139795264595776 submission_runner.py:415] Time since start: 226.19s, 	Step: 1, 	{'train/accuracy': 0.0007573341717943549, 'train/loss': 6.912168979644775, 'validation/accuracy': 0.0010400000028312206, 'validation/loss': 6.912391662597656, 'validation/num_examples': 50000, 'test/accuracy': 0.0004000000189989805, 'test/loss': 6.911768913269043, 'test/num_examples': 10000, 'score': 184.3108127117157, 'total_duration': 226.18678855895996, 'accumulated_submission_time': 184.3108127117157, 'accumulated_eval_time': 41.87582302093506, 'accumulated_logging_time': 0}
I0501 19:25:07.328732 139588676855552 logging_writer.py:48] [1] accumulated_eval_time=41.875823, accumulated_logging_time=0, accumulated_submission_time=184.310813, global_step=1, preemption_count=0, score=184.310813, test/accuracy=0.000400, test/loss=6.911769, test/num_examples=10000, total_duration=226.186789, train/accuracy=0.000757, train/loss=6.912169, validation/accuracy=0.001040, validation/loss=6.912392, validation/num_examples=50000
I0501 19:26:16.416236 139588685248256 logging_writer.py:48] [100] global_step=100, grad_norm=0.6576266288757324, loss=6.7320027351379395
I0501 19:27:25.973606 139588676855552 logging_writer.py:48] [200] global_step=200, grad_norm=0.7368889451026917, loss=6.537350177764893
I0501 19:28:35.736994 139588685248256 logging_writer.py:48] [300] global_step=300, grad_norm=0.8015002608299255, loss=6.344843864440918
I0501 19:29:45.941324 139588676855552 logging_writer.py:48] [400] global_step=400, grad_norm=1.1271523237228394, loss=6.145756244659424
I0501 19:30:56.724991 139588685248256 logging_writer.py:48] [500] global_step=500, grad_norm=1.2200746536254883, loss=6.027814865112305
I0501 19:32:07.413043 139588676855552 logging_writer.py:48] [600] global_step=600, grad_norm=1.7171481847763062, loss=5.852299213409424
I0501 19:33:18.185760 139588685248256 logging_writer.py:48] [700] global_step=700, grad_norm=1.8988735675811768, loss=5.654749870300293
I0501 19:33:37.916833 139795264595776 spec.py:298] Evaluating on the training split.
I0501 19:33:44.831278 139795264595776 spec.py:310] Evaluating on the validation split.
I0501 19:33:52.539215 139795264595776 spec.py:326] Evaluating on the test split.
I0501 19:33:54.856222 139795264595776 submission_runner.py:415] Time since start: 753.73s, 	Step: 731, 	{'train/accuracy': 0.08153299987316132, 'train/loss': 5.262387752532959, 'validation/accuracy': 0.07642000168561935, 'validation/loss': 5.31176233291626, 'validation/num_examples': 50000, 'test/accuracy': 0.053700003772974014, 'test/loss': 5.564613342285156, 'test/num_examples': 10000, 'score': 694.8820705413818, 'total_duration': 753.7307419776917, 'accumulated_submission_time': 694.8820705413818, 'accumulated_eval_time': 58.81516718864441, 'accumulated_logging_time': 0.02440667152404785}
I0501 19:33:54.865387 139589012399872 logging_writer.py:48] [731] accumulated_eval_time=58.815167, accumulated_logging_time=0.024407, accumulated_submission_time=694.882071, global_step=731, preemption_count=0, score=694.882071, test/accuracy=0.053700, test/loss=5.564613, test/num_examples=10000, total_duration=753.730742, train/accuracy=0.081533, train/loss=5.262388, validation/accuracy=0.076420, validation/loss=5.311762, validation/num_examples=50000
I0501 19:34:45.802516 139589020792576 logging_writer.py:48] [800] global_step=800, grad_norm=2.504708766937256, loss=5.646332740783691
I0501 19:35:56.741897 139589012399872 logging_writer.py:48] [900] global_step=900, grad_norm=1.9780621528625488, loss=5.519179821014404
I0501 19:37:07.712228 139589020792576 logging_writer.py:48] [1000] global_step=1000, grad_norm=3.3026604652404785, loss=5.350064277648926
I0501 19:38:18.653326 139589012399872 logging_writer.py:48] [1100] global_step=1100, grad_norm=3.3360915184020996, loss=5.412116050720215
I0501 19:39:30.200902 139589020792576 logging_writer.py:48] [1200] global_step=1200, grad_norm=3.5198986530303955, loss=5.158904075622559
I0501 19:40:41.141278 139589012399872 logging_writer.py:48] [1300] global_step=1300, grad_norm=3.078766345977783, loss=5.068478584289551
I0501 19:41:52.152139 139589020792576 logging_writer.py:48] [1400] global_step=1400, grad_norm=4.093624114990234, loss=5.015265941619873
I0501 19:42:25.338827 139795264595776 spec.py:298] Evaluating on the training split.
I0501 19:42:32.237221 139795264595776 spec.py:310] Evaluating on the validation split.
I0501 19:42:40.063091 139795264595776 spec.py:326] Evaluating on the test split.
I0501 19:42:42.118419 139795264595776 submission_runner.py:415] Time since start: 1280.99s, 	Step: 1450, 	{'train/accuracy': 0.19359852373600006, 'train/loss': 4.1333160400390625, 'validation/accuracy': 0.1640399992465973, 'validation/loss': 4.33566951751709, 'validation/num_examples': 50000, 'test/accuracy': 0.12090000510215759, 'test/loss': 4.774815082550049, 'test/num_examples': 10000, 'score': 1205.3396894931793, 'total_duration': 1280.9929327964783, 'accumulated_submission_time': 1205.3396894931793, 'accumulated_eval_time': 75.59471559524536, 'accumulated_logging_time': 0.0406954288482666}
I0501 19:42:42.127007 139589012399872 logging_writer.py:48] [1450] accumulated_eval_time=75.594716, accumulated_logging_time=0.040695, accumulated_submission_time=1205.339689, global_step=1450, preemption_count=0, score=1205.339689, test/accuracy=0.120900, test/loss=4.774815, test/num_examples=10000, total_duration=1280.992933, train/accuracy=0.193599, train/loss=4.133316, validation/accuracy=0.164040, validation/loss=4.335670, validation/num_examples=50000
I0501 19:43:19.838582 139589020792576 logging_writer.py:48] [1500] global_step=1500, grad_norm=6.030552864074707, loss=4.945804119110107
I0501 19:44:30.268525 139589012399872 logging_writer.py:48] [1600] global_step=1600, grad_norm=5.071347236633301, loss=4.919891357421875
I0501 19:45:41.242027 139589020792576 logging_writer.py:48] [1700] global_step=1700, grad_norm=5.898217678070068, loss=4.8971781730651855
I0501 19:46:52.243467 139589012399872 logging_writer.py:48] [1800] global_step=1800, grad_norm=3.2196462154388428, loss=4.706598281860352
I0501 19:48:03.337570 139589020792576 logging_writer.py:48] [1900] global_step=1900, grad_norm=7.041833400726318, loss=4.6498260498046875
I0501 19:49:14.328616 139589012399872 logging_writer.py:48] [2000] global_step=2000, grad_norm=5.3128156661987305, loss=4.626898288726807
I0501 19:50:26.022693 139589020792576 logging_writer.py:48] [2100] global_step=2100, grad_norm=4.911755084991455, loss=4.5180792808532715
I0501 19:51:12.620152 139795264595776 spec.py:298] Evaluating on the training split.
I0501 19:51:19.418417 139795264595776 spec.py:310] Evaluating on the validation split.
I0501 19:51:27.147309 139795264595776 spec.py:326] Evaluating on the test split.
I0501 19:51:29.461196 139795264595776 submission_runner.py:415] Time since start: 1808.34s, 	Step: 2168, 	{'train/accuracy': 0.2691127061843872, 'train/loss': 3.5797245502471924, 'validation/accuracy': 0.249439999461174, 'validation/loss': 3.703864812850952, 'validation/num_examples': 50000, 'test/accuracy': 0.17520001530647278, 'test/loss': 4.291595935821533, 'test/num_examples': 10000, 'score': 1715.8171577453613, 'total_duration': 1808.3357088565826, 'accumulated_submission_time': 1715.8171577453613, 'accumulated_eval_time': 92.43571162223816, 'accumulated_logging_time': 0.05651593208312988}
I0501 19:51:29.469591 139589012399872 logging_writer.py:48] [2168] accumulated_eval_time=92.435712, accumulated_logging_time=0.056516, accumulated_submission_time=1715.817158, global_step=2168, preemption_count=0, score=1715.817158, test/accuracy=0.175200, test/loss=4.291596, test/num_examples=10000, total_duration=1808.335709, train/accuracy=0.269113, train/loss=3.579725, validation/accuracy=0.249440, validation/loss=3.703865, validation/num_examples=50000
I0501 19:51:54.238039 139589020792576 logging_writer.py:48] [2200] global_step=2200, grad_norm=3.413649082183838, loss=4.43796443939209
I0501 19:53:05.271984 139589012399872 logging_writer.py:48] [2300] global_step=2300, grad_norm=2.577150821685791, loss=4.455178737640381
I0501 19:54:16.568079 139589020792576 logging_writer.py:48] [2400] global_step=2400, grad_norm=4.81317663192749, loss=4.299037456512451
I0501 19:55:28.218429 139589012399872 logging_writer.py:48] [2500] global_step=2500, grad_norm=3.375530242919922, loss=4.296254634857178
I0501 19:56:39.956340 139589020792576 logging_writer.py:48] [2600] global_step=2600, grad_norm=3.372988700866699, loss=4.265995025634766
I0501 19:57:51.004821 139589012399872 logging_writer.py:48] [2700] global_step=2700, grad_norm=3.90030837059021, loss=4.148520469665527
I0501 19:59:02.146900 139589020792576 logging_writer.py:48] [2800] global_step=2800, grad_norm=3.258981227874756, loss=4.180501461029053
I0501 19:59:59.873427 139795264595776 spec.py:298] Evaluating on the training split.
I0501 20:00:06.688559 139795264595776 spec.py:310] Evaluating on the validation split.
I0501 20:00:14.430685 139795264595776 spec.py:326] Evaluating on the test split.
I0501 20:00:16.693643 139795264595776 submission_runner.py:415] Time since start: 2335.57s, 	Step: 2881, 	{'train/accuracy': 0.35738199949264526, 'train/loss': 2.994899034500122, 'validation/accuracy': 0.321260005235672, 'validation/loss': 3.2152562141418457, 'validation/num_examples': 50000, 'test/accuracy': 0.2337000072002411, 'test/loss': 3.820979118347168, 'test/num_examples': 10000, 'score': 2226.204894065857, 'total_duration': 2335.5681705474854, 'accumulated_submission_time': 2226.204894065857, 'accumulated_eval_time': 109.25591373443604, 'accumulated_logging_time': 0.07246899604797363}
I0501 20:00:16.701980 139589012399872 logging_writer.py:48] [2881] accumulated_eval_time=109.255914, accumulated_logging_time=0.072469, accumulated_submission_time=2226.204894, global_step=2881, preemption_count=0, score=2226.204894, test/accuracy=0.233700, test/loss=3.820979, test/num_examples=10000, total_duration=2335.568171, train/accuracy=0.357382, train/loss=2.994899, validation/accuracy=0.321260, validation/loss=3.215256, validation/num_examples=50000
I0501 20:00:31.051490 139589020792576 logging_writer.py:48] [2900] global_step=2900, grad_norm=2.97373366355896, loss=4.159362316131592
I0501 20:01:43.034465 139589012399872 logging_writer.py:48] [3000] global_step=3000, grad_norm=3.225933074951172, loss=4.037346363067627
I0501 20:02:54.730216 139589020792576 logging_writer.py:48] [3100] global_step=3100, grad_norm=3.604868173599243, loss=3.995783805847168
I0501 20:04:07.081121 139589012399872 logging_writer.py:48] [3200] global_step=3200, grad_norm=3.084404706954956, loss=4.026461124420166
I0501 20:05:19.042177 139589020792576 logging_writer.py:48] [3300] global_step=3300, grad_norm=3.741223096847534, loss=4.0284576416015625
I0501 20:06:30.811579 139589012399872 logging_writer.py:48] [3400] global_step=3400, grad_norm=3.7054688930511475, loss=3.8141326904296875
I0501 20:07:42.628771 139589020792576 logging_writer.py:48] [3500] global_step=3500, grad_norm=3.6684722900390625, loss=3.795149803161621
I0501 20:08:47.233358 139795264595776 spec.py:298] Evaluating on the training split.
I0501 20:08:54.080919 139795264595776 spec.py:310] Evaluating on the validation split.
I0501 20:09:01.936311 139795264595776 spec.py:326] Evaluating on the test split.
I0501 20:09:04.132276 139795264595776 submission_runner.py:415] Time since start: 2863.01s, 	Step: 3593, 	{'train/accuracy': 0.4160754084587097, 'train/loss': 2.6838724613189697, 'validation/accuracy': 0.39023998379707336, 'validation/loss': 2.8285982608795166, 'validation/num_examples': 50000, 'test/accuracy': 0.29350000619888306, 'test/loss': 3.4642977714538574, 'test/num_examples': 10000, 'score': 2736.7196679115295, 'total_duration': 2863.0068032741547, 'accumulated_submission_time': 2736.7196679115295, 'accumulated_eval_time': 126.15480351448059, 'accumulated_logging_time': 0.08878445625305176}
I0501 20:09:04.140466 139589012399872 logging_writer.py:48] [3593] accumulated_eval_time=126.154804, accumulated_logging_time=0.088784, accumulated_submission_time=2736.719668, global_step=3593, preemption_count=0, score=2736.719668, test/accuracy=0.293500, test/loss=3.464298, test/num_examples=10000, total_duration=2863.006803, train/accuracy=0.416075, train/loss=2.683872, validation/accuracy=0.390240, validation/loss=2.828598, validation/num_examples=50000
I0501 20:09:11.689667 139589020792576 logging_writer.py:48] [3600] global_step=3600, grad_norm=4.064855098724365, loss=3.8060739040374756
I0501 20:10:22.991600 139589012399872 logging_writer.py:48] [3700] global_step=3700, grad_norm=3.4618234634399414, loss=3.809584617614746
I0501 20:11:34.245442 139589020792576 logging_writer.py:48] [3800] global_step=3800, grad_norm=3.047550916671753, loss=3.8295347690582275
I0501 20:12:45.458136 139589012399872 logging_writer.py:48] [3900] global_step=3900, grad_norm=3.8223233222961426, loss=3.7326955795288086
I0501 20:13:56.652441 139589020792576 logging_writer.py:48] [4000] global_step=4000, grad_norm=3.4913182258605957, loss=3.689147710800171
I0501 20:15:08.478909 139589012399872 logging_writer.py:48] [4100] global_step=4100, grad_norm=2.4539988040924072, loss=3.7213070392608643
I0501 20:16:19.737270 139589020792576 logging_writer.py:48] [4200] global_step=4200, grad_norm=2.803069829940796, loss=3.6634249687194824
I0501 20:17:31.226068 139589012399872 logging_writer.py:48] [4300] global_step=4300, grad_norm=2.4318954944610596, loss=3.6893279552459717
I0501 20:17:34.478269 139795264595776 spec.py:298] Evaluating on the training split.
I0501 20:17:41.438959 139795264595776 spec.py:310] Evaluating on the validation split.
I0501 20:17:49.964405 139795264595776 spec.py:326] Evaluating on the test split.
I0501 20:17:51.863306 139795264595776 submission_runner.py:415] Time since start: 3390.74s, 	Step: 4307, 	{'train/accuracy': 0.48698580265045166, 'train/loss': 2.318234443664551, 'validation/accuracy': 0.43751999735832214, 'validation/loss': 2.569716691970825, 'validation/num_examples': 50000, 'test/accuracy': 0.33010002970695496, 'test/loss': 3.2452661991119385, 'test/num_examples': 10000, 'score': 3247.041827440262, 'total_duration': 3390.7378237247467, 'accumulated_submission_time': 3247.041827440262, 'accumulated_eval_time': 143.53979754447937, 'accumulated_logging_time': 0.10400032997131348}
I0501 20:17:51.879028 139589020792576 logging_writer.py:48] [4307] accumulated_eval_time=143.539798, accumulated_logging_time=0.104000, accumulated_submission_time=3247.041827, global_step=4307, preemption_count=0, score=3247.041827, test/accuracy=0.330100, test/loss=3.245266, test/num_examples=10000, total_duration=3390.737824, train/accuracy=0.486986, train/loss=2.318234, validation/accuracy=0.437520, validation/loss=2.569717, validation/num_examples=50000
I0501 20:19:02.638934 139589012399872 logging_writer.py:48] [4400] global_step=4400, grad_norm=2.3293139934539795, loss=3.6664130687713623
I0501 20:20:14.326606 139589020792576 logging_writer.py:48] [4500] global_step=4500, grad_norm=2.4691572189331055, loss=3.5980710983276367
I0501 20:21:25.795393 139589012399872 logging_writer.py:48] [4600] global_step=4600, grad_norm=2.8866443634033203, loss=3.533731460571289
I0501 20:22:37.718715 139589020792576 logging_writer.py:48] [4700] global_step=4700, grad_norm=2.0902137756347656, loss=3.4700284004211426
I0501 20:23:49.034428 139589012399872 logging_writer.py:48] [4800] global_step=4800, grad_norm=2.5831141471862793, loss=3.4397637844085693
I0501 20:25:00.909729 139589020792576 logging_writer.py:48] [4900] global_step=4900, grad_norm=2.556445598602295, loss=3.4634315967559814
I0501 20:26:12.525934 139589012399872 logging_writer.py:48] [5000] global_step=5000, grad_norm=2.6084728240966797, loss=3.3722407817840576
I0501 20:26:27.185761 139795264595776 spec.py:298] Evaluating on the training split.
I0501 20:26:34.105913 139795264595776 spec.py:310] Evaluating on the validation split.
I0501 20:26:42.690707 139795264595776 spec.py:326] Evaluating on the test split.
I0501 20:26:44.781977 139795264595776 submission_runner.py:415] Time since start: 3923.66s, 	Step: 5021, 	{'train/accuracy': 0.500996470451355, 'train/loss': 2.2706990242004395, 'validation/accuracy': 0.4649199843406677, 'validation/loss': 2.4524424076080322, 'validation/num_examples': 50000, 'test/accuracy': 0.3525000214576721, 'test/loss': 3.148200035095215, 'test/num_examples': 10000, 'score': 3759.9000754356384, 'total_duration': 3923.6564865112305, 'accumulated_submission_time': 3759.9000754356384, 'accumulated_eval_time': 161.13597583770752, 'accumulated_logging_time': 2.5595126152038574}
I0501 20:26:44.790803 139589020792576 logging_writer.py:48] [5021] accumulated_eval_time=161.135976, accumulated_logging_time=2.559513, accumulated_submission_time=3759.900075, global_step=5021, preemption_count=0, score=3759.900075, test/accuracy=0.352500, test/loss=3.148200, test/num_examples=10000, total_duration=3923.656487, train/accuracy=0.500996, train/loss=2.270699, validation/accuracy=0.464920, validation/loss=2.452442, validation/num_examples=50000
I0501 20:27:42.119423 139589012399872 logging_writer.py:48] [5100] global_step=5100, grad_norm=2.6203773021698, loss=3.4066100120544434
I0501 20:28:54.565016 139589020792576 logging_writer.py:48] [5200] global_step=5200, grad_norm=2.0121164321899414, loss=3.3635380268096924
I0501 20:30:06.403163 139589012399872 logging_writer.py:48] [5300] global_step=5300, grad_norm=2.314784526824951, loss=3.519508123397827
I0501 20:31:18.514122 139589020792576 logging_writer.py:48] [5400] global_step=5400, grad_norm=1.9022682905197144, loss=3.2893121242523193
I0501 20:32:29.681834 139589012399872 logging_writer.py:48] [5500] global_step=5500, grad_norm=1.9836424589157104, loss=3.2663705348968506
I0501 20:33:41.269519 139589020792576 logging_writer.py:48] [5600] global_step=5600, grad_norm=1.901766300201416, loss=3.336620569229126
I0501 20:34:52.973728 139589012399872 logging_writer.py:48] [5700] global_step=5700, grad_norm=1.834937334060669, loss=3.2506802082061768
I0501 20:35:14.885522 139795264595776 spec.py:298] Evaluating on the training split.
I0501 20:35:22.163830 139795264595776 spec.py:310] Evaluating on the validation split.
I0501 20:35:31.294708 139795264595776 spec.py:326] Evaluating on the test split.
I0501 20:35:33.303957 139795264595776 submission_runner.py:415] Time since start: 4452.18s, 	Step: 5734, 	{'train/accuracy': 0.5507014989852905, 'train/loss': 1.9923250675201416, 'validation/accuracy': 0.5020999908447266, 'validation/loss': 2.2343759536743164, 'validation/num_examples': 50000, 'test/accuracy': 0.38600000739097595, 'test/loss': 2.9205596446990967, 'test/num_examples': 10000, 'score': 4269.978981494904, 'total_duration': 4452.178487062454, 'accumulated_submission_time': 4269.978981494904, 'accumulated_eval_time': 179.55438876152039, 'accumulated_logging_time': 2.5754308700561523}
I0501 20:35:33.312364 139589020792576 logging_writer.py:48] [5734] accumulated_eval_time=179.554389, accumulated_logging_time=2.575431, accumulated_submission_time=4269.978981, global_step=5734, preemption_count=0, score=4269.978981, test/accuracy=0.386000, test/loss=2.920560, test/num_examples=10000, total_duration=4452.178487, train/accuracy=0.550701, train/loss=1.992325, validation/accuracy=0.502100, validation/loss=2.234376, validation/num_examples=50000
I0501 20:36:23.401136 139589012399872 logging_writer.py:48] [5800] global_step=5800, grad_norm=1.776349425315857, loss=3.15639591217041
I0501 20:37:35.183479 139589020792576 logging_writer.py:48] [5900] global_step=5900, grad_norm=1.7956135272979736, loss=3.2756242752075195
I0501 20:38:46.601197 139589012399872 logging_writer.py:48] [6000] global_step=6000, grad_norm=1.8040798902511597, loss=3.166276216506958
I0501 20:39:58.065199 139589020792576 logging_writer.py:48] [6100] global_step=6100, grad_norm=2.1638197898864746, loss=3.233832597732544
I0501 20:41:09.284657 139589012399872 logging_writer.py:48] [6200] global_step=6200, grad_norm=2.0184555053710938, loss=3.154188632965088
I0501 20:42:20.550402 139589020792576 logging_writer.py:48] [6300] global_step=6300, grad_norm=2.14516019821167, loss=3.2057833671569824
I0501 20:43:31.837080 139589012399872 logging_writer.py:48] [6400] global_step=6400, grad_norm=2.3439712524414062, loss=3.2493581771850586
I0501 20:44:03.560474 139795264595776 spec.py:298] Evaluating on the training split.
I0501 20:44:10.486537 139795264595776 spec.py:310] Evaluating on the validation split.
I0501 20:44:19.718195 139795264595776 spec.py:326] Evaluating on the test split.
I0501 20:44:21.698205 139795264595776 submission_runner.py:415] Time since start: 4980.57s, 	Step: 6447, 	{'train/accuracy': 0.5715082883834839, 'train/loss': 1.9059982299804688, 'validation/accuracy': 0.5346999764442444, 'validation/loss': 2.0963432788848877, 'validation/num_examples': 50000, 'test/accuracy': 0.41880002617836, 'test/loss': 2.7739269733428955, 'test/num_examples': 10000, 'score': 4780.21021771431, 'total_duration': 4980.572717428207, 'accumulated_submission_time': 4780.21021771431, 'accumulated_eval_time': 197.69207096099854, 'accumulated_logging_time': 2.591991662979126}
I0501 20:44:21.707226 139589020792576 logging_writer.py:48] [6447] accumulated_eval_time=197.692071, accumulated_logging_time=2.591992, accumulated_submission_time=4780.210218, global_step=6447, preemption_count=0, score=4780.210218, test/accuracy=0.418800, test/loss=2.773927, test/num_examples=10000, total_duration=4980.572717, train/accuracy=0.571508, train/loss=1.905998, validation/accuracy=0.534700, validation/loss=2.096343, validation/num_examples=50000
I0501 20:45:01.153064 139589012399872 logging_writer.py:48] [6500] global_step=6500, grad_norm=1.789528727531433, loss=3.383632183074951
I0501 20:46:12.493670 139589020792576 logging_writer.py:48] [6600] global_step=6600, grad_norm=1.355818510055542, loss=3.230273485183716
I0501 20:47:23.772799 139589012399872 logging_writer.py:48] [6700] global_step=6700, grad_norm=1.9317288398742676, loss=3.092804431915283
I0501 20:48:35.032897 139589020792576 logging_writer.py:48] [6800] global_step=6800, grad_norm=1.2641081809997559, loss=3.052060127258301
I0501 20:49:46.664740 139589012399872 logging_writer.py:48] [6900] global_step=6900, grad_norm=1.5390080213546753, loss=3.1545612812042236
I0501 20:50:58.926038 139589020792576 logging_writer.py:48] [7000] global_step=7000, grad_norm=1.2568939924240112, loss=3.0456559658050537
I0501 20:52:10.309428 139589012399872 logging_writer.py:48] [7100] global_step=7100, grad_norm=1.256549596786499, loss=3.1059961318969727
I0501 20:52:53.115814 139795264595776 spec.py:298] Evaluating on the training split.
I0501 20:53:00.183274 139795264595776 spec.py:310] Evaluating on the validation split.
I0501 20:53:09.863432 139795264595776 spec.py:326] Evaluating on the test split.
I0501 20:53:11.941399 139795264595776 submission_runner.py:415] Time since start: 5510.82s, 	Step: 7161, 	{'train/accuracy': 0.6029974222183228, 'train/loss': 1.7656290531158447, 'validation/accuracy': 0.5460000038146973, 'validation/loss': 2.027294635772705, 'validation/num_examples': 50000, 'test/accuracy': 0.42500001192092896, 'test/loss': 2.7199454307556152, 'test/num_examples': 10000, 'score': 5291.603226661682, 'total_duration': 5510.81591963768, 'accumulated_submission_time': 5291.603226661682, 'accumulated_eval_time': 216.5176374912262, 'accumulated_logging_time': 2.607814311981201}
I0501 20:53:11.950398 139589020792576 logging_writer.py:48] [7161] accumulated_eval_time=216.517637, accumulated_logging_time=2.607814, accumulated_submission_time=5291.603227, global_step=7161, preemption_count=0, score=5291.603227, test/accuracy=0.425000, test/loss=2.719945, test/num_examples=10000, total_duration=5510.815920, train/accuracy=0.602997, train/loss=1.765629, validation/accuracy=0.546000, validation/loss=2.027295, validation/num_examples=50000
I0501 20:53:40.354106 139589012399872 logging_writer.py:48] [7200] global_step=7200, grad_norm=1.8112692832946777, loss=3.1019983291625977
I0501 20:54:51.676658 139589020792576 logging_writer.py:48] [7300] global_step=7300, grad_norm=1.791365623474121, loss=3.098602533340454
I0501 20:56:02.861205 139589012399872 logging_writer.py:48] [7400] global_step=7400, grad_norm=1.6851810216903687, loss=3.107409715652466
I0501 20:57:13.978337 139589020792576 logging_writer.py:48] [7500] global_step=7500, grad_norm=1.7435568571090698, loss=3.0844478607177734
I0501 20:58:25.181041 139589012399872 logging_writer.py:48] [7600] global_step=7600, grad_norm=1.218239665031433, loss=2.951575994491577
I0501 20:59:36.135182 139589020792576 logging_writer.py:48] [7700] global_step=7700, grad_norm=1.212990403175354, loss=2.9884417057037354
I0501 21:00:47.509200 139589012399872 logging_writer.py:48] [7800] global_step=7800, grad_norm=1.0631619691848755, loss=3.0698747634887695
I0501 21:01:44.570823 139795264595776 spec.py:298] Evaluating on the training split.
I0501 21:01:51.678024 139795264595776 spec.py:310] Evaluating on the validation split.
I0501 21:02:01.624442 139795264595776 spec.py:326] Evaluating on the test split.
I0501 21:02:03.846920 139795264595776 submission_runner.py:415] Time since start: 6042.72s, 	Step: 7881, 	{'train/accuracy': 0.6047911047935486, 'train/loss': 1.7481797933578491, 'validation/accuracy': 0.5658400058746338, 'validation/loss': 1.9366120100021362, 'validation/num_examples': 50000, 'test/accuracy': 0.43630000948905945, 'test/loss': 2.648446559906006, 'test/num_examples': 10000, 'score': 5804.2067885398865, 'total_duration': 6042.720299959183, 'accumulated_submission_time': 5804.2067885398865, 'accumulated_eval_time': 235.79255294799805, 'accumulated_logging_time': 2.625305652618408}
I0501 21:02:03.856151 139589020792576 logging_writer.py:48] [7881] accumulated_eval_time=235.792553, accumulated_logging_time=2.625306, accumulated_submission_time=5804.206789, global_step=7881, preemption_count=0, score=5804.206789, test/accuracy=0.436300, test/loss=2.648447, test/num_examples=10000, total_duration=6042.720300, train/accuracy=0.604791, train/loss=1.748180, validation/accuracy=0.565840, validation/loss=1.936612, validation/num_examples=50000
I0501 21:02:18.083044 139589012399872 logging_writer.py:48] [7900] global_step=7900, grad_norm=1.2215044498443604, loss=3.1377878189086914
I0501 21:03:29.268841 139589020792576 logging_writer.py:48] [8000] global_step=8000, grad_norm=1.0830695629119873, loss=3.010012149810791
I0501 21:04:41.223731 139589012399872 logging_writer.py:48] [8100] global_step=8100, grad_norm=1.0366696119308472, loss=3.019407272338867
I0501 21:05:52.308200 139589020792576 logging_writer.py:48] [8200] global_step=8200, grad_norm=1.0024625062942505, loss=2.8575637340545654
I0501 21:07:03.488209 139589012399872 logging_writer.py:48] [8300] global_step=8300, grad_norm=1.0837537050247192, loss=2.99804949760437
I0501 21:08:15.239516 139589020792576 logging_writer.py:48] [8400] global_step=8400, grad_norm=1.7217600345611572, loss=3.049041271209717
I0501 21:09:26.315521 139589012399872 logging_writer.py:48] [8500] global_step=8500, grad_norm=1.3450995683670044, loss=2.9513468742370605
I0501 21:10:37.301909 139589020792576 logging_writer.py:48] [8600] global_step=8600, grad_norm=1.4397753477096558, loss=2.9044697284698486
I0501 21:10:37.335467 139795264595776 spec.py:298] Evaluating on the training split.
I0501 21:10:44.782491 139795264595776 spec.py:310] Evaluating on the validation split.
I0501 21:10:54.830884 139795264595776 spec.py:326] Evaluating on the test split.
I0501 21:10:57.040485 139795264595776 submission_runner.py:415] Time since start: 6575.92s, 	Step: 8601, 	{'train/accuracy': 0.6332708597183228, 'train/loss': 1.6400469541549683, 'validation/accuracy': 0.5717999935150146, 'validation/loss': 1.9243814945220947, 'validation/num_examples': 50000, 'test/accuracy': 0.44450002908706665, 'test/loss': 2.608710289001465, 'test/num_examples': 10000, 'score': 6317.669976472855, 'total_duration': 6575.915004253387, 'accumulated_submission_time': 6317.669976472855, 'accumulated_eval_time': 255.49750328063965, 'accumulated_logging_time': 2.642008066177368}
I0501 21:10:57.048738 139589012399872 logging_writer.py:48] [8601] accumulated_eval_time=255.497503, accumulated_logging_time=2.642008, accumulated_submission_time=6317.669976, global_step=8601, preemption_count=0, score=6317.669976, test/accuracy=0.444500, test/loss=2.608710, test/num_examples=10000, total_duration=6575.915004, train/accuracy=0.633271, train/loss=1.640047, validation/accuracy=0.571800, validation/loss=1.924381, validation/num_examples=50000
I0501 21:12:07.971414 139589020792576 logging_writer.py:48] [8700] global_step=8700, grad_norm=1.3102208375930786, loss=2.9332387447357178
I0501 21:13:19.609344 139589012399872 logging_writer.py:48] [8800] global_step=8800, grad_norm=1.3471741676330566, loss=2.919220209121704
I0501 21:14:31.001129 139589020792576 logging_writer.py:48] [8900] global_step=8900, grad_norm=1.523522973060608, loss=3.016033411026001
I0501 21:15:42.077704 139589012399872 logging_writer.py:48] [9000] global_step=9000, grad_norm=1.4116195440292358, loss=2.863455057144165
I0501 21:16:53.769143 139589020792576 logging_writer.py:48] [9100] global_step=9100, grad_norm=1.1201863288879395, loss=2.9058265686035156
I0501 21:18:05.102956 139589012399872 logging_writer.py:48] [9200] global_step=9200, grad_norm=1.046638011932373, loss=2.9468212127685547
I0501 21:19:16.335007 139589020792576 logging_writer.py:48] [9300] global_step=9300, grad_norm=1.021770715713501, loss=2.8460559844970703
I0501 21:19:30.622271 139795264595776 spec.py:298] Evaluating on the training split.
I0501 21:19:37.883548 139795264595776 spec.py:310] Evaluating on the validation split.
I0501 21:19:47.923170 139795264595776 spec.py:326] Evaluating on the test split.
I0501 21:19:50.143567 139795264595776 submission_runner.py:415] Time since start: 7109.02s, 	Step: 9321, 	{'train/accuracy': 0.6429169178009033, 'train/loss': 1.5778065919876099, 'validation/accuracy': 0.5904399752616882, 'validation/loss': 1.8167951107025146, 'validation/num_examples': 50000, 'test/accuracy': 0.4690000116825104, 'test/loss': 2.4893362522125244, 'test/num_examples': 10000, 'score': 6831.228151082993, 'total_duration': 7109.0167760849, 'accumulated_submission_time': 6831.228151082993, 'accumulated_eval_time': 275.0174503326416, 'accumulated_logging_time': 2.657024621963501}
I0501 21:19:50.152074 139589012399872 logging_writer.py:48] [9321] accumulated_eval_time=275.017450, accumulated_logging_time=2.657025, accumulated_submission_time=6831.228151, global_step=9321, preemption_count=0, score=6831.228151, test/accuracy=0.469000, test/loss=2.489336, test/num_examples=10000, total_duration=7109.016776, train/accuracy=0.642917, train/loss=1.577807, validation/accuracy=0.590440, validation/loss=1.816795, validation/num_examples=50000
I0501 21:20:47.045603 139589020792576 logging_writer.py:48] [9400] global_step=9400, grad_norm=0.8667845726013184, loss=2.8531150817871094
I0501 21:21:58.306940 139589012399872 logging_writer.py:48] [9500] global_step=9500, grad_norm=1.0556089878082275, loss=2.8546204566955566
I0501 21:23:09.919868 139589020792576 logging_writer.py:48] [9600] global_step=9600, grad_norm=1.0307799577713013, loss=2.9526896476745605
I0501 21:24:21.533149 139589012399872 logging_writer.py:48] [9700] global_step=9700, grad_norm=1.0739028453826904, loss=2.8864059448242188
I0501 21:25:32.740333 139589020792576 logging_writer.py:48] [9800] global_step=9800, grad_norm=0.9495299458503723, loss=2.8380794525146484
I0501 21:26:43.638048 139589012399872 logging_writer.py:48] [9900] global_step=9900, grad_norm=1.2197822332382202, loss=2.8405063152313232
I0501 21:27:54.781077 139589020792576 logging_writer.py:48] [10000] global_step=10000, grad_norm=0.8924848437309265, loss=2.8449974060058594
I0501 21:28:23.356411 139795264595776 spec.py:298] Evaluating on the training split.
I0501 21:28:30.710096 139795264595776 spec.py:310] Evaluating on the validation split.
I0501 21:28:40.574381 139795264595776 spec.py:326] Evaluating on the test split.
I0501 21:28:42.643179 139795264595776 submission_runner.py:415] Time since start: 7641.52s, 	Step: 10041, 	{'train/accuracy': 0.6679487824440002, 'train/loss': 1.4493895769119263, 'validation/accuracy': 0.6062600016593933, 'validation/loss': 1.7397924661636353, 'validation/num_examples': 50000, 'test/accuracy': 0.4816000163555145, 'test/loss': 2.429551124572754, 'test/num_examples': 10000, 'score': 7344.415848016739, 'total_duration': 7641.517694711685, 'accumulated_submission_time': 7344.415848016739, 'accumulated_eval_time': 294.30417704582214, 'accumulated_logging_time': 2.673269271850586}
I0501 21:28:42.651928 139589012399872 logging_writer.py:48] [10041] accumulated_eval_time=294.304177, accumulated_logging_time=2.673269, accumulated_submission_time=7344.415848, global_step=10041, preemption_count=0, score=7344.415848, test/accuracy=0.481600, test/loss=2.429551, test/num_examples=10000, total_duration=7641.517695, train/accuracy=0.667949, train/loss=1.449390, validation/accuracy=0.606260, validation/loss=1.739792, validation/num_examples=50000
I0501 21:29:25.404417 139589020792576 logging_writer.py:48] [10100] global_step=10100, grad_norm=1.1313605308532715, loss=2.7974798679351807
I0501 21:30:36.715277 139589012399872 logging_writer.py:48] [10200] global_step=10200, grad_norm=0.9737666249275208, loss=2.8497653007507324
I0501 21:31:47.648643 139589020792576 logging_writer.py:48] [10300] global_step=10300, grad_norm=1.071226716041565, loss=2.799006938934326
I0501 21:32:59.289045 139589012399872 logging_writer.py:48] [10400] global_step=10400, grad_norm=0.969479501247406, loss=2.8076677322387695
I0501 21:34:10.552206 139589020792576 logging_writer.py:48] [10500] global_step=10500, grad_norm=0.7962950468063354, loss=2.7871439456939697
I0501 21:35:22.108650 139589012399872 logging_writer.py:48] [10600] global_step=10600, grad_norm=0.7343506217002869, loss=2.7317378520965576
I0501 21:36:33.326011 139589020792576 logging_writer.py:48] [10700] global_step=10700, grad_norm=0.7343584895133972, loss=2.7662975788116455
I0501 21:37:16.076052 139795264595776 spec.py:298] Evaluating on the training split.
I0501 21:37:23.459501 139795264595776 spec.py:310] Evaluating on the validation split.
I0501 21:37:33.751584 139795264595776 spec.py:326] Evaluating on the test split.
I0501 21:37:35.762260 139795264595776 submission_runner.py:415] Time since start: 8174.64s, 	Step: 10761, 	{'train/accuracy': 0.698640763759613, 'train/loss': 1.324961543083191, 'validation/accuracy': 0.6159999966621399, 'validation/loss': 1.691796064376831, 'validation/num_examples': 50000, 'test/accuracy': 0.4904000163078308, 'test/loss': 2.390176296234131, 'test/num_examples': 10000, 'score': 7857.824132204056, 'total_duration': 8174.63578915596, 'accumulated_submission_time': 7857.824132204056, 'accumulated_eval_time': 313.9893500804901, 'accumulated_logging_time': 2.689209461212158}
I0501 21:37:35.770809 139589012399872 logging_writer.py:48] [10761] accumulated_eval_time=313.989350, accumulated_logging_time=2.689209, accumulated_submission_time=7857.824132, global_step=10761, preemption_count=0, score=7857.824132, test/accuracy=0.490400, test/loss=2.390176, test/num_examples=10000, total_duration=8174.635789, train/accuracy=0.698641, train/loss=1.324962, validation/accuracy=0.616000, validation/loss=1.691796, validation/num_examples=50000
I0501 21:38:04.626807 139589020792576 logging_writer.py:48] [10800] global_step=10800, grad_norm=1.1427502632141113, loss=2.7872395515441895
I0501 21:39:16.726895 139589012399872 logging_writer.py:48] [10900] global_step=10900, grad_norm=0.8808338046073914, loss=2.7628908157348633
I0501 21:40:29.312496 139589020792576 logging_writer.py:48] [11000] global_step=11000, grad_norm=0.7101786136627197, loss=2.8328678607940674
I0501 21:41:41.576920 139589012399872 logging_writer.py:48] [11100] global_step=11100, grad_norm=0.7354515194892883, loss=2.7166054248809814
I0501 21:42:53.759618 139589020792576 logging_writer.py:48] [11200] global_step=11200, grad_norm=0.7004207968711853, loss=2.570317029953003
I0501 21:44:05.996270 139589012399872 logging_writer.py:48] [11300] global_step=11300, grad_norm=0.859247624874115, loss=2.7775025367736816
I0501 21:45:18.780300 139589020792576 logging_writer.py:48] [11400] global_step=11400, grad_norm=1.0876322984695435, loss=2.717963695526123
I0501 21:46:05.877254 139795264595776 spec.py:298] Evaluating on the training split.
I0501 21:46:13.307843 139795264595776 spec.py:310] Evaluating on the validation split.
I0501 21:46:23.277318 139795264595776 spec.py:326] Evaluating on the test split.
I0501 21:46:25.533733 139795264595776 submission_runner.py:415] Time since start: 8704.41s, 	Step: 11468, 	{'train/accuracy': 0.69144606590271, 'train/loss': 1.3458995819091797, 'validation/accuracy': 0.6236400008201599, 'validation/loss': 1.6607420444488525, 'validation/num_examples': 50000, 'test/accuracy': 0.49170002341270447, 'test/loss': 2.3417680263519287, 'test/num_examples': 10000, 'score': 8367.91419506073, 'total_duration': 8704.408233642578, 'accumulated_submission_time': 8367.91419506073, 'accumulated_eval_time': 333.645770072937, 'accumulated_logging_time': 2.7056169509887695}
I0501 21:46:25.544502 139589012399872 logging_writer.py:48] [11468] accumulated_eval_time=333.645770, accumulated_logging_time=2.705617, accumulated_submission_time=8367.914195, global_step=11468, preemption_count=0, score=8367.914195, test/accuracy=0.491700, test/loss=2.341768, test/num_examples=10000, total_duration=8704.408234, train/accuracy=0.691446, train/loss=1.345900, validation/accuracy=0.623640, validation/loss=1.660742, validation/num_examples=50000
I0501 21:46:50.108736 139589020792576 logging_writer.py:48] [11500] global_step=11500, grad_norm=0.954609751701355, loss=2.7807483673095703
I0501 21:48:01.560254 139589012399872 logging_writer.py:48] [11600] global_step=11600, grad_norm=0.8131862282752991, loss=2.8049588203430176
I0501 21:49:13.078178 139589020792576 logging_writer.py:48] [11700] global_step=11700, grad_norm=0.7923041582107544, loss=2.712789297103882
I0501 21:50:24.351773 139589012399872 logging_writer.py:48] [11800] global_step=11800, grad_norm=0.8925935626029968, loss=2.7022271156311035
I0501 21:51:35.427768 139589020792576 logging_writer.py:48] [11900] global_step=11900, grad_norm=0.9788234829902649, loss=2.7470576763153076
I0501 21:52:47.053332 139589012399872 logging_writer.py:48] [12000] global_step=12000, grad_norm=0.8383133411407471, loss=2.656646728515625
I0501 21:53:58.485987 139589020792576 logging_writer.py:48] [12100] global_step=12100, grad_norm=0.6902158856391907, loss=2.6738064289093018
I0501 21:54:55.857825 139795264595776 spec.py:298] Evaluating on the training split.
I0501 21:55:03.513871 139795264595776 spec.py:310] Evaluating on the validation split.
I0501 21:55:13.501166 139795264595776 spec.py:326] Evaluating on the test split.
I0501 21:55:15.724884 139795264595776 submission_runner.py:415] Time since start: 9234.60s, 	Step: 12182, 	{'train/accuracy': 0.7506775856018066, 'train/loss': 1.0964970588684082, 'validation/accuracy': 0.6337400078773499, 'validation/loss': 1.611820101737976, 'validation/num_examples': 50000, 'test/accuracy': 0.5075000524520874, 'test/loss': 2.2831242084503174, 'test/num_examples': 10000, 'score': 8878.209555625916, 'total_duration': 9234.59941124916, 'accumulated_submission_time': 8878.209555625916, 'accumulated_eval_time': 353.5127999782562, 'accumulated_logging_time': 2.725825786590576}
I0501 21:55:15.733713 139589012399872 logging_writer.py:48] [12182] accumulated_eval_time=353.512800, accumulated_logging_time=2.725826, accumulated_submission_time=8878.209556, global_step=12182, preemption_count=0, score=8878.209556, test/accuracy=0.507500, test/loss=2.283124, test/num_examples=10000, total_duration=9234.599411, train/accuracy=0.750678, train/loss=1.096497, validation/accuracy=0.633740, validation/loss=1.611820, validation/num_examples=50000
I0501 21:55:29.403693 139589020792576 logging_writer.py:48] [12200] global_step=12200, grad_norm=0.8428474068641663, loss=2.7191052436828613
I0501 21:56:41.684381 139589012399872 logging_writer.py:48] [12300] global_step=12300, grad_norm=0.804877758026123, loss=2.698485851287842
I0501 21:57:54.002283 139589020792576 logging_writer.py:48] [12400] global_step=12400, grad_norm=0.8844479918479919, loss=2.6987571716308594
I0501 21:59:06.800446 139589012399872 logging_writer.py:48] [12500] global_step=12500, grad_norm=0.7142149209976196, loss=2.6020796298980713
I0501 22:00:19.182102 139589020792576 logging_writer.py:48] [12600] global_step=12600, grad_norm=0.7665574550628662, loss=2.6680712699890137
I0501 22:01:31.550670 139589012399872 logging_writer.py:48] [12700] global_step=12700, grad_norm=0.5918959975242615, loss=2.5685219764709473
I0501 22:02:43.533354 139589020792576 logging_writer.py:48] [12800] global_step=12800, grad_norm=0.7318719625473022, loss=2.726318836212158
I0501 22:03:46.158257 139795264595776 spec.py:298] Evaluating on the training split.
I0501 22:03:53.956929 139795264595776 spec.py:310] Evaluating on the validation split.
I0501 22:04:04.077494 139795264595776 spec.py:326] Evaluating on the test split.
I0501 22:04:06.022314 139795264595776 submission_runner.py:415] Time since start: 9764.90s, 	Step: 12889, 	{'train/accuracy': 0.7086256146430969, 'train/loss': 1.2864586114883423, 'validation/accuracy': 0.6391400098800659, 'validation/loss': 1.6044695377349854, 'validation/num_examples': 50000, 'test/accuracy': 0.5127000212669373, 'test/loss': 2.2629776000976562, 'test/num_examples': 10000, 'score': 9388.616441965103, 'total_duration': 9764.896841049194, 'accumulated_submission_time': 9388.616441965103, 'accumulated_eval_time': 373.37684392929077, 'accumulated_logging_time': 2.7437617778778076}
I0501 22:04:06.032092 139589012399872 logging_writer.py:48] [12889] accumulated_eval_time=373.376844, accumulated_logging_time=2.743762, accumulated_submission_time=9388.616442, global_step=12889, preemption_count=0, score=9388.616442, test/accuracy=0.512700, test/loss=2.262978, test/num_examples=10000, total_duration=9764.896841, train/accuracy=0.708626, train/loss=1.286459, validation/accuracy=0.639140, validation/loss=1.604470, validation/num_examples=50000
I0501 22:04:15.778966 139589020792576 logging_writer.py:48] [12900] global_step=12900, grad_norm=0.7729242444038391, loss=2.6327779293060303
I0501 22:05:27.743908 139589012399872 logging_writer.py:48] [13000] global_step=13000, grad_norm=0.801246702671051, loss=2.5809383392333984
I0501 22:06:39.642503 139589020792576 logging_writer.py:48] [13100] global_step=13100, grad_norm=0.8979541659355164, loss=2.683500051498413
I0501 22:07:51.940587 139589012399872 logging_writer.py:48] [13200] global_step=13200, grad_norm=0.8752545118331909, loss=2.744962453842163
I0501 22:09:03.609519 139589020792576 logging_writer.py:48] [13300] global_step=13300, grad_norm=0.7847931981086731, loss=2.645857095718384
I0501 22:10:15.214692 139589012399872 logging_writer.py:48] [13400] global_step=13400, grad_norm=0.7721700668334961, loss=2.6683883666992188
