I0510 06:07:01.788144 139643400587072 submission_runner.py:421] Time since start: 8019.92s, 	Step: 15086, 	{'train/accuracy': 0.4916015565395355, 'train/loss': 2.3632662296295166, 'validation/accuracy': 0.45093998312950134, 'validation/loss': 2.56736421585083, 'validation/num_examples': 50000, 'test/accuracy': 0.3477000296115875, 'test/loss': 3.204709768295288, 'test/num_examples': 10000, 'score': 7678.342448711395, 'total_duration': 8019.919867277145, 'accumulated_submission_time': 7678.342448711395, 'accumulated_eval_time': 340.7395739555359, 'accumulated_logging_time': 0.5357968807220459}
I0510 06:07:01.803030 139414571316992 logging_writer.py:48] [15086] accumulated_eval_time=340.739574, accumulated_logging_time=0.535797, accumulated_submission_time=7678.342449, global_step=15086, preemption_count=0, score=7678.342449, test/accuracy=0.347700, test/loss=3.204710, test/num_examples=10000, total_duration=8019.919867, train/accuracy=0.491602, train/loss=2.363266, validation/accuracy=0.450940, validation/loss=2.567364, validation/num_examples=50000
I0510 06:07:09.930198 139414655178496 logging_writer.py:48] [15100] global_step=15100, grad_norm=1.0678986310958862, loss=3.945897102355957
I0510 06:08:01.075195 139414571316992 logging_writer.py:48] [15200] global_step=15200, grad_norm=1.0509603023529053, loss=4.024032115936279
I0510 06:08:51.501085 139414655178496 logging_writer.py:48] [15300] global_step=15300, grad_norm=1.1312460899353027, loss=3.7842211723327637
I0510 06:09:41.629070 139414571316992 logging_writer.py:48] [15400] global_step=15400, grad_norm=0.9901316165924072, loss=3.8479323387145996
I0510 06:10:32.419269 139414655178496 logging_writer.py:48] [15500] global_step=15500, grad_norm=1.0312409400939941, loss=3.918692111968994
I0510 06:11:23.029076 139414571316992 logging_writer.py:48] [15600] global_step=15600, grad_norm=1.1217461824417114, loss=4.05838680267334
I0510 06:12:13.143975 139414655178496 logging_writer.py:48] [15700] global_step=15700, grad_norm=1.2963299751281738, loss=3.9140071868896484
I0510 06:13:03.777577 139414571316992 logging_writer.py:48] [15800] global_step=15800, grad_norm=1.225360631942749, loss=3.850133180618286
I0510 06:13:54.101530 139414655178496 logging_writer.py:48] [15900] global_step=15900, grad_norm=1.1867952346801758, loss=4.715677261352539
I0510 06:14:02.147580 139643400587072 spec.py:298] Evaluating on the training split.
I0510 06:14:10.812209 139643400587072 spec.py:310] Evaluating on the validation split.
I0510 06:14:19.473925 139643400587072 spec.py:326] Evaluating on the test split.
I0510 06:14:21.139417 139643400587072 submission_runner.py:421] Time since start: 8459.27s, 	Step: 15917, 	{'train/accuracy': 0.4987109303474426, 'train/loss': 2.3268303871154785, 'validation/accuracy': 0.4606599807739258, 'validation/loss': 2.4965434074401855, 'validation/num_examples': 50000, 'test/accuracy': 0.3490000069141388, 'test/loss': 3.1463427543640137, 'test/num_examples': 10000, 'score': 8098.651120901108, 'total_duration': 8459.271131038666, 'accumulated_submission_time': 8098.651120901108, 'accumulated_eval_time': 359.7313690185547, 'accumulated_logging_time': 0.5695219039916992}
I0510 06:14:21.151677 139414571316992 logging_writer.py:48] [15917] accumulated_eval_time=359.731369, accumulated_logging_time=0.569522, accumulated_submission_time=8098.651121, global_step=15917, preemption_count=0, score=8098.651121, test/accuracy=0.349000, test/loss=3.146343, test/num_examples=10000, total_duration=8459.271131, train/accuracy=0.498711, train/loss=2.326830, validation/accuracy=0.460660, validation/loss=2.496543, validation/num_examples=50000
I0510 06:15:04.470654 139414655178496 logging_writer.py:48] [16000] global_step=16000, grad_norm=1.0790003538131714, loss=3.9100704193115234
I0510 06:15:54.548350 139414571316992 logging_writer.py:48] [16100] global_step=16100, grad_norm=1.6543903350830078, loss=5.209866523742676
I0510 06:16:44.778896 139414655178496 logging_writer.py:48] [16200] global_step=16200, grad_norm=1.1966462135314941, loss=3.828411340713501
I0510 06:17:34.777147 139414571316992 logging_writer.py:48] [16300] global_step=16300, grad_norm=1.1942448616027832, loss=4.708843231201172
I0510 06:18:25.411526 139414655178496 logging_writer.py:48] [16400] global_step=16400, grad_norm=1.1216626167297363, loss=3.8058552742004395
I0510 06:19:15.662888 139414571316992 logging_writer.py:48] [16500] global_step=16500, grad_norm=1.0628660917282104, loss=3.9094643592834473
I0510 06:20:06.383925 139414655178496 logging_writer.py:48] [16600] global_step=16600, grad_norm=1.1910064220428467, loss=4.514021873474121
I0510 06:20:56.775930 139414571316992 logging_writer.py:48] [16700] global_step=16700, grad_norm=1.1302059888839722, loss=3.863957643508911
I0510 06:21:21.395518 139643400587072 spec.py:298] Evaluating on the training split.
I0510 06:21:29.113340 139643400587072 spec.py:310] Evaluating on the validation split.
I0510 06:21:37.799198 139643400587072 spec.py:326] Evaluating on the test split.
I0510 06:21:39.476624 139643400587072 submission_runner.py:421] Time since start: 8897.61s, 	Step: 16750, 	{'train/accuracy': 0.5110741853713989, 'train/loss': 2.2409470081329346, 'validation/accuracy': 0.47095999121665955, 'validation/loss': 2.4478166103363037, 'validation/num_examples': 50000, 'test/accuracy': 0.3647000193595886, 'test/loss': 3.060823440551758, 'test/num_examples': 10000, 'score': 8518.864560127258, 'total_duration': 8897.608322143555, 'accumulated_submission_time': 8518.864560127258, 'accumulated_eval_time': 377.8124327659607, 'accumulated_logging_time': 0.5953128337860107}
I0510 06:21:39.498213 139414655178496 logging_writer.py:48] [16750] accumulated_eval_time=377.812433, accumulated_logging_time=0.595313, accumulated_submission_time=8518.864560, global_step=16750, preemption_count=0, score=8518.864560, test/accuracy=0.364700, test/loss=3.060823, test/num_examples=10000, total_duration=8897.608322, train/accuracy=0.511074, train/loss=2.240947, validation/accuracy=0.470960, validation/loss=2.447817, validation/num_examples=50000
I0510 06:22:06.161712 139414571316992 logging_writer.py:48] [16800] global_step=16800, grad_norm=1.093588948249817, loss=3.9064455032348633
I0510 06:22:56.854470 139414655178496 logging_writer.py:48] [16900] global_step=16900, grad_norm=1.095706582069397, loss=3.808650255203247
I0510 06:23:47.064976 139414571316992 logging_writer.py:48] [17000] global_step=17000, grad_norm=1.329002857208252, loss=5.47910213470459
I0510 06:24:37.782693 139414655178496 logging_writer.py:48] [17100] global_step=17100, grad_norm=1.4283804893493652, loss=3.763915538787842
I0510 06:25:28.258976 139414571316992 logging_writer.py:48] [17200] global_step=17200, grad_norm=1.2074168920516968, loss=3.75687313079834
I0510 06:26:18.639381 139414655178496 logging_writer.py:48] [17300] global_step=17300, grad_norm=1.3263049125671387, loss=3.744295597076416
I0510 06:27:09.321048 139414571316992 logging_writer.py:48] [17400] global_step=17400, grad_norm=1.3222581148147583, loss=5.840227127075195
I0510 06:27:59.842593 139414655178496 logging_writer.py:48] [17500] global_step=17500, grad_norm=1.392756462097168, loss=5.537667751312256
I0510 06:28:39.956941 139643400587072 spec.py:298] Evaluating on the training split.
I0510 06:28:48.841151 139643400587072 spec.py:310] Evaluating on the validation split.
I0510 06:28:58.000517 139643400587072 spec.py:326] Evaluating on the test split.
I0510 06:28:59.678939 139643400587072 submission_runner.py:421] Time since start: 9337.81s, 	Step: 17581, 	{'train/accuracy': 0.5305078029632568, 'train/loss': 2.195829391479492, 'validation/accuracy': 0.48325997591018677, 'validation/loss': 2.425340175628662, 'validation/num_examples': 50000, 'test/accuracy': 0.3783000111579895, 'test/loss': 3.0552666187286377, 'test/num_examples': 10000, 'score': 8939.292304039001, 'total_duration': 9337.810625553131, 'accumulated_submission_time': 8939.292304039001, 'accumulated_eval_time': 397.53436970710754, 'accumulated_logging_time': 0.6306376457214355}
I0510 06:28:59.695434 139414571316992 logging_writer.py:48] [17581] accumulated_eval_time=397.534370, accumulated_logging_time=0.630638, accumulated_submission_time=8939.292304, global_step=17581, preemption_count=0, score=8939.292304, test/accuracy=0.378300, test/loss=3.055267, test/num_examples=10000, total_duration=9337.810626, train/accuracy=0.530508, train/loss=2.195829, validation/accuracy=0.483260, validation/loss=2.425340, validation/num_examples=50000
I0510 06:29:09.873327 139414655178496 logging_writer.py:48] [17600] global_step=17600, grad_norm=1.4847934246063232, loss=3.779873847961426
I0510 06:29:59.807416 139414571316992 logging_writer.py:48] [17700] global_step=17700, grad_norm=1.1293363571166992, loss=3.8142378330230713
I0510 06:30:50.286293 139414655178496 logging_writer.py:48] [17800] global_step=17800, grad_norm=1.1001334190368652, loss=3.7072017192840576
I0510 06:31:40.313995 139414571316992 logging_writer.py:48] [17900] global_step=17900, grad_norm=1.3010358810424805, loss=3.740560531616211
I0510 06:32:30.608816 139414655178496 logging_writer.py:48] [18000] global_step=18000, grad_norm=1.1492327451705933, loss=3.882336139678955
I0510 06:33:20.758728 139414571316992 logging_writer.py:48] [18100] global_step=18100, grad_norm=1.5157909393310547, loss=5.012139320373535
I0510 06:34:11.377935 139414655178496 logging_writer.py:48] [18200] global_step=18200, grad_norm=1.1957067251205444, loss=3.7311971187591553
I0510 06:35:01.423207 139414571316992 logging_writer.py:48] [18300] global_step=18300, grad_norm=1.157968282699585, loss=5.290837287902832
I0510 06:35:51.864147 139414655178496 logging_writer.py:48] [18400] global_step=18400, grad_norm=1.1466715335845947, loss=4.1923017501831055
I0510 06:35:59.923664 139643400587072 spec.py:298] Evaluating on the training split.
I0510 06:36:08.400030 139643400587072 spec.py:310] Evaluating on the validation split.
I0510 06:36:17.362233 139643400587072 spec.py:326] Evaluating on the test split.
I0510 06:36:19.039179 139643400587072 submission_runner.py:421] Time since start: 9777.17s, 	Step: 18417, 	{'train/accuracy': 0.5323437452316284, 'train/loss': 2.1378982067108154, 'validation/accuracy': 0.49173998832702637, 'validation/loss': 2.3323566913604736, 'validation/num_examples': 50000, 'test/accuracy': 0.3800000250339508, 'test/loss': 2.982506036758423, 'test/num_examples': 10000, 'score': 9359.492275714874, 'total_duration': 9777.17090010643, 'accumulated_submission_time': 9359.492275714874, 'accumulated_eval_time': 416.6498432159424, 'accumulated_logging_time': 0.6586251258850098}
I0510 06:36:19.053993 139414571316992 logging_writer.py:48] [18417] accumulated_eval_time=416.649843, accumulated_logging_time=0.658625, accumulated_submission_time=9359.492276, global_step=18417, preemption_count=0, score=9359.492276, test/accuracy=0.380000, test/loss=2.982506, test/num_examples=10000, total_duration=9777.170900, train/accuracy=0.532344, train/loss=2.137898, validation/accuracy=0.491740, validation/loss=2.332357, validation/num_examples=50000
I0510 06:37:02.381901 139414655178496 logging_writer.py:48] [18500] global_step=18500, grad_norm=1.1462022066116333, loss=3.6715128421783447
I0510 06:37:53.073339 139414571316992 logging_writer.py:48] [18600] global_step=18600, grad_norm=1.260894536972046, loss=5.15140438079834
I0510 06:38:43.438803 139414655178496 logging_writer.py:48] [18700] global_step=18700, grad_norm=1.3391947746276855, loss=3.5111000537872314
I0510 06:39:33.808104 139414571316992 logging_writer.py:48] [18800] global_step=18800, grad_norm=1.2407487630844116, loss=3.7307016849517822
I0510 06:40:23.914673 139414655178496 logging_writer.py:48] [18900] global_step=18900, grad_norm=1.2074888944625854, loss=3.660054922103882
I0510 06:41:14.520711 139414571316992 logging_writer.py:48] [19000] global_step=19000, grad_norm=1.2975265979766846, loss=3.895583152770996
I0510 06:42:04.998818 139414655178496 logging_writer.py:48] [19100] global_step=19100, grad_norm=1.4242557287216187, loss=5.075937271118164
I0510 06:42:55.702919 139414571316992 logging_writer.py:48] [19200] global_step=19200, grad_norm=1.2479761838912964, loss=3.696258544921875
I0510 06:43:19.223426 139643400587072 spec.py:298] Evaluating on the training split.
I0510 06:43:28.240114 139643400587072 spec.py:310] Evaluating on the validation split.
I0510 06:43:36.945780 139643400587072 spec.py:326] Evaluating on the test split.
I0510 06:43:38.721758 139643400587072 submission_runner.py:421] Time since start: 10216.85s, 	Step: 19248, 	{'train/accuracy': 0.5361718535423279, 'train/loss': 2.154045343399048, 'validation/accuracy': 0.49281999468803406, 'validation/loss': 2.363997220993042, 'validation/num_examples': 50000, 'test/accuracy': 0.38920003175735474, 'test/loss': 2.987565279006958, 'test/num_examples': 10000, 'score': 9779.632402658463, 'total_duration': 10216.845138072968, 'accumulated_submission_time': 9779.632402658463, 'accumulated_eval_time': 436.13982462882996, 'accumulated_logging_time': 0.6858625411987305}
I0510 06:43:38.750135 139414655178496 logging_writer.py:48] [19248] accumulated_eval_time=436.139825, accumulated_logging_time=0.685863, accumulated_submission_time=9779.632403, global_step=19248, preemption_count=0, score=9779.632403, test/accuracy=0.389200, test/loss=2.987565, test/num_examples=10000, total_duration=10216.845138, train/accuracy=0.536172, train/loss=2.154045, validation/accuracy=0.492820, validation/loss=2.363997, validation/num_examples=50000
I0510 06:44:06.216873 139414571316992 logging_writer.py:48] [19300] global_step=19300, grad_norm=1.1875431537628174, loss=3.8289289474487305
I0510 06:44:57.273286 139414655178496 logging_writer.py:48] [19400] global_step=19400, grad_norm=1.2073613405227661, loss=3.809467315673828
I0510 06:45:47.724606 139414571316992 logging_writer.py:48] [19500] global_step=19500, grad_norm=1.183447241783142, loss=3.746492624282837
I0510 06:46:38.486568 139414655178496 logging_writer.py:48] [19600] global_step=19600, grad_norm=1.4473261833190918, loss=5.734172821044922
I0510 06:47:28.786243 139414571316992 logging_writer.py:48] [19700] global_step=19700, grad_norm=1.1380484104156494, loss=3.932396650314331
I0510 06:48:19.558595 139414655178496 logging_writer.py:48] [19800] global_step=19800, grad_norm=1.2716319561004639, loss=3.7139859199523926
I0510 06:49:09.830417 139414571316992 logging_writer.py:48] [19900] global_step=19900, grad_norm=1.3923101425170898, loss=3.7335524559020996
I0510 06:50:00.642817 139414655178496 logging_writer.py:48] [20000] global_step=20000, grad_norm=1.2956103086471558, loss=3.6052958965301514
I0510 06:50:39.264474 139643400587072 spec.py:298] Evaluating on the training split.
I0510 06:50:47.698474 139643400587072 spec.py:310] Evaluating on the validation split.
I0510 06:50:56.138858 139643400587072 spec.py:326] Evaluating on the test split.
I0510 06:50:57.815590 139643400587072 submission_runner.py:421] Time since start: 10655.95s, 	Step: 20078, 	{'train/accuracy': 0.5722851157188416, 'train/loss': 1.9278665781021118, 'validation/accuracy': 0.5059999823570251, 'validation/loss': 2.2401540279388428, 'validation/num_examples': 50000, 'test/accuracy': 0.3921000063419342, 'test/loss': 2.9006295204162598, 'test/num_examples': 10000, 'score': 10200.090380430222, 'total_duration': 10655.945546627045, 'accumulated_submission_time': 10200.090380430222, 'accumulated_eval_time': 454.6891474723816, 'accumulated_logging_time': 0.7537012100219727}
I0510 06:50:57.835404 139414571316992 logging_writer.py:48] [20078] accumulated_eval_time=454.689147, accumulated_logging_time=0.753701, accumulated_submission_time=10200.090380, global_step=20078, preemption_count=0, score=10200.090380, test/accuracy=0.392100, test/loss=2.900630, test/num_examples=10000, total_duration=10655.945547, train/accuracy=0.572285, train/loss=1.927867, validation/accuracy=0.506000, validation/loss=2.240154, validation/num_examples=50000
I0510 06:51:09.987157 139414655178496 logging_writer.py:48] [20100] global_step=20100, grad_norm=1.3968573808670044, loss=3.657348871231079
I0510 06:52:01.180110 139414571316992 logging_writer.py:48] [20200] global_step=20200, grad_norm=1.6414926052093506, loss=5.296505928039551
I0510 06:52:51.704246 139414655178496 logging_writer.py:48] [20300] global_step=20300, grad_norm=1.1842235326766968, loss=3.6733241081237793
I0510 06:53:42.590597 139414571316992 logging_writer.py:48] [20400] global_step=20400, grad_norm=1.7898558378219604, loss=5.478278636932373
I0510 06:54:33.027817 139414655178496 logging_writer.py:48] [20500] global_step=20500, grad_norm=1.293330430984497, loss=3.7366816997528076
I0510 06:55:23.720129 139414571316992 logging_writer.py:48] [20600] global_step=20600, grad_norm=1.3456076383590698, loss=3.7325923442840576
I0510 06:56:14.067564 139414655178496 logging_writer.py:48] [20700] global_step=20700, grad_norm=1.1914963722229004, loss=3.6659140586853027
I0510 06:57:04.553689 139414571316992 logging_writer.py:48] [20800] global_step=20800, grad_norm=1.2996882200241089, loss=3.722297191619873
I0510 06:57:54.800767 139414655178496 logging_writer.py:48] [20900] global_step=20900, grad_norm=1.2080076932907104, loss=4.009950160980225
I0510 06:57:57.871253 139643400587072 spec.py:298] Evaluating on the training split.
I0510 06:58:06.204565 139643400587072 spec.py:310] Evaluating on the validation split.
I0510 06:58:14.936608 139643400587072 spec.py:326] Evaluating on the test split.
I0510 06:58:16.607734 139643400587072 submission_runner.py:421] Time since start: 11094.74s, 	Step: 20907, 	{'train/accuracy': 0.5478515625, 'train/loss': 2.08109974861145, 'validation/accuracy': 0.5068199634552002, 'validation/loss': 2.2877700328826904, 'validation/num_examples': 50000, 'test/accuracy': 0.39160001277923584, 'test/loss': 2.951646566390991, 'test/num_examples': 10000, 'score': 10620.099198102951, 'total_duration': 11094.737990379333, 'accumulated_submission_time': 10620.099198102951, 'accumulated_eval_time': 473.4241290092468, 'accumulated_logging_time': 0.7836754322052002}
I0510 06:58:16.622316 139414571316992 logging_writer.py:48] [20907] accumulated_eval_time=473.424129, accumulated_logging_time=0.783675, accumulated_submission_time=10620.099198, global_step=20907, preemption_count=0, score=10620.099198, test/accuracy=0.391600, test/loss=2.951647, test/num_examples=10000, total_duration=11094.737990, train/accuracy=0.547852, train/loss=2.081100, validation/accuracy=0.506820, validation/loss=2.287770, validation/num_examples=50000
I0510 06:59:04.762999 139414655178496 logging_writer.py:48] [21000] global_step=21000, grad_norm=1.1869487762451172, loss=4.298000812530518
I0510 06:59:55.071031 139414571316992 logging_writer.py:48] [21100] global_step=21100, grad_norm=1.267269253730774, loss=5.001386642456055
I0510 07:00:45.780360 139414655178496 logging_writer.py:48] [21200] global_step=21200, grad_norm=1.1314125061035156, loss=3.584104537963867
I0510 07:01:36.015697 139414571316992 logging_writer.py:48] [21300] global_step=21300, grad_norm=1.2450048923492432, loss=3.527066230773926
I0510 07:02:26.404907 139414655178496 logging_writer.py:48] [21400] global_step=21400, grad_norm=1.2605667114257812, loss=3.704383134841919
I0510 07:03:16.669509 139414571316992 logging_writer.py:48] [21500] global_step=21500, grad_norm=1.3835272789001465, loss=3.5036449432373047
I0510 07:04:07.388926 139414655178496 logging_writer.py:48] [21600] global_step=21600, grad_norm=1.3109043836593628, loss=3.625758171081543
I0510 07:04:57.661310 139414571316992 logging_writer.py:48] [21700] global_step=21700, grad_norm=1.4540812969207764, loss=4.284340858459473
I0510 07:05:17.065231 139643400587072 spec.py:298] Evaluating on the training split.
I0510 07:05:25.155301 139643400587072 spec.py:310] Evaluating on the validation split.
I0510 07:05:33.786948 139643400587072 spec.py:326] Evaluating on the test split.
I0510 07:05:35.453317 139643400587072 submission_runner.py:421] Time since start: 11533.58s, 	Step: 21739, 	{'train/accuracy': 0.5675195455551147, 'train/loss': 1.9861010313034058, 'validation/accuracy': 0.5139200091362, 'validation/loss': 2.223585844039917, 'validation/num_examples': 50000, 'test/accuracy': 0.4034000337123871, 'test/loss': 2.8873274326324463, 'test/num_examples': 10000, 'score': 11040.511682748795, 'total_duration': 11533.583505153656, 'accumulated_submission_time': 11040.511682748795, 'accumulated_eval_time': 491.8106515407562, 'accumulated_logging_time': 0.8120110034942627}
I0510 07:05:35.472208 139414655178496 logging_writer.py:48] [21739] accumulated_eval_time=491.810652, accumulated_logging_time=0.812011, accumulated_submission_time=11040.511683, global_step=21739, preemption_count=0, score=11040.511683, test/accuracy=0.403400, test/loss=2.887327, test/num_examples=10000, total_duration=11533.583505, train/accuracy=0.567520, train/loss=1.986101, validation/accuracy=0.513920, validation/loss=2.223586, validation/num_examples=50000
I0510 07:06:07.158480 139414571316992 logging_writer.py:48] [21800] global_step=21800, grad_norm=1.2990198135375977, loss=3.5716028213500977
I0510 07:06:57.654496 139414655178496 logging_writer.py:48] [21900] global_step=21900, grad_norm=1.2891901731491089, loss=3.5521159172058105
I0510 07:07:48.382890 139414571316992 logging_writer.py:48] [22000] global_step=22000, grad_norm=1.4228148460388184, loss=3.561213493347168
I0510 07:08:38.721664 139414655178496 logging_writer.py:48] [22100] global_step=22100, grad_norm=1.5195337533950806, loss=3.6647632122039795
I0510 07:09:29.633250 139414571316992 logging_writer.py:48] [22200] global_step=22200, grad_norm=1.2384774684906006, loss=3.500579357147217
I0510 07:10:19.944840 139414655178496 logging_writer.py:48] [22300] global_step=22300, grad_norm=1.2167730331420898, loss=4.672708511352539
I0510 07:11:10.484214 139414571316992 logging_writer.py:48] [22400] global_step=22400, grad_norm=1.368669033050537, loss=3.6515755653381348
I0510 07:12:00.805130 139414655178496 logging_writer.py:48] [22500] global_step=22500, grad_norm=1.9977099895477295, loss=5.744197845458984
I0510 07:12:35.907168 139643400587072 spec.py:298] Evaluating on the training split.
I0510 07:12:43.975130 139643400587072 spec.py:310] Evaluating on the validation split.
I0510 07:12:52.655649 139643400587072 spec.py:326] Evaluating on the test split.
I0510 07:12:54.320847 139643400587072 submission_runner.py:421] Time since start: 11972.45s, 	Step: 22570, 	{'train/accuracy': 0.5734961032867432, 'train/loss': 1.9080846309661865, 'validation/accuracy': 0.5288599729537964, 'validation/loss': 2.110729455947876, 'validation/num_examples': 50000, 'test/accuracy': 0.4099000096321106, 'test/loss': 2.7759528160095215, 'test/num_examples': 10000, 'score': 11460.916115760803, 'total_duration': 11972.450888872147, 'accumulated_submission_time': 11460.916115760803, 'accumulated_eval_time': 510.2226436138153, 'accumulated_logging_time': 0.8444089889526367}
I0510 07:12:54.338984 139414571316992 logging_writer.py:48] [22570] accumulated_eval_time=510.222644, accumulated_logging_time=0.844409, accumulated_submission_time=11460.916116, global_step=22570, preemption_count=0, score=11460.916116, test/accuracy=0.409900, test/loss=2.775953, test/num_examples=10000, total_duration=11972.450889, train/accuracy=0.573496, train/loss=1.908085, validation/accuracy=0.528860, validation/loss=2.110729, validation/num_examples=50000
I0510 07:13:10.187026 139414655178496 logging_writer.py:48] [22600] global_step=22600, grad_norm=1.5375252962112427, loss=3.624631404876709
I0510 07:14:00.945424 139414571316992 logging_writer.py:48] [22700] global_step=22700, grad_norm=1.225266456604004, loss=3.578922748565674
I0510 07:14:51.349109 139414655178496 logging_writer.py:48] [22800] global_step=22800, grad_norm=1.3901206254959106, loss=3.5598857402801514
I0510 07:15:41.694133 139414571316992 logging_writer.py:48] [22900] global_step=22900, grad_norm=1.2108362913131714, loss=3.5868847370147705
I0510 07:16:32.265442 139414655178496 logging_writer.py:48] [23000] global_step=23000, grad_norm=1.1866436004638672, loss=4.004177093505859
I0510 07:17:22.830726 139414571316992 logging_writer.py:48] [23100] global_step=23100, grad_norm=1.306475281715393, loss=3.5913352966308594
I0510 07:18:13.344557 139414655178496 logging_writer.py:48] [23200] global_step=23200, grad_norm=1.325537919998169, loss=4.173226833343506
I0510 07:19:03.356114 139414571316992 logging_writer.py:48] [23300] global_step=23300, grad_norm=1.248490333557129, loss=3.4744205474853516
I0510 07:19:53.879265 139414655178496 logging_writer.py:48] [23400] global_step=23400, grad_norm=1.2114465236663818, loss=3.665037155151367
I0510 07:19:54.392427 139643400587072 spec.py:298] Evaluating on the training split.
I0510 07:20:02.562291 139643400587072 spec.py:310] Evaluating on the validation split.
I0510 07:20:11.031876 139643400587072 spec.py:326] Evaluating on the test split.
I0510 07:20:12.700761 139643400587072 submission_runner.py:421] Time since start: 12410.83s, 	Step: 23402, 	{'train/accuracy': 0.5770507454872131, 'train/loss': 1.9056077003479004, 'validation/accuracy': 0.5333200097084045, 'validation/loss': 2.1202099323272705, 'validation/num_examples': 50000, 'test/accuracy': 0.4130000174045563, 'test/loss': 2.7872328758239746, 'test/num_examples': 10000, 'score': 11880.941533088684, 'total_duration': 12410.831207990646, 'accumulated_submission_time': 11880.941533088684, 'accumulated_eval_time': 528.5296852588654, 'accumulated_logging_time': 0.8736469745635986}
I0510 07:20:12.720435 139414571316992 logging_writer.py:48] [23402] accumulated_eval_time=528.529685, accumulated_logging_time=0.873647, accumulated_submission_time=11880.941533, global_step=23402, preemption_count=0, score=11880.941533, test/accuracy=0.413000, test/loss=2.787233, test/num_examples=10000, total_duration=12410.831208, train/accuracy=0.577051, train/loss=1.905608, validation/accuracy=0.533320, validation/loss=2.120210, validation/num_examples=50000
I0510 07:21:03.185450 139414655178496 logging_writer.py:48] [23500] global_step=23500, grad_norm=1.34229576587677, loss=4.41902494430542
I0510 07:21:54.348663 139414571316992 logging_writer.py:48] [23600] global_step=23600, grad_norm=2.0065102577209473, loss=5.615747928619385
I0510 07:22:44.847320 139414655178496 logging_writer.py:48] [23700] global_step=23700, grad_norm=1.3057951927185059, loss=3.488591432571411
I0510 07:23:35.577787 139414571316992 logging_writer.py:48] [23800] global_step=23800, grad_norm=1.353015422821045, loss=4.399977684020996
I0510 07:24:25.967518 139414655178496 logging_writer.py:48] [23900] global_step=23900, grad_norm=1.3414783477783203, loss=5.096223831176758
I0510 07:25:16.565443 139414571316992 logging_writer.py:48] [24000] global_step=24000, grad_norm=1.500490427017212, loss=3.592013120651245
I0510 07:26:07.309175 139414655178496 logging_writer.py:48] [24100] global_step=24100, grad_norm=1.557059407234192, loss=4.021546363830566
I0510 07:26:57.589583 139414571316992 logging_writer.py:48] [24200] global_step=24200, grad_norm=1.318076729774475, loss=5.461621284484863
I0510 07:27:13.221151 139643400587072 spec.py:298] Evaluating on the training split.
I0510 07:27:21.426597 139643400587072 spec.py:310] Evaluating on the validation split.
I0510 07:27:29.929557 139643400587072 spec.py:326] Evaluating on the test split.
I0510 07:27:31.595632 139643400587072 submission_runner.py:421] Time since start: 12849.73s, 	Step: 24232, 	{'train/accuracy': 0.5850390791893005, 'train/loss': 1.963027000427246, 'validation/accuracy': 0.5331799983978271, 'validation/loss': 2.2101948261260986, 'validation/num_examples': 50000, 'test/accuracy': 0.41540002822875977, 'test/loss': 2.8468010425567627, 'test/num_examples': 10000, 'score': 12301.411336421967, 'total_duration': 12849.726059913635, 'accumulated_submission_time': 12301.411336421967, 'accumulated_eval_time': 546.9028518199921, 'accumulated_logging_time': 0.9074513912200928}
I0510 07:27:31.616196 139414655178496 logging_writer.py:48] [24232] accumulated_eval_time=546.902852, accumulated_logging_time=0.907451, accumulated_submission_time=12301.411336, global_step=24232, preemption_count=0, score=12301.411336, test/accuracy=0.415400, test/loss=2.846801, test/num_examples=10000, total_duration=12849.726060, train/accuracy=0.585039, train/loss=1.963027, validation/accuracy=0.533180, validation/loss=2.210195, validation/num_examples=50000
I0510 07:28:07.020668 139414571316992 logging_writer.py:48] [24300] global_step=24300, grad_norm=1.3585140705108643, loss=3.6277456283569336
I0510 07:28:57.687254 139414655178496 logging_writer.py:48] [24400] global_step=24400, grad_norm=1.312635064125061, loss=3.511636972427368
I0510 07:29:48.263493 139414571316992 logging_writer.py:48] [24500] global_step=24500, grad_norm=1.6761226654052734, loss=5.475071907043457
I0510 07:30:39.094038 139414655178496 logging_writer.py:48] [24600] global_step=24600, grad_norm=1.134069561958313, loss=3.5380618572235107
I0510 07:31:29.902288 139414571316992 logging_writer.py:48] [24700] global_step=24700, grad_norm=1.2755171060562134, loss=3.509068489074707
I0510 07:32:20.324083 139414655178496 logging_writer.py:48] [24800] global_step=24800, grad_norm=1.2537161111831665, loss=3.518338441848755
I0510 07:33:10.377154 139414571316992 logging_writer.py:48] [24900] global_step=24900, grad_norm=1.291296124458313, loss=3.797171115875244
I0510 07:34:01.209065 139414655178496 logging_writer.py:48] [25000] global_step=25000, grad_norm=1.1958009004592896, loss=3.557041883468628
I0510 07:34:31.813017 139643400587072 spec.py:298] Evaluating on the training split.
I0510 07:34:40.093018 139643400587072 spec.py:310] Evaluating on the validation split.
I0510 07:34:48.643697 139643400587072 spec.py:326] Evaluating on the test split.
I0510 07:34:50.310199 139643400587072 submission_runner.py:421] Time since start: 13288.44s, 	Step: 25062, 	{'train/accuracy': 0.5884765386581421, 'train/loss': 1.8750735521316528, 'validation/accuracy': 0.5419999957084656, 'validation/loss': 2.0917065143585205, 'validation/num_examples': 50000, 'test/accuracy': 0.4256000220775604, 'test/loss': 2.742830991744995, 'test/num_examples': 10000, 'score': 12721.578347921371, 'total_duration': 13288.440600633621, 'accumulated_submission_time': 12721.578347921371, 'accumulated_eval_time': 565.3986971378326, 'accumulated_logging_time': 0.9411191940307617}
I0510 07:34:50.323802 139414571316992 logging_writer.py:48] [25062] accumulated_eval_time=565.398697, accumulated_logging_time=0.941119, accumulated_submission_time=12721.578348, global_step=25062, preemption_count=0, score=12721.578348, test/accuracy=0.425600, test/loss=2.742831, test/num_examples=10000, total_duration=13288.440601, train/accuracy=0.588477, train/loss=1.875074, validation/accuracy=0.542000, validation/loss=2.091707, validation/num_examples=50000
I0510 07:35:10.443340 139414655178496 logging_writer.py:48] [25100] global_step=25100, grad_norm=1.3569369316101074, loss=3.568627119064331
I0510 07:36:01.014528 139414571316992 logging_writer.py:48] [25200] global_step=25200, grad_norm=1.234499454498291, loss=3.4871208667755127
I0510 07:36:51.591138 139414655178496 logging_writer.py:48] [25300] global_step=25300, grad_norm=1.5576380491256714, loss=5.436429977416992
I0510 07:37:41.791975 139414571316992 logging_writer.py:48] [25400] global_step=25400, grad_norm=1.2861263751983643, loss=3.9154982566833496
I0510 07:38:32.522743 139414655178496 logging_writer.py:48] [25500] global_step=25500, grad_norm=1.2705299854278564, loss=3.3940305709838867
I0510 07:39:22.705759 139414571316992 logging_writer.py:48] [25600] global_step=25600, grad_norm=1.3257113695144653, loss=3.4120874404907227
I0510 07:40:13.563351 139414655178496 logging_writer.py:48] [25700] global_step=25700, grad_norm=1.2877169847488403, loss=3.4439826011657715
I0510 07:41:04.157157 139414571316992 logging_writer.py:48] [25800] global_step=25800, grad_norm=1.7324477434158325, loss=5.441906452178955
I0510 07:41:50.733953 139643400587072 spec.py:298] Evaluating on the training split.
I0510 07:41:58.921055 139643400587072 spec.py:310] Evaluating on the validation split.
I0510 07:42:07.389266 139643400587072 spec.py:326] Evaluating on the test split.
I0510 07:42:09.056343 139643400587072 submission_runner.py:421] Time since start: 13727.19s, 	Step: 25893, 	{'train/accuracy': 0.6030663847923279, 'train/loss': 1.800011157989502, 'validation/accuracy': 0.5529199838638306, 'validation/loss': 2.0311379432678223, 'validation/num_examples': 50000, 'test/accuracy': 0.43060001730918884, 'test/loss': 2.67693829536438, 'test/num_examples': 10000, 'score': 13141.95744729042, 'total_duration': 13727.186617136002, 'accumulated_submission_time': 13141.95744729042, 'accumulated_eval_time': 583.7196209430695, 'accumulated_logging_time': 0.9688031673431396}
I0510 07:42:09.071972 139414655178496 logging_writer.py:48] [25893] accumulated_eval_time=583.719621, accumulated_logging_time=0.968803, accumulated_submission_time=13141.957447, global_step=25893, preemption_count=0, score=13141.957447, test/accuracy=0.430600, test/loss=2.676938, test/num_examples=10000, total_duration=13727.186617, train/accuracy=0.603066, train/loss=1.800011, validation/accuracy=0.552920, validation/loss=2.031138, validation/num_examples=50000
I0510 07:42:13.264717 139414571316992 logging_writer.py:48] [25900] global_step=25900, grad_norm=1.466232180595398, loss=4.754337310791016
I0510 07:43:03.823130 139414655178496 logging_writer.py:48] [26000] global_step=26000, grad_norm=1.344433069229126, loss=3.439539909362793
I0510 07:43:54.722032 139414571316992 logging_writer.py:48] [26100] global_step=26100, grad_norm=1.3232001066207886, loss=3.493014335632324
I0510 07:44:44.967531 139414655178496 logging_writer.py:48] [26200] global_step=26200, grad_norm=1.3995555639266968, loss=3.6549174785614014
I0510 07:45:35.464033 139414571316992 logging_writer.py:48] [26300] global_step=26300, grad_norm=1.5129094123840332, loss=4.166197299957275
I0510 07:46:25.553740 139414655178496 logging_writer.py:48] [26400] global_step=26400, grad_norm=1.3132901191711426, loss=3.4657177925109863
I0510 07:47:15.858002 139414571316992 logging_writer.py:48] [26500] global_step=26500, grad_norm=1.5959008932113647, loss=5.582189559936523
I0510 07:48:06.070956 139414655178496 logging_writer.py:48] [26600] global_step=26600, grad_norm=1.8309340476989746, loss=5.296988487243652
I0510 07:48:56.624210 139414571316992 logging_writer.py:48] [26700] global_step=26700, grad_norm=1.384691596031189, loss=3.4172327518463135
I0510 07:49:09.220575 139643400587072 spec.py:298] Evaluating on the training split.
I0510 07:49:17.376900 139643400587072 spec.py:310] Evaluating on the validation split.
I0510 07:49:25.845047 139643400587072 spec.py:326] Evaluating on the test split.
I0510 07:49:27.516006 139643400587072 submission_runner.py:421] Time since start: 14165.65s, 	Step: 26726, 	{'train/accuracy': 0.6169335842132568, 'train/loss': 1.7284297943115234, 'validation/accuracy': 0.5488199591636658, 'validation/loss': 2.046231746673584, 'validation/num_examples': 50000, 'test/accuracy': 0.43410003185272217, 'test/loss': 2.6995279788970947, 'test/num_examples': 10000, 'score': 13562.074906349182, 'total_duration': 14165.646134853363, 'accumulated_submission_time': 13562.074906349182, 'accumulated_eval_time': 602.0134363174438, 'accumulated_logging_time': 0.9986917972564697}
I0510 07:49:27.537670 139414655178496 logging_writer.py:48] [26726] accumulated_eval_time=602.013436, accumulated_logging_time=0.998692, accumulated_submission_time=13562.074906, global_step=26726, preemption_count=0, score=13562.074906, test/accuracy=0.434100, test/loss=2.699528, test/num_examples=10000, total_duration=14165.646135, train/accuracy=0.616934, train/loss=1.728430, validation/accuracy=0.548820, validation/loss=2.046232, validation/num_examples=50000
I0510 07:50:05.560531 139414571316992 logging_writer.py:48] [26800] global_step=26800, grad_norm=1.167487621307373, loss=3.832552909851074
I0510 07:50:56.556602 139414655178496 logging_writer.py:48] [26900] global_step=26900, grad_norm=1.2139244079589844, loss=4.404021263122559
I0510 07:51:46.987475 139414571316992 logging_writer.py:48] [27000] global_step=27000, grad_norm=1.613554835319519, loss=4.519676685333252
I0510 07:52:37.604830 139414655178496 logging_writer.py:48] [27100] global_step=27100, grad_norm=1.5016157627105713, loss=3.4540090560913086
I0510 07:53:27.819674 139414571316992 logging_writer.py:48] [27200] global_step=27200, grad_norm=1.3084303140640259, loss=3.5241036415100098
I0510 07:54:18.408923 139414655178496 logging_writer.py:48] [27300] global_step=27300, grad_norm=1.4635545015335083, loss=4.82302188873291
I0510 07:55:08.675610 139414571316992 logging_writer.py:48] [27400] global_step=27400, grad_norm=1.2863199710845947, loss=3.4043140411376953
I0510 07:55:59.674666 139414655178496 logging_writer.py:48] [27500] global_step=27500, grad_norm=1.2312681674957275, loss=3.425969362258911
I0510 07:56:28.035246 139643400587072 spec.py:298] Evaluating on the training split.
I0510 07:56:36.263206 139643400587072 spec.py:310] Evaluating on the validation split.
I0510 07:56:44.895703 139643400587072 spec.py:326] Evaluating on the test split.
I0510 07:56:46.564224 139643400587072 submission_runner.py:421] Time since start: 14604.69s, 	Step: 27557, 	{'train/accuracy': 0.6059374809265137, 'train/loss': 1.7797785997390747, 'validation/accuracy': 0.560259997844696, 'validation/loss': 2.0030548572540283, 'validation/num_examples': 50000, 'test/accuracy': 0.43810001015663147, 'test/loss': 2.6662871837615967, 'test/num_examples': 10000, 'score': 13982.541913032532, 'total_duration': 14604.694603204727, 'accumulated_submission_time': 13982.541913032532, 'accumulated_eval_time': 620.5410556793213, 'accumulated_logging_time': 1.0340726375579834}
I0510 07:56:46.585167 139414571316992 logging_writer.py:48] [27557] accumulated_eval_time=620.541056, accumulated_logging_time=1.034073, accumulated_submission_time=13982.541913, global_step=27557, preemption_count=0, score=13982.541913, test/accuracy=0.438100, test/loss=2.666287, test/num_examples=10000, total_duration=14604.694603, train/accuracy=0.605937, train/loss=1.779779, validation/accuracy=0.560260, validation/loss=2.003055, validation/num_examples=50000
I0510 07:57:08.955894 139414655178496 logging_writer.py:48] [27600] global_step=27600, grad_norm=1.3050085306167603, loss=3.366891860961914
I0510 07:57:59.857044 139414571316992 logging_writer.py:48] [27700] global_step=27700, grad_norm=1.4885462522506714, loss=4.705981731414795
I0510 07:58:50.313133 139414655178496 logging_writer.py:48] [27800] global_step=27800, grad_norm=1.3174469470977783, loss=3.390026807785034
I0510 07:59:40.813121 139414571316992 logging_writer.py:48] [27900] global_step=27900, grad_norm=2.0928871631622314, loss=5.5009379386901855
I0510 08:00:30.587490 139643400587072 spec.py:298] Evaluating on the training split.
I0510 08:00:38.897580 139643400587072 spec.py:310] Evaluating on the validation split.
I0510 08:00:47.589112 139643400587072 spec.py:326] Evaluating on the test split.
I0510 08:00:49.265385 139643400587072 submission_runner.py:421] Time since start: 14847.40s, 	Step: 28000, 	{'train/accuracy': 0.6208202838897705, 'train/loss': 1.7147682905197144, 'validation/accuracy': 0.5647599697113037, 'validation/loss': 1.9904669523239136, 'validation/num_examples': 50000, 'test/accuracy': 0.44540002942085266, 'test/loss': 2.6310150623321533, 'test/num_examples': 10000, 'score': 14206.521617650986, 'total_duration': 14847.395925998688, 'accumulated_submission_time': 14206.521617650986, 'accumulated_eval_time': 639.2177753448486, 'accumulated_logging_time': 1.068406581878662}
I0510 08:00:49.285998 139414655178496 logging_writer.py:48] [28000] accumulated_eval_time=639.217775, accumulated_logging_time=1.068407, accumulated_submission_time=14206.521618, global_step=28000, preemption_count=0, score=14206.521618, test/accuracy=0.445400, test/loss=2.631015, test/num_examples=10000, total_duration=14847.395926, train/accuracy=0.620820, train/loss=1.714768, validation/accuracy=0.564760, validation/loss=1.990467, validation/num_examples=50000
I0510 08:00:49.316908 139414571316992 logging_writer.py:48] [28000] global_step=28000, preemption_count=0, score=14206.521618
I0510 08:00:49.455018 139643400587072 checkpoints.py:356] Saving checkpoint at step: 28000
I0510 08:00:50.087522 139643400587072 checkpoints.py:317] Saved checkpoint at /experiment_runs/timing_fancy_adafactor/timing_adafactor/imagenet_vit_jax/trial_1/checkpoint_28000
I0510 08:00:50.097872 139643400587072 checkpoint_utils.py:240] Saved checkpoint to /experiment_runs/timing_fancy_adafactor/timing_adafactor/imagenet_vit_jax/trial_1/checkpoint_28000.
I0510 08:00:50.591530 139643400587072 submission_runner.py:584] Tuning trial 1/1
I0510 08:00:50.591768 139643400587072 submission_runner.py:585] Hyperparameters: Hyperparameters(learning_rate=0.0032594519610942875, one_minus_beta1=0.03999478140191344, warmup_factor=0.05, weight_decay=0.002578922011395245, label_smoothing=0.1, dropout_rate=0.0)
