I0420 04:49:48.602128 139913500542720 logging_writer.py:48] [14327] accumulated_eval_time=376.805112, accumulated_logging_time=25.425472, accumulated_submission_time=5929.605891, global_step=14327, preemption_count=0, score=5929.605891, test/accuracy=0.269600, test/loss=3.834207, test/num_examples=10000, total_duration=6332.112036, train/accuracy=0.379082, train/loss=3.164558, validation/accuracy=0.350060, validation/loss=3.307192, validation/num_examples=50000
I0420 04:49:48.700446 140094836827968 checkpoints.py:356] Saving checkpoint at step: 14327
I0420 04:49:49.618501 140094836827968 checkpoints.py:317] Saved checkpoint at /experiment_runs/timing_v3_b/timing_momentum/imagenet_vit_jax/trial_1/checkpoint_14327
I0420 04:49:49.632561 140094836827968 checkpoint_utils.py:240] Saved checkpoint to /experiment_runs/timing_v3_b/timing_momentum/imagenet_vit_jax/trial_1/checkpoint_14327.
I0420 04:50:19.111531 139913492150016 logging_writer.py:48] [14400] global_step=14400, grad_norm=0.5989919900894165, loss=4.977010726928711
I0420 04:51:00.454564 139913483757312 logging_writer.py:48] [14500] global_step=14500, grad_norm=0.5891185402870178, loss=4.808904647827148
I0420 04:51:42.270796 139913492150016 logging_writer.py:48] [14600] global_step=14600, grad_norm=0.6479040384292603, loss=4.832007884979248
I0420 04:52:24.132746 139913483757312 logging_writer.py:48] [14700] global_step=14700, grad_norm=0.5341554284095764, loss=4.832569122314453
I0420 04:53:06.125777 139913492150016 logging_writer.py:48] [14800] global_step=14800, grad_norm=0.6006330847740173, loss=4.884751796722412
I0420 04:53:48.445321 139913483757312 logging_writer.py:48] [14900] global_step=14900, grad_norm=0.6365652084350586, loss=4.8527655601501465
I0420 04:54:31.104217 139913492150016 logging_writer.py:48] [15000] global_step=15000, grad_norm=0.6006486415863037, loss=4.914448261260986
I0420 04:55:13.356160 139913483757312 logging_writer.py:48] [15100] global_step=15100, grad_norm=0.5776427388191223, loss=4.894445419311523
I0420 04:55:55.542693 139913492150016 logging_writer.py:48] [15200] global_step=15200, grad_norm=0.7062954902648926, loss=4.8382062911987305
I0420 04:56:37.932800 139913483757312 logging_writer.py:48] [15300] global_step=15300, grad_norm=0.643756091594696, loss=4.725625038146973
I0420 04:56:49.932203 140094836827968 spec.py:298] Evaluating on the training split.
I0420 04:57:04.205153 140094836827968 spec.py:310] Evaluating on the validation split.
I0420 04:57:15.019939 140094836827968 spec.py:326] Evaluating on the test split.
I0420 04:57:16.672739 140094836827968 submission_runner.py:406] Time since start: 6780.20s, 	Step: 15330, 	{'train/accuracy': 0.40625, 'train/loss': 2.917762279510498, 'validation/accuracy': 0.3741599917411804, 'validation/loss': 3.0799543857574463, 'validation/num_examples': 50000, 'test/accuracy': 0.2873000204563141, 'test/loss': 3.6400604248046875, 'test/num_examples': 10000, 'score': 6349.8853504657745, 'total_duration': 6780.195335626602, 'accumulated_submission_time': 6349.8853504657745, 'accumulated_eval_time': 403.5460202693939, 'accumulated_logging_time': 26.469919443130493}
I0420 04:57:16.687072 139913492150016 logging_writer.py:48] [15330] accumulated_eval_time=403.546020, accumulated_logging_time=26.469919, accumulated_submission_time=6349.885350, global_step=15330, preemption_count=0, score=6349.885350, test/accuracy=0.287300, test/loss=3.640060, test/num_examples=10000, total_duration=6780.195336, train/accuracy=0.406250, train/loss=2.917762, validation/accuracy=0.374160, validation/loss=3.079954, validation/num_examples=50000
I0420 04:57:16.794778 140094836827968 checkpoints.py:356] Saving checkpoint at step: 15330
I0420 04:57:17.660060 140094836827968 checkpoints.py:317] Saved checkpoint at /experiment_runs/timing_v3_b/timing_momentum/imagenet_vit_jax/trial_1/checkpoint_15330
I0420 04:57:17.676589 140094836827968 checkpoint_utils.py:240] Saved checkpoint to /experiment_runs/timing_v3_b/timing_momentum/imagenet_vit_jax/trial_1/checkpoint_15330.
I0420 04:57:45.820591 139913483757312 logging_writer.py:48] [15400] global_step=15400, grad_norm=0.5562859177589417, loss=4.768576145172119
I0420 04:58:28.022110 139913475364608 logging_writer.py:48] [15500] global_step=15500, grad_norm=0.5507490038871765, loss=4.744006633758545
I0420 04:59:09.067852 139913483757312 logging_writer.py:48] [15600] global_step=15600, grad_norm=0.6147327423095703, loss=5.069194793701172
I0420 04:59:50.803542 139913475364608 logging_writer.py:48] [15700] global_step=15700, grad_norm=0.6075954437255859, loss=4.748782157897949
I0420 05:00:33.250967 139913483757312 logging_writer.py:48] [15800] global_step=15800, grad_norm=0.6078113317489624, loss=5.116571426391602
I0420 05:01:15.341659 139913475364608 logging_writer.py:48] [15900] global_step=15900, grad_norm=0.4951038956642151, loss=6.032189846038818
I0420 05:01:57.396150 139913483757312 logging_writer.py:48] [16000] global_step=16000, grad_norm=0.5279361605644226, loss=5.073065757751465
I0420 05:02:39.230781 139913475364608 logging_writer.py:48] [16100] global_step=16100, grad_norm=0.5776886940002441, loss=4.6803059577941895
I0420 05:03:20.916577 139913483757312 logging_writer.py:48] [16200] global_step=16200, grad_norm=0.49918368458747864, loss=5.436649799346924
I0420 05:04:03.036005 139913475364608 logging_writer.py:48] [16300] global_step=16300, grad_norm=0.5606988668441772, loss=4.68937873840332
I0420 05:04:17.709938 140094836827968 spec.py:298] Evaluating on the training split.
I0420 05:04:32.035732 140094836827968 spec.py:310] Evaluating on the validation split.
I0420 05:04:43.146697 140094836827968 spec.py:326] Evaluating on the test split.
I0420 05:04:44.816171 140094836827968 submission_runner.py:406] Time since start: 7228.34s, 	Step: 16337, 	{'train/accuracy': 0.4143163859844208, 'train/loss': 2.9450790882110596, 'validation/accuracy': 0.38047999143600464, 'validation/loss': 3.1194698810577393, 'validation/num_examples': 50000, 'test/accuracy': 0.2921999990940094, 'test/loss': 3.6614508628845215, 'test/num_examples': 10000, 'score': 6769.899214267731, 'total_duration': 7228.338685035706, 'accumulated_submission_time': 6769.899214267731, 'accumulated_eval_time': 430.65218138694763, 'accumulated_logging_time': 27.474753856658936}
I0420 05:04:44.833971 139913483757312 logging_writer.py:48] [16337] accumulated_eval_time=430.652181, accumulated_logging_time=27.474754, accumulated_submission_time=6769.899214, global_step=16337, preemption_count=0, score=6769.899214, test/accuracy=0.292200, test/loss=3.661451, test/num_examples=10000, total_duration=7228.338685, train/accuracy=0.414316, train/loss=2.945079, validation/accuracy=0.380480, validation/loss=3.119470, validation/num_examples=50000
I0420 05:04:44.944845 140094836827968 checkpoints.py:356] Saving checkpoint at step: 16337
I0420 05:04:45.789367 140094836827968 checkpoints.py:317] Saved checkpoint at /experiment_runs/timing_v3_b/timing_momentum/imagenet_vit_jax/trial_1/checkpoint_16337
I0420 05:04:45.804163 140094836827968 checkpoint_utils.py:240] Saved checkpoint to /experiment_runs/timing_v3_b/timing_momentum/imagenet_vit_jax/trial_1/checkpoint_16337.
I0420 05:05:11.102450 139913475364608 logging_writer.py:48] [16400] global_step=16400, grad_norm=0.5551115274429321, loss=4.998411655426025
I0420 05:05:53.295697 139913257285376 logging_writer.py:48] [16500] global_step=16500, grad_norm=0.5699454545974731, loss=4.849690914154053
I0420 05:06:35.149269 139913475364608 logging_writer.py:48] [16600] global_step=16600, grad_norm=0.5689425468444824, loss=4.670768737792969
I0420 05:07:17.402840 139913257285376 logging_writer.py:48] [16700] global_step=16700, grad_norm=0.6287769079208374, loss=4.774860382080078
I0420 05:08:00.005936 139913475364608 logging_writer.py:48] [16800] global_step=16800, grad_norm=0.5638846755027771, loss=4.995319843292236
I0420 05:08:42.021107 139913257285376 logging_writer.py:48] [16900] global_step=16900, grad_norm=0.612115740776062, loss=4.682149410247803
I0420 05:09:24.757185 139913475364608 logging_writer.py:48] [17000] global_step=17000, grad_norm=0.626539945602417, loss=4.654429912567139
I0420 05:10:07.107191 139913257285376 logging_writer.py:48] [17100] global_step=17100, grad_norm=0.6402144432067871, loss=4.654486656188965
I0420 05:10:49.385510 139913475364608 logging_writer.py:48] [17200] global_step=17200, grad_norm=0.5060462355613708, loss=6.288032531738281
I0420 05:11:32.457072 139913257285376 logging_writer.py:48] [17300] global_step=17300, grad_norm=0.4939051568508148, loss=5.503744125366211
I0420 05:11:45.879104 140094836827968 spec.py:298] Evaluating on the training split.
I0420 05:12:00.391318 140094836827968 spec.py:310] Evaluating on the validation split.
I0420 05:12:11.381434 140094836827968 spec.py:326] Evaluating on the test split.
I0420 05:12:13.062398 140094836827968 submission_runner.py:406] Time since start: 7676.58s, 	Step: 17333, 	{'train/accuracy': 0.43644529581069946, 'train/loss': 2.7953410148620605, 'validation/accuracy': 0.39337998628616333, 'validation/loss': 3.0140624046325684, 'validation/num_examples': 50000, 'test/accuracy': 0.302700012922287, 'test/loss': 3.5815353393554688, 'test/num_examples': 10000, 'score': 7189.954411506653, 'total_duration': 7676.584993600845, 'accumulated_submission_time': 7189.954411506653, 'accumulated_eval_time': 457.8354597091675, 'accumulated_logging_time': 28.464375019073486}
I0420 05:12:13.076925 139913475364608 logging_writer.py:48] [17333] accumulated_eval_time=457.835460, accumulated_logging_time=28.464375, accumulated_submission_time=7189.954412, global_step=17333, preemption_count=0, score=7189.954412, test/accuracy=0.302700, test/loss=3.581535, test/num_examples=10000, total_duration=7676.584994, train/accuracy=0.436445, train/loss=2.795341, validation/accuracy=0.393380, validation/loss=3.014062, validation/num_examples=50000
I0420 05:12:13.197398 140094836827968 checkpoints.py:356] Saving checkpoint at step: 17333
I0420 05:12:14.130188 140094836827968 checkpoints.py:317] Saved checkpoint at /experiment_runs/timing_v3_b/timing_momentum/imagenet_vit_jax/trial_1/checkpoint_17333
I0420 05:12:14.146002 140094836827968 checkpoint_utils.py:240] Saved checkpoint to /experiment_runs/timing_v3_b/timing_momentum/imagenet_vit_jax/trial_1/checkpoint_17333.
I0420 05:12:40.997778 139913257285376 logging_writer.py:48] [17400] global_step=17400, grad_norm=0.525056004524231, loss=5.002378463745117
I0420 05:13:23.241906 139913248892672 logging_writer.py:48] [17500] global_step=17500, grad_norm=0.44486528635025024, loss=6.187901973724365
I0420 05:14:05.752512 139913257285376 logging_writer.py:48] [17600] global_step=17600, grad_norm=0.6003170013427734, loss=4.588971138000488
I0420 05:14:47.938981 139913248892672 logging_writer.py:48] [17700] global_step=17700, grad_norm=0.4827274978160858, loss=5.486930847167969
I0420 05:15:30.490844 139913257285376 logging_writer.py:48] [17800] global_step=17800, grad_norm=0.43042925000190735, loss=6.02548360824585
I0420 05:16:13.205019 139913248892672 logging_writer.py:48] [17900] global_step=17900, grad_norm=0.5922711491584778, loss=4.657092571258545
I0420 05:16:55.519306 139913257285376 logging_writer.py:48] [18000] global_step=18000, grad_norm=0.4916016161441803, loss=5.832339286804199
I0420 05:17:37.579488 139913248892672 logging_writer.py:48] [18100] global_step=18100, grad_norm=0.4631645977497101, loss=6.265865802764893
I0420 05:18:19.509747 139913257285376 logging_writer.py:48] [18200] global_step=18200, grad_norm=0.6184157729148865, loss=4.6897783279418945
I0420 05:19:02.036132 139913248892672 logging_writer.py:48] [18300] global_step=18300, grad_norm=0.660914957523346, loss=4.651120185852051
I0420 05:19:14.502301 140094836827968 spec.py:298] Evaluating on the training split.
I0420 05:19:28.758015 140094836827968 spec.py:310] Evaluating on the validation split.
I0420 05:19:40.298114 140094836827968 spec.py:326] Evaluating on the test split.
I0420 05:19:41.961759 140094836827968 submission_runner.py:406] Time since start: 8125.48s, 	Step: 18332, 	{'train/accuracy': 0.43156248331069946, 'train/loss': 2.8852272033691406, 'validation/accuracy': 0.40167999267578125, 'validation/loss': 3.041515350341797, 'validation/num_examples': 50000, 'test/accuracy': 0.30070000886917114, 'test/loss': 3.632918119430542, 'test/num_examples': 10000, 'score': 7610.282356500626, 'total_duration': 8125.484335422516, 'accumulated_submission_time': 7610.282356500626, 'accumulated_eval_time': 485.2948799133301, 'accumulated_logging_time': 29.558119773864746}
I0420 05:19:41.976806 139913257285376 logging_writer.py:48] [18332] accumulated_eval_time=485.294880, accumulated_logging_time=29.558120, accumulated_submission_time=7610.282357, global_step=18332, preemption_count=0, score=7610.282357, test/accuracy=0.300700, test/loss=3.632918, test/num_examples=10000, total_duration=8125.484335, train/accuracy=0.431562, train/loss=2.885227, validation/accuracy=0.401680, validation/loss=3.041515, validation/num_examples=50000
I0420 05:19:42.150078 140094836827968 checkpoints.py:356] Saving checkpoint at step: 18332
I0420 05:19:43.102616 140094836827968 checkpoints.py:317] Saved checkpoint at /experiment_runs/timing_v3_b/timing_momentum/imagenet_vit_jax/trial_1/checkpoint_18332
I0420 05:19:43.116331 140094836827968 checkpoint_utils.py:240] Saved checkpoint to /experiment_runs/timing_v3_b/timing_momentum/imagenet_vit_jax/trial_1/checkpoint_18332.
I0420 05:20:10.700206 139913248892672 logging_writer.py:48] [18400] global_step=18400, grad_norm=0.6043475866317749, loss=4.673932075500488
I0420 05:20:52.750105 139913206929152 logging_writer.py:48] [18500] global_step=18500, grad_norm=0.5675444602966309, loss=4.9754228591918945
I0420 05:21:34.676277 139913248892672 logging_writer.py:48] [18600] global_step=18600, grad_norm=0.6591564416885376, loss=4.739292621612549
I0420 05:22:16.452713 139913206929152 logging_writer.py:48] [18700] global_step=18700, grad_norm=0.5971617698669434, loss=4.5703864097595215
I0420 05:22:58.221668 139913248892672 logging_writer.py:48] [18800] global_step=18800, grad_norm=0.45970064401626587, loss=6.200286388397217
I0420 05:23:39.824702 139913206929152 logging_writer.py:48] [18900] global_step=18900, grad_norm=0.5809738039970398, loss=4.625978469848633
I0420 05:24:22.136496 139913248892672 logging_writer.py:48] [19000] global_step=19000, grad_norm=0.48829251527786255, loss=5.85218620300293
I0420 05:25:03.802477 139913206929152 logging_writer.py:48] [19100] global_step=19100, grad_norm=0.5770118236541748, loss=4.592289447784424
I0420 05:25:46.132413 139913248892672 logging_writer.py:48] [19200] global_step=19200, grad_norm=0.6407842040061951, loss=4.666528224945068
I0420 05:26:28.580412 139913206929152 logging_writer.py:48] [19300] global_step=19300, grad_norm=0.4903428852558136, loss=6.142785549163818
I0420 05:26:43.159611 140094836827968 spec.py:298] Evaluating on the training split.
I0420 05:26:57.326832 140094836827968 spec.py:310] Evaluating on the validation split.
I0420 05:27:09.303222 140094836827968 spec.py:326] Evaluating on the test split.
I0420 05:27:10.946982 140094836827968 submission_runner.py:406] Time since start: 8574.47s, 	Step: 19336, 	{'train/accuracy': 0.46101561188697815, 'train/loss': 2.6670875549316406, 'validation/accuracy': 0.4240399897098541, 'validation/loss': 2.8486483097076416, 'validation/num_examples': 50000, 'test/accuracy': 0.326200008392334, 'test/loss': 3.4360971450805664, 'test/num_examples': 10000, 'score': 8030.305867910385, 'total_duration': 8574.469529628754, 'accumulated_submission_time': 8030.305867910385, 'accumulated_eval_time': 513.0822043418884, 'accumulated_logging_time': 30.7141854763031}
I0420 05:27:10.966226 139913248892672 logging_writer.py:48] [19336] accumulated_eval_time=513.082204, accumulated_logging_time=30.714185, accumulated_submission_time=8030.305868, global_step=19336, preemption_count=0, score=8030.305868, test/accuracy=0.326200, test/loss=3.436097, test/num_examples=10000, total_duration=8574.469530, train/accuracy=0.461016, train/loss=2.667088, validation/accuracy=0.424040, validation/loss=2.848648, validation/num_examples=50000
I0420 05:27:11.132821 140094836827968 checkpoints.py:356] Saving checkpoint at step: 19336
I0420 05:27:12.094362 140094836827968 checkpoints.py:317] Saved checkpoint at /experiment_runs/timing_v3_b/timing_momentum/imagenet_vit_jax/trial_1/checkpoint_19336
I0420 05:27:12.110065 140094836827968 checkpoint_utils.py:240] Saved checkpoint to /experiment_runs/timing_v3_b/timing_momentum/imagenet_vit_jax/trial_1/checkpoint_19336.
I0420 05:27:37.825886 139913206929152 logging_writer.py:48] [19400] global_step=19400, grad_norm=0.5528836250305176, loss=4.761984348297119
I0420 05:28:19.640453 139912770737920 logging_writer.py:48] [19500] global_step=19500, grad_norm=0.6099164485931396, loss=4.627335071563721
I0420 05:29:01.352674 139913206929152 logging_writer.py:48] [19600] global_step=19600, grad_norm=0.6125145554542542, loss=4.508908271789551
I0420 05:29:43.503871 139912770737920 logging_writer.py:48] [19700] global_step=19700, grad_norm=0.45906156301498413, loss=5.480332374572754
I0420 05:30:25.117933 139913206929152 logging_writer.py:48] [19800] global_step=19800, grad_norm=0.4769725799560547, loss=6.0104289054870605
I0420 05:31:07.177138 139912770737920 logging_writer.py:48] [19900] global_step=19900, grad_norm=0.6589788794517517, loss=4.591403007507324
I0420 05:31:48.826538 139913206929152 logging_writer.py:48] [20000] global_step=20000, grad_norm=0.6096071600914001, loss=4.583518981933594
I0420 05:32:32.173149 139912770737920 logging_writer.py:48] [20100] global_step=20100, grad_norm=0.637195348739624, loss=4.533024311065674
I0420 05:33:14.875001 139913206929152 logging_writer.py:48] [20200] global_step=20200, grad_norm=0.5695017576217651, loss=4.75380802154541
I0420 05:33:56.944083 139912770737920 logging_writer.py:48] [20300] global_step=20300, grad_norm=0.642218828201294, loss=4.532217979431152
I0420 05:34:12.327333 140094836827968 spec.py:298] Evaluating on the training split.
I0420 05:34:26.936667 140094836827968 spec.py:310] Evaluating on the validation split.
I0420 05:34:38.517806 140094836827968 spec.py:326] Evaluating on the test split.
I0420 05:34:40.192174 140094836827968 submission_runner.py:406] Time since start: 9023.71s, 	Step: 20338, 	{'train/accuracy': 0.4696093499660492, 'train/loss': 2.628263473510742, 'validation/accuracy': 0.429099977016449, 'validation/loss': 2.819188117980957, 'validation/num_examples': 50000, 'test/accuracy': 0.33250001072883606, 'test/loss': 3.4020957946777344, 'test/num_examples': 10000, 'score': 8450.50317645073, 'total_duration': 9023.714770555496, 'accumulated_submission_time': 8450.50317645073, 'accumulated_eval_time': 540.9470338821411, 'accumulated_logging_time': 31.878835439682007}
I0420 05:34:40.203603 139913206929152 logging_writer.py:48] [20338] accumulated_eval_time=540.947034, accumulated_logging_time=31.878835, accumulated_submission_time=8450.503176, global_step=20338, preemption_count=0, score=8450.503176, test/accuracy=0.332500, test/loss=3.402096, test/num_examples=10000, total_duration=9023.714771, train/accuracy=0.469609, train/loss=2.628263, validation/accuracy=0.429100, validation/loss=2.819188, validation/num_examples=50000
I0420 05:34:40.363164 140094836827968 checkpoints.py:356] Saving checkpoint at step: 20338
I0420 05:34:41.327776 140094836827968 checkpoints.py:317] Saved checkpoint at /experiment_runs/timing_v3_b/timing_momentum/imagenet_vit_jax/trial_1/checkpoint_20338
I0420 05:34:41.344751 140094836827968 checkpoint_utils.py:240] Saved checkpoint to /experiment_runs/timing_v3_b/timing_momentum/imagenet_vit_jax/trial_1/checkpoint_20338.
I0420 05:35:06.113725 139912770737920 logging_writer.py:48] [20400] global_step=20400, grad_norm=0.48813867568969727, loss=5.7020673751831055
I0420 05:35:46.801004 139912493909760 logging_writer.py:48] [20500] global_step=20500, grad_norm=0.5978505611419678, loss=4.480976581573486
I0420 05:36:28.043800 139912770737920 logging_writer.py:48] [20600] global_step=20600, grad_norm=0.4981450140476227, loss=6.026834011077881
I0420 05:37:09.028000 139912493909760 logging_writer.py:48] [20700] global_step=20700, grad_norm=0.6001059412956238, loss=4.512948036193848
I0420 05:37:51.244497 139912770737920 logging_writer.py:48] [20800] global_step=20800, grad_norm=0.5269315838813782, loss=5.3537397384643555
I0420 05:38:33.748100 139912493909760 logging_writer.py:48] [20900] global_step=20900, grad_norm=0.43584638833999634, loss=6.067816734313965
I0420 05:39:16.315109 139912770737920 logging_writer.py:48] [21000] global_step=21000, grad_norm=0.5241206884384155, loss=5.228445053100586
I0420 05:39:58.435580 139912493909760 logging_writer.py:48] [21100] global_step=21100, grad_norm=0.6205312609672546, loss=4.491401195526123
I0420 05:40:39.535582 139912770737920 logging_writer.py:48] [21200] global_step=21200, grad_norm=0.6275396943092346, loss=4.484276294708252
I0420 05:41:22.292752 139912493909760 logging_writer.py:48] [21300] global_step=21300, grad_norm=0.49419307708740234, loss=6.145262241363525
I0420 05:41:41.479363 140094836827968 spec.py:298] Evaluating on the training split.
I0420 05:41:55.670166 140094836827968 spec.py:310] Evaluating on the validation split.
I0420 05:42:08.001713 140094836827968 spec.py:326] Evaluating on the test split.
I0420 05:42:09.674063 140094836827968 submission_runner.py:406] Time since start: 9473.20s, 	Step: 21348, 	{'train/accuracy': 0.48847654461860657, 'train/loss': 2.5223329067230225, 'validation/accuracy': 0.44443997740745544, 'validation/loss': 2.7400784492492676, 'validation/num_examples': 50000, 'test/accuracy': 0.3460000157356262, 'test/loss': 3.3298966884613037, 'test/num_examples': 10000, 'score': 8870.616674661636, 'total_duration': 9473.196656227112, 'accumulated_submission_time': 8870.616674661636, 'accumulated_eval_time': 569.1417417526245, 'accumulated_logging_time': 33.03311324119568}
I0420 05:42:09.686284 139912770737920 logging_writer.py:48] [21348] accumulated_eval_time=569.141742, accumulated_logging_time=33.033113, accumulated_submission_time=8870.616675, global_step=21348, preemption_count=0, score=8870.616675, test/accuracy=0.346000, test/loss=3.329897, test/num_examples=10000, total_duration=9473.196656, train/accuracy=0.488477, train/loss=2.522333, validation/accuracy=0.444440, validation/loss=2.740078, validation/num_examples=50000
I0420 05:42:09.859415 140094836827968 checkpoints.py:356] Saving checkpoint at step: 21348
I0420 05:42:10.812699 140094836827968 checkpoints.py:317] Saved checkpoint at /experiment_runs/timing_v3_b/timing_momentum/imagenet_vit_jax/trial_1/checkpoint_21348
I0420 05:42:10.827164 140094836827968 checkpoint_utils.py:240] Saved checkpoint to /experiment_runs/timing_v3_b/timing_momentum/imagenet_vit_jax/trial_1/checkpoint_21348.
I0420 05:42:31.646034 139912493909760 logging_writer.py:48] [21400] global_step=21400, grad_norm=0.6101993322372437, loss=4.484829425811768
I0420 05:43:13.156389 139912485517056 logging_writer.py:48] [21500] global_step=21500, grad_norm=0.5764733552932739, loss=4.590637683868408
I0420 05:43:54.648107 139912493909760 logging_writer.py:48] [21600] global_step=21600, grad_norm=0.6294179558753967, loss=4.599322319030762
I0420 05:44:36.412757 139912485517056 logging_writer.py:48] [21700] global_step=21700, grad_norm=0.5901504755020142, loss=4.606858730316162
I0420 05:45:17.852468 139912493909760 logging_writer.py:48] [21800] global_step=21800, grad_norm=0.5043334364891052, loss=5.000894069671631
I0420 05:45:59.412380 139912485517056 logging_writer.py:48] [21900] global_step=21900, grad_norm=0.5891819000244141, loss=4.622074127197266
I0420 05:46:41.057708 139912493909760 logging_writer.py:48] [22000] global_step=22000, grad_norm=0.6361262798309326, loss=4.505441188812256
I0420 05:47:22.533175 139912485517056 logging_writer.py:48] [22100] global_step=22100, grad_norm=0.45381224155426025, loss=6.116960525512695
I0420 05:48:04.159984 139912493909760 logging_writer.py:48] [22200] global_step=22200, grad_norm=0.6844956874847412, loss=4.467996120452881
I0420 05:48:46.630276 139912485517056 logging_writer.py:48] [22300] global_step=22300, grad_norm=0.48999568819999695, loss=6.058185577392578
I0420 05:49:11.170736 140094836827968 spec.py:298] Evaluating on the training split.
I0420 05:49:24.455718 140094836827968 spec.py:310] Evaluating on the validation split.
I0420 05:49:36.688488 140094836827968 spec.py:326] Evaluating on the test split.
I0420 05:49:38.357166 140094836827968 submission_runner.py:406] Time since start: 9921.88s, 	Step: 22360, 	{'train/accuracy': 0.4928320348262787, 'train/loss': 2.4906363487243652, 'validation/accuracy': 0.4560199975967407, 'validation/loss': 2.6669840812683105, 'validation/num_examples': 50000, 'test/accuracy': 0.3505000174045563, 'test/loss': 3.270718812942505, 'test/num_examples': 10000, 'score': 9290.939936637878, 'total_duration': 9921.879735708237, 'accumulated_submission_time': 9290.939936637878, 'accumulated_eval_time': 596.3281471729279, 'accumulated_logging_time': 34.18768882751465}
I0420 05:49:38.369588 139912493909760 logging_writer.py:48] [22360] accumulated_eval_time=596.328147, accumulated_logging_time=34.187689, accumulated_submission_time=9290.939937, global_step=22360, preemption_count=0, score=9290.939937, test/accuracy=0.350500, test/loss=3.270719, test/num_examples=10000, total_duration=9921.879736, train/accuracy=0.492832, train/loss=2.490636, validation/accuracy=0.456020, validation/loss=2.666984, validation/num_examples=50000
I0420 05:49:38.792593 140094836827968 checkpoints.py:356] Saving checkpoint at step: 22360
I0420 05:49:39.610005 140094836827968 checkpoints.py:317] Saved checkpoint at /experiment_runs/timing_v3_b/timing_momentum/imagenet_vit_jax/trial_1/checkpoint_22360
I0420 05:49:39.623723 140094836827968 checkpoint_utils.py:240] Saved checkpoint to /experiment_runs/timing_v3_b/timing_momentum/imagenet_vit_jax/trial_1/checkpoint_22360.
I0420 05:49:55.927115 139912485517056 logging_writer.py:48] [22400] global_step=22400, grad_norm=0.6027423739433289, loss=4.672640800476074
I0420 05:50:38.720491 139912477124352 logging_writer.py:48] [22500] global_step=22500, grad_norm=0.6171416640281677, loss=4.402923583984375
I0420 05:51:21.997031 139912485517056 logging_writer.py:48] [22600] global_step=22600, grad_norm=0.6243727803230286, loss=4.490999221801758
I0420 05:52:04.389795 139912477124352 logging_writer.py:48] [22700] global_step=22700, grad_norm=0.6016269326210022, loss=4.614620208740234
I0420 05:52:46.569324 139912485517056 logging_writer.py:48] [22800] global_step=22800, grad_norm=0.5352930426597595, loss=4.709039211273193
I0420 05:53:28.396744 139912477124352 logging_writer.py:48] [22900] global_step=22900, grad_norm=0.47105681896209717, loss=6.000059604644775
I0420 05:54:11.250573 139912485517056 logging_writer.py:48] [23000] global_step=23000, grad_norm=0.6386713981628418, loss=4.372572898864746
I0420 05:54:53.757343 139912477124352 logging_writer.py:48] [23100] global_step=23100, grad_norm=0.5670909285545349, loss=5.221748352050781
I0420 05:55:36.610822 139912485517056 logging_writer.py:48] [23200] global_step=23200, grad_norm=0.646217405796051, loss=5.0393385887146
I0420 05:56:19.656663 139912477124352 logging_writer.py:48] [23300] global_step=23300, grad_norm=0.7086395025253296, loss=4.395292282104492
I0420 05:56:39.840744 140094836827968 spec.py:298] Evaluating on the training split.
I0420 05:56:53.541047 140094836827968 spec.py:310] Evaluating on the validation split.
I0420 05:57:05.372501 140094836827968 spec.py:326] Evaluating on the test split.
I0420 05:57:07.070244 140094836827968 submission_runner.py:406] Time since start: 10370.59s, 	Step: 23350, 	{'train/accuracy': 0.5103320479393005, 'train/loss': 2.357052803039551, 'validation/accuracy': 0.46823999285697937, 'validation/loss': 2.565847873687744, 'validation/num_examples': 50000, 'test/accuracy': 0.3612000048160553, 'test/loss': 3.198045253753662, 'test/num_examples': 10000, 'score': 9711.138109445572, 'total_duration': 10370.592807769775, 'accumulated_submission_time': 9711.138109445572, 'accumulated_eval_time': 623.5575816631317, 'accumulated_logging_time': 35.45534086227417}
I0420 05:57:07.088912 139912485517056 logging_writer.py:48] [23350] accumulated_eval_time=623.557582, accumulated_logging_time=35.455341, accumulated_submission_time=9711.138109, global_step=23350, preemption_count=0, score=9711.138109, test/accuracy=0.361200, test/loss=3.198045, test/num_examples=10000, total_duration=10370.592808, train/accuracy=0.510332, train/loss=2.357053, validation/accuracy=0.468240, validation/loss=2.565848, validation/num_examples=50000
I0420 05:57:07.807035 140094836827968 checkpoints.py:356] Saving checkpoint at step: 23350
I0420 05:57:09.143098 140094836827968 checkpoints.py:317] Saved checkpoint at /experiment_runs/timing_v3_b/timing_momentum/imagenet_vit_jax/trial_1/checkpoint_23350
I0420 05:57:09.160083 140094836827968 checkpoint_utils.py:240] Saved checkpoint to /experiment_runs/timing_v3_b/timing_momentum/imagenet_vit_jax/trial_1/checkpoint_23350.
I0420 05:57:29.293533 139912477124352 logging_writer.py:48] [23400] global_step=23400, grad_norm=0.5084682106971741, loss=5.626880645751953
I0420 05:58:10.175909 139912334513920 logging_writer.py:48] [23500] global_step=23500, grad_norm=0.49356475472450256, loss=5.519693851470947
I0420 05:58:51.963132 139912477124352 logging_writer.py:48] [23600] global_step=23600, grad_norm=0.578389048576355, loss=4.492515563964844
I0420 05:59:33.296483 139912334513920 logging_writer.py:48] [23700] global_step=23700, grad_norm=0.5304185152053833, loss=5.028467178344727
I0420 06:00:15.506145 139912477124352 logging_writer.py:48] [23800] global_step=23800, grad_norm=0.620911180973053, loss=4.393165588378906
I0420 06:00:57.314851 139912334513920 logging_writer.py:48] [23900] global_step=23900, grad_norm=0.5072787404060364, loss=5.918619632720947
I0420 06:01:39.241800 139912477124352 logging_writer.py:48] [24000] global_step=24000, grad_norm=0.4441283941268921, loss=5.537792205810547
I0420 06:02:21.338732 139912334513920 logging_writer.py:48] [24100] global_step=24100, grad_norm=0.49749335646629333, loss=4.998456954956055
I0420 06:03:03.059579 139912477124352 logging_writer.py:48] [24200] global_step=24200, grad_norm=0.5306362509727478, loss=5.636284351348877
I0420 06:03:44.970747 139912334513920 logging_writer.py:48] [24300] global_step=24300, grad_norm=0.6510922312736511, loss=4.4626312255859375
I0420 06:04:09.353175 140094836827968 spec.py:298] Evaluating on the training split.
I0420 06:04:19.235681 140094836827968 spec.py:310] Evaluating on the validation split.
I0420 06:04:32.854652 140094836827968 spec.py:326] Evaluating on the test split.
I0420 06:04:34.533210 140094836827968 submission_runner.py:406] Time since start: 10818.06s, 	Step: 24360, 	{'train/accuracy': 0.5230468511581421, 'train/loss': 2.2979137897491455, 'validation/accuracy': 0.4780399799346924, 'validation/loss': 2.5138795375823975, 'validation/num_examples': 50000, 'test/accuracy': 0.37050002813339233, 'test/loss': 3.1437458992004395, 'test/num_examples': 10000, 'score': 10131.298212528229, 'total_duration': 10818.055797338486, 'accumulated_submission_time': 10131.298212528229, 'accumulated_eval_time': 648.7376034259796, 'accumulated_logging_time': 37.559751749038696}
I0420 06:04:34.545692 139912477124352 logging_writer.py:48] [24360] accumulated_eval_time=648.737603, accumulated_logging_time=37.559752, accumulated_submission_time=10131.298213, global_step=24360, preemption_count=0, score=10131.298213, test/accuracy=0.370500, test/loss=3.143746, test/num_examples=10000, total_duration=10818.055797, train/accuracy=0.523047, train/loss=2.297914, validation/accuracy=0.478040, validation/loss=2.513880, validation/num_examples=50000
I0420 06:04:34.725168 140094836827968 checkpoints.py:356] Saving checkpoint at step: 24360
I0420 06:04:35.660027 140094836827968 checkpoints.py:317] Saved checkpoint at /experiment_runs/timing_v3_b/timing_momentum/imagenet_vit_jax/trial_1/checkpoint_24360
I0420 06:04:35.675928 140094836827968 checkpoint_utils.py:240] Saved checkpoint to /experiment_runs/timing_v3_b/timing_momentum/imagenet_vit_jax/trial_1/checkpoint_24360.
I0420 06:04:51.794296 139912334513920 logging_writer.py:48] [24400] global_step=24400, grad_norm=0.5641583800315857, loss=5.089526176452637
I0420 06:05:32.224294 139912183543552 logging_writer.py:48] [24500] global_step=24500, grad_norm=0.46815866231918335, loss=5.724122047424316
I0420 06:06:13.789248 139912334513920 logging_writer.py:48] [24600] global_step=24600, grad_norm=0.5858654379844666, loss=4.338752746582031
I0420 06:06:55.514081 139912183543552 logging_writer.py:48] [24700] global_step=24700, grad_norm=0.6394462585449219, loss=4.300829887390137
I0420 06:07:37.094773 139912334513920 logging_writer.py:48] [24800] global_step=24800, grad_norm=0.6770040988922119, loss=4.347135543823242
I0420 06:08:18.601437 139912183543552 logging_writer.py:48] [24900] global_step=24900, grad_norm=0.6284030675888062, loss=4.324933052062988
I0420 06:09:00.396894 139912334513920 logging_writer.py:48] [25000] global_step=25000, grad_norm=0.54182368516922, loss=4.846460819244385
I0420 06:09:42.001915 139912183543552 logging_writer.py:48] [25100] global_step=25100, grad_norm=0.5336197018623352, loss=6.128482341766357
I0420 06:10:24.008314 139912334513920 logging_writer.py:48] [25200] global_step=25200, grad_norm=0.643752932548523, loss=4.368633270263672
I0420 06:11:05.668665 139912183543552 logging_writer.py:48] [25300] global_step=25300, grad_norm=0.7427856922149658, loss=4.3623528480529785
I0420 06:11:35.782623 140094836827968 spec.py:298] Evaluating on the training split.
I0420 06:11:45.412666 140094836827968 spec.py:310] Evaluating on the validation split.
I0420 06:11:58.932081 140094836827968 spec.py:326] Evaluating on the test split.
I0420 06:12:00.595016 140094836827968 submission_runner.py:406] Time since start: 11264.12s, 	Step: 25374, 	{'train/accuracy': 0.5304882526397705, 'train/loss': 2.2565011978149414, 'validation/accuracy': 0.48607999086380005, 'validation/loss': 2.4824860095977783, 'validation/num_examples': 50000, 'test/accuracy': 0.37320002913475037, 'test/loss': 3.126579523086548, 'test/num_examples': 10000, 'score': 10551.384824037552, 'total_duration': 11264.117563724518, 'accumulated_submission_time': 10551.384824037552, 'accumulated_eval_time': 673.549925327301, 'accumulated_logging_time': 38.70399308204651}
I0420 06:12:00.612063 139912334513920 logging_writer.py:48] [25374] accumulated_eval_time=673.549925, accumulated_logging_time=38.703993, accumulated_submission_time=10551.384824, global_step=25374, preemption_count=0, score=10551.384824, test/accuracy=0.373200, test/loss=3.126580, test/num_examples=10000, total_duration=11264.117564, train/accuracy=0.530488, train/loss=2.256501, validation/accuracy=0.486080, validation/loss=2.482486, validation/num_examples=50000
I0420 06:12:00.817584 140094836827968 checkpoints.py:356] Saving checkpoint at step: 25374
I0420 06:12:01.707578 140094836827968 checkpoints.py:317] Saved checkpoint at /experiment_runs/timing_v3_b/timing_momentum/imagenet_vit_jax/trial_1/checkpoint_25374
I0420 06:12:01.722879 140094836827968 checkpoint_utils.py:240] Saved checkpoint to /experiment_runs/timing_v3_b/timing_momentum/imagenet_vit_jax/trial_1/checkpoint_25374.
I0420 06:12:12.360503 139912183543552 logging_writer.py:48] [25400] global_step=25400, grad_norm=0.5518965125083923, loss=5.377368927001953
I0420 06:12:52.728923 139912175150848 logging_writer.py:48] [25500] global_step=25500, grad_norm=0.47099727392196655, loss=5.836928367614746
I0420 06:13:34.014585 139912183543552 logging_writer.py:48] [25600] global_step=25600, grad_norm=0.5066022872924805, loss=6.0328850746154785
I0420 06:14:16.128864 139912175150848 logging_writer.py:48] [25700] global_step=25700, grad_norm=0.5937127470970154, loss=4.352185249328613
I0420 06:14:57.508389 139912183543552 logging_writer.py:48] [25800] global_step=25800, grad_norm=0.6438971757888794, loss=4.304516315460205
I0420 06:15:39.465293 139912175150848 logging_writer.py:48] [25900] global_step=25900, grad_norm=0.49280884861946106, loss=6.042212963104248
I0420 06:16:20.897481 139912183543552 logging_writer.py:48] [26000] global_step=26000, grad_norm=0.6730190515518188, loss=4.2628068923950195
I0420 06:17:01.902724 139912175150848 logging_writer.py:48] [26100] global_step=26100, grad_norm=0.6004394292831421, loss=4.666134834289551
I0420 06:17:43.310437 139912183543552 logging_writer.py:48] [26200] global_step=26200, grad_norm=0.6338310837745667, loss=4.255568981170654
I0420 06:18:25.235338 139912175150848 logging_writer.py:48] [26300] global_step=26300, grad_norm=0.5893386006355286, loss=4.275085926055908
I0420 06:19:01.958581 140094836827968 spec.py:298] Evaluating on the training split.
I0420 06:19:11.632961 140094836827968 spec.py:310] Evaluating on the validation split.
I0420 06:19:25.553416 140094836827968 spec.py:326] Evaluating on the test split.
I0420 06:19:27.222280 140094836827968 submission_runner.py:406] Time since start: 11710.74s, 	Step: 26389, 	{'train/accuracy': 0.5671484470367432, 'train/loss': 2.089872360229492, 'validation/accuracy': 0.49719998240470886, 'validation/loss': 2.400921106338501, 'validation/num_examples': 50000, 'test/accuracy': 0.38600000739097595, 'test/loss': 3.049140214920044, 'test/num_examples': 10000, 'score': 10971.601137161255, 'total_duration': 11710.744876384735, 'accumulated_submission_time': 10971.601137161255, 'accumulated_eval_time': 698.8136067390442, 'accumulated_logging_time': 39.832908153533936}
I0420 06:19:27.234215 139912183543552 logging_writer.py:48] [26389] accumulated_eval_time=698.813607, accumulated_logging_time=39.832908, accumulated_submission_time=10971.601137, global_step=26389, preemption_count=0, score=10971.601137, test/accuracy=0.386000, test/loss=3.049140, test/num_examples=10000, total_duration=11710.744876, train/accuracy=0.567148, train/loss=2.089872, validation/accuracy=0.497200, validation/loss=2.400921, validation/num_examples=50000
I0420 06:19:27.466151 140094836827968 checkpoints.py:356] Saving checkpoint at step: 26389
I0420 06:19:28.502164 140094836827968 checkpoints.py:317] Saved checkpoint at /experiment_runs/timing_v3_b/timing_momentum/imagenet_vit_jax/trial_1/checkpoint_26389
I0420 06:19:28.520634 140094836827968 checkpoint_utils.py:240] Saved checkpoint to /experiment_runs/timing_v3_b/timing_momentum/imagenet_vit_jax/trial_1/checkpoint_26389.
I0420 06:19:33.290558 139912175150848 logging_writer.py:48] [26400] global_step=26400, grad_norm=0.6456655263900757, loss=4.39181661605835
I0420 06:20:13.504915 139912166758144 logging_writer.py:48] [26500] global_step=26500, grad_norm=0.48289620876312256, loss=5.4658918380737305
I0420 06:20:55.377937 139912175150848 logging_writer.py:48] [26600] global_step=26600, grad_norm=0.5635029673576355, loss=4.665663242340088
I0420 06:21:37.047451 139912166758144 logging_writer.py:48] [26700] global_step=26700, grad_norm=0.44938600063323975, loss=6.0682549476623535
I0420 06:22:18.690992 139912175150848 logging_writer.py:48] [26800] global_step=26800, grad_norm=0.46712785959243774, loss=6.087417125701904
I0420 06:23:00.166271 139912166758144 logging_writer.py:48] [26900] global_step=26900, grad_norm=0.6122147440910339, loss=4.2455644607543945
I0420 06:23:42.112433 139912175150848 logging_writer.py:48] [27000] global_step=27000, grad_norm=0.555949330329895, loss=4.753118515014648
I0420 06:24:23.746852 139912166758144 logging_writer.py:48] [27100] global_step=27100, grad_norm=0.4624776840209961, loss=6.0126566886901855
I0420 06:25:06.244056 139912175150848 logging_writer.py:48] [27200] global_step=27200, grad_norm=0.5978474020957947, loss=4.492559432983398
I0420 06:25:47.761137 139912166758144 logging_writer.py:48] [27300] global_step=27300, grad_norm=0.5030084252357483, loss=5.394350051879883
I0420 06:26:28.872029 140094836827968 spec.py:298] Evaluating on the training split.
I0420 06:26:38.036939 140094836827968 spec.py:310] Evaluating on the validation split.
I0420 06:26:51.667924 140094836827968 spec.py:326] Evaluating on the test split.
I0420 06:26:53.340945 140094836827968 submission_runner.py:406] Time since start: 12156.86s, 	Step: 27400, 	{'train/accuracy': 0.5447461009025574, 'train/loss': 2.2115330696105957, 'validation/accuracy': 0.49949997663497925, 'validation/loss': 2.416468620300293, 'validation/num_examples': 50000, 'test/accuracy': 0.39100003242492676, 'test/loss': 3.0406293869018555, 'test/num_examples': 10000, 'score': 11391.919004917145, 'total_duration': 12156.863492012024, 'accumulated_submission_time': 11391.919004917145, 'accumulated_eval_time': 723.2824618816376, 'accumulated_logging_time': 41.14699125289917}
I0420 06:26:53.360538 139912175150848 logging_writer.py:48] [27400] accumulated_eval_time=723.282462, accumulated_logging_time=41.146991, accumulated_submission_time=11391.919005, global_step=27400, preemption_count=0, score=11391.919005, test/accuracy=0.391000, test/loss=3.040629, test/num_examples=10000, total_duration=12156.863492, train/accuracy=0.544746, train/loss=2.211533, validation/accuracy=0.499500, validation/loss=2.416469, validation/num_examples=50000
I0420 06:26:53.593826 140094836827968 checkpoints.py:356] Saving checkpoint at step: 27400
I0420 06:26:54.548435 140094836827968 checkpoints.py:317] Saved checkpoint at /experiment_runs/timing_v3_b/timing_momentum/imagenet_vit_jax/trial_1/checkpoint_27400
I0420 06:26:54.564375 140094836827968 checkpoint_utils.py:240] Saved checkpoint to /experiment_runs/timing_v3_b/timing_momentum/imagenet_vit_jax/trial_1/checkpoint_27400.
I0420 06:26:54.979848 139912166758144 logging_writer.py:48] [27400] global_step=27400, grad_norm=0.6450590491294861, loss=4.299770832061768
I0420 06:27:34.573980 139912158365440 logging_writer.py:48] [27500] global_step=27500, grad_norm=0.520721971988678, loss=4.87653923034668
I0420 06:28:16.467648 139912166758144 logging_writer.py:48] [27600] global_step=27600, grad_norm=0.5890617966651917, loss=4.138230800628662
I0420 06:28:58.322072 139912158365440 logging_writer.py:48] [27700] global_step=27700, grad_norm=0.490899920463562, loss=5.7433061599731445
I0420 06:29:40.320752 139912166758144 logging_writer.py:48] [27800] global_step=27800, grad_norm=0.47138917446136475, loss=5.9702582359313965
I0420 06:30:21.863317 139912158365440 logging_writer.py:48] [27900] global_step=27900, grad_norm=0.5735143423080444, loss=4.185227394104004
I0420 06:31:03.238767 140094836827968 spec.py:298] Evaluating on the training split.
I0420 06:31:12.761743 140094836827968 spec.py:310] Evaluating on the validation split.
I0420 06:31:26.527561 140094836827968 spec.py:326] Evaluating on the test split.
I0420 06:31:28.188165 140094836827968 submission_runner.py:406] Time since start: 12431.71s, 	Step: 28000, 	{'train/accuracy': 0.5612695217132568, 'train/loss': 2.1791670322418213, 'validation/accuracy': 0.5083199739456177, 'validation/loss': 2.42812442779541, 'validation/num_examples': 50000, 'test/accuracy': 0.3992000222206116, 'test/loss': 3.04585862159729, 'test/num_examples': 10000, 'score': 11640.580857515335, 'total_duration': 12431.710727930069, 'accumulated_submission_time': 11640.580857515335, 'accumulated_eval_time': 748.2318212985992, 'accumulated_logging_time': 42.37189030647278}
I0420 06:31:28.200948 139912166758144 logging_writer.py:48] [28000] accumulated_eval_time=748.231821, accumulated_logging_time=42.371890, accumulated_submission_time=11640.580858, global_step=28000, preemption_count=0, score=11640.580858, test/accuracy=0.399200, test/loss=3.045859, test/num_examples=10000, total_duration=12431.710728, train/accuracy=0.561270, train/loss=2.179167, validation/accuracy=0.508320, validation/loss=2.428124, validation/num_examples=50000
I0420 06:31:28.413002 140094836827968 checkpoints.py:356] Saving checkpoint at step: 28000
I0420 06:31:29.371502 140094836827968 checkpoints.py:317] Saved checkpoint at /experiment_runs/timing_v3_b/timing_momentum/imagenet_vit_jax/trial_1/checkpoint_28000
I0420 06:31:29.386177 140094836827968 checkpoint_utils.py:240] Saved checkpoint to /experiment_runs/timing_v3_b/timing_momentum/imagenet_vit_jax/trial_1/checkpoint_28000.
I0420 06:31:29.397786 139912158365440 logging_writer.py:48] [28000] global_step=28000, preemption_count=0, score=11640.580858
I0420 06:31:29.493543 140094836827968 checkpoints.py:356] Saving checkpoint at step: 28000
I0420 06:31:30.541014 140094836827968 checkpoints.py:317] Saved checkpoint at /experiment_runs/timing_v3_b/timing_momentum/imagenet_vit_jax/trial_1/checkpoint_28000
I0420 06:31:30.553524 140094836827968 checkpoint_utils.py:240] Saved checkpoint to /experiment_runs/timing_v3_b/timing_momentum/imagenet_vit_jax/trial_1/checkpoint_28000.
I0420 06:31:31.365938 140094836827968 submission_runner.py:567] Tuning trial 1/1
I0420 06:31:31.368347 140094836827968 submission_runner.py:568] Hyperparameters: Hyperparameters(learning_rate=0.4394877561366806, one_minus_beta1=0.07113602458522507, warmup_factor=0.05, weight_decay=9.611851572925426e-07, label_smoothing=0.2, dropout_rate=0.0, decay_steps_factor=0.9, end_factor=0.001)
