I0420 03:03:53.728677 140094836827968 logger_utils.py:67] Creating experiment directory at /experiment_runs/timing_v3_b/timing_momentum/imagenet_vit_jax.
I0420 03:03:53.790683 140094836827968 xla_bridge.py:345] Unable to initialize backend 'tpu_driver': NOT_FOUND: Unable to find driver in registry given worker: 
I0420 03:03:54.672251 140094836827968 xla_bridge.py:345] Unable to initialize backend 'rocm': NOT_FOUND: Could not find registered platform with name: "rocm". Available platform names are: Interpreter CUDA Host
I0420 03:03:54.673141 140094836827968 xla_bridge.py:345] Unable to initialize backend 'tpu': module 'jaxlib.xla_extension' has no attribute 'get_tpu_client'
I0420 03:03:54.678128 140094836827968 submission_runner.py:528] Using RNG seed 952799493
I0420 03:03:57.453024 140094836827968 submission_runner.py:537] --- Tuning run 1/1 ---
I0420 03:03:57.453256 140094836827968 submission_runner.py:542] Creating tuning directory at /experiment_runs/timing_v3_b/timing_momentum/imagenet_vit_jax/trial_1.
I0420 03:03:57.453490 140094836827968 logger_utils.py:83] Saving hparams to /experiment_runs/timing_v3_b/timing_momentum/imagenet_vit_jax/trial_1/hparams.json.
I0420 03:03:57.573498 140094836827968 submission_runner.py:232] Initializing dataset.
I0420 03:03:57.585665 140094836827968 dataset_info.py:566] Load dataset info from /data/imagenet/jax/imagenet2012/5.1.0
I0420 03:03:57.593528 140094836827968 dataset_info.py:642] Field info.splits from disk and from code do not match. Keeping the one from code.
I0420 03:03:57.593658 140094836827968 dataset_info.py:642] Field info.supervised_keys from disk and from code do not match. Keeping the one from code.
I0420 03:03:57.869252 140094836827968 logging_logger.py:49] Constructing tf.data.Dataset imagenet2012 for split train, from /data/imagenet/jax/imagenet2012/5.1.0
I0420 03:04:04.520683 140094836827968 submission_runner.py:239] Initializing model.
I0420 03:04:15.248795 140094836827968 submission_runner.py:249] Initializing optimizer.
I0420 03:04:15.729058 140094836827968 submission_runner.py:256] Initializing metrics bundle.
I0420 03:04:15.729247 140094836827968 submission_runner.py:273] Initializing checkpoint and logger.
I0420 03:04:15.730116 140094836827968 checkpoints.py:466] Found no checkpoint files in /experiment_runs/timing_v3_b/timing_momentum/imagenet_vit_jax/trial_1 with prefix checkpoint_
I0420 03:04:16.471572 140094836827968 submission_runner.py:294] Saving meta data to /experiment_runs/timing_v3_b/timing_momentum/imagenet_vit_jax/trial_1/meta_data_0.json.
I0420 03:04:16.472603 140094836827968 submission_runner.py:297] Saving flags to /experiment_runs/timing_v3_b/timing_momentum/imagenet_vit_jax/trial_1/flags_0.json.
I0420 03:04:16.477330 140094836827968 submission_runner.py:309] Starting training loop.
I0420 03:05:03.246457 139917954889472 logging_writer.py:48] [0] global_step=0, grad_norm=0.2983264625072479, loss=6.9077534675598145
I0420 03:05:03.258617 140094836827968 spec.py:298] Evaluating on the training split.
I0420 03:05:03.264382 140094836827968 dataset_info.py:566] Load dataset info from /data/imagenet/jax/imagenet2012/5.1.0
I0420 03:05:03.270256 140094836827968 dataset_info.py:642] Field info.splits from disk and from code do not match. Keeping the one from code.
I0420 03:05:03.270381 140094836827968 dataset_info.py:642] Field info.supervised_keys from disk and from code do not match. Keeping the one from code.
I0420 03:05:03.330128 140094836827968 logging_logger.py:49] Constructing tf.data.Dataset imagenet2012 for split train, from /data/imagenet/jax/imagenet2012/5.1.0
I0420 03:05:24.201621 140094836827968 spec.py:310] Evaluating on the validation split.
I0420 03:05:24.210602 140094836827968 dataset_info.py:566] Load dataset info from /data/imagenet/jax/imagenet2012/5.1.0
I0420 03:05:24.227142 140094836827968 dataset_info.py:642] Field info.splits from disk and from code do not match. Keeping the one from code.
I0420 03:05:24.227552 140094836827968 dataset_info.py:642] Field info.supervised_keys from disk and from code do not match. Keeping the one from code.
I0420 03:05:24.291970 140094836827968 logging_logger.py:49] Constructing tf.data.Dataset imagenet2012 for split validation, from /data/imagenet/jax/imagenet2012/5.1.0
I0420 03:05:42.768751 140094836827968 spec.py:326] Evaluating on the test split.
I0420 03:05:42.775537 140094836827968 dataset_info.py:566] Load dataset info from /data/imagenet/jax/imagenet_v2/matched-frequency/3.0.0
I0420 03:05:42.779977 140094836827968 dataset_builder.py:510] Reusing dataset imagenet_v2 (/data/imagenet/jax/imagenet_v2/matched-frequency/3.0.0)
I0420 03:05:42.814725 140094836827968 logging_logger.py:49] Constructing tf.data.Dataset imagenet_v2 for split test, from /data/imagenet/jax/imagenet_v2/matched-frequency/3.0.0
I0420 03:05:53.658564 140094836827968 submission_runner.py:406] Time since start: 97.18s, 	Step: 1, 	{'train/accuracy': 0.0009179687476716936, 'train/loss': 6.907756328582764, 'validation/accuracy': 0.0009999999310821295, 'validation/loss': 6.9077558517456055, 'validation/num_examples': 50000, 'test/accuracy': 0.0010000000474974513, 'test/loss': 6.907756805419922, 'test/num_examples': 10000, 'score': 46.78114318847656, 'total_duration': 97.18116211891174, 'accumulated_submission_time': 46.78114318847656, 'accumulated_eval_time': 50.399887561798096, 'accumulated_logging_time': 0}
I0420 03:05:53.675118 139852641195776 logging_writer.py:48] [1] accumulated_eval_time=50.399888, accumulated_logging_time=0, accumulated_submission_time=46.781143, global_step=1, preemption_count=0, score=46.781143, test/accuracy=0.001000, test/loss=6.907757, test/num_examples=10000, total_duration=97.181162, train/accuracy=0.000918, train/loss=6.907756, validation/accuracy=0.001000, validation/loss=6.907756, validation/num_examples=50000
I0420 03:05:53.795098 140094836827968 checkpoints.py:356] Saving checkpoint at step: 1
I0420 03:05:54.139091 140094836827968 checkpoints.py:317] Saved checkpoint at /experiment_runs/timing_v3_b/timing_momentum/imagenet_vit_jax/trial_1/checkpoint_1
I0420 03:05:54.139884 140094836827968 checkpoint_utils.py:240] Saved checkpoint to /experiment_runs/timing_v3_b/timing_momentum/imagenet_vit_jax/trial_1/checkpoint_1.
I0420 03:06:45.994026 139917208282880 logging_writer.py:48] [100] global_step=100, grad_norm=0.27537792921066284, loss=6.906202793121338
I0420 03:07:25.177043 139917216675584 logging_writer.py:48] [200] global_step=200, grad_norm=0.27316218614578247, loss=6.900252819061279
I0420 03:08:04.475805 139917208282880 logging_writer.py:48] [300] global_step=300, grad_norm=0.3132714629173279, loss=6.874277114868164
I0420 03:08:45.344545 139917216675584 logging_writer.py:48] [400] global_step=400, grad_norm=0.4562930166721344, loss=6.838042736053467
I0420 03:09:26.400101 139917208282880 logging_writer.py:48] [500] global_step=500, grad_norm=1.1121704578399658, loss=6.791650295257568
I0420 03:10:07.368072 139917216675584 logging_writer.py:48] [600] global_step=600, grad_norm=0.8003108501434326, loss=6.708083629608154
I0420 03:10:48.494501 139917208282880 logging_writer.py:48] [700] global_step=700, grad_norm=0.6700130105018616, loss=6.803196430206299
I0420 03:11:29.468458 139917216675584 logging_writer.py:48] [800] global_step=800, grad_norm=0.8297554850578308, loss=6.614492416381836
I0420 03:12:10.689682 139917208282880 logging_writer.py:48] [900] global_step=900, grad_norm=1.0219871997833252, loss=6.623969078063965
I0420 03:12:52.152657 139917216675584 logging_writer.py:48] [1000] global_step=1000, grad_norm=0.8623178601264954, loss=6.551379680633545
I0420 03:12:54.332913 140094836827968 spec.py:298] Evaluating on the training split.
I0420 03:13:05.260361 140094836827968 spec.py:310] Evaluating on the validation split.
I0420 03:13:11.747290 140094836827968 spec.py:326] Evaluating on the test split.
I0420 03:13:13.710663 140094836827968 submission_runner.py:406] Time since start: 537.23s, 	Step: 1007, 	{'train/accuracy': 0.028535155579447746, 'train/loss': 6.192429542541504, 'validation/accuracy': 0.026920000091195107, 'validation/loss': 6.218790054321289, 'validation/num_examples': 50000, 'test/accuracy': 0.022200001403689384, 'test/loss': 6.311334609985352, 'test/num_examples': 10000, 'score': 466.95301580429077, 'total_duration': 537.2331731319427, 'accumulated_submission_time': 466.95301580429077, 'accumulated_eval_time': 69.77760243415833, 'accumulated_logging_time': 0.48229146003723145}
I0420 03:13:13.735625 139854134376192 logging_writer.py:48] [1007] accumulated_eval_time=69.777602, accumulated_logging_time=0.482291, accumulated_submission_time=466.953016, global_step=1007, preemption_count=0, score=466.953016, test/accuracy=0.022200, test/loss=6.311335, test/num_examples=10000, total_duration=537.233173, train/accuracy=0.028535, train/loss=6.192430, validation/accuracy=0.026920, validation/loss=6.218790, validation/num_examples=50000
I0420 03:13:15.337348 140094836827968 checkpoints.py:356] Saving checkpoint at step: 1007
I0420 03:13:16.202057 140094836827968 checkpoints.py:317] Saved checkpoint at /experiment_runs/timing_v3_b/timing_momentum/imagenet_vit_jax/trial_1/checkpoint_1007
I0420 03:13:16.203793 140094836827968 checkpoint_utils.py:240] Saved checkpoint to /experiment_runs/timing_v3_b/timing_momentum/imagenet_vit_jax/trial_1/checkpoint_1007.
I0420 03:13:53.082422 139854218237696 logging_writer.py:48] [1100] global_step=1100, grad_norm=1.0155493021011353, loss=6.516530513763428
I0420 03:14:32.376366 139917267031808 logging_writer.py:48] [1200] global_step=1200, grad_norm=0.7194779515266418, loss=6.4683403968811035
I0420 03:15:13.413150 139854218237696 logging_writer.py:48] [1300] global_step=1300, grad_norm=0.778249979019165, loss=6.472830295562744
I0420 03:15:54.376889 139917267031808 logging_writer.py:48] [1400] global_step=1400, grad_norm=0.9908841848373413, loss=6.437332630157471
I0420 03:16:35.392788 139854218237696 logging_writer.py:48] [1500] global_step=1500, grad_norm=0.6774728894233704, loss=6.689985752105713
I0420 03:17:16.207248 139917267031808 logging_writer.py:48] [1600] global_step=1600, grad_norm=0.8748626112937927, loss=6.409207820892334
I0420 03:17:57.098685 139854218237696 logging_writer.py:48] [1700] global_step=1700, grad_norm=0.7765458226203918, loss=6.4320969581604
I0420 03:18:37.639714 139917267031808 logging_writer.py:48] [1800] global_step=1800, grad_norm=0.7841259241104126, loss=6.350106239318848
I0420 03:19:18.708531 139854218237696 logging_writer.py:48] [1900] global_step=1900, grad_norm=0.7680212259292603, loss=6.335366249084473
I0420 03:19:59.763856 139917267031808 logging_writer.py:48] [2000] global_step=2000, grad_norm=0.7798298597335815, loss=6.291128158569336
I0420 03:20:16.700660 140094836827968 spec.py:298] Evaluating on the training split.
I0420 03:20:27.517030 140094836827968 spec.py:310] Evaluating on the validation split.
I0420 03:20:34.106903 140094836827968 spec.py:326] Evaluating on the test split.
I0420 03:20:35.853446 140094836827968 submission_runner.py:406] Time since start: 979.38s, 	Step: 2043, 	{'train/accuracy': 0.057207029312849045, 'train/loss': 5.71145486831665, 'validation/accuracy': 0.05384000018239021, 'validation/loss': 5.752144813537598, 'validation/num_examples': 50000, 'test/accuracy': 0.04010000079870224, 'test/loss': 5.913881778717041, 'test/num_examples': 10000, 'score': 887.4281833171844, 'total_duration': 979.376002073288, 'accumulated_submission_time': 887.4281833171844, 'accumulated_eval_time': 88.93034267425537, 'accumulated_logging_time': 2.976855516433716}
I0420 03:20:35.873933 139854218237696 logging_writer.py:48] [2043] accumulated_eval_time=88.930343, accumulated_logging_time=2.976856, accumulated_submission_time=887.428183, global_step=2043, preemption_count=0, score=887.428183, test/accuracy=0.040100, test/loss=5.913882, test/num_examples=10000, total_duration=979.376002, train/accuracy=0.057207, train/loss=5.711455, validation/accuracy=0.053840, validation/loss=5.752145, validation/num_examples=50000
I0420 03:20:35.977222 140094836827968 checkpoints.py:356] Saving checkpoint at step: 2043
I0420 03:20:38.739634 140094836827968 checkpoints.py:317] Saved checkpoint at /experiment_runs/timing_v3_b/timing_momentum/imagenet_vit_jax/trial_1/checkpoint_2043
I0420 03:20:38.749603 140094836827968 checkpoint_utils.py:240] Saved checkpoint to /experiment_runs/timing_v3_b/timing_momentum/imagenet_vit_jax/trial_1/checkpoint_2043.
I0420 03:21:01.515291 139917267031808 logging_writer.py:48] [2100] global_step=2100, grad_norm=0.5975415110588074, loss=6.704127311706543
I0420 03:21:40.742438 139917233460992 logging_writer.py:48] [2200] global_step=2200, grad_norm=0.8717604279518127, loss=6.314528465270996
I0420 03:22:20.761572 139917267031808 logging_writer.py:48] [2300] global_step=2300, grad_norm=0.7017560601234436, loss=6.222629547119141
I0420 03:23:01.671418 139917233460992 logging_writer.py:48] [2400] global_step=2400, grad_norm=0.8064543604850769, loss=6.169629096984863
I0420 03:23:42.316105 139917267031808 logging_writer.py:48] [2500] global_step=2500, grad_norm=0.716353714466095, loss=6.312870979309082
I0420 03:24:23.383741 139917233460992 logging_writer.py:48] [2600] global_step=2600, grad_norm=0.673442006111145, loss=6.238707542419434
I0420 03:25:04.389147 139917267031808 logging_writer.py:48] [2700] global_step=2700, grad_norm=0.6744393110275269, loss=6.212403774261475
I0420 03:25:45.251851 139917233460992 logging_writer.py:48] [2800] global_step=2800, grad_norm=0.7291190028190613, loss=6.285730838775635
I0420 03:26:26.360451 139917267031808 logging_writer.py:48] [2900] global_step=2900, grad_norm=0.7158127427101135, loss=6.172370910644531
I0420 03:27:07.106704 139917233460992 logging_writer.py:48] [3000] global_step=3000, grad_norm=0.662448525428772, loss=6.704587459564209
I0420 03:27:38.788983 140094836827968 spec.py:298] Evaluating on the training split.
I0420 03:27:49.806471 140094836827968 spec.py:310] Evaluating on the validation split.
I0420 03:27:56.646619 140094836827968 spec.py:326] Evaluating on the test split.
I0420 03:27:58.367507 140094836827968 submission_runner.py:406] Time since start: 1421.89s, 	Step: 3079, 	{'train/accuracy': 0.08738280832767487, 'train/loss': 5.327775001525879, 'validation/accuracy': 0.08033999800682068, 'validation/loss': 5.377453804016113, 'validation/num_examples': 50000, 'test/accuracy': 0.05920000374317169, 'test/loss': 5.599483013153076, 'test/num_examples': 10000, 'score': 1307.446447610855, 'total_duration': 1421.8900785446167, 'accumulated_submission_time': 1307.446447610855, 'accumulated_eval_time': 108.50885581970215, 'accumulated_logging_time': 5.874029636383057}
I0420 03:27:58.379328 139917267031808 logging_writer.py:48] [3079] accumulated_eval_time=108.508856, accumulated_logging_time=5.874030, accumulated_submission_time=1307.446448, global_step=3079, preemption_count=0, score=1307.446448, test/accuracy=0.059200, test/loss=5.599483, test/num_examples=10000, total_duration=1421.890079, train/accuracy=0.087383, train/loss=5.327775, validation/accuracy=0.080340, validation/loss=5.377454, validation/num_examples=50000
I0420 03:27:58.905090 140094836827968 checkpoints.py:356] Saving checkpoint at step: 3079
I0420 03:28:01.271399 140094836827968 checkpoints.py:317] Saved checkpoint at /experiment_runs/timing_v3_b/timing_momentum/imagenet_vit_jax/trial_1/checkpoint_3079
I0420 03:28:01.283509 140094836827968 checkpoint_utils.py:240] Saved checkpoint to /experiment_runs/timing_v3_b/timing_momentum/imagenet_vit_jax/trial_1/checkpoint_3079.
I0420 03:28:10.009574 139917233460992 logging_writer.py:48] [3100] global_step=3100, grad_norm=0.5732532143592834, loss=6.405844211578369
I0420 03:28:49.164320 139916067464960 logging_writer.py:48] [3200] global_step=3200, grad_norm=0.6550589799880981, loss=6.223924160003662
I0420 03:29:29.230701 139917233460992 logging_writer.py:48] [3300] global_step=3300, grad_norm=0.6153595447540283, loss=6.145921230316162
I0420 03:30:10.439164 139916067464960 logging_writer.py:48] [3400] global_step=3400, grad_norm=0.6512225270271301, loss=6.335270881652832
I0420 03:30:51.539087 139917233460992 logging_writer.py:48] [3500] global_step=3500, grad_norm=0.6230144500732422, loss=6.12477445602417
I0420 03:31:32.741826 139916067464960 logging_writer.py:48] [3600] global_step=3600, grad_norm=0.6501842141151428, loss=6.019778251647949
I0420 03:32:14.026781 139917233460992 logging_writer.py:48] [3700] global_step=3700, grad_norm=0.6411347985267639, loss=6.150443077087402
I0420 03:32:55.373193 139916067464960 logging_writer.py:48] [3800] global_step=3800, grad_norm=0.5923089385032654, loss=6.0695366859436035
I0420 03:33:36.318711 139917233460992 logging_writer.py:48] [3900] global_step=3900, grad_norm=0.5968793630599976, loss=5.996000289916992
I0420 03:34:17.391477 139916067464960 logging_writer.py:48] [4000] global_step=4000, grad_norm=0.6509367227554321, loss=6.030472278594971
I0420 03:34:58.399600 139917233460992 logging_writer.py:48] [4100] global_step=4100, grad_norm=0.503119945526123, loss=6.419785499572754
I0420 03:35:01.368425 140094836827968 spec.py:298] Evaluating on the training split.
I0420 03:35:12.415407 140094836827968 spec.py:310] Evaluating on the validation split.
I0420 03:35:19.410155 140094836827968 spec.py:326] Evaluating on the test split.
I0420 03:35:21.109286 140094836827968 submission_runner.py:406] Time since start: 1864.63s, 	Step: 4109, 	{'train/accuracy': 0.10595703125, 'train/loss': 5.055850505828857, 'validation/accuracy': 0.09685999900102615, 'validation/loss': 5.135804653167725, 'validation/num_examples': 50000, 'test/accuracy': 0.07690000534057617, 'test/loss': 5.394585132598877, 'test/num_examples': 10000, 'score': 1727.5094561576843, 'total_duration': 1864.631887435913, 'accumulated_submission_time': 1727.5094561576843, 'accumulated_eval_time': 128.2497136592865, 'accumulated_logging_time': 8.79192590713501}
I0420 03:35:21.120405 139916067464960 logging_writer.py:48] [4109] accumulated_eval_time=128.249714, accumulated_logging_time=8.791926, accumulated_submission_time=1727.509456, global_step=4109, preemption_count=0, score=1727.509456, test/accuracy=0.076900, test/loss=5.394585, test/num_examples=10000, total_duration=1864.631887, train/accuracy=0.105957, train/loss=5.055851, validation/accuracy=0.096860, validation/loss=5.135805, validation/num_examples=50000
I0420 03:35:21.232762 140094836827968 checkpoints.py:356] Saving checkpoint at step: 4109
I0420 03:35:24.209810 140094836827968 checkpoints.py:317] Saved checkpoint at /experiment_runs/timing_v3_b/timing_momentum/imagenet_vit_jax/trial_1/checkpoint_4109
I0420 03:35:24.222569 140094836827968 checkpoint_utils.py:240] Saved checkpoint to /experiment_runs/timing_v3_b/timing_momentum/imagenet_vit_jax/trial_1/checkpoint_4109.
I0420 03:36:00.420472 139917233460992 logging_writer.py:48] [4200] global_step=4200, grad_norm=0.6559362411499023, loss=6.015972137451172
I0420 03:36:39.883717 139916059072256 logging_writer.py:48] [4300] global_step=4300, grad_norm=0.6339887976646423, loss=5.952727317810059
I0420 03:37:20.954772 139917233460992 logging_writer.py:48] [4400] global_step=4400, grad_norm=0.5858868956565857, loss=6.029469013214111
I0420 03:38:02.011203 139916059072256 logging_writer.py:48] [4500] global_step=4500, grad_norm=0.6520174145698547, loss=6.0096964836120605
I0420 03:38:43.190547 139917233460992 logging_writer.py:48] [4600] global_step=4600, grad_norm=0.6640447974205017, loss=5.912359237670898
I0420 03:39:24.234080 139916059072256 logging_writer.py:48] [4700] global_step=4700, grad_norm=0.6198269128799438, loss=5.9440999031066895
I0420 03:40:05.517292 139917233460992 logging_writer.py:48] [4800] global_step=4800, grad_norm=0.5935090184211731, loss=6.0467610359191895
I0420 03:40:46.253184 139916059072256 logging_writer.py:48] [4900] global_step=4900, grad_norm=0.5396619439125061, loss=6.629683971405029
I0420 03:41:27.655463 139917233460992 logging_writer.py:48] [5000] global_step=5000, grad_norm=0.7074219584465027, loss=6.015712738037109
I0420 03:42:08.975687 139916059072256 logging_writer.py:48] [5100] global_step=5100, grad_norm=0.6645125150680542, loss=5.922118186950684
I0420 03:42:24.348469 140094836827968 spec.py:298] Evaluating on the training split.
I0420 03:42:35.338033 140094836827968 spec.py:310] Evaluating on the validation split.
I0420 03:42:42.435001 140094836827968 spec.py:326] Evaluating on the test split.
I0420 03:42:44.158946 140094836827968 submission_runner.py:406] Time since start: 2307.68s, 	Step: 5139, 	{'train/accuracy': 0.13242186605930328, 'train/loss': 4.8840227127075195, 'validation/accuracy': 0.12373999506235123, 'validation/loss': 4.9516072273254395, 'validation/num_examples': 50000, 'test/accuracy': 0.09260000288486481, 'test/loss': 5.232926845550537, 'test/num_examples': 10000, 'score': 2147.612490415573, 'total_duration': 2307.6815207004547, 'accumulated_submission_time': 2147.612490415573, 'accumulated_eval_time': 148.06018733978271, 'accumulated_logging_time': 11.907721519470215}
I0420 03:42:44.171485 139917233460992 logging_writer.py:48] [5139] accumulated_eval_time=148.060187, accumulated_logging_time=11.907722, accumulated_submission_time=2147.612490, global_step=5139, preemption_count=0, score=2147.612490, test/accuracy=0.092600, test/loss=5.232927, test/num_examples=10000, total_duration=2307.681521, train/accuracy=0.132422, train/loss=4.884023, validation/accuracy=0.123740, validation/loss=4.951607, validation/num_examples=50000
I0420 03:42:44.282166 140094836827968 checkpoints.py:356] Saving checkpoint at step: 5139
I0420 03:42:46.660179 140094836827968 checkpoints.py:317] Saved checkpoint at /experiment_runs/timing_v3_b/timing_momentum/imagenet_vit_jax/trial_1/checkpoint_5139
I0420 03:42:46.669682 140094836827968 checkpoint_utils.py:240] Saved checkpoint to /experiment_runs/timing_v3_b/timing_momentum/imagenet_vit_jax/trial_1/checkpoint_5139.
I0420 03:43:11.008446 139916059072256 logging_writer.py:48] [5200] global_step=5200, grad_norm=0.5793530344963074, loss=6.654788494110107
I0420 03:43:50.539618 139915505432320 logging_writer.py:48] [5300] global_step=5300, grad_norm=0.507570743560791, loss=6.172021865844727
I0420 03:44:31.432555 139916059072256 logging_writer.py:48] [5400] global_step=5400, grad_norm=0.5581151247024536, loss=5.803071975708008
I0420 03:45:12.295893 139915505432320 logging_writer.py:48] [5500] global_step=5500, grad_norm=0.5845705270767212, loss=5.782166004180908
I0420 03:45:53.106860 139916059072256 logging_writer.py:48] [5600] global_step=5600, grad_norm=0.5318655371665955, loss=6.5370965003967285
I0420 03:46:34.016952 139915505432320 logging_writer.py:48] [5700] global_step=5700, grad_norm=0.5252276062965393, loss=5.766416549682617
I0420 03:47:14.878662 139916059072256 logging_writer.py:48] [5800] global_step=5800, grad_norm=0.549260139465332, loss=5.894632339477539
I0420 03:47:55.937271 139915505432320 logging_writer.py:48] [5900] global_step=5900, grad_norm=0.4653226435184479, loss=6.630707740783691
I0420 03:48:37.631443 139916059072256 logging_writer.py:48] [6000] global_step=6000, grad_norm=0.6305221319198608, loss=5.738659858703613
I0420 03:49:18.773077 139915505432320 logging_writer.py:48] [6100] global_step=6100, grad_norm=0.589739978313446, loss=5.777565956115723
I0420 03:49:46.840902 140094836827968 spec.py:298] Evaluating on the training split.
I0420 03:49:58.347273 140094836827968 spec.py:310] Evaluating on the validation split.
I0420 03:50:06.750770 140094836827968 spec.py:326] Evaluating on the test split.
I0420 03:50:08.429600 140094836827968 submission_runner.py:406] Time since start: 2751.95s, 	Step: 6170, 	{'train/accuracy': 0.17093749344348907, 'train/loss': 4.554319858551025, 'validation/accuracy': 0.15765999257564545, 'validation/loss': 4.644810676574707, 'validation/num_examples': 50000, 'test/accuracy': 0.1145000085234642, 'test/loss': 4.976757526397705, 'test/num_examples': 10000, 'score': 2567.7626695632935, 'total_duration': 2751.9521605968475, 'accumulated_submission_time': 2567.7626695632935, 'accumulated_eval_time': 169.64891242980957, 'accumulated_logging_time': 14.419824123382568}
I0420 03:50:08.443323 139916059072256 logging_writer.py:48] [6170] accumulated_eval_time=169.648912, accumulated_logging_time=14.419824, accumulated_submission_time=2567.762670, global_step=6170, preemption_count=0, score=2567.762670, test/accuracy=0.114500, test/loss=4.976758, test/num_examples=10000, total_duration=2751.952161, train/accuracy=0.170937, train/loss=4.554320, validation/accuracy=0.157660, validation/loss=4.644811, validation/num_examples=50000
I0420 03:50:08.795298 140094836827968 checkpoints.py:356] Saving checkpoint at step: 6170
I0420 03:50:10.730419 140094836827968 checkpoints.py:317] Saved checkpoint at /experiment_runs/timing_v3_b/timing_momentum/imagenet_vit_jax/trial_1/checkpoint_6170
I0420 03:50:10.741651 140094836827968 checkpoint_utils.py:240] Saved checkpoint to /experiment_runs/timing_v3_b/timing_momentum/imagenet_vit_jax/trial_1/checkpoint_6170.
I0420 03:50:23.041151 139915505432320 logging_writer.py:48] [6200] global_step=6200, grad_norm=0.5594262480735779, loss=5.854727745056152
I0420 03:51:02.318681 139915497039616 logging_writer.py:48] [6300] global_step=6300, grad_norm=0.7082433104515076, loss=5.715559482574463
I0420 03:51:42.976581 139915505432320 logging_writer.py:48] [6400] global_step=6400, grad_norm=0.6014522910118103, loss=5.807288646697998
I0420 03:52:24.140806 139915497039616 logging_writer.py:48] [6500] global_step=6500, grad_norm=0.5092383027076721, loss=6.182491779327393
I0420 03:53:05.211353 139915505432320 logging_writer.py:48] [6600] global_step=6600, grad_norm=0.49544936418533325, loss=6.595677852630615
I0420 03:53:46.278875 139915497039616 logging_writer.py:48] [6700] global_step=6700, grad_norm=0.6140161156654358, loss=5.916971683502197
I0420 03:54:27.407435 139915505432320 logging_writer.py:48] [6800] global_step=6800, grad_norm=0.4626571536064148, loss=6.3525285720825195
I0420 03:55:08.739206 139915497039616 logging_writer.py:48] [6900] global_step=6900, grad_norm=0.6711443066596985, loss=5.619006156921387
I0420 03:55:50.542270 139915505432320 logging_writer.py:48] [7000] global_step=7000, grad_norm=0.5303938984870911, loss=5.772460460662842
I0420 03:56:31.601882 139915497039616 logging_writer.py:48] [7100] global_step=7100, grad_norm=0.4497091770172119, loss=6.1826491355896
I0420 03:57:10.937990 140094836827968 spec.py:298] Evaluating on the training split.
I0420 03:57:23.275640 140094836827968 spec.py:310] Evaluating on the validation split.
I0420 03:57:32.572666 140094836827968 spec.py:326] Evaluating on the test split.
I0420 03:57:34.241207 140094836827968 submission_runner.py:406] Time since start: 3197.76s, 	Step: 7197, 	{'train/accuracy': 0.19384765625, 'train/loss': 4.4271674156188965, 'validation/accuracy': 0.17853999137878418, 'validation/loss': 4.522009372711182, 'validation/num_examples': 50000, 'test/accuracy': 0.14030000567436218, 'test/loss': 4.860133171081543, 'test/num_examples': 10000, 'score': 2987.937479019165, 'total_duration': 3197.763764858246, 'accumulated_submission_time': 2987.937479019165, 'accumulated_eval_time': 192.95207858085632, 'accumulated_logging_time': 16.733586311340332}
I0420 03:57:34.254039 139915505432320 logging_writer.py:48] [7197] accumulated_eval_time=192.952079, accumulated_logging_time=16.733586, accumulated_submission_time=2987.937479, global_step=7197, preemption_count=0, score=2987.937479, test/accuracy=0.140300, test/loss=4.860133, test/num_examples=10000, total_duration=3197.763765, train/accuracy=0.193848, train/loss=4.427167, validation/accuracy=0.178540, validation/loss=4.522009, validation/num_examples=50000
I0420 03:57:34.353257 140094836827968 checkpoints.py:356] Saving checkpoint at step: 7197
I0420 03:57:35.615018 140094836827968 checkpoints.py:317] Saved checkpoint at /experiment_runs/timing_v3_b/timing_momentum/imagenet_vit_jax/trial_1/checkpoint_7197
I0420 03:57:35.625941 140094836827968 checkpoint_utils.py:240] Saved checkpoint to /experiment_runs/timing_v3_b/timing_momentum/imagenet_vit_jax/trial_1/checkpoint_7197.
I0420 03:57:37.239786 139915497039616 logging_writer.py:48] [7200] global_step=7200, grad_norm=0.4110836684703827, loss=6.479955673217773
I0420 03:58:16.724146 139915488646912 logging_writer.py:48] [7300] global_step=7300, grad_norm=0.5881498456001282, loss=5.650068283081055
I0420 03:58:57.687643 139915497039616 logging_writer.py:48] [7400] global_step=7400, grad_norm=0.5079396963119507, loss=6.571094512939453
I0420 03:59:39.205452 139915488646912 logging_writer.py:48] [7500] global_step=7500, grad_norm=0.5384235978126526, loss=5.567192554473877
I0420 04:00:20.559000 139915497039616 logging_writer.py:48] [7600] global_step=7600, grad_norm=0.788870632648468, loss=5.625002861022949
I0420 04:01:01.424960 139915488646912 logging_writer.py:48] [7700] global_step=7700, grad_norm=0.5277106165885925, loss=5.634084701538086
I0420 04:01:42.599893 139915497039616 logging_writer.py:48] [7800] global_step=7800, grad_norm=0.5392813682556152, loss=5.567089080810547
I0420 04:02:23.302383 139915488646912 logging_writer.py:48] [7900] global_step=7900, grad_norm=0.5368640422821045, loss=5.636019229888916
I0420 04:03:04.254845 139915497039616 logging_writer.py:48] [8000] global_step=8000, grad_norm=0.68443363904953, loss=5.520864486694336
I0420 04:03:45.771052 139915488646912 logging_writer.py:48] [8100] global_step=8100, grad_norm=0.6387031078338623, loss=5.59716796875
I0420 04:04:27.392446 139915497039616 logging_writer.py:48] [8200] global_step=8200, grad_norm=0.5688692927360535, loss=6.480586051940918
I0420 04:04:35.888646 140094836827968 spec.py:298] Evaluating on the training split.
I0420 04:04:51.820068 140094836827968 spec.py:310] Evaluating on the validation split.
I0420 04:05:00.853942 140094836827968 spec.py:326] Evaluating on the test split.
I0420 04:05:02.554311 140094836827968 submission_runner.py:406] Time since start: 3646.08s, 	Step: 8223, 	{'train/accuracy': 0.23136718571186066, 'train/loss': 4.137267589569092, 'validation/accuracy': 0.21213999390602112, 'validation/loss': 4.246388912200928, 'validation/num_examples': 50000, 'test/accuracy': 0.1583000123500824, 'test/loss': 4.63227653503418, 'test/num_examples': 10000, 'score': 3408.1773903369904, 'total_duration': 3646.076869249344, 'accumulated_submission_time': 3408.1773903369904, 'accumulated_eval_time': 219.61770153045654, 'accumulated_logging_time': 18.120813608169556}
I0420 04:05:02.567432 139915488646912 logging_writer.py:48] [8223] accumulated_eval_time=219.617702, accumulated_logging_time=18.120814, accumulated_submission_time=3408.177390, global_step=8223, preemption_count=0, score=3408.177390, test/accuracy=0.158300, test/loss=4.632277, test/num_examples=10000, total_duration=3646.076869, train/accuracy=0.231367, train/loss=4.137268, validation/accuracy=0.212140, validation/loss=4.246389, validation/num_examples=50000
I0420 04:05:02.666666 140094836827968 checkpoints.py:356] Saving checkpoint at step: 8223
I0420 04:05:04.273664 140094836827968 checkpoints.py:317] Saved checkpoint at /experiment_runs/timing_v3_b/timing_momentum/imagenet_vit_jax/trial_1/checkpoint_8223
I0420 04:05:04.286481 140094836827968 checkpoint_utils.py:240] Saved checkpoint to /experiment_runs/timing_v3_b/timing_momentum/imagenet_vit_jax/trial_1/checkpoint_8223.
I0420 04:05:35.032476 139915497039616 logging_writer.py:48] [8300] global_step=8300, grad_norm=0.46686801314353943, loss=5.775786876678467
I0420 04:06:16.030544 139913257285376 logging_writer.py:48] [8400] global_step=8400, grad_norm=0.5275135040283203, loss=5.639714241027832
I0420 04:06:57.511644 139915497039616 logging_writer.py:48] [8500] global_step=8500, grad_norm=0.5707806944847107, loss=5.35498046875
I0420 04:07:38.493220 139913257285376 logging_writer.py:48] [8600] global_step=8600, grad_norm=0.6476992964744568, loss=5.556519985198975
I0420 04:08:19.453404 139915497039616 logging_writer.py:48] [8700] global_step=8700, grad_norm=0.60210120677948, loss=5.391656398773193
I0420 04:09:00.966291 139913257285376 logging_writer.py:48] [8800] global_step=8800, grad_norm=0.6105736494064331, loss=5.378608703613281
I0420 04:09:42.189167 139915497039616 logging_writer.py:48] [8900] global_step=8900, grad_norm=0.5941653251647949, loss=5.492765426635742
I0420 04:10:23.422364 139913257285376 logging_writer.py:48] [9000] global_step=9000, grad_norm=0.5356855988502502, loss=5.382110595703125
I0420 04:11:04.733237 139915497039616 logging_writer.py:48] [9100] global_step=9100, grad_norm=0.6072475910186768, loss=5.318640232086182
I0420 04:11:46.455918 139913257285376 logging_writer.py:48] [9200] global_step=9200, grad_norm=0.5334336161613464, loss=5.364157199859619
I0420 04:12:04.626921 140094836827968 spec.py:298] Evaluating on the training split.
I0420 04:12:18.333972 140094836827968 spec.py:310] Evaluating on the validation split.
I0420 04:12:28.239111 140094836827968 spec.py:326] Evaluating on the test split.
I0420 04:12:29.910531 140094836827968 submission_runner.py:406] Time since start: 4093.43s, 	Step: 9246, 	{'train/accuracy': 0.26513671875, 'train/loss': 3.8392834663391113, 'validation/accuracy': 0.23479999601840973, 'validation/loss': 4.026276111602783, 'validation/num_examples': 50000, 'test/accuracy': 0.17430001497268677, 'test/loss': 4.452797889709473, 'test/num_examples': 10000, 'score': 3828.495933532715, 'total_duration': 4093.4331278800964, 'accumulated_submission_time': 3828.495933532715, 'accumulated_eval_time': 244.90129280090332, 'accumulated_logging_time': 19.855334281921387}
I0420 04:12:29.921817 139915497039616 logging_writer.py:48] [9246] accumulated_eval_time=244.901293, accumulated_logging_time=19.855334, accumulated_submission_time=3828.495934, global_step=9246, preemption_count=0, score=3828.495934, test/accuracy=0.174300, test/loss=4.452798, test/num_examples=10000, total_duration=4093.433128, train/accuracy=0.265137, train/loss=3.839283, validation/accuracy=0.234800, validation/loss=4.026276, validation/num_examples=50000
I0420 04:12:30.021989 140094836827968 checkpoints.py:356] Saving checkpoint at step: 9246
I0420 04:12:30.751334 140094836827968 checkpoints.py:317] Saved checkpoint at /experiment_runs/timing_v3_b/timing_momentum/imagenet_vit_jax/trial_1/checkpoint_9246
I0420 04:12:30.761528 140094836827968 checkpoint_utils.py:240] Saved checkpoint to /experiment_runs/timing_v3_b/timing_momentum/imagenet_vit_jax/trial_1/checkpoint_9246.
I0420 04:12:52.498029 139913257285376 logging_writer.py:48] [9300] global_step=9300, grad_norm=0.4169117212295532, loss=6.453380584716797
I0420 04:13:33.073888 139916059072256 logging_writer.py:48] [9400] global_step=9400, grad_norm=0.557951033115387, loss=5.854042053222656
I0420 04:14:14.793850 139913257285376 logging_writer.py:48] [9500] global_step=9500, grad_norm=0.5038302540779114, loss=6.127671718597412
I0420 04:14:55.605947 139916059072256 logging_writer.py:48] [9600] global_step=9600, grad_norm=0.3636820912361145, loss=6.375394821166992
I0420 04:15:36.739153 139913257285376 logging_writer.py:48] [9700] global_step=9700, grad_norm=0.539729654788971, loss=5.4721999168396
I0420 04:16:17.803563 139916059072256 logging_writer.py:48] [9800] global_step=9800, grad_norm=0.5561017394065857, loss=5.41413688659668
I0420 04:16:58.624261 139913257285376 logging_writer.py:48] [9900] global_step=9900, grad_norm=0.5958575010299683, loss=5.396533489227295
I0420 04:17:40.332035 139916059072256 logging_writer.py:48] [10000] global_step=10000, grad_norm=0.6337751746177673, loss=5.370294570922852
I0420 04:18:21.144024 139913257285376 logging_writer.py:48] [10100] global_step=10100, grad_norm=0.5033848285675049, loss=5.749021530151367
I0420 04:19:02.663122 139916059072256 logging_writer.py:48] [10200] global_step=10200, grad_norm=0.5861814022064209, loss=5.450349807739258
I0420 04:19:31.116983 140094836827968 spec.py:298] Evaluating on the training split.
I0420 04:19:44.771675 140094836827968 spec.py:310] Evaluating on the validation split.
I0420 04:19:55.394823 140094836827968 spec.py:326] Evaluating on the test split.
I0420 04:19:57.044916 140094836827968 submission_runner.py:406] Time since start: 4540.57s, 	Step: 10270, 	{'train/accuracy': 0.2894921898841858, 'train/loss': 3.6266701221466064, 'validation/accuracy': 0.2663799822330475, 'validation/loss': 3.748098850250244, 'validation/num_examples': 50000, 'test/accuracy': 0.20410001277923584, 'test/loss': 4.210958957672119, 'test/num_examples': 10000, 'score': 4248.830755472183, 'total_duration': 4540.567483663559, 'accumulated_submission_time': 4248.830755472183, 'accumulated_eval_time': 270.8291711807251, 'accumulated_logging_time': 20.70771312713623}
I0420 04:19:57.060837 139913257285376 logging_writer.py:48] [10270] accumulated_eval_time=270.829171, accumulated_logging_time=20.707713, accumulated_submission_time=4248.830755, global_step=10270, preemption_count=0, score=4248.830755, test/accuracy=0.204100, test/loss=4.210959, test/num_examples=10000, total_duration=4540.567484, train/accuracy=0.289492, train/loss=3.626670, validation/accuracy=0.266380, validation/loss=3.748099, validation/num_examples=50000
I0420 04:19:57.168215 140094836827968 checkpoints.py:356] Saving checkpoint at step: 10270
I0420 04:19:58.014130 140094836827968 checkpoints.py:317] Saved checkpoint at /experiment_runs/timing_v3_b/timing_momentum/imagenet_vit_jax/trial_1/checkpoint_10270
I0420 04:19:58.025561 140094836827968 checkpoint_utils.py:240] Saved checkpoint to /experiment_runs/timing_v3_b/timing_momentum/imagenet_vit_jax/trial_1/checkpoint_10270.
I0420 04:20:10.357793 139916059072256 logging_writer.py:48] [10300] global_step=10300, grad_norm=0.604110836982727, loss=5.237827777862549
I0420 04:20:50.558370 139913525720832 logging_writer.py:48] [10400] global_step=10400, grad_norm=0.4553808271884918, loss=6.172420501708984
I0420 04:21:31.837538 139916059072256 logging_writer.py:48] [10500] global_step=10500, grad_norm=0.48895955085754395, loss=5.524486541748047
I0420 04:22:12.599619 139913525720832 logging_writer.py:48] [10600] global_step=10600, grad_norm=0.5249133706092834, loss=5.576119422912598
I0420 04:22:53.585042 139916059072256 logging_writer.py:48] [10700] global_step=10700, grad_norm=0.5463117361068726, loss=5.050400733947754
I0420 04:23:34.796010 139913525720832 logging_writer.py:48] [10800] global_step=10800, grad_norm=0.4599689543247223, loss=6.075960636138916
I0420 04:24:16.038783 139916059072256 logging_writer.py:48] [10900] global_step=10900, grad_norm=0.5585786700248718, loss=5.117504119873047
I0420 04:24:57.381689 139913525720832 logging_writer.py:48] [11000] global_step=11000, grad_norm=0.6122771501541138, loss=5.182028293609619
I0420 04:25:39.110029 139916059072256 logging_writer.py:48] [11100] global_step=11100, grad_norm=0.6162601709365845, loss=5.234511375427246
I0420 04:26:20.793046 139913525720832 logging_writer.py:48] [11200] global_step=11200, grad_norm=0.6152762174606323, loss=5.214828968048096
I0420 04:26:58.320212 140094836827968 spec.py:298] Evaluating on the training split.
I0420 04:27:12.295226 140094836827968 spec.py:310] Evaluating on the validation split.
I0420 04:27:22.363819 140094836827968 spec.py:326] Evaluating on the test split.
I0420 04:27:24.030047 140094836827968 submission_runner.py:406] Time since start: 4987.55s, 	Step: 11293, 	{'train/accuracy': 0.31166014075279236, 'train/loss': 3.5010058879852295, 'validation/accuracy': 0.28591999411582947, 'validation/loss': 3.6350536346435547, 'validation/num_examples': 50000, 'test/accuracy': 0.22040000557899475, 'test/loss': 4.112656593322754, 'test/num_examples': 10000, 'score': 4669.104925632477, 'total_duration': 4987.552630186081, 'accumulated_submission_time': 4669.104925632477, 'accumulated_eval_time': 296.5389955043793, 'accumulated_logging_time': 21.68957543373108}
I0420 04:27:24.041845 139916059072256 logging_writer.py:48] [11293] accumulated_eval_time=296.538996, accumulated_logging_time=21.689575, accumulated_submission_time=4669.104926, global_step=11293, preemption_count=0, score=4669.104926, test/accuracy=0.220400, test/loss=4.112657, test/num_examples=10000, total_duration=4987.552630, train/accuracy=0.311660, train/loss=3.501006, validation/accuracy=0.285920, validation/loss=3.635054, validation/num_examples=50000
I0420 04:27:24.179456 140094836827968 checkpoints.py:356] Saving checkpoint at step: 11293
I0420 04:27:25.546128 140094836827968 checkpoints.py:317] Saved checkpoint at /experiment_runs/timing_v3_b/timing_momentum/imagenet_vit_jax/trial_1/checkpoint_11293
I0420 04:27:25.565865 140094836827968 checkpoint_utils.py:240] Saved checkpoint to /experiment_runs/timing_v3_b/timing_momentum/imagenet_vit_jax/trial_1/checkpoint_11293.
I0420 04:27:28.838590 139913525720832 logging_writer.py:48] [11300] global_step=11300, grad_norm=0.4609208106994629, loss=5.8408308029174805
I0420 04:28:08.731768 139913508935424 logging_writer.py:48] [11400] global_step=11400, grad_norm=0.46359169483184814, loss=5.960555553436279
I0420 04:28:49.654542 139913525720832 logging_writer.py:48] [11500] global_step=11500, grad_norm=0.6180039644241333, loss=5.116418838500977
I0420 04:29:30.626468 139913508935424 logging_writer.py:48] [11600] global_step=11600, grad_norm=0.5825769901275635, loss=5.375255107879639
I0420 04:30:11.661675 139913525720832 logging_writer.py:48] [11700] global_step=11700, grad_norm=0.5544807314872742, loss=5.135826110839844
I0420 04:30:52.956373 139913508935424 logging_writer.py:48] [11800] global_step=11800, grad_norm=0.5533648133277893, loss=5.021337985992432
I0420 04:31:34.326038 139913525720832 logging_writer.py:48] [11900] global_step=11900, grad_norm=0.6826928853988647, loss=5.123749732971191
I0420 04:32:15.231278 139913508935424 logging_writer.py:48] [12000] global_step=12000, grad_norm=0.6047207117080688, loss=5.052704811096191
I0420 04:32:57.333954 139913525720832 logging_writer.py:48] [12100] global_step=12100, grad_norm=0.49333491921424866, loss=5.442188262939453
I0420 04:33:39.460086 139913508935424 logging_writer.py:48] [12200] global_step=12200, grad_norm=0.6674634218215942, loss=5.075850486755371
I0420 04:34:21.800150 139913525720832 logging_writer.py:48] [12300] global_step=12300, grad_norm=0.551606297492981, loss=5.043091297149658
I0420 04:34:25.749297 140094836827968 spec.py:298] Evaluating on the training split.
I0420 04:34:39.885149 140094836827968 spec.py:310] Evaluating on the validation split.
I0420 04:34:50.812252 140094836827968 spec.py:326] Evaluating on the test split.
I0420 04:34:52.484862 140094836827968 submission_runner.py:406] Time since start: 5436.01s, 	Step: 12311, 	{'train/accuracy': 0.3434765636920929, 'train/loss': 3.2385761737823486, 'validation/accuracy': 0.31463998556137085, 'validation/loss': 3.407524347305298, 'validation/num_examples': 50000, 'test/accuracy': 0.23910000920295715, 'test/loss': 3.9382693767547607, 'test/num_examples': 10000, 'score': 5089.267431497574, 'total_duration': 5436.007448911667, 'accumulated_submission_time': 5089.267431497574, 'accumulated_eval_time': 323.2745454311371, 'accumulated_logging_time': 23.227117776870728}
I0420 04:34:52.500096 139913508935424 logging_writer.py:48] [12311] accumulated_eval_time=323.274545, accumulated_logging_time=23.227118, accumulated_submission_time=5089.267431, global_step=12311, preemption_count=0, score=5089.267431, test/accuracy=0.239100, test/loss=3.938269, test/num_examples=10000, total_duration=5436.007449, train/accuracy=0.343477, train/loss=3.238576, validation/accuracy=0.314640, validation/loss=3.407524, validation/num_examples=50000
I0420 04:34:52.588268 140094836827968 checkpoints.py:356] Saving checkpoint at step: 12311
I0420 04:34:53.456316 140094836827968 checkpoints.py:317] Saved checkpoint at /experiment_runs/timing_v3_b/timing_momentum/imagenet_vit_jax/trial_1/checkpoint_12311
I0420 04:34:53.468838 140094836827968 checkpoint_utils.py:240] Saved checkpoint to /experiment_runs/timing_v3_b/timing_momentum/imagenet_vit_jax/trial_1/checkpoint_12311.
I0420 04:35:29.803797 139913525720832 logging_writer.py:48] [12400] global_step=12400, grad_norm=0.5714744329452515, loss=5.081942081451416
I0420 04:36:10.987150 139913500542720 logging_writer.py:48] [12500] global_step=12500, grad_norm=0.5674153566360474, loss=4.99207878112793
I0420 04:36:52.211596 139913525720832 logging_writer.py:48] [12600] global_step=12600, grad_norm=0.5207927227020264, loss=5.726210594177246
I0420 04:37:33.684026 139913500542720 logging_writer.py:48] [12700] global_step=12700, grad_norm=0.5828108191490173, loss=4.960511207580566
I0420 04:38:15.038641 139913525720832 logging_writer.py:48] [12800] global_step=12800, grad_norm=0.463226318359375, loss=6.394687652587891
I0420 04:38:57.191444 139913500542720 logging_writer.py:48] [12900] global_step=12900, grad_norm=0.6035574674606323, loss=4.971651077270508
I0420 04:39:38.801219 139913525720832 logging_writer.py:48] [13000] global_step=13000, grad_norm=0.5428235530853271, loss=4.976006507873535
I0420 04:40:20.428936 139913500542720 logging_writer.py:48] [13100] global_step=13100, grad_norm=0.5707205533981323, loss=4.973896503448486
I0420 04:41:02.386098 139913525720832 logging_writer.py:48] [13200] global_step=13200, grad_norm=0.6476282477378845, loss=4.8484978675842285
I0420 04:41:44.087762 139913500542720 logging_writer.py:48] [13300] global_step=13300, grad_norm=0.5990357995033264, loss=4.974124908447266
I0420 04:41:53.605815 140094836827968 spec.py:298] Evaluating on the training split.
I0420 04:42:08.040272 140094836827968 spec.py:310] Evaluating on the validation split.
I0420 04:42:18.844014 140094836827968 spec.py:326] Evaluating on the test split.
I0420 04:42:20.498134 140094836827968 submission_runner.py:406] Time since start: 5884.02s, 	Step: 13324, 	{'train/accuracy': 0.37892577052116394, 'train/loss': 3.1049678325653076, 'validation/accuracy': 0.33653998374938965, 'validation/loss': 3.3175368309020996, 'validation/num_examples': 50000, 'test/accuracy': 0.2572000026702881, 'test/loss': 3.860860824584961, 'test/num_examples': 10000, 'score': 5509.384072542191, 'total_duration': 5884.020733118057, 'accumulated_submission_time': 5509.384072542191, 'accumulated_eval_time': 350.16688299179077, 'accumulated_logging_time': 24.212648391723633}
I0420 04:42:20.514347 139913525720832 logging_writer.py:48] [13324] accumulated_eval_time=350.166883, accumulated_logging_time=24.212648, accumulated_submission_time=5509.384073, global_step=13324, preemption_count=0, score=5509.384073, test/accuracy=0.257200, test/loss=3.860861, test/num_examples=10000, total_duration=5884.020733, train/accuracy=0.378926, train/loss=3.104968, validation/accuracy=0.336540, validation/loss=3.317537, validation/num_examples=50000
I0420 04:42:20.616318 140094836827968 checkpoints.py:356] Saving checkpoint at step: 13324
I0420 04:42:21.697435 140094836827968 checkpoints.py:317] Saved checkpoint at /experiment_runs/timing_v3_b/timing_momentum/imagenet_vit_jax/trial_1/checkpoint_13324
I0420 04:42:21.709119 140094836827968 checkpoint_utils.py:240] Saved checkpoint to /experiment_runs/timing_v3_b/timing_momentum/imagenet_vit_jax/trial_1/checkpoint_13324.
I0420 04:42:52.103400 139913500542720 logging_writer.py:48] [13400] global_step=13400, grad_norm=0.537737250328064, loss=6.316264629364014
I0420 04:43:33.540565 139913492150016 logging_writer.py:48] [13500] global_step=13500, grad_norm=0.5705553293228149, loss=4.852200508117676
I0420 04:44:15.736538 139913500542720 logging_writer.py:48] [13600] global_step=13600, grad_norm=0.5993705987930298, loss=5.370273590087891
I0420 04:44:57.449668 139913492150016 logging_writer.py:48] [13700] global_step=13700, grad_norm=0.5844554901123047, loss=4.8706512451171875
I0420 04:45:38.862574 139913500542720 logging_writer.py:48] [13800] global_step=13800, grad_norm=0.45828697085380554, loss=5.645174503326416
I0420 04:46:21.750881 139913492150016 logging_writer.py:48] [13900] global_step=13900, grad_norm=0.5740584135055542, loss=5.174829006195068
I0420 04:47:04.405696 139913500542720 logging_writer.py:48] [14000] global_step=14000, grad_norm=0.5403675436973572, loss=5.222633361816406
I0420 04:47:46.987238 139913492150016 logging_writer.py:48] [14100] global_step=14100, grad_norm=0.538212776184082, loss=5.253070831298828
I0420 04:48:29.370780 139913500542720 logging_writer.py:48] [14200] global_step=14200, grad_norm=0.6184003353118896, loss=4.82830810546875
I0420 04:49:11.752885 139913492150016 logging_writer.py:48] [14300] global_step=14300, grad_norm=0.5142354965209961, loss=5.406080722808838
I0420 04:49:21.951191 140094836827968 spec.py:298] Evaluating on the training split.
I0420 04:49:36.115782 140094836827968 spec.py:310] Evaluating on the validation split.
I0420 04:49:46.901102 140094836827968 spec.py:326] Evaluating on the test split.
I0420 04:49:48.589483 140094836827968 submission_runner.py:406] Time since start: 6332.11s, 	Step: 14327, 	{'train/accuracy': 0.3790820240974426, 'train/loss': 3.164557933807373, 'validation/accuracy': 0.35005998611450195, 'validation/loss': 3.307191848754883, 'validation/num_examples': 50000, 'test/accuracy': 0.2696000039577484, 'test/loss': 3.83420729637146, 'test/num_examples': 10000, 'score': 5929.605890512466, 'total_duration': 6332.11203622818, 'accumulated_submission_time': 5929.605890512466, 'accumulated_eval_time': 376.8051118850708, 'accumulated_logging_time': 25.425471544265747}
